[CPU] torch.set_num_threads(10), interop=min(4, 10)
Using device: cpu
[INFO] Auto-computed BALANCED class weights (to prevent class collapse):
  Circulation  (  367 samples): 0.780
  Epigenetics  (  157 samples): 1.823
  Target       (  293 samples): 0.977
  Genetics     (  681 samples): 0.420
  [NOTE] Higher weights for minority classes to prevent model from only predicting majority class
[INFO] Using v2.0_495m383D dataset:
  miRNAs: 495
  Diseases: 383
  Expected associations: ~1498
  Types: 4 (Circulation, Epigenetics, Target, Genetics)

================================================================================
Configuration Summary
================================================================================
Dataset: v2.0_495m383D
Data Path: ./
Model: HeterogenousGraphCLAMIR
  - HGT Layers: 2
  - Attention Heads: 4
  - Association Types: 4
  - Inter-view CL: Enabled
    - Weight: 0.3
    - Temperature: 0.5
    - Margin: 0.5

Training:
  - Epochs: 650
  - Learning Rate: 0.0001
  - Dropout: 0.3
  - Weight Decay: 5e-05
  - Focal Loss: Enabled

Evaluation:
  - Cross-Validation Folds: 5
  - Primary Metric: AUPR

Device: cpu
Random Seed: 0
================================================================================

[SEED] Re-seeded với args.seed = 0
[P10 deterministic] torch.use_deterministic_algorithms(True, warn_only=True) đã bật.
[P10 manifest] Ghi provenance → results/manifests\manifest_v2.0_495m383D_seed0_20260724_053821.json  (leakage_free=True, cv_scheme=full)
🚀 Running with comprehensive evaluation including Top-1 metrics...
🎯 Loading dual-view data...
Starting dual-view data preparation with new file format...
Loading all similarity and feature files from v2.0_495m383D...
✅ Loaded disease semantic similarity from D_SSM1.txt: (383, 383)
✅ Loaded miRNA functional similarity from M_FSM.txt: (495, 495)
✅ Loaded multi-type association pairs from ./v2.0_495m383D\multi_all_mirna_disease_pairs_without_negative.csv: (1679, 3)
✅ Created multi-type association matrix: (495, 383)
📊 Multi-type Association Statistics:
   无关联 (No association): 188087 pairs (99.21%)
   循环类型 (Circulation): 367 pairs (0.19%)
   表观遗传学 (Epigenetics): 157 pairs (0.08%)
   靶标类型 (Target): 293 pairs (0.15%)
   遗传学类型 (Genetics): 681 pairs (0.36%)
✅ Created association matrix from CSV: (495, 383)
✅ Loaded disease-gene features from D_SSM2.txt: torch.Size([383, 383])
✅ Loaded miRNA View-1 features from M_GSM.txt (=GIP): torch.Size([495, 495])
Processing integrated similarity matrices...
Loaded similarity matrices from cache
Processing indices...
Loaded indices from cache (seed=0)
✅ Dual-view data preparation completed in 0.44 seconds

============================================================
🎯 DUAL-VIEW CONFIGURATION SUMMARY (v2.0_495m383D)
============================================================
miRNA Dual Views:
  📊 View 1 (Sequence): M_GSM.txt torch.Size([495, 495])
  📊 View 2 (Function): M_FSM.txt torch.Size([495, 495])

Disease Dual Views:
  📊 View 1 (Gene): D_SSM2.txt torch.Size([383, 383])
  📊 View 2 (Semantic): D_SSM1.txt torch.Size([383, 383])

Association Matrix: torch.Size([495, 383])
Data source: v2.0_495m383D (495 miRNAs × 383 Diseases)
============================================================
Preloading dual-view data to device...
✅ Loaded disease-gene features to device: torch.Size([383, 383])
✅ Loaded miRNA-sequence features to device: torch.Size([495, 495])
✅ Loaded disease semantic similarity to device: torch.Size([383, 383])
✅ Loaded miRNA functional similarity to device: torch.Size([495, 495])
✅ Dual-view data preloading completed in 0.00 seconds
OptimizedDataset initialized with 5 folds
Using device: cpu
=== Cross Validation Fold 1/5 ===
Using hidden dimensions: [256, 256] with 4 attention heads
优化模型初始化: miRNA数量 = 495, 疾病数量 = 383
[P1 fusion] learned fusion mode = gate
   节点维度: 256 → 128
   类型数量: 4
   Temperature: 2.0 (可学习)
   Loss mode: two_head
   loss_mode=two_head
   exist_weight=0.300, type_weight=0.700

✅ SimplifiedMultiTypeAssociationLoss 初始化 (改进版)
   类别权重 (beta=0.99999): ['0.780', '1.822', '0.977', '0.421']
Original positive index shape: torch.Size([1198, 2])
Original negative index shape: torch.Size([150469, 2])
采样后负样本数量: 11980
[B4 leakage_free] Masked 300 test-positive entries khỏi input association matrix trước khi dựng hypergraph. (P7 verify: 0/300 test cell còn khác 0)
🎯 Building TRUE DUAL VIEWS from four different sources...
[P7 leakage_free] Recomputed miRNA GIP (m_ss) từ association ĐÃ MASK (495, 495) — miRNA View 1 không còn chứa test-edge (nguồn rò rỉ còn lại duy nhất trong nhánh chính, theo audit F1).
📊 Data sources loaded:
  Disease semantic: torch.Size([383, 383])
  miRNA functional: torch.Size([495, 495])
  Disease-gene: torch.Size([383, 383])
  miRNA-sequence: torch.Size([495, 495])
🧬 Building miRNA dual-view hypergraphs...
  📊 miRNA View 1 (Sequence): torch.Size([495, 878])
  📊 miRNA View 2 (Function): torch.Size([495, 878])
🦠 Building disease dual-view hypergraphs...
  📊 Disease View 1 (Gene): torch.Size([383, 878])
  📊 Disease View 2 (Semantic): torch.Size([383, 878])
✅ Successfully built TRUE DUAL VIEWS:
   🧬 miRNA: Sequence Features (m_ss.xlsx) vs Functional Similarity (mi_fun_sim_2.0.csv)
   🦠 Disease: Gene Features (d_gs.xlsx) vs Semantic Similarity (dis_sem_sim_2.0.csv)

🔧 Epoch 1 梯度检查:
================================================================================

  参数名称                              梯度范数         梯度均值 状态             
  ----------------------------------------------------------------------
  type_relations                0.000025     0.000001 ✅ 正常           
  exist_relation                0.000145     0.000010 ✅ 正常           
  mi_proj_layer0                0.703737     0.002570 ✅ 正常           
  dis_proj_layer0               0.687563     0.002639 ✅ 正常           
================================================================================

Epoch 1, Total Loss: 20.2031, Recover Loss: 1.0814, miRNA CL: 8.9477, Disease CL: 8.4485, Inter-view (est): 4.0145, Recon Loss: 1.4269, Time: 1.17s
[INFO] Hypergraph updated at epoch 5
[INFO] Hypergraph updated at epoch 10
[INFO] Hypergraph updated at epoch 15
[INFO] Hypergraph updated at epoch 20
[INFO] Hypergraph updated at epoch 25
[INFO] Hypergraph updated at epoch 30
[INFO] Hypergraph updated at epoch 35
[INFO] Hypergraph updated at epoch 40
[INFO] Hypergraph updated at epoch 45
[INFO] Hypergraph updated at epoch 50

🔧 Epoch 50 梯度检查:
================================================================================

  参数名称                              梯度范数         梯度均值 状态             
  ----------------------------------------------------------------------
  type_relations                0.000017     0.000000 ✅ 正常           
  exist_relation                0.000140     0.000010 ✅ 正常           
  mi_proj_layer0                0.078745     0.000318 ✅ 正常           
  dis_proj_layer0               0.099877     0.000402 ✅ 正常           
================================================================================

Epoch 50, Total Loss: 16.7999, Recover Loss: 0.8730, miRNA CL: 7.9055, Disease CL: 7.6546, Inter-view (est): 3.5908, Recon Loss: 0.0827, Time: 70.78s
[INFO] Hypergraph updated at epoch 100

🔧 Epoch 100 梯度检查:
================================================================================

  参数名称                              梯度范数         梯度均值 状态             
  ----------------------------------------------------------------------
  type_relations                0.000010     0.000000 ✅ 正常           
  exist_relation                0.000134     0.000009 ✅ 正常           
  mi_proj_layer0                0.074639     0.000305 ✅ 正常           
  dis_proj_layer0               0.093982     0.000387 ✅ 正常           
================================================================================

Epoch 100, Total Loss: 15.4742, Recover Loss: 0.8015, miRNA CL: 7.4673, Disease CL: 6.9047, Inter-view (est): 3.3166, Recon Loss: 0.0303, Time: 108.27s
[INFO] Hypergraph updated at epoch 150

🔧 Epoch 150 梯度检查:
================================================================================

  参数名称                              梯度范数         梯度均值 状态             
  ----------------------------------------------------------------------
  type_relations                0.000007     0.000000 ✅ 正常           
  exist_relation                0.000131     0.000009 ✅ 正常           
  mi_proj_layer0                0.068449     0.000285 ✅ 正常           
  dis_proj_layer0               0.088805     0.000365 ✅ 正常           
================================================================================

Epoch 150, Total Loss: 14.9294, Recover Loss: 0.7664, miRNA CL: 7.1936, Disease CL: 6.6758, Inter-view (est): 3.2006, Recon Loss: 0.0288, Time: 143.88s
[INFO] Hypergraph updated at epoch 200

🔧 Epoch 200 梯度检查:
================================================================================

  参数名称                              梯度范数         梯度均值 状态             
  ----------------------------------------------------------------------
  type_relations                0.000006     0.000000 ✅ 正常           
  exist_relation                0.000130     0.000009 ✅ 正常           
  mi_proj_layer0                0.065275     0.000273 ✅ 正常           
  dis_proj_layer0               0.076707     0.000317 ✅ 正常           
================================================================================

Epoch 200, Total Loss: 14.7637, Recover Loss: 0.7570, miRNA CL: 7.1188, Disease CL: 6.5955, Inter-view (est): 3.1648, Recon Loss: 0.0298, Time: 180.63s
[INFO] Hypergraph updated at epoch 250

🔧 Epoch 250 梯度检查:
================================================================================

  参数名称                              梯度范数         梯度均值 状态             
  ----------------------------------------------------------------------
  type_relations                0.000006     0.000000 ✅ 正常           
  exist_relation                0.000129     0.000009 ✅ 正常           
  mi_proj_layer0                0.057885     0.000245 ✅ 正常           
  dis_proj_layer0               0.071934     0.000299 ✅ 正常           
================================================================================

Epoch 250, Total Loss: 14.6662, Recover Loss: 0.7482, miRNA CL: 7.0798, Disease CL: 6.5486, Inter-view (est): 3.1450, Recon Loss: 0.0282, Time: 215.66s
[INFO] Hypergraph updated at epoch 300

🔧 Epoch 300 梯度检查:
================================================================================

  参数名称                              梯度范数         梯度均值 状态             
  ----------------------------------------------------------------------
  type_relations                0.000006     0.000000 ✅ 正常           
  exist_relation                0.000128     0.000009 ✅ 正常           
  mi_proj_layer0                0.055708     0.000237 ✅ 正常           
  dis_proj_layer0               0.066644     0.000281 ✅ 正常           
================================================================================

Epoch 300, Total Loss: 14.5803, Recover Loss: 0.7418, miRNA CL: 7.0492, Disease CL: 6.5008, Inter-view (est): 3.1269, Recon Loss: 0.0284, Time: 252.23s
[INFO] Hypergraph updated at epoch 350

🔧 Epoch 350 梯度检查:
================================================================================

  参数名称                              梯度范数         梯度均值 状态             
  ----------------------------------------------------------------------
  type_relations                0.000005     0.000000 ✅ 正常           
  exist_relation                0.000127     0.000009 ✅ 正常           
  mi_proj_layer0                0.056314     0.000236 ✅ 正常           
  dis_proj_layer0               0.065187     0.000271 ✅ 正常           
================================================================================

Epoch 350, Total Loss: 14.4922, Recover Loss: 0.7352, miRNA CL: 7.0193, Disease CL: 6.4516, Inter-view (est): 3.1087, Recon Loss: 0.0275, Time: 287.59s
[INFO] Hypergraph updated at epoch 400

🔧 Epoch 400 梯度检查:
================================================================================

  参数名称                              梯度范数         梯度均值 状态             
  ----------------------------------------------------------------------
  type_relations                0.000005     0.000000 ✅ 正常           
  exist_relation                0.000126     0.000009 ✅ 正常           
  mi_proj_layer0                0.056828     0.000241 ✅ 正常           
  dis_proj_layer0               0.076530     0.000317 ✅ 正常           
================================================================================

Epoch 400, Total Loss: 14.4095, Recover Loss: 0.7329, miRNA CL: 6.9895, Disease CL: 6.4027, Inter-view (est): 3.0905, Recon Loss: 0.0277, Time: 323.74s
[INFO] Hypergraph updated at epoch 450

🔧 Epoch 450 梯度检查:
================================================================================

  参数名称                              梯度范数         梯度均值 状态             
  ----------------------------------------------------------------------
  type_relations                0.000004     0.000000 ✅ 正常           
  exist_relation                0.000125     0.000008 ✅ 正常           
  mi_proj_layer0                0.050323     0.000214 ✅ 正常           
  dis_proj_layer0               0.051022     0.000215 ✅ 正常           
================================================================================

Epoch 450, Total Loss: 14.3177, Recover Loss: 0.7182, miRNA CL: 6.9609, Disease CL: 6.3557, Inter-view (est): 3.0731, Recon Loss: 0.0280, Time: 358.96s
[INFO] Hypergraph updated at epoch 500

🔧 Epoch 500 梯度检查:
================================================================================

  参数名称                              梯度范数         梯度均值 状态             
  ----------------------------------------------------------------------
  type_relations                0.000004     0.000000 ✅ 正常           
  exist_relation                0.000123     0.000008 ✅ 正常           
  mi_proj_layer0                0.055659     0.000233 ✅ 正常           
  dis_proj_layer0               0.059682     0.000250 ✅ 正常           
================================================================================

Epoch 500, Total Loss: 14.2421, Recover Loss: 0.7130, miRNA CL: 6.9348, Disease CL: 6.3141, Inter-view (est): 3.0574, Recon Loss: 0.0274, Time: 395.30s
[INFO] Hypergraph updated at epoch 550

🔧 Epoch 550 梯度检查:
================================================================================

  参数名称                              梯度范数         梯度均值 状态             
  ----------------------------------------------------------------------
  type_relations                0.000003     0.000000 ✅ 正常           
  exist_relation                0.000121     0.000008 ✅ 正常           
  mi_proj_layer0                0.069320     0.000289 ✅ 正常           
  dis_proj_layer0               0.073161     0.000299 ✅ 正常           
================================================================================

Epoch 550, Total Loss: 14.1533, Recover Loss: 0.7089, miRNA CL: 6.8998, Disease CL: 6.2681, Inter-view (est): 3.0387, Recon Loss: 0.0265, Time: 430.59s
[INFO] Hypergraph updated at epoch 600

🔧 Epoch 600 梯度检查:
================================================================================

  参数名称                              梯度范数         梯度均值 状态             
  ----------------------------------------------------------------------
  type_relations                0.000003     0.000000 ✅ 正常           
  exist_relation                0.000119     0.000008 ✅ 正常           
  mi_proj_layer0                0.043185     0.000183 ✅ 正常           
  dis_proj_layer0               0.057671     0.000240 ✅ 正常           
================================================================================

Epoch 600, Total Loss: 14.0792, Recover Loss: 0.6989, miRNA CL: 6.8749, Disease CL: 6.2316, Inter-view (est): 3.0246, Recon Loss: 0.0263, Time: 467.29s
[INFO] Hypergraph updated at epoch 650

🔧 Epoch 650 梯度检查:
================================================================================

  参数名称                              梯度范数         梯度均值 状态             
  ----------------------------------------------------------------------
  type_relations                0.000002     0.000000 ✅ 正常           
  exist_relation                0.000118     0.000008 ✅ 正常           
  mi_proj_layer0                0.045719     0.000197 ✅ 正常           
  dis_proj_layer0               0.051757     0.000217 ✅ 正常           
================================================================================

Epoch 650, Total Loss: 14.0261, Recover Loss: 0.6921, miRNA CL: 6.8578, Disease CL: 6.2048, Inter-view (est): 3.0144, Recon Loss: 0.0261, Time: 503.87s

================================================================================
Training completed. Running final test...
================================================================================
Fold 1 completed - AUC: 0.9527, Top-1 F1: 0.5920
[P1 fusion] fold 1 miRNA gate α(view1)=0.5982 (view2=0.4018) | disease gate α(view1)=0.6030 (view2=0.3970)
Fold 1 training time: 504.60 seconds
=== Cross Validation Fold 2/5 ===
Using hidden dimensions: [256, 256] with 4 attention heads
优化模型初始化: miRNA数量 = 495, 疾病数量 = 383
[P1 fusion] learned fusion mode = gate
   节点维度: 256 → 128
   类型数量: 4
   Temperature: 2.0 (可学习)
   Loss mode: two_head
   loss_mode=two_head
   exist_weight=0.300, type_weight=0.700

✅ SimplifiedMultiTypeAssociationLoss 初始化 (改进版)
   类别权重 (beta=0.99999): ['0.780', '1.822', '0.977', '0.421']
Original positive index shape: torch.Size([1198, 2])
Original negative index shape: torch.Size([150469, 2])
采样后负样本数量: 11980
[B4 leakage_free] Masked 300 test-positive entries khỏi input association matrix trước khi dựng hypergraph. (P7 verify: 0/300 test cell còn khác 0)
🎯 Building TRUE DUAL VIEWS from four different sources...
[P7 leakage_free] Recomputed miRNA GIP (m_ss) từ association ĐÃ MASK (495, 495) — miRNA View 1 không còn chứa test-edge (nguồn rò rỉ còn lại duy nhất trong nhánh chính, theo audit F1).
📊 Data sources loaded:
  Disease semantic: torch.Size([383, 383])
  miRNA functional: torch.Size([495, 495])
  Disease-gene: torch.Size([383, 383])
  miRNA-sequence: torch.Size([495, 495])
🧬 Building miRNA dual-view hypergraphs...
  📊 miRNA View 1 (Sequence): torch.Size([495, 878])
  📊 miRNA View 2 (Function): torch.Size([495, 878])
🦠 Building disease dual-view hypergraphs...
  📊 Disease View 1 (Gene): torch.Size([383, 878])
  📊 Disease View 2 (Semantic): torch.Size([383, 878])
✅ Successfully built TRUE DUAL VIEWS:
   🧬 miRNA: Sequence Features (m_ss.xlsx) vs Functional Similarity (mi_fun_sim_2.0.csv)
   🦠 Disease: Gene Features (d_gs.xlsx) vs Semantic Similarity (dis_sem_sim_2.0.csv)

🔧 Epoch 1 梯度检查:
================================================================================

  参数名称                              梯度范数         梯度均值 状态             
  ----------------------------------------------------------------------
  type_relations                0.000025     0.000001 ✅ 正常           
  exist_relation                0.000138     0.000010 ✅ 正常           
  mi_proj_layer0                0.461060     0.001696 ✅ 正常           
  dis_proj_layer0               0.432619     0.001688 ✅ 正常           
================================================================================

Epoch 1, Total Loss: 20.1709, Recover Loss: 1.0711, miRNA CL: 8.9356, Disease CL: 8.4446, Inter-view (est): 4.0108, Recon Loss: 1.4210, Time: 0.77s
[INFO] Hypergraph updated at epoch 5
[INFO] Hypergraph updated at epoch 10
[INFO] Hypergraph updated at epoch 15
[INFO] Hypergraph updated at epoch 20
[INFO] Hypergraph updated at epoch 25
[INFO] Hypergraph updated at epoch 30
[INFO] Hypergraph updated at epoch 35
[INFO] Hypergraph updated at epoch 40
[INFO] Hypergraph updated at epoch 45
[INFO] Hypergraph updated at epoch 50

🔧 Epoch 50 梯度检查:
================================================================================

  参数名称                              梯度范数         梯度均值 状态             
  ----------------------------------------------------------------------
  type_relations                0.000017     0.000000 ✅ 正常           
  exist_relation                0.000134     0.000009 ✅ 正常           
  mi_proj_layer0                0.093672     0.000373 ✅ 正常           
  dis_proj_layer0               0.105863     0.000423 ✅ 正常           
================================================================================

Epoch 50, Total Loss: 16.8356, Recover Loss: 0.8939, miRNA CL: 7.9082, Disease CL: 7.6526, Inter-view (est): 3.5910, Recon Loss: 0.0967, Time: 65.82s
[INFO] Hypergraph updated at epoch 100

🔧 Epoch 100 梯度检查:
================================================================================

  参数名称                              梯度范数         梯度均值 状态             
  ----------------------------------------------------------------------
  type_relations                0.000010     0.000000 ✅ 正常           
  exist_relation                0.000127     0.000009 ✅ 正常           
  mi_proj_layer0                0.084682     0.000333 ✅ 正常           
  dis_proj_layer0               0.098689     0.000398 ✅ 正常           
================================================================================

Epoch 100, Total Loss: 15.4692, Recover Loss: 0.8149, miRNA CL: 7.4717, Disease CL: 6.8803, Inter-view (est): 3.3120, Recon Loss: 0.0320, Time: 102.63s
[INFO] Hypergraph updated at epoch 150

🔧 Epoch 150 梯度检查:
================================================================================

  参数名称                              梯度范数         梯度均值 状态             
  ----------------------------------------------------------------------
  type_relations                0.000007     0.000000 ✅ 正常           
  exist_relation                0.000124     0.000009 ✅ 正常           
  mi_proj_layer0                0.069861     0.000292 ✅ 正常           
  dis_proj_layer0               0.083737     0.000343 ✅ 正常           
================================================================================

Epoch 150, Total Loss: 14.8634, Recover Loss: 0.7720, miRNA CL: 7.2090, Disease CL: 6.5892, Inter-view (est): 3.1842, Recon Loss: 0.0293, Time: 138.37s
[INFO] Hypergraph updated at epoch 200

🔧 Epoch 200 梯度检查:
================================================================================

  参数名称                              梯度范数         梯度均值 状态             
  ----------------------------------------------------------------------
  type_relations                0.000007     0.000000 ✅ 正常           
  exist_relation                0.000123     0.000008 ✅ 正常           
  mi_proj_layer0                0.056589     0.000240 ✅ 正常           
  dis_proj_layer0               0.071208     0.000295 ✅ 正常           
================================================================================

Epoch 200, Total Loss: 14.6959, Recover Loss: 0.7585, miRNA CL: 7.1335, Disease CL: 6.5127, Inter-view (est): 3.1491, Recon Loss: 0.0293, Time: 173.86s
[INFO] Hypergraph updated at epoch 250

🔧 Epoch 250 梯度检查:
================================================================================

  参数名称                              梯度范数         梯度均值 状态             
  ----------------------------------------------------------------------
  type_relations                0.000006     0.000000 ✅ 正常           
  exist_relation                0.000122     0.000008 ✅ 正常           
  mi_proj_layer0                0.056898     0.000241 ✅ 正常           
  dis_proj_layer0               0.067582     0.000278 ✅ 正常           
================================================================================

Epoch 250, Total Loss: 14.5871, Recover Loss: 0.7437, miRNA CL: 7.0953, Disease CL: 6.4590, Inter-view (est): 3.1279, Recon Loss: 0.0290, Time: 209.22s
[INFO] Hypergraph updated at epoch 300

🔧 Epoch 300 梯度检查:
================================================================================

  参数名称                              梯度范数         梯度均值 状态             
  ----------------------------------------------------------------------
  type_relations                0.000006     0.000000 ✅ 正常           
  exist_relation                0.000121     0.000008 ✅ 正常           
  mi_proj_layer0                0.056657     0.000237 ✅ 正常           
  dis_proj_layer0               0.064389     0.000268 ✅ 正常           
================================================================================

Epoch 300, Total Loss: 14.4935, Recover Loss: 0.7388, miRNA CL: 7.0557, Disease CL: 6.4122, Inter-view (est): 3.1080, Recon Loss: 0.0284, Time: 245.29s
[INFO] Hypergraph updated at epoch 350

🔧 Epoch 350 梯度检查:
================================================================================

  参数名称                              梯度范数         梯度均值 状态             
  ----------------------------------------------------------------------
  type_relations                0.000005     0.000000 ✅ 正常           
  exist_relation                0.000119     0.000008 ✅ 正常           
  mi_proj_layer0                0.059049     0.000249 ✅ 正常           
  dis_proj_layer0               0.068023     0.000283 ✅ 正常           
================================================================================

Epoch 350, Total Loss: 14.4001, Recover Loss: 0.7302, miRNA CL: 7.0176, Disease CL: 6.3676, Inter-view (est): 3.0889, Recon Loss: 0.0285, Time: 280.64s
[INFO] Hypergraph updated at epoch 400

🔧 Epoch 400 梯度检查:
================================================================================

  参数名称                              梯度范数         梯度均值 状态             
  ----------------------------------------------------------------------
  type_relations                0.000005     0.000000 ✅ 正常           
  exist_relation                0.000118     0.000008 ✅ 正常           
  mi_proj_layer0                0.053805     0.000230 ✅ 正常           
  dis_proj_layer0               0.060042     0.000250 ✅ 正常           
================================================================================

Epoch 400, Total Loss: 14.3077, Recover Loss: 0.7226, miRNA CL: 6.9780, Disease CL: 6.3244, Inter-view (est): 3.0698, Recon Loss: 0.0285, Time: 315.98s
[INFO] Hypergraph updated at epoch 450

🔧 Epoch 450 梯度检查:
================================================================================

  参数名称                              梯度范数         梯度均值 状态             
  ----------------------------------------------------------------------
  type_relations                0.000004     0.000000 ✅ 正常           
  exist_relation                0.000117     0.000008 ✅ 正常           
  mi_proj_layer0                0.054083     0.000230 ✅ 正常           
  dis_proj_layer0               0.057579     0.000243 ✅ 正常           
================================================================================

Epoch 450, Total Loss: 14.2320, Recover Loss: 0.7115, miRNA CL: 6.9528, Disease CL: 6.2876, Inter-view (est): 3.0555, Recon Loss: 0.0280, Time: 351.86s
[INFO] Hypergraph updated at epoch 500

🔧 Epoch 500 梯度检查:
================================================================================

  参数名称                              梯度范数         梯度均值 状态             
  ----------------------------------------------------------------------
  type_relations                0.000004     0.000000 ✅ 正常           
  exist_relation                0.000115     0.000008 ✅ 正常           
  mi_proj_layer0                0.052168     0.000221 ✅ 正常           
  dis_proj_layer0               0.058513     0.000249 ✅ 正常           
================================================================================

Epoch 500, Total Loss: 14.1637, Recover Loss: 0.7102, miRNA CL: 6.9227, Disease CL: 6.2532, Inter-view (est): 3.0406, Recon Loss: 0.0279, Time: 387.46s
[INFO] Hypergraph updated at epoch 550

🔧 Epoch 550 梯度检查:
================================================================================

  参数名称                              梯度范数         梯度均值 状态             
  ----------------------------------------------------------------------
  type_relations                0.000003     0.000000 ✅ 正常           
  exist_relation                0.000113     0.000007 ✅ 正常           
  mi_proj_layer0                0.067316     0.000276 ✅ 正常           
  dis_proj_layer0               0.067916     0.000279 ✅ 正常           
================================================================================

Epoch 550, Total Loss: 14.0861, Recover Loss: 0.7033, miRNA CL: 6.8848, Disease CL: 6.2231, Inter-view (est): 3.0249, Recon Loss: 0.0274, Time: 423.15s
[INFO] Hypergraph updated at epoch 600

🔧 Epoch 600 梯度检查:
================================================================================

  参数名称                              梯度范数         梯度均值 状态             
  ----------------------------------------------------------------------
  type_relations                0.000003     0.000000 ✅ 正常           
  exist_relation                0.000111     0.000007 ✅ 正常           
  mi_proj_layer0                0.070105     0.000287 ✅ 正常           
  dis_proj_layer0               0.073784     0.000300 ✅ 正常           
================================================================================

Epoch 600, Total Loss: 14.0232, Recover Loss: 0.7024, miRNA CL: 6.8588, Disease CL: 6.1908, Inter-view (est): 3.0114, Recon Loss: 0.0264, Time: 458.74s
[INFO] Hypergraph updated at epoch 650

🔧 Epoch 650 梯度检查:
================================================================================

  参数名称                              梯度范数         梯度均值 状态             
  ----------------------------------------------------------------------
  type_relations                0.000003     0.000000 ✅ 正常           
  exist_relation                0.000110     0.000007 ✅ 正常           
  mi_proj_layer0                0.055529     0.000228 ✅ 正常           
  dis_proj_layer0               0.066852     0.000276 ✅ 正常           
================================================================================

Epoch 650, Total Loss: 13.9696, Recover Loss: 0.6888, miRNA CL: 6.8455, Disease CL: 6.1662, Inter-view (est): 3.0027, Recon Loss: 0.0264, Time: 494.76s

================================================================================
Training completed. Running final test...
================================================================================
Fold 2 completed - AUC: 0.9262, Top-1 F1: 0.6824
[P1 fusion] fold 2 miRNA gate α(view1)=0.5958 (view2=0.4042) | disease gate α(view1)=0.6013 (view2=0.3987)
Fold 2 training time: 495.26 seconds
=== Cross Validation Fold 3/5 ===
Using hidden dimensions: [256, 256] with 4 attention heads
优化模型初始化: miRNA数量 = 495, 疾病数量 = 383
[P1 fusion] learned fusion mode = gate
   节点维度: 256 → 128
   类型数量: 4
   Temperature: 2.0 (可学习)
   Loss mode: two_head
   loss_mode=two_head
   exist_weight=0.300, type_weight=0.700

✅ SimplifiedMultiTypeAssociationLoss 初始化 (改进版)
   类别权重 (beta=0.99999): ['0.780', '1.822', '0.977', '0.421']
Original positive index shape: torch.Size([1198, 2])
Original negative index shape: torch.Size([150470, 2])
采样后负样本数量: 11980
[B4 leakage_free] Masked 300 test-positive entries khỏi input association matrix trước khi dựng hypergraph. (P7 verify: 0/300 test cell còn khác 0)
🎯 Building TRUE DUAL VIEWS from four different sources...
[P7 leakage_free] Recomputed miRNA GIP (m_ss) từ association ĐÃ MASK (495, 495) — miRNA View 1 không còn chứa test-edge (nguồn rò rỉ còn lại duy nhất trong nhánh chính, theo audit F1).
📊 Data sources loaded:
  Disease semantic: torch.Size([383, 383])
  miRNA functional: torch.Size([495, 495])
  Disease-gene: torch.Size([383, 383])
  miRNA-sequence: torch.Size([495, 495])
🧬 Building miRNA dual-view hypergraphs...
  📊 miRNA View 1 (Sequence): torch.Size([495, 878])
  📊 miRNA View 2 (Function): torch.Size([495, 878])
🦠 Building disease dual-view hypergraphs...
  📊 Disease View 1 (Gene): torch.Size([383, 878])
  📊 Disease View 2 (Semantic): torch.Size([383, 878])
✅ Successfully built TRUE DUAL VIEWS:
   🧬 miRNA: Sequence Features (m_ss.xlsx) vs Functional Similarity (mi_fun_sim_2.0.csv)
   🦠 Disease: Gene Features (d_gs.xlsx) vs Semantic Similarity (dis_sem_sim_2.0.csv)

🔧 Epoch 1 梯度检查:
================================================================================

  参数名称                              梯度范数         梯度均值 状态             
  ----------------------------------------------------------------------
  type_relations                0.000025     0.000001 ✅ 正常           
  exist_relation                0.000136     0.000010 ✅ 正常           
  mi_proj_layer0                1.071337     0.003773 ✅ 正常           
  dis_proj_layer0               0.970731     0.003441 ✅ 正常           
================================================================================

Epoch 1, Total Loss: 20.3804, Recover Loss: 1.1233, miRNA CL: 9.1356, Disease CL: 8.4264, Inter-view (est): 4.0528, Recon Loss: 1.3964, Time: 0.69s
[INFO] Hypergraph updated at epoch 5
[INFO] Hypergraph updated at epoch 10
[INFO] Hypergraph updated at epoch 15
[INFO] Hypergraph updated at epoch 20
[INFO] Hypergraph updated at epoch 25
[INFO] Hypergraph updated at epoch 30
[INFO] Hypergraph updated at epoch 35
[INFO] Hypergraph updated at epoch 40
[INFO] Hypergraph updated at epoch 45
[INFO] Hypergraph updated at epoch 50

🔧 Epoch 50 梯度检查:
================================================================================

  参数名称                              梯度范数         梯度均值 状态             
  ----------------------------------------------------------------------
  type_relations                0.000017     0.000000 ✅ 正常           
  exist_relation                0.000131     0.000009 ✅ 正常           
  mi_proj_layer0                0.087755     0.000343 ✅ 正常           
  dis_proj_layer0               0.106591     0.000429 ✅ 正常           
================================================================================

Epoch 50, Total Loss: 16.7305, Recover Loss: 0.8745, miRNA CL: 7.9337, Disease CL: 7.5680, Inter-view (est): 3.5773, Recon Loss: 0.0706, Time: 62.13s
[INFO] Hypergraph updated at epoch 100

🔧 Epoch 100 梯度检查:
================================================================================

  参数名称                              梯度范数         梯度均值 状态             
  ----------------------------------------------------------------------
  type_relations                0.000009     0.000000 ✅ 正常           
  exist_relation                0.000125     0.000009 ✅ 正常           
  mi_proj_layer0                0.109965     0.000444 ✅ 正常           
  dis_proj_layer0               0.170060     0.000597 ✅ 正常           
================================================================================

Epoch 100, Total Loss: 15.4768, Recover Loss: 0.8086, miRNA CL: 7.5147, Disease CL: 6.8531, Inter-view (est): 3.3156, Recon Loss: 0.0306, Time: 98.06s
[INFO] Hypergraph updated at epoch 150

🔧 Epoch 150 梯度检查:
================================================================================

  参数名称                              梯度范数         梯度均值 状态             
  ----------------------------------------------------------------------
  type_relations                0.000006     0.000000 ✅ 正常           
  exist_relation                0.000121     0.000008 ✅ 正常           
  mi_proj_layer0                0.093681     0.000381 ✅ 正常           
  dis_proj_layer0               0.095553     0.000389 ✅ 正常           
================================================================================

Epoch 150, Total Loss: 14.8244, Recover Loss: 0.7695, miRNA CL: 7.1736, Disease CL: 6.5909, Inter-view (est): 3.1764, Recon Loss: 0.0280, Time: 133.07s
[INFO] Hypergraph updated at epoch 200

🔧 Epoch 200 梯度检查:
================================================================================

  参数名称                              梯度范数         梯度均值 状态             
  ----------------------------------------------------------------------
  type_relations                0.000006     0.000000 ✅ 正常           
  exist_relation                0.000120     0.000008 ✅ 正常           
  mi_proj_layer0                0.070148     0.000292 ✅ 正常           
  dis_proj_layer0               0.079035     0.000328 ✅ 正常           
================================================================================

Epoch 200, Total Loss: 14.6527, Recover Loss: 0.7508, miRNA CL: 7.1029, Disease CL: 6.5104, Inter-view (est): 3.1415, Recon Loss: 0.0284, Time: 169.26s
[INFO] Hypergraph updated at epoch 250

🔧 Epoch 250 梯度检查:
================================================================================

  参数名称                              梯度范数         梯度均值 状态             
  ----------------------------------------------------------------------
  type_relations                0.000005     0.000000 ✅ 正常           
  exist_relation                0.000119     0.000008 ✅ 正常           
  mi_proj_layer0                0.068619     0.000288 ✅ 正常           
  dis_proj_layer0               0.083272     0.000335 ✅ 正常           
================================================================================

Epoch 250, Total Loss: 14.5512, Recover Loss: 0.7408, miRNA CL: 7.0747, Disease CL: 6.4493, Inter-view (est): 3.1209, Recon Loss: 0.0279, Time: 204.26s
[INFO] Hypergraph updated at epoch 300

🔧 Epoch 300 梯度检查:
================================================================================

  参数名称                              梯度范数         梯度均值 状态             
  ----------------------------------------------------------------------
  type_relations                0.000005     0.000000 ✅ 正常           
  exist_relation                0.000118     0.000008 ✅ 正常           
  mi_proj_layer0                0.069377     0.000289 ✅ 正常           
  dis_proj_layer0               0.069451     0.000282 ✅ 正常           
================================================================================

Epoch 300, Total Loss: 14.4646, Recover Loss: 0.7404, miRNA CL: 7.0376, Disease CL: 6.4015, Inter-view (est): 3.1013, Recon Loss: 0.0279, Time: 240.47s
[INFO] Hypergraph updated at epoch 350

🔧 Epoch 350 梯度检查:
================================================================================

  参数名称                              梯度范数         梯度均值 状态             
  ----------------------------------------------------------------------
  type_relations                0.000004     0.000000 ✅ 正常           
  exist_relation                0.000117     0.000008 ✅ 正常           
  mi_proj_layer0                0.063713     0.000269 ✅ 正常           
  dis_proj_layer0               0.070975     0.000295 ✅ 正常           
================================================================================

Epoch 350, Total Loss: 14.3848, Recover Loss: 0.7305, miRNA CL: 7.0104, Disease CL: 6.3604, Inter-view (est): 3.0856, Recon Loss: 0.0277, Time: 275.24s
[INFO] Hypergraph updated at epoch 400

🔧 Epoch 400 梯度检查:
================================================================================

  参数名称                              梯度范数         梯度均值 状态             
  ----------------------------------------------------------------------
  type_relations                0.000004     0.000000 ✅ 正常           
  exist_relation                0.000116     0.000008 ✅ 正常           
  mi_proj_layer0                0.061492     0.000259 ✅ 正常           
  dis_proj_layer0               0.069768     0.000292 ✅ 正常           
================================================================================

Epoch 400, Total Loss: 14.3205, Recover Loss: 0.7270, miRNA CL: 6.9875, Disease CL: 6.3252, Inter-view (est): 3.0722, Recon Loss: 0.0268, Time: 311.04s
[INFO] Hypergraph updated at epoch 450

🔧 Epoch 450 梯度检查:
================================================================================

  参数名称                              梯度范数         梯度均值 状态             
  ----------------------------------------------------------------------
  type_relations                0.000004     0.000000 ✅ 正常           
  exist_relation                0.000115     0.000008 ✅ 正常           
  mi_proj_layer0                0.070786     0.000292 ✅ 正常           
  dis_proj_layer0               0.075311     0.000302 ✅ 正常           
================================================================================

Epoch 450, Total Loss: 14.2554, Recover Loss: 0.7199, miRNA CL: 6.9618, Disease CL: 6.2947, Inter-view (est): 3.0592, Recon Loss: 0.0267, Time: 346.49s
[INFO] Hypergraph updated at epoch 500

🔧 Epoch 500 梯度检查:
================================================================================

  参数名称                              梯度范数         梯度均值 状态             
  ----------------------------------------------------------------------
  type_relations                0.000003     0.000000 ✅ 正常           
  exist_relation                0.000113     0.000007 ✅ 正常           
  mi_proj_layer0                0.055439     0.000237 ✅ 正常           
  dis_proj_layer0               0.059974     0.000254 ✅ 正常           
================================================================================

Epoch 500, Total Loss: 14.1860, Recover Loss: 0.7124, miRNA CL: 6.9292, Disease CL: 6.2669, Inter-view (est): 3.0452, Recon Loss: 0.0270, Time: 383.00s
[INFO] Hypergraph updated at epoch 550

🔧 Epoch 550 梯度检查:
================================================================================

  参数名称                              梯度范数         梯度均值 状态             
  ----------------------------------------------------------------------
  type_relations                0.000003     0.000000 ✅ 正常           
  exist_relation                0.000112     0.000007 ✅ 正常           
  mi_proj_layer0                0.045327     0.000192 ✅ 正常           
  dis_proj_layer0               0.056115     0.000235 ✅ 正常           
================================================================================

Epoch 550, Total Loss: 14.1292, Recover Loss: 0.7016, miRNA CL: 6.9101, Disease CL: 6.2428, Inter-view (est): 3.0353, Recon Loss: 0.0261, Time: 417.90s
[INFO] Hypergraph updated at epoch 600

🔧 Epoch 600 梯度检查:
================================================================================

  参数名称                              梯度范数         梯度均值 状态             
  ----------------------------------------------------------------------
  type_relations                0.000003     0.000000 ✅ 正常           
  exist_relation                0.000110     0.000007 ✅ 正常           
  mi_proj_layer0                0.059391     0.000249 ✅ 正常           
  dis_proj_layer0               0.066838     0.000276 ✅ 正常           
================================================================================

Epoch 600, Total Loss: 14.0803, Recover Loss: 0.7044, miRNA CL: 6.8837, Disease CL: 6.2193, Inter-view (est): 3.0238, Recon Loss: 0.0263, Time: 454.75s
[INFO] Hypergraph updated at epoch 650

🔧 Epoch 650 梯度检查:
================================================================================

  参数名称                              梯度范数         梯度均值 状态             
  ----------------------------------------------------------------------
  type_relations                0.000002     0.000000 ✅ 正常           
  exist_relation                0.000109     0.000007 ✅ 正常           
  mi_proj_layer0                0.053981     0.000226 ✅ 正常           
  dis_proj_layer0               0.053687     0.000217 ✅ 正常           
================================================================================

Epoch 650, Total Loss: 14.0207, Recover Loss: 0.6902, miRNA CL: 6.8627, Disease CL: 6.1973, Inter-view (est): 3.0139, Recon Loss: 0.0257, Time: 490.20s

================================================================================
Training completed. Running final test...
================================================================================
Fold 3 completed - AUC: 0.9373, Top-1 F1: 0.6358
[P1 fusion] fold 3 miRNA gate α(view1)=0.5971 (view2=0.4029) | disease gate α(view1)=0.5980 (view2=0.4020)
Fold 3 training time: 490.76 seconds
=== Cross Validation Fold 4/5 ===
Using hidden dimensions: [256, 256] with 4 attention heads
优化模型初始化: miRNA数量 = 495, 疾病数量 = 383
[P1 fusion] learned fusion mode = gate
   节点维度: 256 → 128
   类型数量: 4
   Temperature: 2.0 (可学习)
   Loss mode: two_head
   loss_mode=two_head
   exist_weight=0.300, type_weight=0.700

✅ SimplifiedMultiTypeAssociationLoss 初始化 (改进版)
   类别权重 (beta=0.99999): ['0.780', '1.822', '0.977', '0.421']
Original positive index shape: torch.Size([1199, 2])
Original negative index shape: torch.Size([150470, 2])
采样后负样本数量: 11990
[B4 leakage_free] Masked 299 test-positive entries khỏi input association matrix trước khi dựng hypergraph. (P7 verify: 0/299 test cell còn khác 0)
🎯 Building TRUE DUAL VIEWS from four different sources...
[P7 leakage_free] Recomputed miRNA GIP (m_ss) từ association ĐÃ MASK (495, 495) — miRNA View 1 không còn chứa test-edge (nguồn rò rỉ còn lại duy nhất trong nhánh chính, theo audit F1).
📊 Data sources loaded:
  Disease semantic: torch.Size([383, 383])
  miRNA functional: torch.Size([495, 495])
  Disease-gene: torch.Size([383, 383])
  miRNA-sequence: torch.Size([495, 495])
🧬 Building miRNA dual-view hypergraphs...
  📊 miRNA View 1 (Sequence): torch.Size([495, 878])
  📊 miRNA View 2 (Function): torch.Size([495, 878])
🦠 Building disease dual-view hypergraphs...
  📊 Disease View 1 (Gene): torch.Size([383, 878])
  📊 Disease View 2 (Semantic): torch.Size([383, 878])
✅ Successfully built TRUE DUAL VIEWS:
   🧬 miRNA: Sequence Features (m_ss.xlsx) vs Functional Similarity (mi_fun_sim_2.0.csv)
   🦠 Disease: Gene Features (d_gs.xlsx) vs Semantic Similarity (dis_sem_sim_2.0.csv)

🔧 Epoch 1 梯度检查:
================================================================================

  参数名称                              梯度范数         梯度均值 状态             
  ----------------------------------------------------------------------
  type_relations                0.000025     0.000001 ✅ 正常           
  exist_relation                0.000139     0.000010 ✅ 正常           
  mi_proj_layer0                1.695708     0.005952 ✅ 正常           
  dis_proj_layer0               1.315537     0.004927 ✅ 正常           
================================================================================

Epoch 1, Total Loss: 20.3809, Recover Loss: 1.1788, miRNA CL: 9.0488, Disease CL: 8.4394, Inter-view (est): 4.0357, Recon Loss: 1.4153, Time: 0.75s
[INFO] Hypergraph updated at epoch 5
[INFO] Hypergraph updated at epoch 10
[INFO] Hypergraph updated at epoch 15
[INFO] Hypergraph updated at epoch 20
[INFO] Hypergraph updated at epoch 25
[INFO] Hypergraph updated at epoch 30
[INFO] Hypergraph updated at epoch 35
[INFO] Hypergraph updated at epoch 40
[INFO] Hypergraph updated at epoch 45
[INFO] Hypergraph updated at epoch 50

🔧 Epoch 50 梯度检查:
================================================================================

  参数名称                              梯度范数         梯度均值 状态             
  ----------------------------------------------------------------------
  type_relations                0.000017     0.000000 ✅ 正常           
  exist_relation                0.000134     0.000009 ✅ 正常           
  mi_proj_layer0                0.098551     0.000398 ✅ 正常           
  dis_proj_layer0               0.118667     0.000465 ✅ 正常           
================================================================================

Epoch 50, Total Loss: 16.7534, Recover Loss: 0.8953, miRNA CL: 7.9142, Disease CL: 7.5754, Inter-view (est): 3.5745, Recon Loss: 0.0844, Time: 63.37s
[INFO] Hypergraph updated at epoch 100

🔧 Epoch 100 梯度检查:
================================================================================

  参数名称                              梯度范数         梯度均值 状态             
  ----------------------------------------------------------------------
  type_relations                0.000009     0.000000 ✅ 正常           
  exist_relation                0.000128     0.000009 ✅ 正常           
  mi_proj_layer0                0.071043     0.000292 ✅ 正常           
  dis_proj_layer0               0.079438     0.000323 ✅ 正常           
================================================================================

Epoch 100, Total Loss: 15.3836, Recover Loss: 0.8183, miRNA CL: 7.4389, Disease CL: 6.8256, Inter-view (est): 3.2918, Recon Loss: 0.0305, Time: 100.15s
[INFO] Hypergraph updated at epoch 150

🔧 Epoch 150 梯度检查:
================================================================================

  参数名称                              梯度范数         梯度均值 状态             
  ----------------------------------------------------------------------
  type_relations                0.000007     0.000000 ✅ 正常           
  exist_relation                0.000125     0.000008 ✅ 正常           
  mi_proj_layer0                0.075676     0.000318 ✅ 正常           
  dis_proj_layer0               0.084292     0.000339 ✅ 正常           
================================================================================

Epoch 150, Total Loss: 14.8032, Recover Loss: 0.7837, miRNA CL: 7.1647, Disease CL: 6.5622, Inter-view (est): 3.1678, Recon Loss: 0.0289, Time: 135.96s
[INFO] Hypergraph updated at epoch 200

🔧 Epoch 200 梯度检查:
================================================================================

  参数名称                              梯度范数         梯度均值 状态             
  ----------------------------------------------------------------------
  type_relations                0.000006     0.000000 ✅ 正常           
  exist_relation                0.000124     0.000008 ✅ 正常           
  mi_proj_layer0                0.071014     0.000298 ✅ 正常           
  dis_proj_layer0               0.074456     0.000307 ✅ 正常           
================================================================================

Epoch 200, Total Loss: 14.6715, Recover Loss: 0.7761, miRNA CL: 7.1055, Disease CL: 6.4991, Inter-view (est): 3.1395, Recon Loss: 0.0290, Time: 171.14s
[INFO] Hypergraph updated at epoch 250

🔧 Epoch 250 梯度检查:
================================================================================

  参数名称                              梯度范数         梯度均值 状态             
  ----------------------------------------------------------------------
  type_relations                0.000006     0.000000 ✅ 正常           
  exist_relation                0.000123     0.000008 ✅ 正常           
  mi_proj_layer0                0.057067     0.000245 ✅ 正常           
  dis_proj_layer0               0.064092     0.000267 ✅ 正常           
================================================================================

Epoch 250, Total Loss: 14.5588, Recover Loss: 0.7540, miRNA CL: 7.0681, Disease CL: 6.4480, Inter-view (est): 3.1191, Recon Loss: 0.0285, Time: 207.19s
[INFO] Hypergraph updated at epoch 300

🔧 Epoch 300 梯度检查:
================================================================================

  参数名称                              梯度范数         梯度均值 状态             
  ----------------------------------------------------------------------
  type_relations                0.000005     0.000000 ✅ 正常           
  exist_relation                0.000122     0.000008 ✅ 正常           
  mi_proj_layer0                0.069952     0.000296 ✅ 正常           
  dis_proj_layer0               0.079853     0.000329 ✅ 正常           
================================================================================

Epoch 300, Total Loss: 14.4716, Recover Loss: 0.7493, miRNA CL: 7.0344, Disease CL: 6.4008, Inter-view (est): 3.1004, Recon Loss: 0.0287, Time: 242.40s
[INFO] Hypergraph updated at epoch 350

🔧 Epoch 350 梯度检查:
================================================================================

  参数名称                              梯度范数         梯度均值 状态             
  ----------------------------------------------------------------------
  type_relations                0.000005     0.000000 ✅ 正常           
  exist_relation                0.000120     0.000008 ✅ 正常           
  mi_proj_layer0                0.070908     0.000301 ✅ 正常           
  dis_proj_layer0               0.077462     0.000320 ✅ 正常           
================================================================================

Epoch 350, Total Loss: 14.3821, Recover Loss: 0.7355, miRNA CL: 7.0029, Disease CL: 6.3595, Inter-view (est): 3.0836, Recon Loss: 0.0277, Time: 278.62s
[INFO] Hypergraph updated at epoch 400

🔧 Epoch 400 梯度检查:
================================================================================

  参数名称                              梯度范数         梯度均值 状态             
  ----------------------------------------------------------------------
  type_relations                0.000004     0.000000 ✅ 正常           
  exist_relation                0.000119     0.000008 ✅ 正常           
  mi_proj_layer0                0.065136     0.000277 ✅ 正常           
  dis_proj_layer0               0.069439     0.000288 ✅ 正常           
================================================================================

Epoch 400, Total Loss: 14.2971, Recover Loss: 0.7209, miRNA CL: 6.9712, Disease CL: 6.3227, Inter-view (est): 3.0678, Recon Loss: 0.0277, Time: 313.28s
[INFO] Hypergraph updated at epoch 450

🔧 Epoch 450 梯度检查:
================================================================================

  参数名称                              梯度范数         梯度均值 状态             
  ----------------------------------------------------------------------
  type_relations                0.000004     0.000000 ✅ 正常           
  exist_relation                0.000118     0.000008 ✅ 正常           
  mi_proj_layer0                0.070370     0.000295 ✅ 正常           
  dis_proj_layer0               0.072484     0.000303 ✅ 正常           
================================================================================

Epoch 450, Total Loss: 14.2329, Recover Loss: 0.7161, miRNA CL: 6.9474, Disease CL: 6.2897, Inter-view (est): 3.0547, Recon Loss: 0.0271, Time: 349.55s
[INFO] Hypergraph updated at epoch 500

🔧 Epoch 500 梯度检查:
================================================================================

  参数名称                              梯度范数         梯度均值 状态             
  ----------------------------------------------------------------------
  type_relations                0.000003     0.000000 ✅ 正常           
  exist_relation                0.000116     0.000008 ✅ 正常           
  mi_proj_layer0                0.054528     0.000232 ✅ 正常           
  dis_proj_layer0               0.055659     0.000233 ✅ 正常           
================================================================================

Epoch 500, Total Loss: 14.1687, Recover Loss: 0.7044, miRNA CL: 6.9230, Disease CL: 6.2639, Inter-view (est): 3.0431, Recon Loss: 0.0268, Time: 384.49s
[INFO] Hypergraph updated at epoch 550

🔧 Epoch 550 梯度检查:
================================================================================

  参数名称                              梯度范数         梯度均值 状态             
  ----------------------------------------------------------------------
  type_relations                0.000003     0.000000 ✅ 正常           
  exist_relation                0.000115     0.000007 ✅ 正常           
  mi_proj_layer0                0.065736     0.000278 ✅ 正常           
  dis_proj_layer0               0.068054     0.000280 ✅ 正常           
================================================================================

Epoch 550, Total Loss: 14.1253, Recover Loss: 0.7028, miRNA CL: 6.9063, Disease CL: 6.2406, Inter-view (est): 3.0339, Recon Loss: 0.0267, Time: 420.58s
[INFO] Hypergraph updated at epoch 600

🔧 Epoch 600 梯度检查:
================================================================================

  参数名称                              梯度范数         梯度均值 状态             
  ----------------------------------------------------------------------
  type_relations                0.000003     0.000000 ✅ 正常           
  exist_relation                0.000114     0.000007 ✅ 正常           
  mi_proj_layer0                0.059540     0.000254 ✅ 正常           
  dis_proj_layer0               0.056769     0.000236 ✅ 正常           
================================================================================

Epoch 600, Total Loss: 14.0752, Recover Loss: 0.6985, miRNA CL: 6.8838, Disease CL: 6.2196, Inter-view (est): 3.0239, Recon Loss: 0.0263, Time: 456.09s
[INFO] Hypergraph updated at epoch 650

🔧 Epoch 650 梯度检查:
================================================================================

  参数名称                              梯度范数         梯度均值 状态             
  ----------------------------------------------------------------------
  type_relations                0.000002     0.000000 ✅ 正常           
  exist_relation                0.000112     0.000007 ✅ 正常           
  mi_proj_layer0                0.054846     0.000233 ✅ 正常           
  dis_proj_layer0               0.054266     0.000227 ✅ 正常           
================================================================================

Epoch 650, Total Loss: 14.0238, Recover Loss: 0.6923, miRNA CL: 6.8628, Disease CL: 6.1975, Inter-view (est): 3.0139, Recon Loss: 0.0261, Time: 492.04s

================================================================================
Training completed. Running final test...
================================================================================
Fold 4 completed - AUC: 0.9306, Top-1 F1: 0.6087
[P1 fusion] fold 4 miRNA gate α(view1)=0.5986 (view2=0.4014) | disease gate α(view1)=0.6027 (view2=0.3973)
Fold 4 training time: 492.55 seconds
=== Cross Validation Fold 5/5 ===
Using hidden dimensions: [256, 256] with 4 attention heads
优化模型初始化: miRNA数量 = 495, 疾病数量 = 383
[P1 fusion] learned fusion mode = gate
   节点维度: 256 → 128
   类型数量: 4
   Temperature: 2.0 (可学习)
   Loss mode: two_head
   loss_mode=two_head
   exist_weight=0.300, type_weight=0.700

✅ SimplifiedMultiTypeAssociationLoss 初始化 (改进版)
   类别权重 (beta=0.99999): ['0.780', '1.822', '0.977', '0.421']
Original positive index shape: torch.Size([1199, 2])
Original negative index shape: torch.Size([150470, 2])
采样后负样本数量: 11990
[B4 leakage_free] Masked 299 test-positive entries khỏi input association matrix trước khi dựng hypergraph. (P7 verify: 0/299 test cell còn khác 0)
🎯 Building TRUE DUAL VIEWS from four different sources...
[P7 leakage_free] Recomputed miRNA GIP (m_ss) từ association ĐÃ MASK (495, 495) — miRNA View 1 không còn chứa test-edge (nguồn rò rỉ còn lại duy nhất trong nhánh chính, theo audit F1).
📊 Data sources loaded:
  Disease semantic: torch.Size([383, 383])
  miRNA functional: torch.Size([495, 495])
  Disease-gene: torch.Size([383, 383])
  miRNA-sequence: torch.Size([495, 495])
🧬 Building miRNA dual-view hypergraphs...
  📊 miRNA View 1 (Sequence): torch.Size([495, 878])
  📊 miRNA View 2 (Function): torch.Size([495, 878])
🦠 Building disease dual-view hypergraphs...
  📊 Disease View 1 (Gene): torch.Size([383, 878])
  📊 Disease View 2 (Semantic): torch.Size([383, 878])
✅ Successfully built TRUE DUAL VIEWS:
   🧬 miRNA: Sequence Features (m_ss.xlsx) vs Functional Similarity (mi_fun_sim_2.0.csv)
   🦠 Disease: Gene Features (d_gs.xlsx) vs Semantic Similarity (dis_sem_sim_2.0.csv)

🔧 Epoch 1 梯度检查:
================================================================================

  参数名称                              梯度范数         梯度均值 状态             
  ----------------------------------------------------------------------
  type_relations                0.000025     0.000001 ✅ 正常           
  exist_relation                0.000139     0.000009 ✅ 正常           
  mi_proj_layer0                1.276808     0.004683 ✅ 正常           
  dis_proj_layer0               1.434038     0.005096 ✅ 正常           
================================================================================

Epoch 1, Total Loss: 20.2925, Recover Loss: 1.1625, miRNA CL: 8.9579, Disease CL: 8.4267, Inter-view (est): 4.0118, Recon Loss: 1.4466, Time: 0.71s
[INFO] Hypergraph updated at epoch 5
[INFO] Hypergraph updated at epoch 10
[INFO] Hypergraph updated at epoch 15
[INFO] Hypergraph updated at epoch 20
[INFO] Hypergraph updated at epoch 25
[INFO] Hypergraph updated at epoch 30
[INFO] Hypergraph updated at epoch 35
[INFO] Hypergraph updated at epoch 40
[INFO] Hypergraph updated at epoch 45
[INFO] Hypergraph updated at epoch 50

🔧 Epoch 50 梯度检查:
================================================================================

  参数名称                              梯度范数         梯度均值 状态             
  ----------------------------------------------------------------------
  type_relations                0.000017     0.000000 ✅ 正常           
  exist_relation                0.000134     0.000009 ✅ 正常           
  mi_proj_layer0                0.093707     0.000379 ✅ 正常           
  dis_proj_layer0               0.108300     0.000432 ✅ 正常           
================================================================================

Epoch 50, Total Loss: 16.8769, Recover Loss: 0.8791, miRNA CL: 7.9266, Disease CL: 7.6935, Inter-view (est): 3.6046, Recon Loss: 0.0932, Time: 66.27s
[INFO] Hypergraph updated at epoch 100

🔧 Epoch 100 梯度检查:
================================================================================

  参数名称                              梯度范数         梯度均值 状态             
  ----------------------------------------------------------------------
  type_relations                0.000010     0.000000 ✅ 正常           
  exist_relation                0.000129     0.000008 ✅ 正常           
  mi_proj_layer0                0.079492     0.000317 ✅ 正常           
  dis_proj_layer0               0.106333     0.000421 ✅ 正常           
================================================================================

Epoch 100, Total Loss: 15.5464, Recover Loss: 0.8079, miRNA CL: 7.4917, Disease CL: 6.9457, Inter-view (est): 3.3317, Recon Loss: 0.0310, Time: 102.40s
[INFO] Hypergraph updated at epoch 150

🔧 Epoch 150 梯度检查:
================================================================================

  参数名称                              梯度范数         梯度均值 状态             
  ----------------------------------------------------------------------
  type_relations                0.000007     0.000000 ✅ 正常           
  exist_relation                0.000125     0.000008 ✅ 正常           
  mi_proj_layer0                0.062256     0.000263 ✅ 正常           
  dis_proj_layer0               0.082584     0.000328 ✅ 正常           
================================================================================

Epoch 150, Total Loss: 14.8799, Recover Loss: 0.7667, miRNA CL: 7.1873, Disease CL: 6.6333, Inter-view (est): 3.1894, Recon Loss: 0.0296, Time: 137.94s
[INFO] Hypergraph updated at epoch 200

🔧 Epoch 200 梯度检查:
================================================================================

  参数名称                              梯度范数         梯度均值 状态             
  ----------------------------------------------------------------------
  type_relations                0.000006     0.000000 ✅ 正常           
  exist_relation                0.000124     0.000008 ✅ 正常           
  mi_proj_layer0                0.058737     0.000250 ✅ 正常           
  dis_proj_layer0               0.069010     0.000287 ✅ 正常           
================================================================================

Epoch 200, Total Loss: 14.7144, Recover Loss: 0.7561, miRNA CL: 7.1257, Disease CL: 6.5429, Inter-view (est): 3.1543, Recon Loss: 0.0290, Time: 173.22s
[INFO] Hypergraph updated at epoch 250

🔧 Epoch 250 梯度检查:
================================================================================

  参数名称                              梯度范数         梯度均值 状态             
  ----------------------------------------------------------------------
  type_relations                0.000006     0.000000 ✅ 正常           
  exist_relation                0.000123     0.000008 ✅ 正常           
  mi_proj_layer0                0.058845     0.000249 ✅ 正常           
  dis_proj_layer0               0.073912     0.000302 ✅ 正常           
================================================================================

Epoch 250, Total Loss: 14.5725, Recover Loss: 0.7464, miRNA CL: 7.0740, Disease CL: 6.4655, Inter-view (est): 3.1245, Recon Loss: 0.0283, Time: 208.76s
[INFO] Hypergraph updated at epoch 300

🔧 Epoch 300 梯度检查:
================================================================================

  参数名称                              梯度范数         梯度均值 状态             
  ----------------------------------------------------------------------
  type_relations                0.000005     0.000000 ✅ 正常           
  exist_relation                0.000121     0.000008 ✅ 正常           
  mi_proj_layer0                0.066914     0.000281 ✅ 正常           
  dis_proj_layer0               0.072958     0.000303 ✅ 正常           
================================================================================

Epoch 300, Total Loss: 14.4573, Recover Loss: 0.7355, miRNA CL: 7.0332, Disease CL: 6.4050, Inter-view (est): 3.1011, Recon Loss: 0.0278, Time: 243.94s
[INFO] Hypergraph updated at epoch 350

🔧 Epoch 350 梯度检查:
================================================================================

  参数名称                              梯度范数         梯度均值 状态             
  ----------------------------------------------------------------------
  type_relations                0.000005     0.000000 ✅ 正常           
  exist_relation                0.000120     0.000007 ✅ 正常           
  mi_proj_layer0                0.055189     0.000233 ✅ 正常           
  dis_proj_layer0               0.063083     0.000258 ✅ 正常           
================================================================================

Epoch 350, Total Loss: 14.3567, Recover Loss: 0.7233, miRNA CL: 6.9934, Disease CL: 6.3586, Inter-view (est): 3.0812, Recon Loss: 0.0277, Time: 279.74s
[INFO] Hypergraph updated at epoch 400

🔧 Epoch 400 梯度检查:
================================================================================

  参数名称                              梯度范数         梯度均值 状态             
  ----------------------------------------------------------------------
  type_relations                0.000004     0.000000 ✅ 正常           
  exist_relation                0.000118     0.000007 ✅ 正常           
  mi_proj_layer0                0.068697     0.000287 ✅ 正常           
  dis_proj_layer0               0.070520     0.000290 ✅ 正常           
================================================================================

Epoch 400, Total Loss: 14.2569, Recover Loss: 0.7179, miRNA CL: 6.9546, Disease CL: 6.3063, Inter-view (est): 3.0602, Recon Loss: 0.0273, Time: 315.00s
[INFO] Hypergraph updated at epoch 450

🔧 Epoch 450 梯度检查:
================================================================================

  参数名称                              梯度范数         梯度均值 状态             
  ----------------------------------------------------------------------
  type_relations                0.000004     0.000000 ✅ 正常           
  exist_relation                0.000117     0.000007 ✅ 正常           
  mi_proj_layer0                0.049963     0.000215 ✅ 正常           
  dis_proj_layer0               0.058320     0.000243 ✅ 正常           
================================================================================

Epoch 450, Total Loss: 14.1941, Recover Loss: 0.7107, miRNA CL: 6.9309, Disease CL: 6.2762, Inter-view (est): 3.0478, Recon Loss: 0.0272, Time: 350.56s
[INFO] Hypergraph updated at epoch 500

🔧 Epoch 500 梯度检查:
================================================================================

  参数名称                              梯度范数         梯度均值 状态             
  ----------------------------------------------------------------------
  type_relations                0.000003     0.000000 ✅ 正常           
  exist_relation                0.000116     0.000007 ✅ 正常           
  mi_proj_layer0                0.048857     0.000207 ✅ 正常           
  dis_proj_layer0               0.055939     0.000231 ✅ 正常           
================================================================================

Epoch 500, Total Loss: 14.1358, Recover Loss: 0.7076, miRNA CL: 6.9054, Disease CL: 6.2486, Inter-view (est): 3.0355, Recon Loss: 0.0270, Time: 386.06s
[INFO] Hypergraph updated at epoch 550

🔧 Epoch 550 梯度检查:
================================================================================

  参数名称                              梯度范数         梯度均值 状态             
  ----------------------------------------------------------------------
  type_relations                0.000003     0.000000 ✅ 正常           
  exist_relation                0.000114     0.000007 ✅ 正常           
  mi_proj_layer0                0.061062     0.000255 ✅ 正常           
  dis_proj_layer0               0.072158     0.000276 ✅ 正常           
================================================================================

Epoch 550, Total Loss: 14.0757, Recover Loss: 0.7025, miRNA CL: 6.8803, Disease CL: 6.2210, Inter-view (est): 3.0234, Recon Loss: 0.0268, Time: 421.63s
[INFO] Hypergraph updated at epoch 600

🔧 Epoch 600 梯度检查:
================================================================================

  参数名称                              梯度范数         梯度均值 状态             
  ----------------------------------------------------------------------
  type_relations                0.000002     0.000000 ✅ 正常           
  exist_relation                0.000113     0.000007 ✅ 正常           
  mi_proj_layer0                0.054899     0.000232 ✅ 正常           
  dis_proj_layer0               0.050149     0.000206 ✅ 正常           
================================================================================

Epoch 600, Total Loss: 14.0140, Recover Loss: 0.6953, miRNA CL: 6.8564, Disease CL: 6.1937, Inter-view (est): 3.0116, Recon Loss: 0.0257, Time: 458.96s
[INFO] Hypergraph updated at epoch 650

🔧 Epoch 650 梯度检查:
================================================================================

  参数名称                              梯度范数         梯度均值 状态             
  ----------------------------------------------------------------------
  type_relations                0.000002     0.000000 ✅ 正常           
  exist_relation                0.000111     0.000007 ✅ 正常           
  mi_proj_layer0                0.075961     0.000302 ✅ 正常           
  dis_proj_layer0               0.072164     0.000298 ✅ 正常           
================================================================================

Epoch 650, Total Loss: 13.9627, Recover Loss: 0.6959, miRNA CL: 6.8326, Disease CL: 6.1679, Inter-view (est): 3.0001, Recon Loss: 0.0256, Time: 494.68s

================================================================================
Training completed. Running final test...
================================================================================
Fold 5 completed - AUC: 0.9376, Top-1 F1: 0.6226
[P1 fusion] fold 5 miRNA gate α(view1)=0.5959 (view2=0.4041) | disease gate α(view1)=0.6050 (view2=0.3950)
Fold 5 training time: 495.22 seconds
Average binary metrics across folds: [[0.93688586 0.9362486  0.87750071 0.87323634 0.90691371 0.83955897
  0.85174651]]
🎯 Average Top-1 metrics across folds: {'top1_precision': 0.6074648829431437, 'top1_recall': np.float64(0.650964739119239), 'top1_f1': np.float64(0.6282704397531291)}

📊 CV_type Style Metrics Details:
  AUC            : 0.9369
  AUPR           : 0.9362
  F1             : 0.8775
  Accuracy       : 0.8732
  Recall         : 0.9069
  Specificity    : 0.8396
  Precision      : 0.8517

🎯 Top-1 Metrics Details:
  top1_precision : 0.6075
  top1_recall    : 0.6510
  top1_f1        : 0.6283

Total execution time: 2478.83 seconds

==========================================================================================
🎯 FINAL COMPREHENSIVE RESULTS WITH TOP-1 METRICS
==========================================================================================
📊 Binary Classification Metrics (Original):
  AUC: 0.9369
  AUPR: 0.9362
  F1: 0.8775
  Accuracy: 0.8732
  Recall: 0.9069
  Specificity: 0.8396
  Precision: 0.8517

🎯 CV_type Style Metrics (Enhanced):
  AUC: 0.9369
  AUPR: 0.9362
  F1: 0.8775
  Accuracy: 0.8732
  Recall: 0.9069
  Specificity: 0.8396
  Precision: 0.8517

🏆 Top-1 Metrics (NEW):
  Top-1 Precision: 0.6075
  Top-1 Recall: 0.6510
  Top-1 F1: 0.6283
==========================================================================================
