[CPU] torch.set_num_threads(10), interop=min(4, 10)
Using device: cpu
[INFO] Auto-computed BALANCED class weights (to prevent class collapse):
  Circulation  (  367 samples): 0.780
  Epigenetics  (  157 samples): 1.823
  Target       (  293 samples): 0.977
  Genetics     (  681 samples): 0.420
  [NOTE] Higher weights for minority classes to prevent model from only predicting majority class
[INFO] Using v2.0_495m383D dataset:
  miRNAs: 495
  Diseases: 383
  Expected associations: ~1498
  Types: 4 (Circulation, Epigenetics, Target, Genetics)

================================================================================
Configuration Summary
================================================================================
Dataset: v2.0_495m383D
Data Path: ./
Model: HeterogenousGraphCLAMIR
  - HGT Layers: 2
  - Attention Heads: 4
  - Association Types: 4
  - Inter-view CL: Enabled
    - Weight: 0.3
    - Temperature: 0.5
    - Margin: 0.5

Training:
  - Epochs: 650
  - Learning Rate: 0.0001
  - Dropout: 0.3
  - Weight Decay: 5e-05
  - Focal Loss: Enabled

Evaluation:
  - Cross-Validation Folds: 5
  - Primary Metric: AUPR

Device: cpu
Random Seed: 0
================================================================================

[SEED] Re-seeded với args.seed = 0
[P10 deterministic] torch.use_deterministic_algorithms(True, warn_only=True) đã bật.
[P10 manifest] Ghi provenance → results/manifests\manifest_v2.0_495m383D_seed0_20260724_032853.json  (leakage_free=True, cv_scheme=full)
🚀 Running with comprehensive evaluation including Top-1 metrics...
🎯 Loading dual-view data...
Starting dual-view data preparation with new file format...
Loading all similarity and feature files from v2.0_495m383D...
✅ Loaded disease semantic similarity from D_SSM1.txt: (383, 383)
✅ Loaded miRNA functional similarity from M_FSM.txt: (495, 495)
✅ Loaded multi-type association pairs from ./v2.0_495m383D\multi_all_mirna_disease_pairs_without_negative.csv: (1679, 3)
✅ Created multi-type association matrix: (495, 383)
📊 Multi-type Association Statistics:
   无关联 (No association): 188087 pairs (99.21%)
   循环类型 (Circulation): 367 pairs (0.19%)
   表观遗传学 (Epigenetics): 157 pairs (0.08%)
   靶标类型 (Target): 293 pairs (0.15%)
   遗传学类型 (Genetics): 681 pairs (0.36%)
✅ Created association matrix from CSV: (495, 383)
✅ Loaded disease-gene features from D_SSM2.txt: torch.Size([383, 383])
✅ [B4] Loaded REAL miRNA-sequence similarity from v2.0_495m383D/M_SEQ.txt: torch.Size([495, 495]) (thay GIP M_GSM cho View 1)
Processing integrated similarity matrices...
Loaded similarity matrices from cache
Processing indices...
Loaded indices from cache (seed=0)
✅ Dual-view data preparation completed in 0.24 seconds

============================================================
🎯 DUAL-VIEW CONFIGURATION SUMMARY (v2.0_495m383D)
============================================================
miRNA Dual Views:
  📊 View 1 (Sequence): M_GSM.txt torch.Size([495, 495])
  📊 View 2 (Function): M_FSM.txt torch.Size([495, 495])

Disease Dual Views:
  📊 View 1 (Gene): D_SSM2.txt torch.Size([383, 383])
  📊 View 2 (Semantic): D_SSM1.txt torch.Size([383, 383])

Association Matrix: torch.Size([495, 383])
Data source: v2.0_495m383D (495 miRNAs × 383 Diseases)
============================================================
Preloading dual-view data to device...
✅ Loaded disease-gene features to device: torch.Size([383, 383])
✅ Loaded miRNA-sequence features to device: torch.Size([495, 495])
✅ Loaded disease semantic similarity to device: torch.Size([383, 383])
✅ Loaded miRNA functional similarity to device: torch.Size([495, 495])
✅ Dual-view data preloading completed in 0.00 seconds
OptimizedDataset initialized with 5 folds
Using device: cpu
=== Cross Validation Fold 1/5 ===
Using hidden dimensions: [256, 256] with 4 attention heads
优化模型初始化: miRNA数量 = 495, 疾病数量 = 383
   节点维度: 256 → 128
   类型数量: 4
   Temperature: 2.0 (可学习)
   Loss mode: two_head
   loss_mode=two_head
   exist_weight=0.300, type_weight=0.700

✅ SimplifiedMultiTypeAssociationLoss 初始化 (改进版)
   类别权重 (beta=0.99999): ['0.780', '1.822', '0.977', '0.421']
Original positive index shape: torch.Size([1198, 2])
Original negative index shape: torch.Size([150469, 2])
采样后负样本数量: 11980
[B4 leakage_free] Masked 300 test-positive entries khỏi input association matrix trước khi dựng hypergraph. (P7 verify: 0/300 test cell còn khác 0)
🎯 Building TRUE DUAL VIEWS from four different sources...
📊 Data sources loaded:
  Disease semantic: torch.Size([383, 383])
  miRNA functional: torch.Size([495, 495])
  Disease-gene: torch.Size([383, 383])
  miRNA-sequence: torch.Size([495, 495])
🧬 Building miRNA dual-view hypergraphs...
  📊 miRNA View 1 (Sequence): torch.Size([495, 878])
  📊 miRNA View 2 (Function): torch.Size([495, 878])
🦠 Building disease dual-view hypergraphs...
  📊 Disease View 1 (Gene): torch.Size([383, 878])
  📊 Disease View 2 (Semantic): torch.Size([383, 878])
✅ Successfully built TRUE DUAL VIEWS:
   🧬 miRNA: Sequence Features (m_ss.xlsx) vs Functional Similarity (mi_fun_sim_2.0.csv)
   🦠 Disease: Gene Features (d_gs.xlsx) vs Semantic Similarity (dis_sem_sim_2.0.csv)

🔧 Epoch 1 梯度检查:
================================================================================

  参数名称                              梯度范数         梯度均值 状态             
  ----------------------------------------------------------------------
  type_relations                0.000025     0.000001 ✅ 正常           
  exist_relation                0.000145     0.000010 ✅ 正常           
  mi_proj_layer0                0.886502     0.003334 ✅ 正常           
  dis_proj_layer0               0.852008     0.003258 ✅ 正常           
================================================================================

Epoch 1, Total Loss: 20.0900, Recover Loss: 1.0974, miRNA CL: 8.7662, Disease CL: 8.4432, Inter-view (est): 3.9714, Recon Loss: 1.4846, Time: 1.33s
[INFO] Hypergraph updated at epoch 5
[INFO] Hypergraph updated at epoch 10
[INFO] Hypergraph updated at epoch 15
[INFO] Hypergraph updated at epoch 20
[INFO] Hypergraph updated at epoch 25
[INFO] Hypergraph updated at epoch 30
[INFO] Hypergraph updated at epoch 35
[INFO] Hypergraph updated at epoch 40
[INFO] Hypergraph updated at epoch 45
[INFO] Hypergraph updated at epoch 50

🔧 Epoch 50 梯度检查:
================================================================================

  参数名称                              梯度范数         梯度均值 状态             
  ----------------------------------------------------------------------
  type_relations                0.000017     0.000000 ✅ 正常           
  exist_relation                0.000140     0.000010 ✅ 正常           
  mi_proj_layer0                0.112692     0.000437 ✅ 正常           
  dis_proj_layer0               0.123209     0.000476 ✅ 正常           
================================================================================

Epoch 50, Total Loss: 16.9164, Recover Loss: 0.8904, miRNA CL: 7.9947, Disease CL: 7.6536, Inter-view (est): 3.6111, Recon Loss: 0.0925, Time: 78.20s
[INFO] Hypergraph updated at epoch 100

🔧 Epoch 100 梯度检查:
================================================================================

  参数名称                              梯度范数         梯度均值 状态             
  ----------------------------------------------------------------------
  type_relations                0.000010     0.000000 ✅ 正常           
  exist_relation                0.000134     0.000009 ✅ 正常           
  mi_proj_layer0                0.070648     0.000290 ✅ 正常           
  dis_proj_layer0               0.091953     0.000375 ✅ 正常           
================================================================================

Epoch 100, Total Loss: 15.1269, Recover Loss: 0.8016, miRNA CL: 7.0960, Disease CL: 6.9253, Inter-view (est): 3.2357, Recon Loss: 0.0317, Time: 112.26s
[INFO] Hypergraph updated at epoch 150

🔧 Epoch 150 梯度检查:
================================================================================

  参数名称                              梯度范数         梯度均值 状态             
  ----------------------------------------------------------------------
  type_relations                0.000006     0.000000 ✅ 正常           
  exist_relation                0.000129     0.000009 ✅ 正常           
  mi_proj_layer0                0.058672     0.000250 ✅ 正常           
  dis_proj_layer0               0.070113     0.000295 ✅ 正常           
================================================================================

Epoch 150, Total Loss: 14.3421, Recover Loss: 0.7446, miRNA CL: 6.7475, Disease CL: 6.5574, Inter-view (est): 3.0704, Recon Loss: 0.0302, Time: 144.30s
[INFO] Hypergraph updated at epoch 200

🔧 Epoch 200 梯度检查:
================================================================================

  参数名称                              梯度范数         梯度均值 状态             
  ----------------------------------------------------------------------
  type_relations                0.000003     0.000000 ✅ 正常           
  exist_relation                0.000124     0.000008 ✅ 正常           
  mi_proj_layer0                0.068797     0.000281 ✅ 正常           
  dis_proj_layer0               0.073198     0.000303 ✅ 正常           
================================================================================

Epoch 200, Total Loss: 13.9814, Recover Loss: 0.7222, miRNA CL: 6.6201, Disease CL: 6.3559, Inter-view (est): 2.9945, Recon Loss: 0.0285, Time: 177.83s
[INFO] Hypergraph updated at epoch 250

🔧 Epoch 250 梯度检查:
================================================================================

  参数名称                              梯度范数         梯度均值 状态             
  ----------------------------------------------------------------------
  type_relations                0.000002     0.000000 ✅ 正常           
  exist_relation                0.000119     0.000008 ✅ 正常           
  mi_proj_layer0                0.052257     0.000221 ✅ 正常           
  dis_proj_layer0               0.054784     0.000232 ✅ 正常           
================================================================================

Epoch 250, Total Loss: 13.7587, Recover Loss: 0.7013, miRNA CL: 6.5337, Disease CL: 6.2475, Inter-view (est): 2.9495, Recon Loss: 0.0274, Time: 210.79s
[INFO] Hypergraph updated at epoch 300

🔧 Epoch 300 梯度检查:
================================================================================

  参数名称                              梯度范数         梯度均值 状态             
  ----------------------------------------------------------------------
  type_relations                0.000001     0.000000 ✅ 正常           
  exist_relation                0.000115     0.000007 ✅ 正常           
  mi_proj_layer0                0.050027     0.000210 ✅ 正常           
  dis_proj_layer0               0.058660     0.000242 ✅ 正常           
================================================================================

Epoch 300, Total Loss: 13.6104, Recover Loss: 0.6898, miRNA CL: 6.4711, Disease CL: 6.1796, Inter-view (est): 2.9194, Recon Loss: 0.0263, Time: 244.98s
[INFO] Hypergraph updated at epoch 350

🔧 Epoch 350 梯度检查:
================================================================================
  ⚠️ 警告: type_relations梯度几乎为0 (norm=0.00000066)
     → 类型分类器可能没有学习!

  参数名称                              梯度范数         梯度均值 状态             
  ----------------------------------------------------------------------
  type_relations                0.000001     0.000000 ✅ 正常           
  exist_relation                0.000111     0.000007 ✅ 正常           
  mi_proj_layer0                0.066269     0.000274 ✅ 正常           
  dis_proj_layer0               0.060216     0.000246 ✅ 正常           
================================================================================

Epoch 350, Total Loss: 13.4979, Recover Loss: 0.6801, miRNA CL: 6.4249, Disease CL: 6.1280, Inter-view (est): 2.8968, Recon Loss: 0.0257, Time: 277.56s
[INFO] Hypergraph updated at epoch 400

🔧 Epoch 400 梯度检查:
================================================================================
  ⚠️ 警告: type_relations梯度几乎为0 (norm=0.00000037)
     → 类型分类器可能没有学习!

  参数名称                              梯度范数         梯度均值 状态             
  ----------------------------------------------------------------------
  type_relations                0.000000     0.000000 ✅ 正常           
  exist_relation                0.000108     0.000007 ✅ 正常           
  mi_proj_layer0                0.045753     0.000194 ✅ 正常           
  dis_proj_layer0               0.052638     0.000220 ✅ 正常           
================================================================================

Epoch 400, Total Loss: 13.4131, Recover Loss: 0.6730, miRNA CL: 6.3899, Disease CL: 6.0898, Inter-view (est): 2.8799, Recon Loss: 0.0250, Time: 311.39s
[INFO] Hypergraph updated at epoch 450

🔧 Epoch 450 梯度检查:
================================================================================
  ⚠️ 警告: type_relations梯度几乎为0 (norm=0.00000020)
     → 类型分类器可能没有学习!

  参数名称                              梯度范数         梯度均值 状态             
  ----------------------------------------------------------------------
  type_relations                0.000000     0.000000 ✅ 正常           
  exist_relation                0.000104     0.000006 ✅ 正常           
  mi_proj_layer0                0.048582     0.000208 ✅ 正常           
  dis_proj_layer0               0.051362     0.000214 ✅ 正常           
================================================================================

Epoch 450, Total Loss: 13.3464, Recover Loss: 0.6676, miRNA CL: 6.3622, Disease CL: 6.0603, Inter-view (est): 2.8667, Recon Loss: 0.0246, Time: 344.28s
[INFO] Hypergraph updated at epoch 500

🔧 Epoch 500 梯度检查:
================================================================================
  ⚠️ 警告: type_relations梯度几乎为0 (norm=0.00000011)
     → 类型分类器可能没有学习!

  参数名称                              梯度范数         梯度均值 状态             
  ----------------------------------------------------------------------
  type_relations                0.000000     0.000000 ✅ 正常           
  exist_relation                0.000101     0.000006 ✅ 正常           
  mi_proj_layer0                0.050543     0.000215 ✅ 正常           
  dis_proj_layer0               0.051602     0.000214 ✅ 正常           
================================================================================

Epoch 500, Total Loss: 13.2894, Recover Loss: 0.6617, miRNA CL: 6.3392, Disease CL: 6.0360, Inter-view (est): 2.8558, Recon Loss: 0.0239, Time: 378.99s
[INFO] Hypergraph updated at epoch 550

🔧 Epoch 550 梯度检查:
================================================================================
  ⚠️ 警告: type_relations梯度几乎为0 (norm=0.00000006)
     → 类型分类器可能没有学习!

  参数名称                              梯度范数         梯度均值 状态             
  ----------------------------------------------------------------------
  type_relations                0.000000     0.000000 ❌ 过小           
  exist_relation                0.000097     0.000006 ✅ 正常           
  mi_proj_layer0                0.049813     0.000208 ✅ 正常           
  dis_proj_layer0               0.050286     0.000207 ✅ 正常           
================================================================================

Epoch 550, Total Loss: 13.2357, Recover Loss: 0.6531, miRNA CL: 6.3197, Disease CL: 6.0144, Inter-view (est): 2.8463, Recon Loss: 0.0231, Time: 411.69s
[INFO] Hypergraph updated at epoch 600

🔧 Epoch 600 梯度检查:
================================================================================
  ⚠️ 警告: type_relations梯度几乎为0 (norm=0.00000003)
     → 类型分类器可能没有学习!

  参数名称                              梯度范数         梯度均值 状态             
  ----------------------------------------------------------------------
  type_relations                0.000000     0.000000 ❌ 过小           
  exist_relation                0.000094     0.000006 ✅ 正常           
  mi_proj_layer0                0.043514     0.000181 ✅ 正常           
  dis_proj_layer0               0.039715     0.000166 ✅ 正常           
================================================================================

Epoch 600, Total Loss: 13.1957, Recover Loss: 0.6518, miRNA CL: 6.3029, Disease CL: 5.9958, Inter-view (est): 2.8382, Recon Loss: 0.0227, Time: 445.82s
[INFO] Hypergraph updated at epoch 650

🔧 Epoch 650 梯度检查:
================================================================================
  ⚠️ 警告: type_relations梯度几乎为0 (norm=0.00000001)
     → 类型分类器可能没有学习!

  参数名称                              梯度范数         梯度均值 状态             
  ----------------------------------------------------------------------
  type_relations                0.000000     0.000000 ❌ 过小           
  exist_relation                0.000091     0.000005 ✅ 正常           
  mi_proj_layer0                0.052093     0.000221 ✅ 正常           
  dis_proj_layer0               0.051151     0.000213 ✅ 正常           
================================================================================

Epoch 650, Total Loss: 13.1618, Recover Loss: 0.6510, miRNA CL: 6.2882, Disease CL: 5.9806, Inter-view (est): 2.8313, Recon Loss: 0.0222, Time: 483.29s

================================================================================
Training completed. Running final test...
================================================================================
Fold 1 completed - AUC: 0.9476, Top-1 F1: 0.6192
Fold 1 training time: 483.92 seconds
=== Cross Validation Fold 2/5 ===
Using hidden dimensions: [256, 256] with 4 attention heads
优化模型初始化: miRNA数量 = 495, 疾病数量 = 383
   节点维度: 256 → 128
   类型数量: 4
   Temperature: 2.0 (可学习)
   Loss mode: two_head
   loss_mode=two_head
   exist_weight=0.300, type_weight=0.700

✅ SimplifiedMultiTypeAssociationLoss 初始化 (改进版)
   类别权重 (beta=0.99999): ['0.780', '1.822', '0.977', '0.421']
Original positive index shape: torch.Size([1198, 2])
Original negative index shape: torch.Size([150469, 2])
采样后负样本数量: 11980
[B4 leakage_free] Masked 300 test-positive entries khỏi input association matrix trước khi dựng hypergraph. (P7 verify: 0/300 test cell còn khác 0)
🎯 Building TRUE DUAL VIEWS from four different sources...
📊 Data sources loaded:
  Disease semantic: torch.Size([383, 383])
  miRNA functional: torch.Size([495, 495])
  Disease-gene: torch.Size([383, 383])
  miRNA-sequence: torch.Size([495, 495])
🧬 Building miRNA dual-view hypergraphs...
  📊 miRNA View 1 (Sequence): torch.Size([495, 878])
  📊 miRNA View 2 (Function): torch.Size([495, 878])
🦠 Building disease dual-view hypergraphs...
  📊 Disease View 1 (Gene): torch.Size([383, 878])
  📊 Disease View 2 (Semantic): torch.Size([383, 878])
✅ Successfully built TRUE DUAL VIEWS:
   🧬 miRNA: Sequence Features (m_ss.xlsx) vs Functional Similarity (mi_fun_sim_2.0.csv)
   🦠 Disease: Gene Features (d_gs.xlsx) vs Semantic Similarity (dis_sem_sim_2.0.csv)

🔧 Epoch 1 梯度检查:
================================================================================

  参数名称                              梯度范数         梯度均值 状态             
  ----------------------------------------------------------------------
  type_relations                0.000025     0.000001 ✅ 正常           
  exist_relation                0.000138     0.000010 ✅ 正常           
  mi_proj_layer0                0.727049     0.002676 ✅ 正常           
  dis_proj_layer0               0.786312     0.003040 ✅ 正常           
================================================================================

Epoch 1, Total Loss: 20.0621, Recover Loss: 1.0968, miRNA CL: 8.7527, Disease CL: 8.4410, Inter-view (est): 3.9678, Recon Loss: 1.4730, Time: 0.70s
[INFO] Hypergraph updated at epoch 5
[INFO] Hypergraph updated at epoch 10
[INFO] Hypergraph updated at epoch 15
[INFO] Hypergraph updated at epoch 20
[INFO] Hypergraph updated at epoch 25
[INFO] Hypergraph updated at epoch 30
[INFO] Hypergraph updated at epoch 35
[INFO] Hypergraph updated at epoch 40
[INFO] Hypergraph updated at epoch 45
[INFO] Hypergraph updated at epoch 50

🔧 Epoch 50 梯度检查:
================================================================================

  参数名称                              梯度范数         梯度均值 状态             
  ----------------------------------------------------------------------
  type_relations                0.000017     0.000000 ✅ 正常           
  exist_relation                0.000134     0.000010 ✅ 正常           
  mi_proj_layer0                0.096504     0.000386 ✅ 正常           
  dis_proj_layer0               0.120020     0.000478 ✅ 正常           
================================================================================

Epoch 50, Total Loss: 16.8793, Recover Loss: 0.9085, miRNA CL: 7.9428, Disease CL: 7.6407, Inter-view (est): 3.5962, Recon Loss: 0.1021, Time: 70.49s
[INFO] Hypergraph updated at epoch 100

🔧 Epoch 100 梯度检查:
================================================================================

  参数名称                              梯度范数         梯度均值 状态             
  ----------------------------------------------------------------------
  type_relations                0.000010     0.000000 ✅ 正常           
  exist_relation                0.000128     0.000009 ✅ 正常           
  mi_proj_layer0                0.094916     0.000374 ✅ 正常           
  dis_proj_layer0               0.099429     0.000402 ✅ 正常           
================================================================================

Epoch 100, Total Loss: 15.1253, Recover Loss: 0.8186, miRNA CL: 7.1212, Disease CL: 6.8808, Inter-view (est): 3.2312, Recon Loss: 0.0328, Time: 108.53s
[INFO] Hypergraph updated at epoch 150

🔧 Epoch 150 梯度检查:
================================================================================

  参数名称                              梯度范数         梯度均值 状态             
  ----------------------------------------------------------------------
  type_relations                0.000006     0.000000 ✅ 正常           
  exist_relation                0.000122     0.000008 ✅ 正常           
  mi_proj_layer0                0.065071     0.000271 ✅ 正常           
  dis_proj_layer0               0.068944     0.000289 ✅ 正常           
================================================================================

Epoch 150, Total Loss: 14.2892, Recover Loss: 0.7624, miRNA CL: 6.7548, Disease CL: 6.4792, Inter-view (est): 3.0540, Recon Loss: 0.0306, Time: 143.97s
[INFO] Hypergraph updated at epoch 200

🔧 Epoch 200 梯度检查:
================================================================================

  参数名称                              梯度范数         梯度均值 状态             
  ----------------------------------------------------------------------
  type_relations                0.000004     0.000000 ✅ 正常           
  exist_relation                0.000118     0.000008 ✅ 正常           
  mi_proj_layer0                0.053685     0.000229 ✅ 正常           
  dis_proj_layer0               0.065909     0.000276 ✅ 正常           
================================================================================

Epoch 200, Total Loss: 13.9450, Recover Loss: 0.7309, miRNA CL: 6.6134, Disease CL: 6.3173, Inter-view (est): 2.9840, Recon Loss: 0.0288, Time: 179.45s
[INFO] Hypergraph updated at epoch 250

🔧 Epoch 250 梯度检查:
================================================================================

  参数名称                              梯度范数         梯度均值 状态             
  ----------------------------------------------------------------------
  type_relations                0.000003     0.000000 ✅ 正常           
  exist_relation                0.000113     0.000007 ✅ 正常           
  mi_proj_layer0                0.048246     0.000205 ✅ 正常           
  dis_proj_layer0               0.057026     0.000234 ✅ 正常           
================================================================================

Epoch 250, Total Loss: 13.7208, Recover Loss: 0.7061, miRNA CL: 6.5230, Disease CL: 6.2152, Inter-view (est): 2.9396, Recon Loss: 0.0280, Time: 215.01s
[INFO] Hypergraph updated at epoch 300

🔧 Epoch 300 梯度检查:
================================================================================

  参数名称                              梯度范数         梯度均值 状态             
  ----------------------------------------------------------------------
  type_relations                0.000002     0.000000 ✅ 正常           
  exist_relation                0.000109     0.000007 ✅ 正常           
  mi_proj_layer0                0.062694     0.000255 ✅ 正常           
  dis_proj_layer0               0.060455     0.000250 ✅ 正常           
================================================================================

Epoch 300, Total Loss: 13.5746, Recover Loss: 0.6989, miRNA CL: 6.4601, Disease CL: 6.1453, Inter-view (est): 2.9089, Recon Loss: 0.0272, Time: 251.22s
[INFO] Hypergraph updated at epoch 350

🔧 Epoch 350 梯度检查:
================================================================================

  参数名称                              梯度范数         梯度均值 状态             
  ----------------------------------------------------------------------
  type_relations                0.000001     0.000000 ✅ 正常           
  exist_relation                0.000105     0.000007 ✅ 正常           
  mi_proj_layer0                0.050620     0.000216 ✅ 正常           
  dis_proj_layer0               0.056493     0.000234 ✅ 正常           
================================================================================

Epoch 350, Total Loss: 13.4640, Recover Loss: 0.6875, miRNA CL: 6.4127, Disease CL: 6.0990, Inter-view (est): 2.8873, Recon Loss: 0.0262, Time: 287.16s
[INFO] Hypergraph updated at epoch 400

🔧 Epoch 400 梯度检查:
================================================================================
  ⚠️ 警告: type_relations梯度几乎为0 (norm=0.00000096)
     → 类型分类器可能没有学习!

  参数名称                              梯度范数         梯度均值 状态             
  ----------------------------------------------------------------------
  type_relations                0.000001     0.000000 ✅ 正常           
  exist_relation                0.000102     0.000006 ✅ 正常           
  mi_proj_layer0                0.045549     0.000193 ✅ 正常           
  dis_proj_layer0               0.046447     0.000194 ✅ 正常           
================================================================================

Epoch 400, Total Loss: 13.3755, Recover Loss: 0.6790, miRNA CL: 6.3744, Disease CL: 6.0630, Inter-view (est): 2.8702, Recon Loss: 0.0247, Time: 323.46s
[INFO] Hypergraph updated at epoch 450

🔧 Epoch 450 梯度检查:
================================================================================
  ⚠️ 警告: type_relations梯度几乎为0 (norm=0.00000069)
     → 类型分类器可能没有学习!

  参数名称                              梯度范数         梯度均值 状态             
  ----------------------------------------------------------------------
  type_relations                0.000001     0.000000 ✅ 正常           
  exist_relation                0.000098     0.000006 ✅ 正常           
  mi_proj_layer0                0.065868     0.000272 ✅ 正常           
  dis_proj_layer0               0.061628     0.000250 ✅ 正常           
================================================================================

Epoch 450, Total Loss: 13.3074, Recover Loss: 0.6757, miRNA CL: 6.3437, Disease CL: 6.0333, Inter-view (est): 2.8562, Recon Loss: 0.0239, Time: 359.61s
[INFO] Hypergraph updated at epoch 500

🔧 Epoch 500 梯度检查:
================================================================================
  ⚠️ 警告: type_relations梯度几乎为0 (norm=0.00000050)
     → 类型分类器可能没有学习!

  参数名称                              梯度范数         梯度均值 状态             
  ----------------------------------------------------------------------
  type_relations                0.000001     0.000000 ✅ 正常           
  exist_relation                0.000095     0.000006 ✅ 正常           
  mi_proj_layer0                0.047874     0.000203 ✅ 正常           
  dis_proj_layer0               0.053292     0.000219 ✅ 正常           
================================================================================

Epoch 500, Total Loss: 13.2491, Recover Loss: 0.6703, miRNA CL: 6.3190, Disease CL: 6.0089, Inter-view (est): 2.8449, Recon Loss: 0.0235, Time: 395.64s
[INFO] Hypergraph updated at epoch 550

🔧 Epoch 550 梯度检查:
================================================================================
  ⚠️ 警告: type_relations梯度几乎为0 (norm=0.00000036)
     → 类型分类器可能没有学习!

  参数名称                              梯度范数         梯度均值 状态             
  ----------------------------------------------------------------------
  type_relations                0.000000     0.000000 ✅ 正常           
  exist_relation                0.000091     0.000005 ✅ 正常           
  mi_proj_layer0                0.049033     0.000208 ✅ 正常           
  dis_proj_layer0               0.052972     0.000219 ✅ 正常           
================================================================================

Epoch 550, Total Loss: 13.1986, Recover Loss: 0.6663, miRNA CL: 6.2989, Disease CL: 5.9862, Inter-view (est): 2.8350, Recon Loss: 0.0229, Time: 432.06s
[INFO] Hypergraph updated at epoch 600

🔧 Epoch 600 梯度检查:
================================================================================
  ⚠️ 警告: type_relations梯度几乎为0 (norm=0.00000026)
     → 类型分类器可能没有学习!

  参数名称                              梯度范数         梯度均值 状态             
  ----------------------------------------------------------------------
  type_relations                0.000000     0.000000 ✅ 正常           
  exist_relation                0.000088     0.000005 ✅ 正常           
  mi_proj_layer0                0.044924     0.000189 ✅ 正常           
  dis_proj_layer0               0.045698     0.000192 ✅ 正常           
================================================================================

Epoch 600, Total Loss: 13.1568, Recover Loss: 0.6631, miRNA CL: 6.2820, Disease CL: 5.9681, Inter-view (est): 2.8269, Recon Loss: 0.0223, Time: 468.30s
[INFO] Hypergraph updated at epoch 650

🔧 Epoch 650 梯度检查:
================================================================================
  ⚠️ 警告: type_relations梯度几乎为0 (norm=0.00000018)
     → 类型分类器可能没有学习!

  参数名称                              梯度范数         梯度均值 状态             
  ----------------------------------------------------------------------
  type_relations                0.000000     0.000000 ✅ 正常           
  exist_relation                0.000085     0.000005 ✅ 正常           
  mi_proj_layer0                0.048656     0.000200 ✅ 正常           
  dis_proj_layer0               0.045221     0.000184 ✅ 正常           
================================================================================

Epoch 650, Total Loss: 13.1206, Recover Loss: 0.6595, miRNA CL: 6.2677, Disease CL: 5.9537, Inter-view (est): 2.8203, Recon Loss: 0.0211, Time: 504.47s

================================================================================
Training completed. Running final test...
================================================================================
Fold 2 completed - AUC: 0.9253, Top-1 F1: 0.5945
Fold 2 training time: 504.98 seconds
=== Cross Validation Fold 3/5 ===
Using hidden dimensions: [256, 256] with 4 attention heads
优化模型初始化: miRNA数量 = 495, 疾病数量 = 383
   节点维度: 256 → 128
   类型数量: 4
   Temperature: 2.0 (可学习)
   Loss mode: two_head
   loss_mode=two_head
   exist_weight=0.300, type_weight=0.700

✅ SimplifiedMultiTypeAssociationLoss 初始化 (改进版)
   类别权重 (beta=0.99999): ['0.780', '1.822', '0.977', '0.421']
Original positive index shape: torch.Size([1198, 2])
Original negative index shape: torch.Size([150470, 2])
采样后负样本数量: 11980
[B4 leakage_free] Masked 300 test-positive entries khỏi input association matrix trước khi dựng hypergraph. (P7 verify: 0/300 test cell còn khác 0)
🎯 Building TRUE DUAL VIEWS from four different sources...
📊 Data sources loaded:
  Disease semantic: torch.Size([383, 383])
  miRNA functional: torch.Size([495, 495])
  Disease-gene: torch.Size([383, 383])
  miRNA-sequence: torch.Size([495, 495])
🧬 Building miRNA dual-view hypergraphs...
  📊 miRNA View 1 (Sequence): torch.Size([495, 878])
  📊 miRNA View 2 (Function): torch.Size([495, 878])
🦠 Building disease dual-view hypergraphs...
  📊 Disease View 1 (Gene): torch.Size([383, 878])
  📊 Disease View 2 (Semantic): torch.Size([383, 878])
✅ Successfully built TRUE DUAL VIEWS:
   🧬 miRNA: Sequence Features (m_ss.xlsx) vs Functional Similarity (mi_fun_sim_2.0.csv)
   🦠 Disease: Gene Features (d_gs.xlsx) vs Semantic Similarity (dis_sem_sim_2.0.csv)

🔧 Epoch 1 梯度检查:
================================================================================

  参数名称                              梯度范数         梯度均值 状态             
  ----------------------------------------------------------------------
  type_relations                0.000025     0.000001 ✅ 正常           
  exist_relation                0.000136     0.000010 ✅ 正常           
  mi_proj_layer0                0.878487     0.003160 ✅ 正常           
  dis_proj_layer0               0.710582     0.002562 ✅ 正常           
================================================================================

Epoch 1, Total Loss: 20.0850, Recover Loss: 1.1021, miRNA CL: 8.8078, Disease CL: 8.4308, Inter-view (est): 3.9782, Recon Loss: 1.4457, Time: 0.74s
[INFO] Hypergraph updated at epoch 5
[INFO] Hypergraph updated at epoch 10
[INFO] Hypergraph updated at epoch 15
[INFO] Hypergraph updated at epoch 20
[INFO] Hypergraph updated at epoch 25
[INFO] Hypergraph updated at epoch 30
[INFO] Hypergraph updated at epoch 35
[INFO] Hypergraph updated at epoch 40
[INFO] Hypergraph updated at epoch 45
[INFO] Hypergraph updated at epoch 50

🔧 Epoch 50 梯度检查:
================================================================================

  参数名称                              梯度范数         梯度均值 状态             
  ----------------------------------------------------------------------
  type_relations                0.000017     0.000000 ✅ 正常           
  exist_relation                0.000131     0.000009 ✅ 正常           
  mi_proj_layer0                0.099353     0.000386 ✅ 正常           
  dis_proj_layer0               0.115813     0.000462 ✅ 正常           
================================================================================

Epoch 50, Total Loss: 16.7882, Recover Loss: 0.8912, miRNA CL: 7.9745, Disease CL: 7.5622, Inter-view (est): 3.5854, Recon Loss: 0.0757, Time: 66.02s
[INFO] Hypergraph updated at epoch 100

🔧 Epoch 100 梯度检查:
================================================================================

  参数名称                              梯度范数         梯度均值 状态             
  ----------------------------------------------------------------------
  type_relations                0.000010     0.000000 ✅ 正常           
  exist_relation                0.000125     0.000009 ✅ 正常           
  mi_proj_layer0                0.099800     0.000401 ✅ 正常           
  dis_proj_layer0               0.166500     0.000602 ✅ 正常           
================================================================================

Epoch 100, Total Loss: 15.1712, Recover Loss: 0.8073, miRNA CL: 7.2085, Disease CL: 6.8539, Inter-view (est): 3.2452, Recon Loss: 0.0307, Time: 103.30s
[INFO] Hypergraph updated at epoch 150

🔧 Epoch 150 梯度检查:
================================================================================

  参数名称                              梯度范数         梯度均值 状态             
  ----------------------------------------------------------------------
  type_relations                0.000006     0.000000 ✅ 正常           
  exist_relation                0.000120     0.000008 ✅ 正常           
  mi_proj_layer0                0.068244     0.000289 ✅ 正常           
  dis_proj_layer0               0.068045     0.000281 ✅ 正常           
================================================================================

Epoch 150, Total Loss: 14.3569, Recover Loss: 0.7559, miRNA CL: 6.7959, Disease CL: 6.5143, Inter-view (est): 3.0716, Recon Loss: 0.0295, Time: 138.45s
[INFO] Hypergraph updated at epoch 200

🔧 Epoch 200 梯度检查:
================================================================================

  参数名称                              梯度范数         梯度均值 状态             
  ----------------------------------------------------------------------
  type_relations                0.000004     0.000000 ✅ 正常           
  exist_relation                0.000115     0.000008 ✅ 正常           
  mi_proj_layer0                0.073050     0.000299 ✅ 正常           
  dis_proj_layer0               0.078773     0.000322 ✅ 正常           
================================================================================

Epoch 200, Total Loss: 13.9743, Recover Loss: 0.7288, miRNA CL: 6.6427, Disease CL: 6.3200, Inter-view (est): 2.9914, Recon Loss: 0.0289, Time: 174.95s
[INFO] Hypergraph updated at epoch 250

🔧 Epoch 250 梯度检查:
================================================================================

  参数名称                              梯度范数         梯度均值 状态             
  ----------------------------------------------------------------------
  type_relations                0.000002     0.000000 ✅ 正常           
  exist_relation                0.000111     0.000007 ✅ 正常           
  mi_proj_layer0                0.072094     0.000294 ✅ 正常           
  dis_proj_layer0               0.079484     0.000315 ✅ 正常           
================================================================================

Epoch 250, Total Loss: 13.7556, Recover Loss: 0.7094, miRNA CL: 6.5406, Disease CL: 6.2300, Inter-view (est): 2.9471, Recon Loss: 0.0277, Time: 211.16s
[INFO] Hypergraph updated at epoch 300

🔧 Epoch 300 梯度检查:
================================================================================

  参数名称                              梯度范数         梯度均值 状态             
  ----------------------------------------------------------------------
  type_relations                0.000001     0.000000 ✅ 正常           
  exist_relation                0.000107     0.000007 ✅ 正常           
  mi_proj_layer0                0.057198     0.000241 ✅ 正常           
  dis_proj_layer0               0.053882     0.000224 ✅ 正常           
================================================================================

Epoch 300, Total Loss: 13.6050, Recover Loss: 0.6936, miRNA CL: 6.4723, Disease CL: 6.1692, Inter-view (est): 2.9173, Recon Loss: 0.0271, Time: 247.48s
[INFO] Hypergraph updated at epoch 350

🔧 Epoch 350 梯度检查:
================================================================================
  ⚠️ 警告: type_relations梯度几乎为0 (norm=0.00000083)
     → 类型分类器可能没有学习!

  参数名称                              梯度范数         梯度均值 状态             
  ----------------------------------------------------------------------
  type_relations                0.000001     0.000000 ✅ 正常           
  exist_relation                0.000103     0.000006 ✅ 正常           
  mi_proj_layer0                0.075236     0.000314 ✅ 正常           
  dis_proj_layer0               0.082118     0.000338 ✅ 正常           
================================================================================

Epoch 350, Total Loss: 13.4940, Recover Loss: 0.6869, miRNA CL: 6.4225, Disease CL: 6.1200, Inter-view (est): 2.8944, Recon Loss: 0.0262, Time: 282.81s
[INFO] Hypergraph updated at epoch 400

🔧 Epoch 400 梯度检查:
================================================================================
  ⚠️ 警告: type_relations梯度几乎为0 (norm=0.00000050)
     → 类型分类器可能没有学习!

  参数名称                              梯度范数         梯度均值 状态             
  ----------------------------------------------------------------------
  type_relations                0.000000     0.000000 ✅ 正常           
  exist_relation                0.000100     0.000006 ✅ 正常           
  mi_proj_layer0                0.054314     0.000229 ✅ 正常           
  dis_proj_layer0               0.061930     0.000244 ✅ 正常           
================================================================================

Epoch 400, Total Loss: 13.4020, Recover Loss: 0.6768, miRNA CL: 6.3842, Disease CL: 6.0808, Inter-view (est): 2.8765, Recon Loss: 0.0255, Time: 319.88s
[INFO] Hypergraph updated at epoch 450

🔧 Epoch 450 梯度检查:
================================================================================
  ⚠️ 警告: type_relations梯度几乎为0 (norm=0.00000029)
     → 类型分类器可能没有学习!

  参数名称                              梯度范数         梯度均值 状态             
  ----------------------------------------------------------------------
  type_relations                0.000000     0.000000 ✅ 正常           
  exist_relation                0.000096     0.000006 ✅ 正常           
  mi_proj_layer0                0.068202     0.000288 ✅ 正常           
  dis_proj_layer0               0.081986     0.000335 ✅ 正常           
================================================================================

Epoch 450, Total Loss: 13.3360, Recover Loss: 0.6787, miRNA CL: 6.3535, Disease CL: 6.0481, Inter-view (est): 2.8619, Recon Loss: 0.0244, Time: 355.30s
[INFO] Hypergraph updated at epoch 500

🔧 Epoch 500 梯度检查:
================================================================================
  ⚠️ 警告: type_relations梯度几乎为0 (norm=0.00000017)
     → 类型分类器可能没有学习!

  参数名称                              梯度范数         梯度均值 状态             
  ----------------------------------------------------------------------
  type_relations                0.000000     0.000000 ✅ 正常           
  exist_relation                0.000093     0.000006 ✅ 正常           
  mi_proj_layer0                0.049764     0.000208 ✅ 正常           
  dis_proj_layer0               0.052675     0.000218 ✅ 正常           
================================================================================

Epoch 500, Total Loss: 13.2650, Recover Loss: 0.6629, miRNA CL: 6.3283, Disease CL: 6.0219, Inter-view (est): 2.8501, Recon Loss: 0.0238, Time: 392.09s
[INFO] Hypergraph updated at epoch 550

🔧 Epoch 550 梯度检查:
================================================================================
  ⚠️ 警告: type_relations梯度几乎为0 (norm=0.00000009)
     → 类型分类器可能没有学习!

  参数名称                              梯度范数         梯度均值 状态             
  ----------------------------------------------------------------------
  type_relations                0.000000     0.000000 ❌ 过小           
  exist_relation                0.000090     0.000005 ✅ 正常           
  mi_proj_layer0                0.050776     0.000212 ✅ 正常           
  dis_proj_layer0               0.049111     0.000202 ✅ 正常           
================================================================================

Epoch 550, Total Loss: 13.2152, Recover Loss: 0.6586, miRNA CL: 6.3072, Disease CL: 6.0007, Inter-view (est): 2.8403, Recon Loss: 0.0237, Time: 428.53s
[INFO] Hypergraph updated at epoch 600

🔧 Epoch 600 梯度检查:
================================================================================
  ⚠️ 警告: type_relations梯度几乎为0 (norm=0.00000005)
     → 类型分类器可能没有学习!

  参数名称                              梯度范数         梯度均值 状态             
  ----------------------------------------------------------------------
  type_relations                0.000000     0.000000 ❌ 过小           
  exist_relation                0.000087     0.000005 ✅ 正常           
  mi_proj_layer0                0.045979     0.000193 ✅ 正常           
  dis_proj_layer0               0.055190     0.000213 ✅ 正常           
================================================================================

Epoch 600, Total Loss: 13.1742, Recover Loss: 0.6573, miRNA CL: 6.2896, Disease CL: 5.9820, Inter-view (est): 2.8319, Recon Loss: 0.0230, Time: 465.05s
[INFO] Hypergraph updated at epoch 650

🔧 Epoch 650 梯度检查:
================================================================================
  ⚠️ 警告: type_relations梯度几乎为0 (norm=0.00000003)
     → 类型分类器可能没有学习!

  参数名称                              梯度范数         梯度均值 状态             
  ----------------------------------------------------------------------
  type_relations                0.000000     0.000000 ❌ 过小           
  exist_relation                0.000084     0.000005 ✅ 正常           
  mi_proj_layer0                0.050277     0.000203 ✅ 正常           
  dis_proj_layer0               0.044262     0.000182 ✅ 正常           
================================================================================

Epoch 650, Total Loss: 13.1353, Recover Loss: 0.6536, miRNA CL: 6.2749, Disease CL: 5.9642, Inter-view (est): 2.8244, Recon Loss: 0.0228, Time: 501.94s

================================================================================
Training completed. Running final test...
================================================================================
Fold 3 completed - AUC: 0.9376, Top-1 F1: 0.6247
Fold 3 training time: 502.48 seconds
=== Cross Validation Fold 4/5 ===
Using hidden dimensions: [256, 256] with 4 attention heads
优化模型初始化: miRNA数量 = 495, 疾病数量 = 383
   节点维度: 256 → 128
   类型数量: 4
   Temperature: 2.0 (可学习)
   Loss mode: two_head
   loss_mode=two_head
   exist_weight=0.300, type_weight=0.700

✅ SimplifiedMultiTypeAssociationLoss 初始化 (改进版)
   类别权重 (beta=0.99999): ['0.780', '1.822', '0.977', '0.421']
Original positive index shape: torch.Size([1199, 2])
Original negative index shape: torch.Size([150470, 2])
采样后负样本数量: 11990
[B4 leakage_free] Masked 299 test-positive entries khỏi input association matrix trước khi dựng hypergraph. (P7 verify: 0/299 test cell còn khác 0)
🎯 Building TRUE DUAL VIEWS from four different sources...
📊 Data sources loaded:
  Disease semantic: torch.Size([383, 383])
  miRNA functional: torch.Size([495, 495])
  Disease-gene: torch.Size([383, 383])
  miRNA-sequence: torch.Size([495, 495])
🧬 Building miRNA dual-view hypergraphs...
  📊 miRNA View 1 (Sequence): torch.Size([495, 878])
  📊 miRNA View 2 (Function): torch.Size([495, 878])
🦠 Building disease dual-view hypergraphs...
  📊 Disease View 1 (Gene): torch.Size([383, 878])
  📊 Disease View 2 (Semantic): torch.Size([383, 878])
✅ Successfully built TRUE DUAL VIEWS:
   🧬 miRNA: Sequence Features (m_ss.xlsx) vs Functional Similarity (mi_fun_sim_2.0.csv)
   🦠 Disease: Gene Features (d_gs.xlsx) vs Semantic Similarity (dis_sem_sim_2.0.csv)

🔧 Epoch 1 梯度检查:
================================================================================

  参数名称                              梯度范数         梯度均值 状态             
  ----------------------------------------------------------------------
  type_relations                0.000025     0.000001 ✅ 正常           
  exist_relation                0.000139     0.000010 ✅ 正常           
  mi_proj_layer0                1.736516     0.006224 ✅ 正常           
  dis_proj_layer0               1.340082     0.005139 ✅ 正常           
================================================================================

Epoch 1, Total Loss: 20.2057, Recover Loss: 1.1816, miRNA CL: 8.8105, Disease CL: 8.4430, Inter-view (est): 3.9816, Recon Loss: 1.4719, Time: 0.69s
[INFO] Hypergraph updated at epoch 5
[INFO] Hypergraph updated at epoch 10
[INFO] Hypergraph updated at epoch 15
[INFO] Hypergraph updated at epoch 20
[INFO] Hypergraph updated at epoch 25
[INFO] Hypergraph updated at epoch 30
[INFO] Hypergraph updated at epoch 35
[INFO] Hypergraph updated at epoch 40
[INFO] Hypergraph updated at epoch 45
[INFO] Hypergraph updated at epoch 50

🔧 Epoch 50 梯度检查:
================================================================================

  参数名称                              梯度范数         梯度均值 状态             
  ----------------------------------------------------------------------
  type_relations                0.000017     0.000000 ✅ 正常           
  exist_relation                0.000134     0.000009 ✅ 正常           
  mi_proj_layer0                0.092294     0.000367 ✅ 正常           
  dis_proj_layer0               0.110855     0.000434 ✅ 正常           
================================================================================

Epoch 50, Total Loss: 16.8126, Recover Loss: 0.9047, miRNA CL: 7.9563, Disease CL: 7.5717, Inter-view (est): 3.5834, Recon Loss: 0.0948, Time: 68.44s
[INFO] Hypergraph updated at epoch 100

🔧 Epoch 100 梯度检查:
================================================================================

  参数名称                              梯度范数         梯度均值 状态             
  ----------------------------------------------------------------------
  type_relations                0.000010     0.000000 ✅ 正常           
  exist_relation                0.000128     0.000009 ✅ 正常           
  mi_proj_layer0                0.078998     0.000327 ✅ 正常           
  dis_proj_layer0               0.090291     0.000368 ✅ 正常           
================================================================================

Epoch 100, Total Loss: 15.1012, Recover Loss: 0.8164, miRNA CL: 7.1431, Disease CL: 6.8371, Inter-view (est): 3.2262, Recon Loss: 0.0327, Time: 104.42s
[INFO] Hypergraph updated at epoch 150

🔧 Epoch 150 梯度检查:
================================================================================

  参数名称                              梯度范数         梯度均值 状态             
  ----------------------------------------------------------------------
  type_relations                0.000006     0.000000 ✅ 正常           
  exist_relation                0.000123     0.000008 ✅ 正常           
  mi_proj_layer0                0.065580     0.000277 ✅ 正常           
  dis_proj_layer0               0.074951     0.000306 ✅ 正常           
================================================================================

Epoch 150, Total Loss: 14.2683, Recover Loss: 0.7679, miRNA CL: 6.7474, Disease CL: 6.4609, Inter-view (est): 3.0481, Recon Loss: 0.0297, Time: 141.32s
[INFO] Hypergraph updated at epoch 200

🔧 Epoch 200 梯度检查:
================================================================================

  参数名称                              梯度范数         梯度均值 状态             
  ----------------------------------------------------------------------
  type_relations                0.000004     0.000000 ✅ 正常           
  exist_relation                0.000119     0.000008 ✅ 正常           
  mi_proj_layer0                0.071369     0.000302 ✅ 正常           
  dis_proj_layer0               0.073514     0.000300 ✅ 正常           
================================================================================

Epoch 200, Total Loss: 13.9377, Recover Loss: 0.7369, miRNA CL: 6.6106, Disease CL: 6.3064, Inter-view (est): 2.9808, Recon Loss: 0.0289, Time: 176.41s
[INFO] Hypergraph updated at epoch 250

🔧 Epoch 250 梯度检查:
================================================================================

  参数名称                              梯度范数         梯度均值 状态             
  ----------------------------------------------------------------------
  type_relations                0.000002     0.000000 ✅ 正常           
  exist_relation                0.000114     0.000007 ✅ 正常           
  mi_proj_layer0                0.056815     0.000242 ✅ 正常           
  dis_proj_layer0               0.059648     0.000251 ✅ 正常           
================================================================================

Epoch 250, Total Loss: 13.7291, Recover Loss: 0.7106, miRNA CL: 6.5188, Disease CL: 6.2229, Inter-view (est): 2.9404, Recon Loss: 0.0278, Time: 213.61s
[INFO] Hypergraph updated at epoch 300

🔧 Epoch 300 梯度检查:
================================================================================

  参数名称                              梯度范数         梯度均值 状态             
  ----------------------------------------------------------------------
  type_relations                0.000002     0.000000 ✅ 正常           
  exist_relation                0.000110     0.000007 ✅ 正常           
  mi_proj_layer0                0.050821     0.000216 ✅ 正常           
  dis_proj_layer0               0.049622     0.000208 ✅ 正常           
================================================================================

Epoch 300, Total Loss: 13.5878, Recover Loss: 0.6956, miRNA CL: 6.4568, Disease CL: 6.1641, Inter-view (est): 2.9125, Recon Loss: 0.0274, Time: 248.63s
[INFO] Hypergraph updated at epoch 350

🔧 Epoch 350 梯度检查:
================================================================================

  参数名称                              梯度范数         梯度均值 状态             
  ----------------------------------------------------------------------
  type_relations                0.000001     0.000000 ✅ 正常           
  exist_relation                0.000107     0.000007 ✅ 正常           
  mi_proj_layer0                0.053298     0.000227 ✅ 正常           
  dis_proj_layer0               0.061773     0.000252 ✅ 正常           
================================================================================

Epoch 350, Total Loss: 13.4776, Recover Loss: 0.6871, miRNA CL: 6.4114, Disease CL: 6.1133, Inter-view (est): 2.8903, Recon Loss: 0.0262, Time: 285.58s
[INFO] Hypergraph updated at epoch 400

🔧 Epoch 400 梯度检查:
================================================================================
  ⚠️ 警告: type_relations梯度几乎为0 (norm=0.00000070)
     → 类型分类器可能没有学习!

  参数名称                              梯度范数         梯度均值 状态             
  ----------------------------------------------------------------------
  type_relations                0.000001     0.000000 ✅ 正常           
  exist_relation                0.000103     0.000006 ✅ 正常           
  mi_proj_layer0                0.053366     0.000226 ✅ 正常           
  dis_proj_layer0               0.051501     0.000214 ✅ 正常           
================================================================================

Epoch 400, Total Loss: 13.3928, Recover Loss: 0.6788, miRNA CL: 6.3763, Disease CL: 6.0766, Inter-view (est): 2.8738, Recon Loss: 0.0252, Time: 323.24s
[INFO] Hypergraph updated at epoch 450

🔧 Epoch 450 梯度检查:
================================================================================
  ⚠️ 警告: type_relations梯度几乎为0 (norm=0.00000046)
     → 类型分类器可能没有学习!

  参数名称                              梯度范数         梯度均值 状态             
  ----------------------------------------------------------------------
  type_relations                0.000000     0.000000 ✅ 正常           
  exist_relation                0.000099     0.000006 ✅ 正常           
  mi_proj_layer0                0.060175     0.000253 ✅ 正常           
  dis_proj_layer0               0.053694     0.000224 ✅ 正常           
================================================================================

Epoch 450, Total Loss: 13.3288, Recover Loss: 0.6741, miRNA CL: 6.3485, Disease CL: 6.0489, Inter-view (est): 2.8609, Recon Loss: 0.0250, Time: 359.40s
[INFO] Hypergraph updated at epoch 500

🔧 Epoch 500 梯度检查:
================================================================================
  ⚠️ 警告: type_relations梯度几乎为0 (norm=0.00000030)
     → 类型分类器可能没有学习!

  参数名称                              梯度范数         梯度均值 状态             
  ----------------------------------------------------------------------
  type_relations                0.000000     0.000000 ✅ 正常           
  exist_relation                0.000096     0.000006 ✅ 正常           
  mi_proj_layer0                0.046264     0.000198 ✅ 正常           
  dis_proj_layer0               0.044432     0.000187 ✅ 正常           
================================================================================

Epoch 500, Total Loss: 13.2691, Recover Loss: 0.6640, miRNA CL: 6.3259, Disease CL: 6.0258, Inter-view (est): 2.8504, Recon Loss: 0.0242, Time: 395.06s
[INFO] Hypergraph updated at epoch 550

🔧 Epoch 550 梯度检查:
================================================================================
  ⚠️ 警告: type_relations梯度几乎为0 (norm=0.00000019)
     → 类型分类器可能没有学习!

  参数名称                              梯度范数         梯度均值 状态             
  ----------------------------------------------------------------------
  type_relations                0.000000     0.000000 ✅ 正常           
  exist_relation                0.000093     0.000005 ✅ 正常           
  mi_proj_layer0                0.044624     0.000188 ✅ 正常           
  dis_proj_layer0               0.039770     0.000168 ✅ 正常           
================================================================================

Epoch 550, Total Loss: 13.2226, Recover Loss: 0.6602, miRNA CL: 6.3071, Disease CL: 6.0050, Inter-view (est): 2.8413, Recon Loss: 0.0239, Time: 432.04s
[INFO] Hypergraph updated at epoch 600

🔧 Epoch 600 梯度检查:
================================================================================
  ⚠️ 警告: type_relations梯度几乎为0 (norm=0.00000012)
     → 类型分类器可能没有学习!

  参数名称                              梯度范数         梯度均值 状态             
  ----------------------------------------------------------------------
  type_relations                0.000000     0.000000 ✅ 正常           
  exist_relation                0.000090     0.000005 ✅ 正常           
  mi_proj_layer0                0.048582     0.000204 ✅ 正常           
  dis_proj_layer0               0.045276     0.000183 ✅ 正常           
================================================================================

Epoch 600, Total Loss: 13.1804, Recover Loss: 0.6578, miRNA CL: 6.2912, Disease CL: 5.9851, Inter-view (est): 2.8330, Recon Loss: 0.0227, Time: 469.00s
[INFO] Hypergraph updated at epoch 650

🔧 Epoch 650 梯度检查:
================================================================================
  ⚠️ 警告: type_relations梯度几乎为0 (norm=0.00000008)
     → 类型分类器可能没有学习!

  参数名称                              梯度范数         梯度均值 状态             
  ----------------------------------------------------------------------
  type_relations                0.000000     0.000000 ❌ 过小           
  exist_relation                0.000087     0.000005 ✅ 正常           
  mi_proj_layer0                0.045791     0.000191 ✅ 正常           
  dis_proj_layer0               0.041746     0.000176 ✅ 正常           
================================================================================

Epoch 650, Total Loss: 13.1462, Recover Loss: 0.6573, miRNA CL: 6.2775, Disease CL: 5.9685, Inter-view (est): 2.8260, Recon Loss: 0.0219, Time: 505.94s

================================================================================
Training completed. Running final test...
================================================================================
Fold 4 completed - AUC: 0.9393, Top-1 F1: 0.6323
Fold 4 training time: 506.48 seconds
=== Cross Validation Fold 5/5 ===
Using hidden dimensions: [256, 256] with 4 attention heads
优化模型初始化: miRNA数量 = 495, 疾病数量 = 383
   节点维度: 256 → 128
   类型数量: 4
   Temperature: 2.0 (可学习)
   Loss mode: two_head
   loss_mode=two_head
   exist_weight=0.300, type_weight=0.700

✅ SimplifiedMultiTypeAssociationLoss 初始化 (改进版)
   类别权重 (beta=0.99999): ['0.780', '1.822', '0.977', '0.421']
Original positive index shape: torch.Size([1199, 2])
Original negative index shape: torch.Size([150470, 2])
采样后负样本数量: 11990
[B4 leakage_free] Masked 299 test-positive entries khỏi input association matrix trước khi dựng hypergraph. (P7 verify: 0/299 test cell còn khác 0)
🎯 Building TRUE DUAL VIEWS from four different sources...
📊 Data sources loaded:
  Disease semantic: torch.Size([383, 383])
  miRNA functional: torch.Size([495, 495])
  Disease-gene: torch.Size([383, 383])
  miRNA-sequence: torch.Size([495, 495])
🧬 Building miRNA dual-view hypergraphs...
  📊 miRNA View 1 (Sequence): torch.Size([495, 878])
  📊 miRNA View 2 (Function): torch.Size([495, 878])
🦠 Building disease dual-view hypergraphs...
  📊 Disease View 1 (Gene): torch.Size([383, 878])
  📊 Disease View 2 (Semantic): torch.Size([383, 878])
✅ Successfully built TRUE DUAL VIEWS:
   🧬 miRNA: Sequence Features (m_ss.xlsx) vs Functional Similarity (mi_fun_sim_2.0.csv)
   🦠 Disease: Gene Features (d_gs.xlsx) vs Semantic Similarity (dis_sem_sim_2.0.csv)

🔧 Epoch 1 梯度检查:
================================================================================

  参数名称                              梯度范数         梯度均值 状态             
  ----------------------------------------------------------------------
  type_relations                0.000025     0.000001 ✅ 正常           
  exist_relation                0.000139     0.000009 ✅ 正常           
  mi_proj_layer0                1.442928     0.005384 ✅ 正常           
  dis_proj_layer0               1.672321     0.006127 ✅ 正常           
================================================================================

Epoch 1, Total Loss: 20.1331, Recover Loss: 1.1928, miRNA CL: 8.7416, Disease CL: 8.4249, Inter-view (est): 3.9615, Recon Loss: 1.4751, Time: 0.70s
[INFO] Hypergraph updated at epoch 5
[INFO] Hypergraph updated at epoch 10
[INFO] Hypergraph updated at epoch 15
[INFO] Hypergraph updated at epoch 20
[INFO] Hypergraph updated at epoch 25
[INFO] Hypergraph updated at epoch 30
[INFO] Hypergraph updated at epoch 35
[INFO] Hypergraph updated at epoch 40
[INFO] Hypergraph updated at epoch 45
[INFO] Hypergraph updated at epoch 50

🔧 Epoch 50 梯度检查:
================================================================================

  参数名称                              梯度范数         梯度均值 状态             
  ----------------------------------------------------------------------
  type_relations                0.000017     0.000000 ✅ 正常           
  exist_relation                0.000135     0.000009 ✅ 正常           
  mi_proj_layer0                0.095872     0.000366 ✅ 正常           
  dis_proj_layer0               0.118320     0.000470 ✅ 正常           
================================================================================

Epoch 50, Total Loss: 16.9349, Recover Loss: 0.9068, miRNA CL: 7.9675, Disease CL: 7.6769, Inter-view (est): 3.6102, Recon Loss: 0.0985, Time: 69.92s
[INFO] Hypergraph updated at epoch 100

🔧 Epoch 100 梯度检查:
================================================================================

  参数名称                              梯度范数         梯度均值 状态             
  ----------------------------------------------------------------------
  type_relations                0.000010     0.000000 ✅ 正常           
  exist_relation                0.000129     0.000008 ✅ 正常           
  mi_proj_layer0                0.077715     0.000297 ✅ 正常           
  dis_proj_layer0               0.103800     0.000408 ✅ 正常           
================================================================================

Epoch 100, Total Loss: 15.1517, Recover Loss: 0.8129, miRNA CL: 7.0837, Disease CL: 6.9511, Inter-view (est): 3.2388, Recon Loss: 0.0323, Time: 106.09s
[INFO] Hypergraph updated at epoch 150

🔧 Epoch 150 梯度检查:
================================================================================

  参数名称                              梯度范数         梯度均值 状态             
  ----------------------------------------------------------------------
  type_relations                0.000006     0.000000 ✅ 正常           
  exist_relation                0.000124     0.000008 ✅ 正常           
  mi_proj_layer0                0.059429     0.000249 ✅ 正常           
  dis_proj_layer0               0.073978     0.000305 ✅ 正常           
================================================================================

Epoch 150, Total Loss: 14.3321, Recover Loss: 0.7575, miRNA CL: 6.7436, Disease CL: 6.5386, Inter-view (est): 3.0651, Recon Loss: 0.0307, Time: 141.89s
[INFO] Hypergraph updated at epoch 200

🔧 Epoch 200 梯度检查:
================================================================================

  参数名称                              梯度范数         梯度均值 状态             
  ----------------------------------------------------------------------
  type_relations                0.000004     0.000000 ✅ 正常           
  exist_relation                0.000120     0.000007 ✅ 正常           
  mi_proj_layer0                0.063336     0.000266 ✅ 正常           
  dis_proj_layer0               0.080977     0.000324 ✅ 正常           
================================================================================

Epoch 200, Total Loss: 13.9827, Recover Loss: 0.7284, miRNA CL: 6.6161, Disease CL: 6.3551, Inter-view (est): 2.9934, Recon Loss: 0.0289, Time: 177.49s
[INFO] Hypergraph updated at epoch 250

🔧 Epoch 250 梯度检查:
================================================================================

  参数名称                              梯度范数         梯度均值 状态             
  ----------------------------------------------------------------------
  type_relations                0.000003     0.000000 ✅ 正常           
  exist_relation                0.000116     0.000007 ✅ 正常           
  mi_proj_layer0                0.064308     0.000269 ✅ 正常           
  dis_proj_layer0               0.068898     0.000278 ✅ 正常           
================================================================================

Epoch 250, Total Loss: 13.7593, Recover Loss: 0.7115, miRNA CL: 6.5279, Disease CL: 6.2442, Inter-view (est): 2.9474, Recon Loss: 0.0277, Time: 214.46s
[INFO] Hypergraph updated at epoch 300

🔧 Epoch 300 梯度检查:
================================================================================

  参数名称                              梯度范数         梯度均值 状态             
  ----------------------------------------------------------------------
  type_relations                0.000002     0.000000 ✅ 正常           
  exist_relation                0.000112     0.000007 ✅ 正常           
  mi_proj_layer0                0.054482     0.000227 ✅ 正常           
  dis_proj_layer0               0.052629     0.000222 ✅ 正常           
================================================================================

Epoch 300, Total Loss: 13.6048, Recover Loss: 0.6975, miRNA CL: 6.4645, Disease CL: 6.1723, Inter-view (est): 2.9162, Recon Loss: 0.0276, Time: 250.09s
[INFO] Hypergraph updated at epoch 350

🔧 Epoch 350 梯度检查:
================================================================================

  参数名称                              梯度范数         梯度均值 状态             
  ----------------------------------------------------------------------
  type_relations                0.000001     0.000000 ✅ 正常           
  exist_relation                0.000108     0.000006 ✅ 正常           
  mi_proj_layer0                0.054306     0.000229 ✅ 正常           
  dis_proj_layer0               0.051574     0.000211 ✅ 正常           
================================================================================

Epoch 350, Total Loss: 13.4876, Recover Loss: 0.6870, miRNA CL: 6.4162, Disease CL: 6.1198, Inter-view (est): 2.8929, Recon Loss: 0.0262, Time: 287.50s
[INFO] Hypergraph updated at epoch 400

🔧 Epoch 400 梯度检查:
================================================================================
  ⚠️ 警告: type_relations梯度几乎为0 (norm=0.00000070)
     → 类型分类器可能没有学习!

  参数名称                              梯度范数         梯度均值 状态             
  ----------------------------------------------------------------------
  type_relations                0.000001     0.000000 ✅ 正常           
  exist_relation                0.000105     0.000006 ✅ 正常           
  mi_proj_layer0                0.056062     0.000238 ✅ 正常           
  dis_proj_layer0               0.056787     0.000235 ✅ 正常           
================================================================================

Epoch 400, Total Loss: 13.4061, Recover Loss: 0.6846, miRNA CL: 6.3788, Disease CL: 6.0822, Inter-view (est): 2.8756, Recon Loss: 0.0260, Time: 323.41s
[INFO] Hypergraph updated at epoch 450

🔧 Epoch 450 梯度检查:
================================================================================
  ⚠️ 警告: type_relations梯度几乎为0 (norm=0.00000044)
     → 类型分类器可能没有学习!

  参数名称                              梯度范数         梯度均值 状态             
  ----------------------------------------------------------------------
  type_relations                0.000000     0.000000 ✅ 正常           
  exist_relation                0.000101     0.000006 ✅ 正常           
  mi_proj_layer0                0.044982     0.000191 ✅ 正常           
  dis_proj_layer0               0.052667     0.000220 ✅ 正常           
================================================================================

Epoch 450, Total Loss: 13.3324, Recover Loss: 0.6739, miRNA CL: 6.3496, Disease CL: 6.0531, Inter-view (est): 2.8622, Recon Loss: 0.0249, Time: 360.03s
[INFO] Hypergraph updated at epoch 500

🔧 Epoch 500 梯度检查:
================================================================================
  ⚠️ 警告: type_relations梯度几乎为0 (norm=0.00000027)
     → 类型分类器可能没有学习!

  参数名称                              梯度范数         梯度均值 状态             
  ----------------------------------------------------------------------
  type_relations                0.000000     0.000000 ✅ 正常           
  exist_relation                0.000098     0.000005 ✅ 正常           
  mi_proj_layer0                0.048590     0.000205 ✅ 正常           
  dis_proj_layer0               0.062195     0.000248 ✅ 正常           
================================================================================

Epoch 500, Total Loss: 13.2786, Recover Loss: 0.6724, miRNA CL: 6.3256, Disease CL: 6.0284, Inter-view (est): 2.8509, Recon Loss: 0.0246, Time: 396.66s
[INFO] Hypergraph updated at epoch 550

🔧 Epoch 550 梯度检查:
================================================================================
  ⚠️ 警告: type_relations梯度几乎为0 (norm=0.00000017)
     → 类型分类器可能没有学习!

  参数名称                              梯度范数         梯度均值 状态             
  ----------------------------------------------------------------------
  type_relations                0.000000     0.000000 ✅ 正常           
  exist_relation                0.000095     0.000005 ✅ 正常           
  mi_proj_layer0                0.058439     0.000242 ✅ 正常           
  dis_proj_layer0               0.059767     0.000236 ✅ 正常           
================================================================================

Epoch 550, Total Loss: 13.2318, Recover Loss: 0.6691, miRNA CL: 6.3060, Disease CL: 6.0073, Inter-view (est): 2.8415, Recon Loss: 0.0248, Time: 432.61s
[INFO] Hypergraph updated at epoch 600

🔧 Epoch 600 梯度检查:
================================================================================
  ⚠️ 警告: type_relations梯度几乎为0 (norm=0.00000010)
     → 类型分类器可能没有学习!

  参数名称                              梯度范数         梯度均值 状态             
  ----------------------------------------------------------------------
  type_relations                0.000000     0.000000 ❌ 过小           
  exist_relation                0.000092     0.000005 ✅ 正常           
  mi_proj_layer0                0.031392     0.000133 ✅ 正常           
  dis_proj_layer0               0.029194     0.000122 ✅ 正常           
================================================================================

Epoch 600, Total Loss: 13.1834, Recover Loss: 0.6614, miRNA CL: 6.2893, Disease CL: 5.9884, Inter-view (est): 2.8333, Recon Loss: 0.0225, Time: 469.25s
[INFO] Hypergraph updated at epoch 650

🔧 Epoch 650 梯度检查:
================================================================================
  ⚠️ 警告: type_relations梯度几乎为0 (norm=0.00000006)
     → 类型分类器可能没有学习!

  参数名称                              梯度范数         梯度均值 状态             
  ----------------------------------------------------------------------
  type_relations                0.000000     0.000000 ❌ 过小           
  exist_relation                0.000090     0.000005 ✅ 正常           
  mi_proj_layer0                0.062227     0.000253 ✅ 正常           
  dis_proj_layer0               0.066009     0.000263 ✅ 正常           
================================================================================

Epoch 650, Total Loss: 13.1540, Recover Loss: 0.6654, miRNA CL: 6.2747, Disease CL: 5.9717, Inter-view (est): 2.8261, Recon Loss: 0.0231, Time: 505.50s

================================================================================
Training completed. Running final test...
================================================================================
Fold 5 completed - AUC: 0.9324, Top-1 F1: 0.6238
Fold 5 training time: 506.01 seconds
Average binary metrics across folds: [[0.93644562 0.93675085 0.87215549 0.8687019  0.89437369 0.8430301
  0.8525263 ]]
🎯 Average Top-1 metrics across folds: {'top1_precision': 0.6008249721293201, 'top1_recall': np.float64(0.6386024376968058), 'top1_f1': np.float64(0.6188992463764216)}

📊 CV_type Style Metrics Details:
  AUC            : 0.9364
  AUPR           : 0.9368
  F1             : 0.8722
  Accuracy       : 0.8687
  Recall         : 0.8944
  Specificity    : 0.8430
  Precision      : 0.8525

🎯 Top-1 Metrics Details:
  top1_precision : 0.6008
  top1_recall    : 0.6386
  top1_f1        : 0.6189

Total execution time: 2504.11 seconds

==========================================================================================
🎯 FINAL COMPREHENSIVE RESULTS WITH TOP-1 METRICS
==========================================================================================
📊 Binary Classification Metrics (Original):
  AUC: 0.9364
  AUPR: 0.9368
  F1: 0.8722
  Accuracy: 0.8687
  Recall: 0.8944
  Specificity: 0.8430
  Precision: 0.8525

🎯 CV_type Style Metrics (Enhanced):
  AUC: 0.9364
  AUPR: 0.9368
  F1: 0.8722
  Accuracy: 0.8687
  Recall: 0.8944
  Specificity: 0.8430
  Precision: 0.8525

🏆 Top-1 Metrics (NEW):
  Top-1 Precision: 0.6008
  Top-1 Recall: 0.6386
  Top-1 F1: 0.6189
==========================================================================================
