[CPU] torch.set_num_threads(10), interop=min(4, 10)
Using device: cpu
[INFO] Auto-computed BALANCED class weights (to prevent class collapse):
  Circulation  (  367 samples): 0.780
  Epigenetics  (  157 samples): 1.823
  Target       (  293 samples): 0.977
  Genetics     (  681 samples): 0.420
  [NOTE] Higher weights for minority classes to prevent model from only predicting majority class
[INFO] Using v2.0_495m383D dataset:
  miRNAs: 495
  Diseases: 383
  Expected associations: ~1498
  Types: 4 (Circulation, Epigenetics, Target, Genetics)

================================================================================
Configuration Summary
================================================================================
Dataset: v2.0_495m383D
Data Path: ./
Model: HeterogenousGraphCLAMIR
  - HGT Layers: 2
  - Attention Heads: 4
  - Association Types: 4
  - Inter-view CL: Enabled
    - Weight: 0.3
    - Temperature: 0.5
    - Margin: 0.5

Training:
  - Epochs: 650
  - Learning Rate: 0.0001
  - Dropout: 0.3
  - Weight Decay: 5e-05
  - Focal Loss: Enabled

Evaluation:
  - Cross-Validation Folds: 5
  - Primary Metric: AUPR

Device: cpu
Random Seed: 42
================================================================================

[SEED] Re-seeded với args.seed = 42
[P10 deterministic] torch.use_deterministic_algorithms(True, warn_only=True) đã bật.
[P10 manifest] Ghi provenance → results/manifests\manifest_v2.0_495m383D_seed42_20260724_041043.json  (leakage_free=True, cv_scheme=full)
🚀 Running with comprehensive evaluation including Top-1 metrics...
🎯 Loading dual-view data...
Starting dual-view data preparation with new file format...
Loading all similarity and feature files from v2.0_495m383D...
✅ Loaded disease semantic similarity from D_SSM1.txt: (383, 383)
✅ Loaded miRNA functional similarity from M_FSM.txt: (495, 495)
✅ Loaded multi-type association pairs from ./v2.0_495m383D\multi_all_mirna_disease_pairs_without_negative.csv: (1679, 3)
✅ Created multi-type association matrix: (495, 383)
📊 Multi-type Association Statistics:
   无关联 (No association): 188087 pairs (99.21%)
   循环类型 (Circulation): 367 pairs (0.19%)
   表观遗传学 (Epigenetics): 157 pairs (0.08%)
   靶标类型 (Target): 293 pairs (0.15%)
   遗传学类型 (Genetics): 681 pairs (0.36%)
✅ Created association matrix from CSV: (495, 383)
✅ Loaded disease-gene features from D_SSM2.txt: torch.Size([383, 383])
✅ [B4] Loaded REAL miRNA-sequence similarity from v2.0_495m383D/M_SEQ.txt: torch.Size([495, 495]) (thay GIP M_GSM cho View 1)
Processing integrated similarity matrices...
Loaded similarity matrices from cache
Processing indices...
Loaded indices from cache (seed=42)
✅ Dual-view data preparation completed in 0.43 seconds

============================================================
🎯 DUAL-VIEW CONFIGURATION SUMMARY (v2.0_495m383D)
============================================================
miRNA Dual Views:
  📊 View 1 (Sequence): M_GSM.txt torch.Size([495, 495])
  📊 View 2 (Function): M_FSM.txt torch.Size([495, 495])

Disease Dual Views:
  📊 View 1 (Gene): D_SSM2.txt torch.Size([383, 383])
  📊 View 2 (Semantic): D_SSM1.txt torch.Size([383, 383])

Association Matrix: torch.Size([495, 383])
Data source: v2.0_495m383D (495 miRNAs × 383 Diseases)
============================================================
Preloading dual-view data to device...
✅ Loaded disease-gene features to device: torch.Size([383, 383])
✅ Loaded miRNA-sequence features to device: torch.Size([495, 495])
✅ Loaded disease semantic similarity to device: torch.Size([383, 383])
✅ Loaded miRNA functional similarity to device: torch.Size([495, 495])
✅ Dual-view data preloading completed in 0.00 seconds
OptimizedDataset initialized with 5 folds
Using device: cpu
=== Cross Validation Fold 1/5 ===
Using hidden dimensions: [256, 256] with 4 attention heads
优化模型初始化: miRNA数量 = 495, 疾病数量 = 383
   节点维度: 256 → 128
   类型数量: 4
   Temperature: 2.0 (可学习)
   Loss mode: two_head
   loss_mode=two_head
   exist_weight=0.300, type_weight=0.700

✅ SimplifiedMultiTypeAssociationLoss 初始化 (改进版)
   类别权重 (beta=0.99999): ['0.780', '1.822', '0.977', '0.421']
Original positive index shape: torch.Size([1198, 2])
Original negative index shape: torch.Size([150469, 2])
采样后负样本数量: 11980
[B4 leakage_free] Masked 300 test-positive entries khỏi input association matrix trước khi dựng hypergraph. (P7 verify: 0/300 test cell còn khác 0)
🎯 Building TRUE DUAL VIEWS from four different sources...
📊 Data sources loaded:
  Disease semantic: torch.Size([383, 383])
  miRNA functional: torch.Size([495, 495])
  Disease-gene: torch.Size([383, 383])
  miRNA-sequence: torch.Size([495, 495])
🧬 Building miRNA dual-view hypergraphs...
  📊 miRNA View 1 (Sequence): torch.Size([495, 878])
  📊 miRNA View 2 (Function): torch.Size([495, 878])
🦠 Building disease dual-view hypergraphs...
  📊 Disease View 1 (Gene): torch.Size([383, 878])
  📊 Disease View 2 (Semantic): torch.Size([383, 878])
✅ Successfully built TRUE DUAL VIEWS:
   🧬 miRNA: Sequence Features (m_ss.xlsx) vs Functional Similarity (mi_fun_sim_2.0.csv)
   🦠 Disease: Gene Features (d_gs.xlsx) vs Semantic Similarity (dis_sem_sim_2.0.csv)

🔧 Epoch 1 梯度检查:
================================================================================

  参数名称                              梯度范数         梯度均值 状态             
  ----------------------------------------------------------------------
  type_relations                0.000025     0.000001 ✅ 正常           
  exist_relation                0.000146     0.000010 ✅ 正常           
  mi_proj_layer0                0.515916     0.001911 ✅ 正常           
  dis_proj_layer0               0.521500     0.001989 ✅ 正常           
================================================================================

Epoch 1, Total Loss: 20.0848, Recover Loss: 1.0709, miRNA CL: 8.7766, Disease CL: 8.4317, Inter-view (est): 3.9712, Recon Loss: 1.5072, Time: 1.51s
[INFO] Hypergraph updated at epoch 5
[INFO] Hypergraph updated at epoch 10
[INFO] Hypergraph updated at epoch 15
[INFO] Hypergraph updated at epoch 20
[INFO] Hypergraph updated at epoch 25
[INFO] Hypergraph updated at epoch 30
[INFO] Hypergraph updated at epoch 35
[INFO] Hypergraph updated at epoch 40
[INFO] Hypergraph updated at epoch 45
[INFO] Hypergraph updated at epoch 50

🔧 Epoch 50 梯度检查:
================================================================================

  参数名称                              梯度范数         梯度均值 状态             
  ----------------------------------------------------------------------
  type_relations                0.000017     0.000001 ✅ 正常           
  exist_relation                0.000142     0.000010 ✅ 正常           
  mi_proj_layer0                0.116772     0.000457 ✅ 正常           
  dis_proj_layer0               0.120664     0.000478 ✅ 正常           
================================================================================

Epoch 50, Total Loss: 16.9390, Recover Loss: 0.9002, miRNA CL: 7.9537, Disease CL: 7.6840, Inter-view (est): 3.6087, Recon Loss: 0.1158, Time: 78.60s
[INFO] Hypergraph updated at epoch 100

🔧 Epoch 100 梯度检查:
================================================================================

  参数名称                              梯度范数         梯度均值 状态             
  ----------------------------------------------------------------------
  type_relations                0.000010     0.000000 ✅ 正常           
  exist_relation                0.000136     0.000009 ✅ 正常           
  mi_proj_layer0                0.088355     0.000357 ✅ 正常           
  dis_proj_layer0               0.095208     0.000375 ✅ 正常           
================================================================================

Epoch 100, Total Loss: 15.0944, Recover Loss: 0.8047, miRNA CL: 7.1252, Disease CL: 6.8603, Inter-view (est): 3.2274, Recon Loss: 0.0326, Time: 115.87s
[INFO] Hypergraph updated at epoch 150

🔧 Epoch 150 梯度检查:
================================================================================

  参数名称                              梯度范数         梯度均值 状态             
  ----------------------------------------------------------------------
  type_relations                0.000006     0.000000 ✅ 正常           
  exist_relation                0.000131     0.000009 ✅ 正常           
  mi_proj_layer0                0.067827     0.000285 ✅ 正常           
  dis_proj_layer0               0.057964     0.000242 ✅ 正常           
================================================================================

Epoch 150, Total Loss: 14.2690, Recover Loss: 0.7482, miRNA CL: 6.7470, Disease CL: 6.4814, Inter-view (est): 3.0527, Recon Loss: 0.0310, Time: 150.82s
[INFO] Hypergraph updated at epoch 200

🔧 Epoch 200 梯度检查:
================================================================================

  参数名称                              梯度范数         梯度均值 状态             
  ----------------------------------------------------------------------
  type_relations                0.000004     0.000000 ✅ 正常           
  exist_relation                0.000126     0.000008 ✅ 正常           
  mi_proj_layer0                0.086662     0.000345 ✅ 正常           
  dis_proj_layer0               0.067002     0.000273 ✅ 正常           
================================================================================

Epoch 200, Total Loss: 13.9432, Recover Loss: 0.7227, miRNA CL: 6.6113, Disease CL: 6.3266, Inter-view (est): 2.9857, Recon Loss: 0.0289, Time: 187.04s
[INFO] Hypergraph updated at epoch 250

🔧 Epoch 250 梯度检查:
================================================================================

  参数名称                              梯度范数         梯度均值 状态             
  ----------------------------------------------------------------------
  type_relations                0.000002     0.000000 ✅ 正常           
  exist_relation                0.000122     0.000008 ✅ 正常           
  mi_proj_layer0                0.066077     0.000277 ✅ 正常           
  dis_proj_layer0               0.068346     0.000279 ✅ 正常           
================================================================================

Epoch 250, Total Loss: 13.7357, Recover Loss: 0.7026, miRNA CL: 6.5256, Disease CL: 6.2324, Inter-view (est): 2.9442, Recon Loss: 0.0274, Time: 221.97s
[INFO] Hypergraph updated at epoch 300

🔧 Epoch 300 梯度检查:
================================================================================

  参数名称                              梯度范数         梯度均值 状态             
  ----------------------------------------------------------------------
  type_relations                0.000002     0.000000 ✅ 正常           
  exist_relation                0.000118     0.000007 ✅ 正常           
  mi_proj_layer0                0.066858     0.000279 ✅ 正常           
  dis_proj_layer0               0.075879     0.000301 ✅ 正常           
================================================================================

Epoch 300, Total Loss: 13.5917, Recover Loss: 0.6915, miRNA CL: 6.4638, Disease CL: 6.1676, Inter-view (est): 2.9149, Recon Loss: 0.0263, Time: 258.32s
[INFO] Hypergraph updated at epoch 350

🔧 Epoch 350 梯度检查:
================================================================================

  参数名称                              梯度范数         梯度均值 状态             
  ----------------------------------------------------------------------
  type_relations                0.000001     0.000000 ✅ 正常           
  exist_relation                0.000114     0.000007 ✅ 正常           
  mi_proj_layer0                0.050536     0.000214 ✅ 正常           
  dis_proj_layer0               0.063991     0.000262 ✅ 正常           
================================================================================

Epoch 350, Total Loss: 13.4758, Recover Loss: 0.6768, miRNA CL: 6.4166, Disease CL: 6.1186, Inter-view (est): 2.8927, Recon Loss: 0.0257, Time: 293.69s
[INFO] Hypergraph updated at epoch 400

🔧 Epoch 400 梯度检查:
================================================================================
  ⚠️ 警告: type_relations梯度几乎为0 (norm=0.00000069)
     → 类型分类器可能没有学习!

  参数名称                              梯度范数         梯度均值 状态             
  ----------------------------------------------------------------------
  type_relations                0.000001     0.000000 ✅ 正常           
  exist_relation                0.000110     0.000007 ✅ 正常           
  mi_proj_layer0                0.043874     0.000187 ✅ 正常           
  dis_proj_layer0               0.044563     0.000184 ✅ 正常           
================================================================================

Epoch 400, Total Loss: 13.3895, Recover Loss: 0.6683, miRNA CL: 6.3803, Disease CL: 6.0811, Inter-view (est): 2.8757, Recon Loss: 0.0256, Time: 331.00s
[INFO] Hypergraph updated at epoch 450

🔧 Epoch 450 梯度检查:
================================================================================
  ⚠️ 警告: type_relations梯度几乎为0 (norm=0.00000045)
     → 类型分类器可能没有学习!

  参数名称                              梯度范数         梯度均值 状态             
  ----------------------------------------------------------------------
  type_relations                0.000000     0.000000 ✅ 正常           
  exist_relation                0.000107     0.000006 ✅ 正常           
  mi_proj_layer0                0.046385     0.000197 ✅ 正常           
  dis_proj_layer0               0.044890     0.000188 ✅ 正常           
================================================================================

Epoch 450, Total Loss: 13.3204, Recover Loss: 0.6630, miRNA CL: 6.3515, Disease CL: 6.0507, Inter-view (est): 2.8620, Recon Loss: 0.0246, Time: 367.85s
[INFO] Hypergraph updated at epoch 500

🔧 Epoch 500 梯度检查:
================================================================================
  ⚠️ 警告: type_relations梯度几乎为0 (norm=0.00000029)
     → 类型分类器可能没有学习!

  参数名称                              梯度范数         梯度均值 状态             
  ----------------------------------------------------------------------
  type_relations                0.000000     0.000000 ✅ 正常           
  exist_relation                0.000103     0.000006 ✅ 正常           
  mi_proj_layer0                0.041645     0.000176 ✅ 正常           
  dis_proj_layer0               0.044905     0.000183 ✅ 正常           
================================================================================

Epoch 500, Total Loss: 13.2630, Recover Loss: 0.6586, miRNA CL: 6.3278, Disease CL: 6.0250, Inter-view (est): 2.8506, Recon Loss: 0.0242, Time: 404.23s
[INFO] Hypergraph updated at epoch 550

🔧 Epoch 550 梯度检查:
================================================================================
  ⚠️ 警告: type_relations梯度几乎为0 (norm=0.00000018)
     → 类型分类器可能没有学习!

  参数名称                              梯度范数         梯度均值 状态             
  ----------------------------------------------------------------------
  type_relations                0.000000     0.000000 ✅ 正常           
  exist_relation                0.000100     0.000006 ✅ 正常           
  mi_proj_layer0                0.050897     0.000215 ✅ 正常           
  dis_proj_layer0               0.044040     0.000183 ✅ 正常           
================================================================================

Epoch 550, Total Loss: 13.2175, Recover Loss: 0.6569, miRNA CL: 6.3076, Disease CL: 6.0046, Inter-view (est): 2.8413, Recon Loss: 0.0240, Time: 440.10s
[INFO] Hypergraph updated at epoch 600

🔧 Epoch 600 梯度检查:
================================================================================
  ⚠️ 警告: type_relations梯度几乎为0 (norm=0.00000011)
     → 类型分类器可能没有学习!

  参数名称                              梯度范数         梯度均值 状态             
  ----------------------------------------------------------------------
  type_relations                0.000000     0.000000 ✅ 正常           
  exist_relation                0.000097     0.000006 ✅ 正常           
  mi_proj_layer0                0.036522     0.000155 ✅ 正常           
  dis_proj_layer0               0.039313     0.000159 ✅ 正常           
================================================================================

Epoch 600, Total Loss: 13.1763, Recover Loss: 0.6527, miRNA CL: 6.2907, Disease CL: 5.9881, Inter-view (est): 2.8336, Recon Loss: 0.0232, Time: 476.55s
[INFO] Hypergraph updated at epoch 650

🔧 Epoch 650 梯度检查:
================================================================================
  ⚠️ 警告: type_relations梯度几乎为0 (norm=0.00000007)
     → 类型分类器可能没有学习!

  参数名称                              梯度范数         梯度均值 状态             
  ----------------------------------------------------------------------
  type_relations                0.000000     0.000000 ❌ 过小           
  exist_relation                0.000094     0.000005 ✅ 正常           
  mi_proj_layer0                0.051905     0.000216 ✅ 正常           
  dis_proj_layer0               0.054755     0.000219 ✅ 正常           
================================================================================

Epoch 650, Total Loss: 13.1415, Recover Loss: 0.6507, miRNA CL: 6.2759, Disease CL: 5.9736, Inter-view (est): 2.8268, Recon Loss: 0.0226, Time: 512.99s

================================================================================
Training completed. Running final test...
================================================================================
Fold 1 completed - AUC: 0.9425, Top-1 F1: 0.5830
Fold 1 training time: 513.74 seconds
=== Cross Validation Fold 2/5 ===
Using hidden dimensions: [256, 256] with 4 attention heads
优化模型初始化: miRNA数量 = 495, 疾病数量 = 383
   节点维度: 256 → 128
   类型数量: 4
   Temperature: 2.0 (可学习)
   Loss mode: two_head
   loss_mode=two_head
   exist_weight=0.300, type_weight=0.700

✅ SimplifiedMultiTypeAssociationLoss 初始化 (改进版)
   类别权重 (beta=0.99999): ['0.780', '1.822', '0.977', '0.421']
Original positive index shape: torch.Size([1198, 2])
Original negative index shape: torch.Size([150469, 2])
采样后负样本数量: 11980
[B4 leakage_free] Masked 300 test-positive entries khỏi input association matrix trước khi dựng hypergraph. (P7 verify: 0/300 test cell còn khác 0)
🎯 Building TRUE DUAL VIEWS from four different sources...
📊 Data sources loaded:
  Disease semantic: torch.Size([383, 383])
  miRNA functional: torch.Size([495, 495])
  Disease-gene: torch.Size([383, 383])
  miRNA-sequence: torch.Size([495, 495])
🧬 Building miRNA dual-view hypergraphs...
  📊 miRNA View 1 (Sequence): torch.Size([495, 878])
  📊 miRNA View 2 (Function): torch.Size([495, 878])
🦠 Building disease dual-view hypergraphs...
  📊 Disease View 1 (Gene): torch.Size([383, 878])
  📊 Disease View 2 (Semantic): torch.Size([383, 878])
✅ Successfully built TRUE DUAL VIEWS:
   🧬 miRNA: Sequence Features (m_ss.xlsx) vs Functional Similarity (mi_fun_sim_2.0.csv)
   🦠 Disease: Gene Features (d_gs.xlsx) vs Semantic Similarity (dis_sem_sim_2.0.csv)

🔧 Epoch 1 梯度检查:
================================================================================

  参数名称                              梯度范数         梯度均值 状态             
  ----------------------------------------------------------------------
  type_relations                0.000025     0.000001 ✅ 正常           
  exist_relation                0.000144     0.000010 ✅ 正常           
  mi_proj_layer0                0.644350     0.002350 ✅ 正常           
  dis_proj_layer0               0.578057     0.002236 ✅ 正常           
================================================================================

Epoch 1, Total Loss: 20.0783, Recover Loss: 1.0781, miRNA CL: 8.7839, Disease CL: 8.4467, Inter-view (est): 3.9763, Recon Loss: 1.4711, Time: 0.72s
[INFO] Hypergraph updated at epoch 5
[INFO] Hypergraph updated at epoch 10
[INFO] Hypergraph updated at epoch 15
[INFO] Hypergraph updated at epoch 20
[INFO] Hypergraph updated at epoch 25
[INFO] Hypergraph updated at epoch 30
[INFO] Hypergraph updated at epoch 35
[INFO] Hypergraph updated at epoch 40
[INFO] Hypergraph updated at epoch 45
[INFO] Hypergraph updated at epoch 50

🔧 Epoch 50 梯度检查:
================================================================================

  参数名称                              梯度范数         梯度均值 状态             
  ----------------------------------------------------------------------
  type_relations                0.000017     0.000001 ✅ 正常           
  exist_relation                0.000140     0.000010 ✅ 正常           
  mi_proj_layer0                0.100229     0.000389 ✅ 正常           
  dis_proj_layer0               0.115806     0.000452 ✅ 正常           
================================================================================

Epoch 50, Total Loss: 16.8865, Recover Loss: 0.8941, miRNA CL: 7.9798, Disease CL: 7.6183, Inter-view (est): 3.5996, Recon Loss: 0.1097, Time: 66.36s
[INFO] Hypergraph updated at epoch 100

🔧 Epoch 100 梯度检查:
================================================================================

  参数名称                              梯度范数         梯度均值 状态             
  ----------------------------------------------------------------------
  type_relations                0.000010     0.000000 ✅ 正常           
  exist_relation                0.000134     0.000009 ✅ 正常           
  mi_proj_layer0                0.096918     0.000389 ✅ 正常           
  dis_proj_layer0               0.094094     0.000385 ✅ 正常           
================================================================================

Epoch 100, Total Loss: 15.1281, Recover Loss: 0.8036, miRNA CL: 7.1375, Disease CL: 6.8833, Inter-view (est): 3.2356, Recon Loss: 0.0323, Time: 103.39s
[INFO] Hypergraph updated at epoch 150

🔧 Epoch 150 梯度检查:
================================================================================

  参数名称                              梯度范数         梯度均值 状态             
  ----------------------------------------------------------------------
  type_relations                0.000006     0.000000 ✅ 正常           
  exist_relation                0.000129     0.000008 ✅ 正常           
  mi_proj_layer0                0.069239     0.000288 ✅ 正常           
  dis_proj_layer0               0.079281     0.000320 ✅ 正常           
================================================================================

Epoch 150, Total Loss: 14.3617, Recover Loss: 0.7542, miRNA CL: 6.7859, Disease CL: 6.5299, Inter-view (est): 3.0729, Recon Loss: 0.0297, Time: 139.30s
[INFO] Hypergraph updated at epoch 200

🔧 Epoch 200 梯度检查:
================================================================================

  参数名称                              梯度范数         梯度均值 状态             
  ----------------------------------------------------------------------
  type_relations                0.000003     0.000000 ✅ 正常           
  exist_relation                0.000124     0.000008 ✅ 正常           
  mi_proj_layer0                0.064177     0.000268 ✅ 正常           
  dis_proj_layer0               0.059607     0.000249 ✅ 正常           
================================================================================

Epoch 200, Total Loss: 13.9790, Recover Loss: 0.7233, miRNA CL: 6.6299, Disease CL: 6.3417, Inter-view (est): 2.9934, Recon Loss: 0.0295, Time: 175.78s
[INFO] Hypergraph updated at epoch 250

🔧 Epoch 250 梯度检查:
================================================================================

  参数名称                              梯度范数         梯度均值 状态             
  ----------------------------------------------------------------------
  type_relations                0.000002     0.000000 ✅ 正常           
  exist_relation                0.000120     0.000008 ✅ 正常           
  mi_proj_layer0                0.056317     0.000236 ✅ 正常           
  dis_proj_layer0               0.064077     0.000261 ✅ 正常           
================================================================================

Epoch 250, Total Loss: 13.7715, Recover Loss: 0.7069, miRNA CL: 6.5366, Disease CL: 6.2510, Inter-view (est): 2.9510, Recon Loss: 0.0281, Time: 211.55s
[INFO] Hypergraph updated at epoch 300

🔧 Epoch 300 梯度检查:
================================================================================

  参数名称                              梯度范数         梯度均值 状态             
  ----------------------------------------------------------------------
  type_relations                0.000001     0.000000 ✅ 正常           
  exist_relation                0.000116     0.000007 ✅ 正常           
  mi_proj_layer0                0.053876     0.000226 ✅ 正常           
  dis_proj_layer0               0.048303     0.000203 ✅ 正常           
================================================================================

Epoch 300, Total Loss: 13.6210, Recover Loss: 0.6917, miRNA CL: 6.4718, Disease CL: 6.1867, Inter-view (est): 2.9212, Recon Loss: 0.0268, Time: 248.70s
[INFO] Hypergraph updated at epoch 350

🔧 Epoch 350 梯度检查:
================================================================================
  ⚠️ 警告: type_relations梯度几乎为0 (norm=0.00000073)
     → 类型分类器可能没有学习!

  参数名称                              梯度范数         梯度均值 状态             
  ----------------------------------------------------------------------
  type_relations                0.000001     0.000000 ✅ 正常           
  exist_relation                0.000112     0.000007 ✅ 正常           
  mi_proj_layer0                0.052002     0.000220 ✅ 正常           
  dis_proj_layer0               0.050223     0.000210 ✅ 正常           
================================================================================

Epoch 350, Total Loss: 13.5056, Recover Loss: 0.6800, miRNA CL: 6.4239, Disease CL: 6.1356, Inter-view (est): 2.8984, Recon Loss: 0.0264, Time: 283.94s
[INFO] Hypergraph updated at epoch 400

🔧 Epoch 400 梯度检查:
================================================================================
  ⚠️ 警告: type_relations梯度几乎为0 (norm=0.00000042)
     → 类型分类器可能没有学习!

  参数名称                              梯度范数         梯度均值 状态             
  ----------------------------------------------------------------------
  type_relations                0.000000     0.000000 ✅ 正常           
  exist_relation                0.000109     0.000007 ✅ 正常           
  mi_proj_layer0                0.061247     0.000243 ✅ 正常           
  dis_proj_layer0               0.067014     0.000269 ✅ 正常           
================================================================================

Epoch 400, Total Loss: 13.4186, Recover Loss: 0.6741, miRNA CL: 6.3872, Disease CL: 6.0958, Inter-view (est): 2.8807, Recon Loss: 0.0256, Time: 321.19s
[INFO] Hypergraph updated at epoch 450

🔧 Epoch 450 梯度检查:
================================================================================
  ⚠️ 警告: type_relations梯度几乎为0 (norm=0.00000024)
     → 类型分类器可能没有学习!

  参数名称                              梯度范数         梯度均值 状态             
  ----------------------------------------------------------------------
  type_relations                0.000000     0.000000 ✅ 正常           
  exist_relation                0.000105     0.000006 ✅ 正常           
  mi_proj_layer0                0.048997     0.000209 ✅ 正常           
  dis_proj_layer0               0.055775     0.000233 ✅ 正常           
================================================================================

Epoch 450, Total Loss: 13.3510, Recover Loss: 0.6709, miRNA CL: 6.3579, Disease CL: 6.0646, Inter-view (est): 2.8667, Recon Loss: 0.0251, Time: 358.23s
[INFO] Hypergraph updated at epoch 500

🔧 Epoch 500 梯度检查:
================================================================================
  ⚠️ 警告: type_relations梯度几乎为0 (norm=0.00000013)
     → 类型分类器可能没有学习!

  参数名称                              梯度范数         梯度均值 状态             
  ----------------------------------------------------------------------
  type_relations                0.000000     0.000000 ✅ 正常           
  exist_relation                0.000102     0.000006 ✅ 正常           
  mi_proj_layer0                0.041383     0.000175 ✅ 正常           
  dis_proj_layer0               0.043180     0.000175 ✅ 正常           
================================================================================

Epoch 500, Total Loss: 13.2897, Recover Loss: 0.6633, miRNA CL: 6.3341, Disease CL: 6.0389, Inter-view (est): 2.8553, Recon Loss: 0.0241, Time: 395.47s
[INFO] Hypergraph updated at epoch 550

🔧 Epoch 550 梯度检查:
================================================================================
  ⚠️ 警告: type_relations梯度几乎为0 (norm=0.00000007)
     → 类型分类器可能没有学习!

  参数名称                              梯度范数         梯度均值 状态             
  ----------------------------------------------------------------------
  type_relations                0.000000     0.000000 ❌ 过小           
  exist_relation                0.000098     0.000006 ✅ 正常           
  mi_proj_layer0                0.039699     0.000167 ✅ 正常           
  dis_proj_layer0               0.044712     0.000182 ✅ 正常           
================================================================================

Epoch 550, Total Loss: 13.2407, Recover Loss: 0.6593, miRNA CL: 6.3144, Disease CL: 6.0170, Inter-view (est): 2.8457, Recon Loss: 0.0237, Time: 431.10s
[INFO] Hypergraph updated at epoch 600

🔧 Epoch 600 梯度检查:
================================================================================
  ⚠️ 警告: type_relations梯度几乎为0 (norm=0.00000004)
     → 类型分类器可能没有学习!

  参数名称                              梯度范数         梯度均值 状态             
  ----------------------------------------------------------------------
  type_relations                0.000000     0.000000 ❌ 过小           
  exist_relation                0.000095     0.000006 ✅ 正常           
  mi_proj_layer0                0.039831     0.000169 ✅ 正常           
  dis_proj_layer0               0.039267     0.000166 ✅ 正常           
================================================================================

Epoch 600, Total Loss: 13.1979, Recover Loss: 0.6564, miRNA CL: 6.2975, Disease CL: 5.9975, Inter-view (est): 2.8373, Recon Loss: 0.0230, Time: 468.10s
[INFO] Hypergraph updated at epoch 650

🔧 Epoch 650 梯度检查:
================================================================================
  ⚠️ 警告: type_relations梯度几乎为0 (norm=0.00000002)
     → 类型分类器可能没有学习!

  参数名称                              梯度范数         梯度均值 状态             
  ----------------------------------------------------------------------
  type_relations                0.000000     0.000000 ❌ 过小           
  exist_relation                0.000092     0.000005 ✅ 正常           
  mi_proj_layer0                0.049563     0.000210 ✅ 正常           
  dis_proj_layer0               0.049694     0.000204 ✅ 正常           
================================================================================

Epoch 650, Total Loss: 13.1631, Recover Loss: 0.6571, miRNA CL: 6.2832, Disease CL: 5.9796, Inter-view (est): 2.8299, Recon Loss: 0.0223, Time: 505.48s

================================================================================
Training completed. Running final test...
================================================================================
Fold 2 completed - AUC: 0.9372, Top-1 F1: 0.6283
Fold 2 training time: 506.14 seconds
=== Cross Validation Fold 3/5 ===
Using hidden dimensions: [256, 256] with 4 attention heads
优化模型初始化: miRNA数量 = 495, 疾病数量 = 383
   节点维度: 256 → 128
   类型数量: 4
   Temperature: 2.0 (可学习)
   Loss mode: two_head
   loss_mode=two_head
   exist_weight=0.300, type_weight=0.700

✅ SimplifiedMultiTypeAssociationLoss 初始化 (改进版)
   类别权重 (beta=0.99999): ['0.780', '1.822', '0.977', '0.421']
Original positive index shape: torch.Size([1198, 2])
Original negative index shape: torch.Size([150470, 2])
采样后负样本数量: 11980
[B4 leakage_free] Masked 300 test-positive entries khỏi input association matrix trước khi dựng hypergraph. (P7 verify: 0/300 test cell còn khác 0)
🎯 Building TRUE DUAL VIEWS from four different sources...
📊 Data sources loaded:
  Disease semantic: torch.Size([383, 383])
  miRNA functional: torch.Size([495, 495])
  Disease-gene: torch.Size([383, 383])
  miRNA-sequence: torch.Size([495, 495])
🧬 Building miRNA dual-view hypergraphs...
  📊 miRNA View 1 (Sequence): torch.Size([495, 878])
  📊 miRNA View 2 (Function): torch.Size([495, 878])
🦠 Building disease dual-view hypergraphs...
  📊 Disease View 1 (Gene): torch.Size([383, 878])
  📊 Disease View 2 (Semantic): torch.Size([383, 878])
✅ Successfully built TRUE DUAL VIEWS:
   🧬 miRNA: Sequence Features (m_ss.xlsx) vs Functional Similarity (mi_fun_sim_2.0.csv)
   🦠 Disease: Gene Features (d_gs.xlsx) vs Semantic Similarity (dis_sem_sim_2.0.csv)

🔧 Epoch 1 梯度检查:
================================================================================

  参数名称                              梯度范数         梯度均值 状态             
  ----------------------------------------------------------------------
  type_relations                0.000025     0.000001 ✅ 正常           
  exist_relation                0.000151     0.000011 ✅ 正常           
  mi_proj_layer0                0.535235     0.002040 ✅ 正常           
  dis_proj_layer0               0.573613     0.002165 ✅ 正常           
================================================================================

Epoch 1, Total Loss: 19.9955, Recover Loss: 1.0727, miRNA CL: 8.7395, Disease CL: 8.4357, Inter-view (est): 3.9635, Recon Loss: 1.4492, Time: 0.91s
[INFO] Hypergraph updated at epoch 5
[INFO] Hypergraph updated at epoch 10
[INFO] Hypergraph updated at epoch 15
[INFO] Hypergraph updated at epoch 20
[INFO] Hypergraph updated at epoch 25
[INFO] Hypergraph updated at epoch 30
[INFO] Hypergraph updated at epoch 35
[INFO] Hypergraph updated at epoch 40
[INFO] Hypergraph updated at epoch 45
[INFO] Hypergraph updated at epoch 50

🔧 Epoch 50 梯度检查:
================================================================================

  参数名称                              梯度范数         梯度均值 状态             
  ----------------------------------------------------------------------
  type_relations                0.000017     0.000000 ✅ 正常           
  exist_relation                0.000146     0.000011 ✅ 正常           
  mi_proj_layer0                0.105891     0.000409 ✅ 正常           
  dis_proj_layer0               0.125774     0.000491 ✅ 正常           
================================================================================

Epoch 50, Total Loss: 16.7677, Recover Loss: 0.9001, miRNA CL: 7.9624, Disease CL: 7.5580, Inter-view (est): 3.5817, Recon Loss: 0.0626, Time: 66.19s
[INFO] Hypergraph updated at epoch 100

🔧 Epoch 100 梯度检查:
================================================================================

  参数名称                              梯度范数         梯度均值 状态             
  ----------------------------------------------------------------------
  type_relations                0.000010     0.000000 ✅ 正常           
  exist_relation                0.000140     0.000010 ✅ 正常           
  mi_proj_layer0                0.064571     0.000266 ✅ 正常           
  dis_proj_layer0               0.087525     0.000358 ✅ 正常           
================================================================================

Epoch 100, Total Loss: 15.0575, Recover Loss: 0.8048, miRNA CL: 7.0885, Disease CL: 6.8609, Inter-view (est): 3.2191, Recon Loss: 0.0321, Time: 102.08s
[INFO] Hypergraph updated at epoch 150

🔧 Epoch 150 梯度检查:
================================================================================

  参数名称                              梯度范数         梯度均值 状态             
  ----------------------------------------------------------------------
  type_relations                0.000006     0.000000 ✅ 正常           
  exist_relation                0.000135     0.000009 ✅ 正常           
  mi_proj_layer0                0.066765     0.000276 ✅ 正常           
  dis_proj_layer0               0.076667     0.000304 ✅ 正常           
================================================================================

Epoch 150, Total Loss: 14.2857, Recover Loss: 0.7527, miRNA CL: 6.7464, Disease CL: 6.4950, Inter-view (est): 3.0557, Recon Loss: 0.0301, Time: 137.35s
[INFO] Hypergraph updated at epoch 200

🔧 Epoch 200 梯度检查:
================================================================================

  参数名称                              梯度范数         梯度均值 状态             
  ----------------------------------------------------------------------
  type_relations                0.000004     0.000000 ✅ 正常           
  exist_relation                0.000130     0.000009 ✅ 正常           
  mi_proj_layer0                0.070915     0.000298 ✅ 正常           
  dis_proj_layer0               0.070575     0.000296 ✅ 正常           
================================================================================

Epoch 200, Total Loss: 13.9532, Recover Loss: 0.7277, miRNA CL: 6.6091, Disease CL: 6.3332, Inter-view (est): 2.9867, Recon Loss: 0.0291, Time: 173.25s
[INFO] Hypergraph updated at epoch 250

🔧 Epoch 250 梯度检查:
================================================================================

  参数名称                              梯度范数         梯度均值 状态             
  ----------------------------------------------------------------------
  type_relations                0.000002     0.000000 ✅ 正常           
  exist_relation                0.000126     0.000008 ✅ 正常           
  mi_proj_layer0                0.059366     0.000249 ✅ 正常           
  dis_proj_layer0               0.070672     0.000293 ✅ 正常           
================================================================================

Epoch 250, Total Loss: 13.7165, Recover Loss: 0.6992, miRNA CL: 6.5168, Disease CL: 6.2245, Inter-view (est): 2.9403, Recon Loss: 0.0278, Time: 209.66s
[INFO] Hypergraph updated at epoch 300

🔧 Epoch 300 梯度检查:
================================================================================

  参数名称                              梯度范数         梯度均值 状态             
  ----------------------------------------------------------------------
  type_relations                0.000002     0.000000 ✅ 正常           
  exist_relation                0.000121     0.000008 ✅ 正常           
  mi_proj_layer0                0.059407     0.000249 ✅ 正常           
  dis_proj_layer0               0.068053     0.000276 ✅ 正常           
================================================================================

Epoch 300, Total Loss: 13.5657, Recover Loss: 0.6892, miRNA CL: 6.4502, Disease CL: 6.1568, Inter-view (est): 2.9093, Recon Loss: 0.0264, Time: 245.52s
[INFO] Hypergraph updated at epoch 350

🔧 Epoch 350 梯度检查:
================================================================================

  参数名称                              梯度范数         梯度均值 状态             
  ----------------------------------------------------------------------
  type_relations                0.000001     0.000000 ✅ 正常           
  exist_relation                0.000117     0.000008 ✅ 正常           
  mi_proj_layer0                0.057528     0.000239 ✅ 正常           
  dis_proj_layer0               0.063556     0.000262 ✅ 正常           
================================================================================

Epoch 350, Total Loss: 13.4535, Recover Loss: 0.6813, miRNA CL: 6.4013, Disease CL: 6.1062, Inter-view (est): 2.8863, Recon Loss: 0.0259, Time: 281.74s
[INFO] Hypergraph updated at epoch 400

🔧 Epoch 400 梯度检查:
================================================================================
  ⚠️ 警告: type_relations梯度几乎为0 (norm=0.00000068)
     → 类型分类器可能没有学习!

  参数名称                              梯度范数         梯度均值 状态             
  ----------------------------------------------------------------------
  type_relations                0.000001     0.000000 ✅ 正常           
  exist_relation                0.000114     0.000007 ✅ 正常           
  mi_proj_layer0                0.048206     0.000205 ✅ 正常           
  dis_proj_layer0               0.051604     0.000211 ✅ 正常           
================================================================================

Epoch 400, Total Loss: 13.3670, Recover Loss: 0.6717, miRNA CL: 6.3649, Disease CL: 6.0698, Inter-view (est): 2.8696, Recon Loss: 0.0256, Time: 317.73s
[INFO] Hypergraph updated at epoch 450

🔧 Epoch 450 梯度检查:
================================================================================
  ⚠️ 警告: type_relations梯度几乎为0 (norm=0.00000045)
     → 类型分类器可能没有学习!

  参数名称                              梯度范数         梯度均值 状态             
  ----------------------------------------------------------------------
  type_relations                0.000000     0.000000 ✅ 正常           
  exist_relation                0.000110     0.000007 ✅ 正常           
  mi_proj_layer0                0.045289     0.000190 ✅ 正常           
  dis_proj_layer0               0.045686     0.000184 ✅ 正常           
================================================================================

Epoch 450, Total Loss: 13.2986, Recover Loss: 0.6643, miRNA CL: 6.3370, Disease CL: 6.0417, Inter-view (est): 2.8566, Recon Loss: 0.0242, Time: 358.04s
[INFO] Hypergraph updated at epoch 500

🔧 Epoch 500 梯度检查:
================================================================================
  ⚠️ 警告: type_relations梯度几乎为0 (norm=0.00000029)
     → 类型分类器可能没有学习!

  参数名称                              梯度范数         梯度均值 状态             
  ----------------------------------------------------------------------
  type_relations                0.000000     0.000000 ✅ 正常           
  exist_relation                0.000106     0.000007 ✅ 正常           
  mi_proj_layer0                0.052867     0.000223 ✅ 正常           
  dis_proj_layer0               0.050898     0.000207 ✅ 正常           
================================================================================

Epoch 500, Total Loss: 13.2488, Recover Loss: 0.6638, miRNA CL: 6.3146, Disease CL: 6.0187, Inter-view (est): 2.8462, Recon Loss: 0.0236, Time: 393.96s
[INFO] Hypergraph updated at epoch 550

🔧 Epoch 550 梯度检查:
================================================================================
  ⚠️ 警告: type_relations梯度几乎为0 (norm=0.00000018)
     → 类型分类器可能没有学习!

  参数名称                              梯度范数         梯度均值 状态             
  ----------------------------------------------------------------------
  type_relations                0.000000     0.000000 ✅ 正常           
  exist_relation                0.000103     0.000006 ✅ 正常           
  mi_proj_layer0                0.051911     0.000210 ✅ 正常           
  dis_proj_layer0               0.052632     0.000216 ✅ 正常           
================================================================================

Epoch 550, Total Loss: 13.2004, Recover Loss: 0.6587, miRNA CL: 6.2959, Disease CL: 5.9978, Inter-view (est): 2.8370, Recon Loss: 0.0230, Time: 431.19s
[INFO] Hypergraph updated at epoch 600

🔧 Epoch 600 梯度检查:
================================================================================
  ⚠️ 警告: type_relations梯度几乎为0 (norm=0.00000012)
     → 类型分类器可能没有学习!

  参数名称                              梯度范数         梯度均值 状态             
  ----------------------------------------------------------------------
  type_relations                0.000000     0.000000 ✅ 正常           
  exist_relation                0.000100     0.000006 ✅ 正常           
  mi_proj_layer0                0.050075     0.000208 ✅ 正常           
  dis_proj_layer0               0.076882     0.000281 ✅ 正常           
================================================================================

Epoch 600, Total Loss: 13.1615, Recover Loss: 0.6589, miRNA CL: 6.2801, Disease CL: 5.9779, Inter-view (est): 2.8288, Recon Loss: 0.0224, Time: 468.25s
[INFO] Hypergraph updated at epoch 650

🔧 Epoch 650 梯度检查:
================================================================================
  ⚠️ 警告: type_relations梯度几乎为0 (norm=0.00000007)
     → 类型分类器可能没有学习!

  参数名称                              梯度范数         梯度均值 状态             
  ----------------------------------------------------------------------
  type_relations                0.000000     0.000000 ❌ 过小           
  exist_relation                0.000096     0.000006 ✅ 正常           
  mi_proj_layer0                0.030316     0.000123 ✅ 正常           
  dis_proj_layer0               0.031802     0.000128 ✅ 正常           
================================================================================

Epoch 650, Total Loss: 13.1237, Recover Loss: 0.6526, miRNA CL: 6.2668, Disease CL: 5.9626, Inter-view (est): 2.8222, Recon Loss: 0.0221, Time: 504.38s

================================================================================
Training completed. Running final test...
================================================================================
Fold 3 completed - AUC: 0.9409, Top-1 F1: 0.6189
Fold 3 training time: 504.87 seconds
=== Cross Validation Fold 4/5 ===
Using hidden dimensions: [256, 256] with 4 attention heads
优化模型初始化: miRNA数量 = 495, 疾病数量 = 383
   节点维度: 256 → 128
   类型数量: 4
   Temperature: 2.0 (可学习)
   Loss mode: two_head
   loss_mode=two_head
   exist_weight=0.300, type_weight=0.700

✅ SimplifiedMultiTypeAssociationLoss 初始化 (改进版)
   类别权重 (beta=0.99999): ['0.780', '1.822', '0.977', '0.421']
Original positive index shape: torch.Size([1199, 2])
Original negative index shape: torch.Size([150470, 2])
采样后负样本数量: 11990
[B4 leakage_free] Masked 299 test-positive entries khỏi input association matrix trước khi dựng hypergraph. (P7 verify: 0/299 test cell còn khác 0)
🎯 Building TRUE DUAL VIEWS from four different sources...
📊 Data sources loaded:
  Disease semantic: torch.Size([383, 383])
  miRNA functional: torch.Size([495, 495])
  Disease-gene: torch.Size([383, 383])
  miRNA-sequence: torch.Size([495, 495])
🧬 Building miRNA dual-view hypergraphs...
  📊 miRNA View 1 (Sequence): torch.Size([495, 878])
  📊 miRNA View 2 (Function): torch.Size([495, 878])
🦠 Building disease dual-view hypergraphs...
  📊 Disease View 1 (Gene): torch.Size([383, 878])
  📊 Disease View 2 (Semantic): torch.Size([383, 878])
✅ Successfully built TRUE DUAL VIEWS:
   🧬 miRNA: Sequence Features (m_ss.xlsx) vs Functional Similarity (mi_fun_sim_2.0.csv)
   🦠 Disease: Gene Features (d_gs.xlsx) vs Semantic Similarity (dis_sem_sim_2.0.csv)

🔧 Epoch 1 梯度检查:
================================================================================

  参数名称                              梯度范数         梯度均值 状态             
  ----------------------------------------------------------------------
  type_relations                0.000025     0.000001 ✅ 正常           
  exist_relation                0.000135     0.000009 ✅ 正常           
  mi_proj_layer0                1.277469     0.004499 ✅ 正常           
  dis_proj_layer0               1.363491     0.005214 ✅ 正常           
================================================================================

Epoch 1, Total Loss: 20.0870, Recover Loss: 1.1475, miRNA CL: 8.7218, Disease CL: 8.4293, Inter-view (est): 3.9579, Recon Loss: 1.4898, Time: 0.70s
[INFO] Hypergraph updated at epoch 5
[INFO] Hypergraph updated at epoch 10
[INFO] Hypergraph updated at epoch 15
[INFO] Hypergraph updated at epoch 20
[INFO] Hypergraph updated at epoch 25
[INFO] Hypergraph updated at epoch 30
[INFO] Hypergraph updated at epoch 35
[INFO] Hypergraph updated at epoch 40
[INFO] Hypergraph updated at epoch 45
[INFO] Hypergraph updated at epoch 50

🔧 Epoch 50 梯度检查:
================================================================================

  参数名称                              梯度范数         梯度均值 状态             
  ----------------------------------------------------------------------
  type_relations                0.000017     0.000000 ✅ 正常           
  exist_relation                0.000131     0.000009 ✅ 正常           
  mi_proj_layer0                0.091645     0.000361 ✅ 正常           
  dis_proj_layer0               0.115465     0.000452 ✅ 正常           
================================================================================

Epoch 50, Total Loss: 16.9102, Recover Loss: 0.9024, miRNA CL: 7.9315, Disease CL: 7.6168, Inter-view (est): 3.5881, Recon Loss: 0.1747, Time: 73.18s
[INFO] Hypergraph updated at epoch 100

🔧 Epoch 100 梯度检查:
================================================================================

  参数名称                              梯度范数         梯度均值 状态             
  ----------------------------------------------------------------------
  type_relations                0.000010     0.000000 ✅ 正常           
  exist_relation                0.000125     0.000008 ✅ 正常           
  mi_proj_layer0                0.082566     0.000327 ✅ 正常           
  dis_proj_layer0               0.100894     0.000407 ✅ 正常           
================================================================================

Epoch 100, Total Loss: 15.2006, Recover Loss: 0.8151, miRNA CL: 7.1342, Disease CL: 6.9480, Inter-view (est): 3.2497, Recon Loss: 0.0324, Time: 111.34s
[INFO] Hypergraph updated at epoch 150

🔧 Epoch 150 梯度检查:
================================================================================

  参数名称                              梯度范数         梯度均值 状态             
  ----------------------------------------------------------------------
  type_relations                0.000006     0.000000 ✅ 正常           
  exist_relation                0.000120     0.000008 ✅ 正常           
  mi_proj_layer0                0.063317     0.000266 ✅ 正常           
  dis_proj_layer0               0.072308     0.000301 ✅ 正常           
================================================================================

Epoch 150, Total Loss: 14.3330, Recover Loss: 0.7545, miRNA CL: 6.7431, Disease CL: 6.5433, Inter-view (est): 3.0661, Recon Loss: 0.0310, Time: 147.26s
[INFO] Hypergraph updated at epoch 200

🔧 Epoch 200 梯度检查:
================================================================================

  参数名称                              梯度范数         梯度均值 状态             
  ----------------------------------------------------------------------
  type_relations                0.000004     0.000000 ✅ 正常           
  exist_relation                0.000116     0.000007 ✅ 正常           
  mi_proj_layer0                0.077167     0.000323 ✅ 正常           
  dis_proj_layer0               0.074446     0.000303 ✅ 正常           
================================================================================

Epoch 200, Total Loss: 13.9684, Recover Loss: 0.7207, miRNA CL: 6.6037, Disease CL: 6.3612, Inter-view (est): 2.9919, Recon Loss: 0.0294, Time: 184.14s
[INFO] Hypergraph updated at epoch 250

🔧 Epoch 250 梯度检查:
================================================================================

  参数名称                              梯度范数         梯度均值 状态             
  ----------------------------------------------------------------------
  type_relations                0.000002     0.000000 ✅ 正常           
  exist_relation                0.000112     0.000007 ✅ 正常           
  mi_proj_layer0                0.060464     0.000250 ✅ 正常           
  dis_proj_layer0               0.061070     0.000258 ✅ 正常           
================================================================================

Epoch 250, Total Loss: 13.7492, Recover Loss: 0.7016, miRNA CL: 6.5172, Disease CL: 6.2548, Inter-view (est): 2.9474, Recon Loss: 0.0284, Time: 219.97s
[INFO] Hypergraph updated at epoch 300

🔧 Epoch 300 梯度检查:
================================================================================

  参数名称                              梯度范数         梯度均值 状态             
  ----------------------------------------------------------------------
  type_relations                0.000001     0.000000 ✅ 正常           
  exist_relation                0.000108     0.000006 ✅ 正常           
  mi_proj_layer0                0.072888     0.000296 ✅ 正常           
  dis_proj_layer0               0.060078     0.000249 ✅ 正常           
================================================================================

Epoch 300, Total Loss: 13.5946, Recover Loss: 0.6869, miRNA CL: 6.4549, Disease CL: 6.1832, Inter-view (est): 2.9165, Recon Loss: 0.0276, Time: 255.31s
[INFO] Hypergraph updated at epoch 350

🔧 Epoch 350 梯度检查:
================================================================================
  ⚠️ 警告: type_relations梯度几乎为0 (norm=0.00000077)
     → 类型分类器可能没有学习!

  参数名称                              梯度范数         梯度均值 状态             
  ----------------------------------------------------------------------
  type_relations                0.000001     0.000000 ✅ 正常           
  exist_relation                0.000104     0.000006 ✅ 正常           
  mi_proj_layer0                0.049021     0.000206 ✅ 正常           
  dis_proj_layer0               0.047842     0.000202 ✅ 正常           
================================================================================

Epoch 350, Total Loss: 13.4795, Recover Loss: 0.6790, miRNA CL: 6.4080, Disease CL: 6.1284, Inter-view (est): 2.8930, Recon Loss: 0.0268, Time: 291.93s
[INFO] Hypergraph updated at epoch 400

🔧 Epoch 400 梯度检查:
================================================================================
  ⚠️ 警告: type_relations梯度几乎为0 (norm=0.00000044)
     → 类型分类器可能没有学习!

  参数名称                              梯度范数         梯度均值 状态             
  ----------------------------------------------------------------------
  type_relations                0.000000     0.000000 ✅ 正常           
  exist_relation                0.000101     0.000006 ✅ 正常           
  mi_proj_layer0                0.050720     0.000212 ✅ 正常           
  dis_proj_layer0               0.042007     0.000171 ✅ 正常           
================================================================================

Epoch 400, Total Loss: 13.3883, Recover Loss: 0.6715, miRNA CL: 6.3711, Disease CL: 6.0868, Inter-view (est): 2.8749, Recon Loss: 0.0257, Time: 328.07s
[INFO] Hypergraph updated at epoch 450

🔧 Epoch 450 梯度检查:
================================================================================
  ⚠️ 警告: type_relations梯度几乎为0 (norm=0.00000024)
     → 类型分类器可能没有学习!

  参数名称                              梯度范数         梯度均值 状态             
  ----------------------------------------------------------------------
  type_relations                0.000000     0.000000 ✅ 正常           
  exist_relation                0.000098     0.000006 ✅ 正常           
  mi_proj_layer0                0.052956     0.000218 ✅ 正常           
  dis_proj_layer0               0.061341     0.000251 ✅ 正常           
================================================================================

Epoch 450, Total Loss: 13.3207, Recover Loss: 0.6697, miRNA CL: 6.3416, Disease CL: 6.0550, Inter-view (est): 2.8608, Recon Loss: 0.0249, Time: 363.88s
[INFO] Hypergraph updated at epoch 500

🔧 Epoch 500 梯度检查:
================================================================================
  ⚠️ 警告: type_relations梯度几乎为0 (norm=0.00000013)
     → 类型分类器可能没有学习!

  参数名称                              梯度范数         梯度均值 状态             
  ----------------------------------------------------------------------
  type_relations                0.000000     0.000000 ✅ 正常           
  exist_relation                0.000095     0.000005 ✅ 正常           
  mi_proj_layer0                0.062658     0.000254 ✅ 正常           
  dis_proj_layer0               0.069634     0.000280 ✅ 正常           
================================================================================

Epoch 500, Total Loss: 13.2620, Recover Loss: 0.6642, miRNA CL: 6.3178, Disease CL: 6.0293, Inter-view (est): 2.8493, Recon Loss: 0.0245, Time: 400.00s
[INFO] Hypergraph updated at epoch 550

🔧 Epoch 550 梯度检查:
================================================================================
  ⚠️ 警告: type_relations梯度几乎为0 (norm=0.00000007)
     → 类型分类器可能没有学习!

  参数名称                              梯度范数         梯度均值 状态             
  ----------------------------------------------------------------------
  type_relations                0.000000     0.000000 ❌ 过小           
  exist_relation                0.000092     0.000005 ✅ 正常           
  mi_proj_layer0                0.059023     0.000236 ✅ 正常           
  dis_proj_layer0               0.053695     0.000220 ✅ 正常           
================================================================================

Epoch 550, Total Loss: 13.2122, Recover Loss: 0.6590, miRNA CL: 6.2981, Disease CL: 6.0082, Inter-view (est): 2.8399, Recon Loss: 0.0238, Time: 436.59s
[INFO] Hypergraph updated at epoch 600

🔧 Epoch 600 梯度检查:
================================================================================
  ⚠️ 警告: type_relations梯度几乎为0 (norm=0.00000004)
     → 类型分类器可能没有学习!

  参数名称                              梯度范数         梯度均值 状态             
  ----------------------------------------------------------------------
  type_relations                0.000000     0.000000 ❌ 过小           
  exist_relation                0.000089     0.000005 ✅ 正常           
  mi_proj_layer0                0.057793     0.000238 ✅ 正常           
  dis_proj_layer0               0.063167     0.000255 ✅ 正常           
================================================================================

Epoch 600, Total Loss: 13.1709, Recover Loss: 0.6566, miRNA CL: 6.2815, Disease CL: 5.9901, Inter-view (est): 2.8319, Recon Loss: 0.0226, Time: 471.92s
[INFO] Hypergraph updated at epoch 650

🔧 Epoch 650 梯度检查:
================================================================================
  ⚠️ 警告: type_relations梯度几乎为0 (norm=0.00000002)
     → 类型分类器可能没有学习!

  参数名称                              梯度范数         梯度均值 状态             
  ----------------------------------------------------------------------
  type_relations                0.000000     0.000000 ❌ 过小           
  exist_relation                0.000086     0.000005 ✅ 正常           
  mi_proj_layer0                0.041820     0.000177 ✅ 正常           
  dis_proj_layer0               0.047190     0.000190 ✅ 正常           
================================================================================

Epoch 650, Total Loss: 13.1315, Recover Loss: 0.6520, miRNA CL: 6.2674, Disease CL: 5.9726, Inter-view (est): 2.8246, Recon Loss: 0.0221, Time: 508.72s

================================================================================
Training completed. Running final test...
================================================================================
Fold 4 completed - AUC: 0.9409, Top-1 F1: 0.5647
Fold 4 training time: 509.24 seconds
=== Cross Validation Fold 5/5 ===
Using hidden dimensions: [256, 256] with 4 attention heads
优化模型初始化: miRNA数量 = 495, 疾病数量 = 383
   节点维度: 256 → 128
   类型数量: 4
   Temperature: 2.0 (可学习)
   Loss mode: two_head
   loss_mode=two_head
   exist_weight=0.300, type_weight=0.700

✅ SimplifiedMultiTypeAssociationLoss 初始化 (改进版)
   类别权重 (beta=0.99999): ['0.780', '1.822', '0.977', '0.421']
Original positive index shape: torch.Size([1199, 2])
Original negative index shape: torch.Size([150470, 2])
采样后负样本数量: 11990
[B4 leakage_free] Masked 299 test-positive entries khỏi input association matrix trước khi dựng hypergraph. (P7 verify: 0/299 test cell còn khác 0)
🎯 Building TRUE DUAL VIEWS from four different sources...
📊 Data sources loaded:
  Disease semantic: torch.Size([383, 383])
  miRNA functional: torch.Size([495, 495])
  Disease-gene: torch.Size([383, 383])
  miRNA-sequence: torch.Size([495, 495])
🧬 Building miRNA dual-view hypergraphs...
  📊 miRNA View 1 (Sequence): torch.Size([495, 878])
  📊 miRNA View 2 (Function): torch.Size([495, 878])
🦠 Building disease dual-view hypergraphs...
  📊 Disease View 1 (Gene): torch.Size([383, 878])
  📊 Disease View 2 (Semantic): torch.Size([383, 878])
✅ Successfully built TRUE DUAL VIEWS:
   🧬 miRNA: Sequence Features (m_ss.xlsx) vs Functional Similarity (mi_fun_sim_2.0.csv)
   🦠 Disease: Gene Features (d_gs.xlsx) vs Semantic Similarity (dis_sem_sim_2.0.csv)

🔧 Epoch 1 梯度检查:
================================================================================

  参数名称                              梯度范数         梯度均值 状态             
  ----------------------------------------------------------------------
  type_relations                0.000025     0.000001 ✅ 正常           
  exist_relation                0.000151     0.000011 ✅ 正常           
  mi_proj_layer0                0.351503     0.001345 ✅ 正常           
  dis_proj_layer0               0.303722     0.001204 ✅ 正常           
================================================================================

Epoch 1, Total Loss: 20.0681, Recover Loss: 1.0680, miRNA CL: 8.7616, Disease CL: 8.4145, Inter-view (est): 3.9637, Recon Loss: 1.5256, Time: 0.70s
[INFO] Hypergraph updated at epoch 5
[INFO] Hypergraph updated at epoch 10
[INFO] Hypergraph updated at epoch 15
[INFO] Hypergraph updated at epoch 20
[INFO] Hypergraph updated at epoch 25
[INFO] Hypergraph updated at epoch 30
[INFO] Hypergraph updated at epoch 35
[INFO] Hypergraph updated at epoch 40
[INFO] Hypergraph updated at epoch 45
[INFO] Hypergraph updated at epoch 50

🔧 Epoch 50 梯度检查:
================================================================================

  参数名称                              梯度范数         梯度均值 状态             
  ----------------------------------------------------------------------
  type_relations                0.000017     0.000001 ✅ 正常           
  exist_relation                0.000147     0.000010 ✅ 正常           
  mi_proj_layer0                0.111855     0.000435 ✅ 正常           
  dis_proj_layer0               0.109312     0.000431 ✅ 正常           
================================================================================

Epoch 50, Total Loss: 16.9104, Recover Loss: 0.8978, miRNA CL: 8.0395, Disease CL: 7.5870, Inter-view (est): 3.6061, Recon Loss: 0.1009, Time: 72.06s
[INFO] Hypergraph updated at epoch 100

🔧 Epoch 100 梯度检查:
================================================================================

  参数名称                              梯度范数         梯度均值 状态             
  ----------------------------------------------------------------------
  type_relations                0.000010     0.000000 ✅ 正常           
  exist_relation                0.000141     0.000010 ✅ 正常           
  mi_proj_layer0                0.078911     0.000326 ✅ 正常           
  dis_proj_layer0               0.079043     0.000325 ✅ 正常           
================================================================================

Epoch 100, Total Loss: 15.1056, Recover Loss: 0.7973, miRNA CL: 7.2361, Disease CL: 6.7667, Inter-view (est): 3.2314, Recon Loss: 0.0336, Time: 108.58s
[INFO] Hypergraph updated at epoch 150

🔧 Epoch 150 梯度检查:
================================================================================

  参数名称                              梯度范数         梯度均值 状态             
  ----------------------------------------------------------------------
  type_relations                0.000006     0.000000 ✅ 正常           
  exist_relation                0.000136     0.000009 ✅ 正常           
  mi_proj_layer0                0.082614     0.000342 ✅ 正常           
  dis_proj_layer0               0.077524     0.000322 ✅ 正常           
================================================================================

Epoch 150, Total Loss: 14.2456, Recover Loss: 0.7571, miRNA CL: 6.7755, Disease CL: 6.4201, Inter-view (est): 3.0451, Recon Loss: 0.0308, Time: 145.13s
[INFO] Hypergraph updated at epoch 200

🔧 Epoch 200 梯度检查:
================================================================================

  参数名称                              梯度范数         梯度均值 状态             
  ----------------------------------------------------------------------
  type_relations                0.000004     0.000000 ✅ 正常           
  exist_relation                0.000131     0.000009 ✅ 正常           
  mi_proj_layer0                0.063310     0.000264 ✅ 正常           
  dis_proj_layer0               0.068104     0.000273 ✅ 正常           
================================================================================

Epoch 200, Total Loss: 13.9149, Recover Loss: 0.7264, miRNA CL: 6.6362, Disease CL: 6.2687, Inter-view (est): 2.9781, Recon Loss: 0.0294, Time: 180.77s
[INFO] Hypergraph updated at epoch 250

🔧 Epoch 250 梯度检查:
================================================================================

  参数名称                              梯度范数         梯度均值 状态             
  ----------------------------------------------------------------------
  type_relations                0.000002     0.000000 ✅ 正常           
  exist_relation                0.000126     0.000008 ✅ 正常           
  mi_proj_layer0                0.060706     0.000258 ✅ 正常           
  dis_proj_layer0               0.060371     0.000253 ✅ 正常           
================================================================================

Epoch 250, Total Loss: 13.7158, Recover Loss: 0.7089, miRNA CL: 6.5411, Disease CL: 6.1897, Inter-view (est): 2.9379, Recon Loss: 0.0282, Time: 216.62s
[INFO] Hypergraph updated at epoch 300

🔧 Epoch 300 梯度检查:
================================================================================

  参数名称                              梯度范数         梯度均值 状态             
  ----------------------------------------------------------------------
  type_relations                0.000001     0.000000 ✅ 正常           
  exist_relation                0.000122     0.000008 ✅ 正常           
  mi_proj_layer0                0.066361     0.000280 ✅ 正常           
  dis_proj_layer0               0.064314     0.000267 ✅ 正常           
================================================================================

Epoch 300, Total Loss: 13.5703, Recover Loss: 0.6949, miRNA CL: 6.4720, Disease CL: 6.1334, Inter-view (est): 2.9089, Recon Loss: 0.0274, Time: 252.46s
[INFO] Hypergraph updated at epoch 350

🔧 Epoch 350 梯度检查:
================================================================================
  ⚠️ 警告: type_relations梯度几乎为0 (norm=0.00000091)
     → 类型分类器可能没有学习!

  参数名称                              梯度范数         梯度均值 状态             
  ----------------------------------------------------------------------
  type_relations                0.000001     0.000000 ✅ 正常           
  exist_relation                0.000118     0.000008 ✅ 正常           
  mi_proj_layer0                0.052086     0.000220 ✅ 正常           
  dis_proj_layer0               0.056374     0.000236 ✅ 正常           
================================================================================

Epoch 350, Total Loss: 13.4562, Recover Loss: 0.6784, miRNA CL: 6.4229, Disease CL: 6.0896, Inter-view (est): 2.8875, Recon Loss: 0.0272, Time: 288.34s
[INFO] Hypergraph updated at epoch 400

🔧 Epoch 400 梯度检查:
================================================================================
  ⚠️ 警告: type_relations梯度几乎为0 (norm=0.00000055)
     → 类型分类器可能没有学习!

  参数名称                              梯度范数         梯度均值 状态             
  ----------------------------------------------------------------------
  type_relations                0.000001     0.000000 ✅ 正常           
  exist_relation                0.000114     0.000007 ✅ 正常           
  mi_proj_layer0                0.073412     0.000298 ✅ 正常           
  dis_proj_layer0               0.080326     0.000316 ✅ 正常           
================================================================================

Epoch 400, Total Loss: 13.3751, Recover Loss: 0.6739, miRNA CL: 6.3854, Disease CL: 6.0554, Inter-view (est): 2.8710, Recon Loss: 0.0261, Time: 324.20s
[INFO] Hypergraph updated at epoch 450

🔧 Epoch 450 梯度检查:
================================================================================
  ⚠️ 警告: type_relations梯度几乎为0 (norm=0.00000032)
     → 类型分类器可能没有学习!

  参数名称                              梯度范数         梯度均值 状态             
  ----------------------------------------------------------------------
  type_relations                0.000000     0.000000 ✅ 正常           
  exist_relation                0.000111     0.000007 ✅ 正常           
  mi_proj_layer0                0.053469     0.000226 ✅ 正常           
  dis_proj_layer0               0.059578     0.000239 ✅ 正常           
================================================================================

Epoch 450, Total Loss: 13.3067, Recover Loss: 0.6679, miRNA CL: 6.3550, Disease CL: 6.0280, Inter-view (est): 2.8576, Recon Loss: 0.0252, Time: 361.93s
[INFO] Hypergraph updated at epoch 500

🔧 Epoch 500 梯度检查:
================================================================================
  ⚠️ 警告: type_relations梯度几乎为0 (norm=0.00000019)
     → 类型分类器可能没有学习!

  参数名称                              梯度范数         梯度均值 状态             
  ----------------------------------------------------------------------
  type_relations                0.000000     0.000000 ✅ 正常           
  exist_relation                0.000107     0.000007 ✅ 正常           
  mi_proj_layer0                0.055849     0.000233 ✅ 正常           
  dis_proj_layer0               0.052679     0.000216 ✅ 正常           
================================================================================

Epoch 500, Total Loss: 13.2514, Recover Loss: 0.6651, miRNA CL: 6.3300, Disease CL: 6.0040, Inter-view (est): 2.8463, Recon Loss: 0.0249, Time: 399.13s
[INFO] Hypergraph updated at epoch 550

🔧 Epoch 550 梯度检查:
================================================================================
  ⚠️ 警告: type_relations梯度几乎为0 (norm=0.00000010)
     → 类型分类器可能没有学习!

  参数名称                              梯度范数         梯度均值 状态             
  ----------------------------------------------------------------------
  type_relations                0.000000     0.000000 ✅ 正常           
  exist_relation                0.000104     0.000006 ✅ 正常           
  mi_proj_layer0                0.052216     0.000219 ✅ 正常           
  dis_proj_layer0               0.054023     0.000227 ✅ 正常           
================================================================================

Epoch 550, Total Loss: 13.2024, Recover Loss: 0.6620, miRNA CL: 6.3090, Disease CL: 5.9832, Inter-view (est): 2.8366, Recon Loss: 0.0239, Time: 436.66s
[INFO] Hypergraph updated at epoch 600

🔧 Epoch 600 梯度检查:
================================================================================
  ⚠️ 警告: type_relations梯度几乎为0 (norm=0.00000006)
     → 类型分类器可能没有学习!

  参数名称                              梯度范数         梯度均值 状态             
  ----------------------------------------------------------------------
  type_relations                0.000000     0.000000 ❌ 过小           
  exist_relation                0.000101     0.000006 ✅ 正常           
  mi_proj_layer0                0.047824     0.000203 ✅ 正常           
  dis_proj_layer0               0.051953     0.000214 ✅ 正常           
================================================================================

Epoch 600, Total Loss: 13.1599, Recover Loss: 0.6571, miRNA CL: 6.2911, Disease CL: 5.9670, Inter-view (est): 2.8288, Recon Loss: 0.0232, Time: 473.14s
[INFO] Hypergraph updated at epoch 650

🔧 Epoch 650 梯度检查:
================================================================================
  ⚠️ 警告: type_relations梯度几乎为0 (norm=0.00000003)
     → 类型分类器可能没有学习!

  参数名称                              梯度范数         梯度均值 状态             
  ----------------------------------------------------------------------
  type_relations                0.000000     0.000000 ❌ 过小           
  exist_relation                0.000098     0.000006 ✅ 正常           
  mi_proj_layer0                0.043891     0.000188 ✅ 正常           
  dis_proj_layer0               0.041878     0.000174 ✅ 正常           
================================================================================

Epoch 650, Total Loss: 13.1232, Recover Loss: 0.6525, miRNA CL: 6.2759, Disease CL: 5.9541, Inter-view (est): 2.8223, Recon Loss: 0.0219, Time: 510.26s

================================================================================
Training completed. Running final test...
================================================================================
Fold 5 completed - AUC: 0.9280, Top-1 F1: 0.5750
Fold 5 training time: 510.77 seconds
Average binary metrics across folds: [[0.93790328 0.93833517 0.87577017 0.87275318 0.89705017 0.84845619
  0.8560824 ]]
🎯 Average Top-1 metrics across folds: {'top1_precision': 0.5787447045707916, 'top1_recall': np.float64(0.6101742308096271), 'top1_f1': np.float64(0.5939868776781989)}

📊 CV_type Style Metrics Details:
  AUC            : 0.9379
  AUPR           : 0.9383
  F1             : 0.8758
  Accuracy       : 0.8728
  Recall         : 0.8971
  Specificity    : 0.8485
  Precision      : 0.8561

🎯 Top-1 Metrics Details:
  top1_precision : 0.5787
  top1_recall    : 0.6102
  top1_f1        : 0.5940

Total execution time: 2545.20 seconds

==========================================================================================
🎯 FINAL COMPREHENSIVE RESULTS WITH TOP-1 METRICS
==========================================================================================
📊 Binary Classification Metrics (Original):
  AUC: 0.9379
  AUPR: 0.9383
  F1: 0.8758
  Accuracy: 0.8728
  Recall: 0.8971
  Specificity: 0.8485
  Precision: 0.8561

🎯 CV_type Style Metrics (Enhanced):
  AUC: 0.9379
  AUPR: 0.9383
  F1: 0.8758
  Accuracy: 0.8728
  Recall: 0.8971
  Specificity: 0.8485
  Precision: 0.8561

🏆 Top-1 Metrics (NEW):
  Top-1 Precision: 0.5787
  Top-1 Recall: 0.6102
  Top-1 F1: 0.5940
==========================================================================================
