[CPU] torch.set_num_threads(10), interop=min(4, 10)
Using device: cpu
[INFO] Auto-computed BALANCED class weights (to prevent class collapse):
  Circulation  (  367 samples): 0.780
  Epigenetics  (  157 samples): 1.823
  Target       (  293 samples): 0.977
  Genetics     (  681 samples): 0.420
  [NOTE] Higher weights for minority classes to prevent model from only predicting majority class
[INFO] Using v2.0_495m383D dataset:
  miRNAs: 495
  Diseases: 383
  Expected associations: ~1498
  Types: 4 (Circulation, Epigenetics, Target, Genetics)

================================================================================
Configuration Summary
================================================================================
Dataset: v2.0_495m383D
Data Path: ./
Model: HeterogenousGraphCLAMIR
  - HGT Layers: 2
  - Attention Heads: 4
  - Association Types: 4
  - Inter-view CL: Enabled
    - Weight: 0.3
    - Temperature: 0.5
    - Margin: 0.5

Training:
  - Epochs: 650
  - Learning Rate: 0.0001
  - Dropout: 0.3
  - Weight Decay: 5e-05
  - Focal Loss: Enabled

Evaluation:
  - Cross-Validation Folds: 5
  - Primary Metric: AUPR

Device: cpu
Random Seed: 42
================================================================================

[SEED] Re-seeded với args.seed = 42
[P10 deterministic] torch.use_deterministic_algorithms(True, warn_only=True) đã bật.
[P10 manifest] Ghi provenance → results/manifests\manifest_v2.0_495m383D_seed42_20260724_015518.json  (leakage_free=True, cv_scheme=full)
🚀 Running with comprehensive evaluation including Top-1 metrics...
🎯 Loading dual-view data...
Starting dual-view data preparation with new file format...
Loading all similarity and feature files from v2.0_495m383D...
✅ Loaded disease semantic similarity from D_SSM1.txt: (383, 383)
✅ Loaded miRNA functional similarity from M_FSM.txt: (495, 495)
✅ Loaded multi-type association pairs from ./v2.0_495m383D\multi_all_mirna_disease_pairs_without_negative.csv: (1679, 3)
✅ Created multi-type association matrix: (495, 383)
📊 Multi-type Association Statistics:
   无关联 (No association): 188087 pairs (99.21%)
   循环类型 (Circulation): 367 pairs (0.19%)
   表观遗传学 (Epigenetics): 157 pairs (0.08%)
   靶标类型 (Target): 293 pairs (0.15%)
   遗传学类型 (Genetics): 681 pairs (0.36%)
✅ Created association matrix from CSV: (495, 383)
✅ Loaded disease-gene features from D_SSM2.txt: torch.Size([383, 383])
✅ Loaded miRNA View-1 features from M_GSM.txt (=GIP): torch.Size([495, 495])
Processing integrated similarity matrices...
Loaded similarity matrices from cache
Processing indices...
Loaded indices from cache (seed=42)
✅ Dual-view data preparation completed in 0.42 seconds

============================================================
🎯 DUAL-VIEW CONFIGURATION SUMMARY (v2.0_495m383D)
============================================================
miRNA Dual Views:
  📊 View 1 (Sequence): M_GSM.txt torch.Size([495, 495])
  📊 View 2 (Function): M_FSM.txt torch.Size([495, 495])

Disease Dual Views:
  📊 View 1 (Gene): D_SSM2.txt torch.Size([383, 383])
  📊 View 2 (Semantic): D_SSM1.txt torch.Size([383, 383])

Association Matrix: torch.Size([495, 383])
Data source: v2.0_495m383D (495 miRNAs × 383 Diseases)
============================================================
Preloading dual-view data to device...
✅ Loaded disease-gene features to device: torch.Size([383, 383])
✅ Loaded miRNA-sequence features to device: torch.Size([495, 495])
✅ Loaded disease semantic similarity to device: torch.Size([383, 383])
✅ Loaded miRNA functional similarity to device: torch.Size([495, 495])
✅ Dual-view data preloading completed in 0.00 seconds
OptimizedDataset initialized with 5 folds
Using device: cpu
=== Cross Validation Fold 1/5 ===
Using hidden dimensions: [256, 256] with 4 attention heads
优化模型初始化: miRNA数量 = 495, 疾病数量 = 383
   节点维度: 256 → 128
   类型数量: 4
   Temperature: 2.0 (可学习)
   Loss mode: two_head
   loss_mode=two_head
   exist_weight=0.300, type_weight=0.700

✅ SimplifiedMultiTypeAssociationLoss 初始化 (改进版)
   类别权重 (beta=0.99999): ['0.780', '1.822', '0.977', '0.421']
Original positive index shape: torch.Size([1198, 2])
Original negative index shape: torch.Size([150469, 2])
采样后负样本数量: 11980
[B4 leakage_free] Masked 300 test-positive entries khỏi input association matrix trước khi dựng hypergraph. (P7 verify: 0/300 test cell còn khác 0)
🎯 Building TRUE DUAL VIEWS from four different sources...
[P7 leakage_free] Recomputed miRNA GIP (m_ss) từ association ĐÃ MASK (495, 495) — miRNA View 1 không còn chứa test-edge (nguồn rò rỉ còn lại duy nhất trong nhánh chính, theo audit F1).
📊 Data sources loaded:
  Disease semantic: torch.Size([383, 383])
  miRNA functional: torch.Size([495, 495])
  Disease-gene: torch.Size([383, 383])
  miRNA-sequence: torch.Size([495, 495])
🧬 Building miRNA dual-view hypergraphs...
  📊 miRNA View 1 (Sequence): torch.Size([495, 878])
  📊 miRNA View 2 (Function): torch.Size([495, 878])
🦠 Building disease dual-view hypergraphs...
  📊 Disease View 1 (Gene): torch.Size([383, 878])
  📊 Disease View 2 (Semantic): torch.Size([383, 878])
✅ Successfully built TRUE DUAL VIEWS:
   🧬 miRNA: Sequence Features (m_ss.xlsx) vs Functional Similarity (mi_fun_sim_2.0.csv)
   🦠 Disease: Gene Features (d_gs.xlsx) vs Semantic Similarity (dis_sem_sim_2.0.csv)

🔧 Epoch 1 梯度检查:
================================================================================

  参数名称                              梯度范数         梯度均值 状态             
  ----------------------------------------------------------------------
  type_relations                0.061649     0.001947 ✅ 正常           
  exist_relation                0.139923     0.007844 ✅ 正常           
  mi_proj_layer0                0.466725     0.001298 ✅ 正常           
  dis_proj_layer0               0.456717     0.001453 ✅ 正常           
================================================================================

Epoch 1, Total Loss: 20.4751, Recover Loss: 1.0660, miRNA CL: 9.2156, Disease CL: 8.4326, Inter-view (est): 4.0727, Recon Loss: 1.4630, Time: 1.66s
[INFO] Hypergraph updated at epoch 5
[INFO] Hypergraph updated at epoch 10
[INFO] Hypergraph updated at epoch 15
[INFO] Hypergraph updated at epoch 20
[INFO] Hypergraph updated at epoch 25
[INFO] Hypergraph updated at epoch 30
[INFO] Hypergraph updated at epoch 35
[INFO] Hypergraph updated at epoch 40
[INFO] Hypergraph updated at epoch 45
[INFO] Hypergraph updated at epoch 50

🔧 Epoch 50 梯度检查:
================================================================================

  参数名称                              梯度范数         梯度均值 状态             
  ----------------------------------------------------------------------
  type_relations                0.074848     0.002135 ✅ 正常           
  exist_relation                0.015545     0.000892 ✅ 正常           
  mi_proj_layer0                0.022992     0.000081 ✅ 正常           
  dis_proj_layer0               0.022700     0.000083 ✅ 正常           
================================================================================

Epoch 50, Total Loss: 16.9727, Recover Loss: 1.0056, miRNA CL: 7.9186, Disease CL: 7.6636, Inter-view (est): 3.5959, Recon Loss: 0.1040, Time: 98.42s
[INFO] Hypergraph updated at epoch 100

🔧 Epoch 100 梯度检查:
================================================================================

  参数名称                              梯度范数         梯度均值 状态             
  ----------------------------------------------------------------------
  type_relations                0.172270     0.003455 ✅ 正常           
  exist_relation                0.013310     0.000632 ✅ 正常           
  mi_proj_layer0                0.025318     0.000082 ✅ 正常           
  dis_proj_layer0               0.025649     0.000088 ✅ 正常           
================================================================================

Epoch 100, Total Loss: 15.5767, Recover Loss: 0.9706, miRNA CL: 7.4768, Disease CL: 6.8384, Inter-view (est): 3.3035, Recon Loss: 0.0302, Time: 153.59s
[INFO] Hypergraph updated at epoch 150

🔧 Epoch 150 梯度检查:
================================================================================

  参数名称                              梯度范数         梯度均值 状态             
  ----------------------------------------------------------------------
  type_relations                0.232196     0.003986 ✅ 正常           
  exist_relation                0.023497     0.000835 ✅ 正常           
  mi_proj_layer0                0.025855     0.000083 ✅ 正常           
  dis_proj_layer0               0.027119     0.000092 ✅ 正常           
================================================================================

Epoch 150, Total Loss: 14.9123, Recover Loss: 0.9208, miRNA CL: 7.1755, Disease CL: 6.5371, Inter-view (est): 3.1645, Recon Loss: 0.0282, Time: 207.67s
[INFO] Hypergraph updated at epoch 200

🔧 Epoch 200 梯度检查:
================================================================================

  参数名称                              梯度范数         梯度均值 状态             
  ----------------------------------------------------------------------
  type_relations                0.216020     0.003820 ✅ 正常           
  exist_relation                0.026069     0.000913 ✅ 正常           
  mi_proj_layer0                0.022819     0.000077 ✅ 正常           
  dis_proj_layer0               0.024264     0.000083 ✅ 正常           
================================================================================

Epoch 200, Total Loss: 14.7515, Recover Loss: 0.9026, miRNA CL: 7.1138, Disease CL: 6.4597, Inter-view (est): 3.1323, Recon Loss: 0.0286, Time: 262.35s
[INFO] Hypergraph updated at epoch 250

🔧 Epoch 250 梯度检查:
================================================================================

  参数名称                              梯度范数         梯度均值 状态             
  ----------------------------------------------------------------------
  type_relations                0.213534     0.003839 ✅ 正常           
  exist_relation                0.019534     0.000718 ✅ 正常           
  mi_proj_layer0                0.022050     0.000073 ✅ 正常           
  dis_proj_layer0               0.025987     0.000086 ✅ 正常           
================================================================================

Epoch 250, Total Loss: 14.6243, Recover Loss: 0.8817, miRNA CL: 7.0670, Disease CL: 6.4040, Inter-view (est): 3.1087, Recon Loss: 0.0277, Time: 316.81s
[INFO] Hypergraph updated at epoch 300

🔧 Epoch 300 梯度检查:
================================================================================

  参数名称                              梯度范数         梯度均值 状态             
  ----------------------------------------------------------------------
  type_relations                0.223891     0.003829 ✅ 正常           
  exist_relation                0.019059     0.000713 ✅ 正常           
  mi_proj_layer0                0.025038     0.000075 ✅ 正常           
  dis_proj_layer0               0.025103     0.000081 ✅ 正常           
================================================================================

Epoch 300, Total Loss: 14.4996, Recover Loss: 0.8551, miRNA CL: 7.0228, Disease CL: 6.3535, Inter-view (est): 3.0868, Recon Loss: 0.0273, Time: 371.12s
[INFO] Hypergraph updated at epoch 350

🔧 Epoch 350 梯度检查:
================================================================================

  参数名称                              梯度范数         梯度均值 状态             
  ----------------------------------------------------------------------
  type_relations                0.202286     0.003462 ✅ 正常           
  exist_relation                0.019992     0.000719 ✅ 正常           
  mi_proj_layer0                0.022265     0.000069 ✅ 正常           
  dis_proj_layer0               0.025251     0.000078 ✅ 正常           
================================================================================

Epoch 350, Total Loss: 14.4105, Recover Loss: 0.8398, miRNA CL: 6.9933, Disease CL: 6.3124, Inter-view (est): 3.0705, Recon Loss: 0.0271, Time: 425.02s
[INFO] Hypergraph updated at epoch 400

🔧 Epoch 400 梯度检查:
================================================================================

  参数名称                              梯度范数         梯度均值 状态             
  ----------------------------------------------------------------------
  type_relations                0.208614     0.003430 ✅ 正常           
  exist_relation                0.026169     0.000870 ✅ 正常           
  mi_proj_layer0                0.020269     0.000065 ✅ 正常           
  dis_proj_layer0               0.023335     0.000074 ✅ 正常           
================================================================================

Epoch 400, Total Loss: 14.3184, Recover Loss: 0.8228, miRNA CL: 6.9496, Disease CL: 6.2839, Inter-view (est): 3.0539, Recon Loss: 0.0266, Time: 479.35s
[INFO] Hypergraph updated at epoch 450

🔧 Epoch 450 梯度检查:
================================================================================

  参数名称                              梯度范数         梯度均值 状态             
  ----------------------------------------------------------------------
  type_relations                0.170016     0.002821 ✅ 正常           
  exist_relation                0.029234     0.001045 ✅ 正常           
  mi_proj_layer0                0.019998     0.000062 ✅ 正常           
  dis_proj_layer0               0.019899     0.000064 ✅ 正常           
================================================================================

Epoch 450, Total Loss: 14.2438, Recover Loss: 0.8165, miRNA CL: 6.9130, Disease CL: 6.2550, Inter-view (est): 3.0388, Recon Loss: 0.0264, Time: 533.42s
[INFO] Hypergraph updated at epoch 500

🔧 Epoch 500 梯度检查:
================================================================================

  参数名称                              梯度范数         梯度均值 状态             
  ----------------------------------------------------------------------
  type_relations                0.157429     0.002589 ✅ 正常           
  exist_relation                0.026445     0.000835 ✅ 正常           
  mi_proj_layer0                0.020582     0.000062 ✅ 正常           
  dis_proj_layer0               0.020063     0.000063 ✅ 正常           
================================================================================

Epoch 500, Total Loss: 14.1557, Recover Loss: 0.7970, miRNA CL: 6.8761, Disease CL: 6.2263, Inter-view (est): 3.0236, Recon Loss: 0.0262, Time: 587.75s
[INFO] Hypergraph updated at epoch 550

🔧 Epoch 550 梯度检查:
================================================================================

  参数名称                              梯度范数         梯度均值 状态             
  ----------------------------------------------------------------------
  type_relations                0.129901     0.002188 ✅ 正常           
  exist_relation                0.022199     0.000853 ✅ 正常           
  mi_proj_layer0                0.020068     0.000058 ✅ 正常           
  dis_proj_layer0               0.018177     0.000057 ✅ 正常           
================================================================================

Epoch 550, Total Loss: 14.0792, Recover Loss: 0.7853, miRNA CL: 6.8430, Disease CL: 6.1979, Inter-view (est): 3.0095, Recon Loss: 0.0259, Time: 642.51s
[INFO] Hypergraph updated at epoch 600

🔧 Epoch 600 梯度检查:
================================================================================

  参数名称                              梯度范数         梯度均值 状态             
  ----------------------------------------------------------------------
  type_relations                0.121231     0.002074 ✅ 正常           
  exist_relation                0.021546     0.000697 ✅ 正常           
  mi_proj_layer0                0.022702     0.000061 ✅ 正常           
  dis_proj_layer0               0.021191     0.000061 ✅ 正常           
================================================================================

Epoch 600, Total Loss: 14.0087, Recover Loss: 0.7759, miRNA CL: 6.8131, Disease CL: 6.1702, Inter-view (est): 2.9961, Recon Loss: 0.0253, Time: 696.53s
[INFO] Hypergraph updated at epoch 650

🔧 Epoch 650 梯度检查:
================================================================================

  参数名称                              梯度范数         梯度均值 状态             
  ----------------------------------------------------------------------
  type_relations                0.115989     0.002035 ✅ 正常           
  exist_relation                0.021938     0.000748 ✅ 正常           
  mi_proj_layer0                0.023084     0.000063 ✅ 正常           
  dis_proj_layer0               0.024898     0.000071 ✅ 正常           
================================================================================

Epoch 650, Total Loss: 13.9586, Recover Loss: 0.7723, miRNA CL: 6.7917, Disease CL: 6.1464, Inter-view (est): 2.9857, Recon Loss: 0.0267, Time: 751.40s

================================================================================
Training completed. Running final test...
================================================================================
Fold 1 completed - AUC: 0.9441, Top-1 F1: 0.5502
Fold 1 training time: 752.64 seconds
=== Cross Validation Fold 2/5 ===
Using hidden dimensions: [256, 256] with 4 attention heads
优化模型初始化: miRNA数量 = 495, 疾病数量 = 383
   节点维度: 256 → 128
   类型数量: 4
   Temperature: 2.0 (可学习)
   Loss mode: two_head
   loss_mode=two_head
   exist_weight=0.300, type_weight=0.700

✅ SimplifiedMultiTypeAssociationLoss 初始化 (改进版)
   类别权重 (beta=0.99999): ['0.780', '1.822', '0.977', '0.421']
Original positive index shape: torch.Size([1198, 2])
Original negative index shape: torch.Size([150469, 2])
采样后负样本数量: 11980
[B4 leakage_free] Masked 300 test-positive entries khỏi input association matrix trước khi dựng hypergraph. (P7 verify: 0/300 test cell còn khác 0)
🎯 Building TRUE DUAL VIEWS from four different sources...
[P7 leakage_free] Recomputed miRNA GIP (m_ss) từ association ĐÃ MASK (495, 495) — miRNA View 1 không còn chứa test-edge (nguồn rò rỉ còn lại duy nhất trong nhánh chính, theo audit F1).
📊 Data sources loaded:
  Disease semantic: torch.Size([383, 383])
  miRNA functional: torch.Size([495, 495])
  Disease-gene: torch.Size([383, 383])
  miRNA-sequence: torch.Size([495, 495])
🧬 Building miRNA dual-view hypergraphs...
  📊 miRNA View 1 (Sequence): torch.Size([495, 878])
  📊 miRNA View 2 (Function): torch.Size([495, 878])
🦠 Building disease dual-view hypergraphs...
  📊 Disease View 1 (Gene): torch.Size([383, 878])
  📊 Disease View 2 (Semantic): torch.Size([383, 878])
✅ Successfully built TRUE DUAL VIEWS:
   🧬 miRNA: Sequence Features (m_ss.xlsx) vs Functional Similarity (mi_fun_sim_2.0.csv)
   🦠 Disease: Gene Features (d_gs.xlsx) vs Semantic Similarity (dis_sem_sim_2.0.csv)

🔧 Epoch 1 梯度检查:
================================================================================

  参数名称                              梯度范数         梯度均值 状态             
  ----------------------------------------------------------------------
  type_relations                0.061446     0.001752 ✅ 正常           
  exist_relation                0.123905     0.007891 ✅ 正常           
  mi_proj_layer0                0.344665     0.001174 ✅ 正常           
  dis_proj_layer0               0.399043     0.001299 ✅ 正常           
================================================================================

Epoch 1, Total Loss: 20.2646, Recover Loss: 1.0606, miRNA CL: 9.1015, Disease CL: 8.4155, Inter-view (est): 4.0424, Recon Loss: 1.3891, Time: 1.12s
[INFO] Hypergraph updated at epoch 5
[INFO] Hypergraph updated at epoch 10
[INFO] Hypergraph updated at epoch 15
[INFO] Hypergraph updated at epoch 20
[INFO] Hypergraph updated at epoch 25
[INFO] Hypergraph updated at epoch 30
[INFO] Hypergraph updated at epoch 35
[INFO] Hypergraph updated at epoch 40
[INFO] Hypergraph updated at epoch 45
[INFO] Hypergraph updated at epoch 50

🔧 Epoch 50 梯度检查:
================================================================================

  参数名称                              梯度范数         梯度均值 状态             
  ----------------------------------------------------------------------
  type_relations                0.090179     0.002219 ✅ 正常           
  exist_relation                0.027398     0.001257 ✅ 正常           
  mi_proj_layer0                0.023867     0.000088 ✅ 正常           
  dis_proj_layer0               0.026527     0.000090 ✅ 正常           
================================================================================

Epoch 50, Total Loss: 16.9470, Recover Loss: 1.0027, miRNA CL: 7.9482, Disease CL: 7.6113, Inter-view (est): 3.5907, Recon Loss: 0.1045, Time: 87.28s
[INFO] Hypergraph updated at epoch 100

🔧 Epoch 100 梯度检查:
================================================================================

  参数名称                              梯度范数         梯度均值 状态             
  ----------------------------------------------------------------------
  type_relations                0.208562     0.003924 ✅ 正常           
  exist_relation                0.030079     0.000930 ✅ 正常           
  mi_proj_layer0                0.024632     0.000086 ✅ 正常           
  dis_proj_layer0               0.032071     0.000107 ✅ 正常           
================================================================================

Epoch 100, Total Loss: 15.6448, Recover Loss: 0.9662, miRNA CL: 7.4988, Disease CL: 6.8864, Inter-view (est): 3.3197, Recon Loss: 0.0327, Time: 141.66s
[INFO] Hypergraph updated at epoch 150

🔧 Epoch 150 梯度检查:
================================================================================

  参数名称                              梯度范数         梯度均值 状态             
  ----------------------------------------------------------------------
  type_relations                0.251840     0.004301 ✅ 正常           
  exist_relation                0.043864     0.001133 ✅ 正常           
  mi_proj_layer0                0.022019     0.000077 ✅ 正常           
  dis_proj_layer0               0.028907     0.000097 ✅ 正常           
================================================================================

Epoch 150, Total Loss: 15.0119, Recover Loss: 0.9293, miRNA CL: 7.1736, Disease CL: 6.6259, Inter-view (est): 3.1845, Recon Loss: 0.0308, Time: 194.16s
[INFO] Hypergraph updated at epoch 200

🔧 Epoch 200 梯度检查:
================================================================================

  参数名称                              梯度范数         梯度均值 状态             
  ----------------------------------------------------------------------
  type_relations                0.232184     0.003950 ✅ 正常           
  exist_relation                0.056175     0.001316 ✅ 正常           
  mi_proj_layer0                0.022755     0.000075 ✅ 正常           
  dis_proj_layer0               0.025885     0.000086 ✅ 正常           
================================================================================

Epoch 200, Total Loss: 14.8326, Recover Loss: 0.9111, miRNA CL: 7.1040, Disease CL: 6.5377, Inter-view (est): 3.1481, Recon Loss: 0.0304, Time: 246.36s
[INFO] Hypergraph updated at epoch 250

🔧 Epoch 250 梯度检查:
================================================================================

  参数名称                              梯度范数         梯度均值 状态             
  ----------------------------------------------------------------------
  type_relations                0.248091     0.003971 ✅ 正常           
  exist_relation                0.029071     0.000894 ✅ 正常           
  mi_proj_layer0                0.022026     0.000074 ✅ 正常           
  dis_proj_layer0               0.026570     0.000087 ✅ 正常           
================================================================================

Epoch 250, Total Loss: 14.6968, Recover Loss: 0.8945, miRNA CL: 7.0590, Disease CL: 6.4673, Inter-view (est): 3.1215, Recon Loss: 0.0291, Time: 298.43s
[INFO] Hypergraph updated at epoch 300

🔧 Epoch 300 梯度检查:
================================================================================

  参数名称                              梯度范数         梯度均值 状态             
  ----------------------------------------------------------------------
  type_relations                0.234751     0.003831 ✅ 正常           
  exist_relation                0.041874     0.001206 ✅ 正常           
  mi_proj_layer0                0.020816     0.000069 ✅ 正常           
  dis_proj_layer0               0.025774     0.000085 ✅ 正常           
================================================================================

Epoch 300, Total Loss: 14.5941, Recover Loss: 0.8767, miRNA CL: 7.0330, Disease CL: 6.4107, Inter-view (est): 3.1024, Recon Loss: 0.0293, Time: 350.04s
[INFO] Hypergraph updated at epoch 350

🔧 Epoch 350 梯度检查:
================================================================================

  参数名称                              梯度范数         梯度均值 状态             
  ----------------------------------------------------------------------
  type_relations                0.234882     0.003907 ✅ 正常           
  exist_relation                0.022673     0.000778 ✅ 正常           
  mi_proj_layer0                0.022508     0.000072 ✅ 正常           
  dis_proj_layer0               0.026587     0.000083 ✅ 正常           
================================================================================

Epoch 350, Total Loss: 14.5043, Recover Loss: 0.8643, miRNA CL: 7.0001, Disease CL: 6.3695, Inter-view (est): 3.0853, Recon Loss: 0.0281, Time: 402.82s
[INFO] Hypergraph updated at epoch 400

🔧 Epoch 400 梯度检查:
================================================================================

  参数名称                              梯度范数         梯度均值 状态             
  ----------------------------------------------------------------------
  type_relations                0.219606     0.003499 ✅ 正常           
  exist_relation                0.023604     0.000728 ✅ 正常           
  mi_proj_layer0                0.023424     0.000074 ✅ 正常           
  dis_proj_layer0               0.025649     0.000081 ✅ 正常           
================================================================================

Epoch 400, Total Loss: 14.4233, Recover Loss: 0.8448, miRNA CL: 6.9733, Disease CL: 6.3369, Inter-view (est): 3.0716, Recon Loss: 0.0280, Time: 454.96s
[INFO] Hypergraph updated at epoch 450

🔧 Epoch 450 梯度检查:
================================================================================

  参数名称                              梯度范数         梯度均值 状态             
  ----------------------------------------------------------------------
  type_relations                0.207800     0.003428 ✅ 正常           
  exist_relation                0.026425     0.000819 ✅ 正常           
  mi_proj_layer0                0.022200     0.000069 ✅ 正常           
  dis_proj_layer0               0.025221     0.000080 ✅ 正常           
================================================================================

Epoch 450, Total Loss: 14.3518, Recover Loss: 0.8293, miRNA CL: 6.9483, Disease CL: 6.3078, Inter-view (est): 3.0591, Recon Loss: 0.0282, Time: 507.62s
[INFO] Hypergraph updated at epoch 500

🔧 Epoch 500 梯度检查:
================================================================================

  参数名称                              梯度范数         梯度均值 状态             
  ----------------------------------------------------------------------
  type_relations                0.189178     0.003141 ✅ 正常           
  exist_relation                0.025749     0.000803 ✅ 正常           
  mi_proj_layer0                0.023216     0.000069 ✅ 正常           
  dis_proj_layer0               0.025877     0.000076 ✅ 正常           
================================================================================

Epoch 500, Total Loss: 14.2863, Recover Loss: 0.8176, miRNA CL: 6.9248, Disease CL: 6.2809, Inter-view (est): 3.0475, Recon Loss: 0.0270, Time: 559.66s
[INFO] Hypergraph updated at epoch 550

🔧 Epoch 550 梯度检查:
================================================================================

  参数名称                              梯度范数         梯度均值 状态             
  ----------------------------------------------------------------------
  type_relations                0.165995     0.002715 ✅ 正常           
  exist_relation                0.030723     0.000964 ✅ 正常           
  mi_proj_layer0                0.020684     0.000063 ✅ 正常           
  dis_proj_layer0               0.022831     0.000070 ✅ 正常           
================================================================================

Epoch 550, Total Loss: 14.2208, Recover Loss: 0.8045, miRNA CL: 6.9002, Disease CL: 6.2553, Inter-view (est): 3.0359, Recon Loss: 0.0272, Time: 611.65s
[INFO] Hypergraph updated at epoch 600

🔧 Epoch 600 梯度检查:
================================================================================

  参数名称                              梯度范数         梯度均值 状态             
  ----------------------------------------------------------------------
  type_relations                0.156280     0.002542 ✅ 正常           
  exist_relation                0.015296     0.000551 ✅ 正常           
  mi_proj_layer0                0.022883     0.000065 ✅ 正常           
  dis_proj_layer0               0.023416     0.000068 ✅ 正常           
================================================================================

Epoch 600, Total Loss: 14.1772, Recover Loss: 0.8005, miRNA CL: 6.8858, Disease CL: 6.2329, Inter-view (est): 3.0274, Recon Loss: 0.0265, Time: 663.73s
[INFO] Hypergraph updated at epoch 650

🔧 Epoch 650 梯度检查:
================================================================================

  参数名称                              梯度范数         梯度均值 状态             
  ----------------------------------------------------------------------
  type_relations                0.133796     0.002213 ✅ 正常           
  exist_relation                0.026323     0.000773 ✅ 正常           
  mi_proj_layer0                0.020224     0.000059 ✅ 正常           
  dis_proj_layer0               0.021474     0.000062 ✅ 正常           
================================================================================

Epoch 650, Total Loss: 14.1206, Recover Loss: 0.7852, miRNA CL: 6.8668, Disease CL: 6.2130, Inter-view (est): 3.0184, Recon Loss: 0.0263, Time: 716.01s

================================================================================
Training completed. Running final test...
================================================================================
Fold 2 completed - AUC: 0.9386, Top-1 F1: 0.5637
Fold 2 training time: 716.91 seconds
=== Cross Validation Fold 3/5 ===
Using hidden dimensions: [256, 256] with 4 attention heads
优化模型初始化: miRNA数量 = 495, 疾病数量 = 383
   节点维度: 256 → 128
   类型数量: 4
   Temperature: 2.0 (可学习)
   Loss mode: two_head
   loss_mode=two_head
   exist_weight=0.300, type_weight=0.700

✅ SimplifiedMultiTypeAssociationLoss 初始化 (改进版)
   类别权重 (beta=0.99999): ['0.780', '1.822', '0.977', '0.421']
Original positive index shape: torch.Size([1198, 2])
Original negative index shape: torch.Size([150470, 2])
采样后负样本数量: 11980
[B4 leakage_free] Masked 300 test-positive entries khỏi input association matrix trước khi dựng hypergraph. (P7 verify: 0/300 test cell còn khác 0)
🎯 Building TRUE DUAL VIEWS from four different sources...
[P7 leakage_free] Recomputed miRNA GIP (m_ss) từ association ĐÃ MASK (495, 495) — miRNA View 1 không còn chứa test-edge (nguồn rò rỉ còn lại duy nhất trong nhánh chính, theo audit F1).
📊 Data sources loaded:
  Disease semantic: torch.Size([383, 383])
  miRNA functional: torch.Size([495, 495])
  Disease-gene: torch.Size([383, 383])
  miRNA-sequence: torch.Size([495, 495])
🧬 Building miRNA dual-view hypergraphs...
  📊 miRNA View 1 (Sequence): torch.Size([495, 878])
  📊 miRNA View 2 (Function): torch.Size([495, 878])
🦠 Building disease dual-view hypergraphs...
  📊 Disease View 1 (Gene): torch.Size([383, 878])
  📊 Disease View 2 (Semantic): torch.Size([383, 878])
✅ Successfully built TRUE DUAL VIEWS:
   🧬 miRNA: Sequence Features (m_ss.xlsx) vs Functional Similarity (mi_fun_sim_2.0.csv)
   🦠 Disease: Gene Features (d_gs.xlsx) vs Semantic Similarity (dis_sem_sim_2.0.csv)

🔧 Epoch 1 梯度检查:
================================================================================

  参数名称                              梯度范数         梯度均值 状态             
  ----------------------------------------------------------------------
  type_relations                0.048834     0.001581 ✅ 正常           
  exist_relation                0.255656     0.014304 ✅ 正常           
  mi_proj_layer0                0.796056     0.002431 ✅ 正常           
  dis_proj_layer0               0.831517     0.002489 ✅ 正常           
================================================================================

Epoch 1, Total Loss: 20.0968, Recover Loss: 1.0825, miRNA CL: 8.9202, Disease CL: 8.4158, Inter-view (est): 4.0006, Recon Loss: 1.3802, Time: 1.11s
[INFO] Hypergraph updated at epoch 5
[INFO] Hypergraph updated at epoch 10
[INFO] Hypergraph updated at epoch 15
[INFO] Hypergraph updated at epoch 20
[INFO] Hypergraph updated at epoch 25
[INFO] Hypergraph updated at epoch 30
[INFO] Hypergraph updated at epoch 35
[INFO] Hypergraph updated at epoch 40
[INFO] Hypergraph updated at epoch 45
[INFO] Hypergraph updated at epoch 50

🔧 Epoch 50 梯度检查:
================================================================================

  参数名称                              梯度范数         梯度均值 状态             
  ----------------------------------------------------------------------
  type_relations                0.072632     0.002036 ✅ 正常           
  exist_relation                0.014822     0.000852 ✅ 正常           
  mi_proj_layer0                0.020548     0.000077 ✅ 正常           
  dis_proj_layer0               0.023424     0.000088 ✅ 正常           
================================================================================

Epoch 50, Total Loss: 16.8321, Recover Loss: 1.0035, miRNA CL: 7.9188, Disease CL: 7.5424, Inter-view (est): 3.5680, Recon Loss: 0.0858, Time: 84.55s
[INFO] Hypergraph updated at epoch 100

🔧 Epoch 100 梯度检查:
================================================================================

  参数名称                              梯度范数         梯度均值 状态             
  ----------------------------------------------------------------------
  type_relations                0.177680     0.003374 ✅ 正常           
  exist_relation                0.025084     0.000741 ✅ 正常           
  mi_proj_layer0                0.022919     0.000079 ✅ 正常           
  dis_proj_layer0               0.027859     0.000092 ✅ 正常           
================================================================================

Epoch 100, Total Loss: 15.5836, Recover Loss: 0.9693, miRNA CL: 7.5092, Disease CL: 6.8122, Inter-view (est): 3.3050, Recon Loss: 0.0308, Time: 136.95s
[INFO] Hypergraph updated at epoch 150

🔧 Epoch 150 梯度检查:
================================================================================

  参数名称                              梯度范数         梯度均值 状态             
  ----------------------------------------------------------------------
  type_relations                0.202956     0.003720 ✅ 正常           
  exist_relation                0.012826     0.000538 ✅ 正常           
  mi_proj_layer0                0.023568     0.000079 ✅ 正常           
  dis_proj_layer0               0.025829     0.000089 ✅ 正常           
================================================================================

Epoch 150, Total Loss: 14.9530, Recover Loss: 0.9416, miRNA CL: 7.1758, Disease CL: 6.5532, Inter-view (est): 3.1682, Recon Loss: 0.0293, Time: 189.53s
[INFO] Hypergraph updated at epoch 200

🔧 Epoch 200 梯度检查:
================================================================================

  参数名称                              梯度范数         梯度均值 状态             
  ----------------------------------------------------------------------
  type_relations                0.225184     0.004195 ✅ 正常           
  exist_relation                0.022420     0.000776 ✅ 正常           
  mi_proj_layer0                0.021404     0.000077 ✅ 正常           
  dis_proj_layer0               0.026799     0.000093 ✅ 正常           
================================================================================

Epoch 200, Total Loss: 14.7703, Recover Loss: 0.9243, miRNA CL: 7.0938, Disease CL: 6.4733, Inter-view (est): 3.1309, Recon Loss: 0.0289, Time: 243.00s
[INFO] Hypergraph updated at epoch 250

🔧 Epoch 250 梯度检查:
================================================================================

  参数名称                              梯度范数         梯度均值 状态             
  ----------------------------------------------------------------------
  type_relations                0.244844     0.004261 ✅ 正常           
  exist_relation                0.023276     0.000805 ✅ 正常           
  mi_proj_layer0                0.021393     0.000072 ✅ 正常           
  dis_proj_layer0               0.026757     0.000091 ✅ 正常           
================================================================================

Epoch 250, Total Loss: 14.6273, Recover Loss: 0.9023, miRNA CL: 7.0387, Disease CL: 6.4100, Inter-view (est): 3.1036, Recon Loss: 0.0289, Time: 283.81s
[INFO] Hypergraph updated at epoch 300

🔧 Epoch 300 梯度检查:
================================================================================

  参数名称                              梯度范数         梯度均值 状态             
  ----------------------------------------------------------------------
  type_relations                0.234862     0.004072 ✅ 正常           
  exist_relation                0.030550     0.000957 ✅ 正常           
  mi_proj_layer0                0.024027     0.000080 ✅ 正常           
  dis_proj_layer0               0.028551     0.000094 ✅ 正常           
================================================================================

Epoch 300, Total Loss: 14.5152, Recover Loss: 0.8811, miRNA CL: 7.0033, Disease CL: 6.3573, Inter-view (est): 3.0832, Recon Loss: 0.0288, Time: 330.09s
[INFO] Hypergraph updated at epoch 350

🔧 Epoch 350 梯度检查:
================================================================================

  参数名称                              梯度范数         梯度均值 状态             
  ----------------------------------------------------------------------
  type_relations                0.228021     0.003873 ✅ 正常           
  exist_relation                0.030398     0.000983 ✅ 正常           
  mi_proj_layer0                0.022171     0.000071 ✅ 正常           
  dis_proj_layer0               0.026011     0.000085 ✅ 正常           
================================================================================

Epoch 350, Total Loss: 14.4027, Recover Loss: 0.8547, miRNA CL: 6.9659, Disease CL: 6.3120, Inter-view (est): 3.0641, Recon Loss: 0.0282, Time: 397.83s
[INFO] Hypergraph updated at epoch 400

🔧 Epoch 400 梯度检查:
================================================================================

  参数名称                              梯度范数         梯度均值 状态             
  ----------------------------------------------------------------------
  type_relations                0.206058     0.003464 ✅ 正常           
  exist_relation                0.031034     0.000930 ✅ 正常           
  mi_proj_layer0                0.023572     0.000074 ✅ 正常           
  dis_proj_layer0               0.023570     0.000076 ✅ 正常           
================================================================================

Epoch 400, Total Loss: 14.3010, Recover Loss: 0.8317, miRNA CL: 6.9303, Disease CL: 6.2724, Inter-view (est): 3.0468, Recon Loss: 0.0277, Time: 462.59s
[INFO] Hypergraph updated at epoch 450

🔧 Epoch 450 梯度检查:
================================================================================

  参数名称                              梯度范数         梯度均值 状态             
  ----------------------------------------------------------------------
  type_relations                0.180900     0.003038 ✅ 正常           
  exist_relation                0.031941     0.000972 ✅ 正常           
  mi_proj_layer0                0.018180     0.000058 ✅ 正常           
  dis_proj_layer0               0.023021     0.000070 ✅ 正常           
================================================================================

Epoch 450, Total Loss: 14.2418, Recover Loss: 0.8137, miRNA CL: 6.9275, Disease CL: 6.2376, Inter-view (est): 3.0381, Recon Loss: 0.0273, Time: 526.74s
[INFO] Hypergraph updated at epoch 500

🔧 Epoch 500 梯度检查:
================================================================================

  参数名称                              梯度范数         梯度均值 状态             
  ----------------------------------------------------------------------
  type_relations                0.180713     0.003111 ✅ 正常           
  exist_relation                0.025463     0.000732 ✅ 正常           
  mi_proj_layer0                0.026779     0.000076 ✅ 正常           
  dis_proj_layer0               0.025780     0.000077 ✅ 正常           
================================================================================

Epoch 500, Total Loss: 14.1718, Recover Loss: 0.8140, miRNA CL: 6.8817, Disease CL: 6.2161, Inter-view (est): 3.0226, Recon Loss: 0.0266, Time: 583.81s
[INFO] Hypergraph updated at epoch 550

🔧 Epoch 550 梯度检查:
================================================================================

  参数名称                              梯度范数         梯度均值 状态             
  ----------------------------------------------------------------------
  type_relations                0.130831     0.002181 ✅ 正常           
  exist_relation                0.037343     0.001020 ✅ 正常           
  mi_proj_layer0                0.017049     0.000054 ✅ 正常           
  dis_proj_layer0               0.019649     0.000059 ✅ 正常           
================================================================================

Epoch 550, Total Loss: 14.0978, Recover Loss: 0.7924, miRNA CL: 6.8547, Disease CL: 6.1931, Inter-view (est): 3.0110, Recon Loss: 0.0268, Time: 640.15s
[INFO] Hypergraph updated at epoch 600

🔧 Epoch 600 梯度检查:
================================================================================

  参数名称                              梯度范数         梯度均值 状态             
  ----------------------------------------------------------------------
  type_relations                0.130218     0.002226 ✅ 正常           
  exist_relation                0.025315     0.000773 ✅ 正常           
  mi_proj_layer0                0.020752     0.000060 ✅ 正常           
  dis_proj_layer0               0.023874     0.000067 ✅ 正常           
================================================================================

Epoch 600, Total Loss: 14.0410, Recover Loss: 0.7859, miRNA CL: 6.8299, Disease CL: 6.1707, Inter-view (est): 3.0001, Recon Loss: 0.0264, Time: 681.59s
[INFO] Hypergraph updated at epoch 650

🔧 Epoch 650 梯度检查:
================================================================================

  参数名称                              梯度范数         梯度均值 状态             
  ----------------------------------------------------------------------
  type_relations                0.122423     0.002056 ✅ 正常           
  exist_relation                0.018055     0.000602 ✅ 正常           
  mi_proj_layer0                0.016993     0.000051 ✅ 正常           
  dis_proj_layer0               0.020610     0.000060 ✅ 正常           
================================================================================

Epoch 650, Total Loss: 13.9817, Recover Loss: 0.7756, miRNA CL: 6.8068, Disease CL: 6.1479, Inter-view (est): 2.9895, Recon Loss: 0.0262, Time: 717.11s

================================================================================
Training completed. Running final test...
================================================================================
Fold 3 completed - AUC: 0.9361, Top-1 F1: 0.4932
Fold 3 training time: 717.82 seconds
=== Cross Validation Fold 4/5 ===
Using hidden dimensions: [256, 256] with 4 attention heads
优化模型初始化: miRNA数量 = 495, 疾病数量 = 383
   节点维度: 256 → 128
   类型数量: 4
   Temperature: 2.0 (可学习)
   Loss mode: two_head
   loss_mode=two_head
   exist_weight=0.300, type_weight=0.700

✅ SimplifiedMultiTypeAssociationLoss 初始化 (改进版)
   类别权重 (beta=0.99999): ['0.780', '1.822', '0.977', '0.421']
Original positive index shape: torch.Size([1199, 2])
Original negative index shape: torch.Size([150470, 2])
采样后负样本数量: 11990
[B4 leakage_free] Masked 299 test-positive entries khỏi input association matrix trước khi dựng hypergraph. (P7 verify: 0/299 test cell còn khác 0)
🎯 Building TRUE DUAL VIEWS from four different sources...
[P7 leakage_free] Recomputed miRNA GIP (m_ss) từ association ĐÃ MASK (495, 495) — miRNA View 1 không còn chứa test-edge (nguồn rò rỉ còn lại duy nhất trong nhánh chính, theo audit F1).
📊 Data sources loaded:
  Disease semantic: torch.Size([383, 383])
  miRNA functional: torch.Size([495, 495])
  Disease-gene: torch.Size([383, 383])
  miRNA-sequence: torch.Size([495, 495])
🧬 Building miRNA dual-view hypergraphs...
  📊 miRNA View 1 (Sequence): torch.Size([495, 878])
  📊 miRNA View 2 (Function): torch.Size([495, 878])
🦠 Building disease dual-view hypergraphs...
  📊 Disease View 1 (Gene): torch.Size([383, 878])
  📊 Disease View 2 (Semantic): torch.Size([383, 878])
✅ Successfully built TRUE DUAL VIEWS:
   🧬 miRNA: Sequence Features (m_ss.xlsx) vs Functional Similarity (mi_fun_sim_2.0.csv)
   🦠 Disease: Gene Features (d_gs.xlsx) vs Semantic Similarity (dis_sem_sim_2.0.csv)

🔧 Epoch 1 梯度检查:
================================================================================

  参数名称                              梯度范数         梯度均值 状态             
  ----------------------------------------------------------------------
  type_relations                0.053013     0.001684 ✅ 正常           
  exist_relation                0.209776     0.011789 ✅ 正常           
  mi_proj_layer0                0.687838     0.002063 ✅ 正常           
  dis_proj_layer0               0.671179     0.002126 ✅ 正常           
================================================================================

Epoch 1, Total Loss: 20.1871, Recover Loss: 1.0815, miRNA CL: 8.9436, Disease CL: 8.4487, Inter-view (est): 4.0136, Recon Loss: 1.4154, Time: 0.68s
[INFO] Hypergraph updated at epoch 5
[INFO] Hypergraph updated at epoch 10
[INFO] Hypergraph updated at epoch 15
[INFO] Hypergraph updated at epoch 20
[INFO] Hypergraph updated at epoch 25
[INFO] Hypergraph updated at epoch 30
[INFO] Hypergraph updated at epoch 35
[INFO] Hypergraph updated at epoch 40
[INFO] Hypergraph updated at epoch 45
[INFO] Hypergraph updated at epoch 50

🔧 Epoch 50 梯度检查:
================================================================================

  参数名称                              梯度范数         梯度均值 状态             
  ----------------------------------------------------------------------
  type_relations                0.077889     0.001934 ✅ 正常           
  exist_relation                0.020081     0.001076 ✅ 正常           
  mi_proj_layer0                0.025014     0.000086 ✅ 正常           
  dis_proj_layer0               0.027706     0.000099 ✅ 正常           
================================================================================

Epoch 50, Total Loss: 16.8969, Recover Loss: 1.0080, miRNA CL: 7.8883, Disease CL: 7.6454, Inter-view (est): 3.5847, Recon Loss: 0.0739, Time: 72.09s
[INFO] Hypergraph updated at epoch 100

🔧 Epoch 100 梯度检查:
================================================================================

  参数名称                              梯度范数         梯度均值 状态             
  ----------------------------------------------------------------------
  type_relations                0.187585     0.003311 ✅ 正常           
  exist_relation                0.025938     0.001004 ✅ 正常           
  mi_proj_layer0                0.023178     0.000080 ✅ 正常           
  dis_proj_layer0               0.027095     0.000090 ✅ 正常           
================================================================================

Epoch 100, Total Loss: 15.6265, Recover Loss: 0.9719, miRNA CL: 7.4724, Disease CL: 6.8907, Inter-view (est): 3.3146, Recon Loss: 0.0297, Time: 108.86s
[INFO] Hypergraph updated at epoch 150

🔧 Epoch 150 梯度检查:
================================================================================

  参数名称                              梯度范数         梯度均值 状态             
  ----------------------------------------------------------------------
  type_relations                0.224158     0.003930 ✅ 正常           
  exist_relation                0.022737     0.000863 ✅ 正常           
  mi_proj_layer0                0.026435     0.000088 ✅ 正常           
  dis_proj_layer0               0.031204     0.000105 ✅ 正常           
================================================================================

Epoch 150, Total Loss: 14.9706, Recover Loss: 0.9446, miRNA CL: 7.1619, Disease CL: 6.5846, Inter-view (est): 3.1723, Recon Loss: 0.0286, Time: 142.88s
[INFO] Hypergraph updated at epoch 200

🔧 Epoch 200 梯度检查:
================================================================================

  参数名称                              梯度范数         梯度均值 状态             
  ----------------------------------------------------------------------
  type_relations                0.269235     0.004619 ✅ 正常           
  exist_relation                0.024319     0.000870 ✅ 正常           
  mi_proj_layer0                0.026230     0.000087 ✅ 正常           
  dis_proj_layer0               0.028645     0.000098 ✅ 正常           
================================================================================

Epoch 200, Total Loss: 14.7947, Recover Loss: 0.9141, miRNA CL: 7.0969, Disease CL: 6.5072, Inter-view (est): 3.1394, Recon Loss: 0.0289, Time: 180.03s
[INFO] Hypergraph updated at epoch 250

🔧 Epoch 250 梯度检查:
================================================================================

  参数名称                              梯度范数         梯度均值 状态             
  ----------------------------------------------------------------------
  type_relations                0.255473     0.004239 ✅ 正常           
  exist_relation                0.031178     0.001019 ✅ 正常           
  mi_proj_layer0                0.025617     0.000082 ✅ 正常           
  dis_proj_layer0               0.026168     0.000090 ✅ 正常           
================================================================================

Epoch 250, Total Loss: 14.6487, Recover Loss: 0.8849, miRNA CL: 7.0470, Disease CL: 6.4441, Inter-view (est): 3.1133, Recon Loss: 0.0284, Time: 215.10s
[INFO] Hypergraph updated at epoch 300

🔧 Epoch 300 梯度检查:
================================================================================

  参数名称                              梯度范数         梯度均值 状态             
  ----------------------------------------------------------------------
  type_relations                0.251473     0.004185 ✅ 正常           
  exist_relation                0.024855     0.000904 ✅ 正常           
  mi_proj_layer0                0.023965     0.000078 ✅ 正常           
  dis_proj_layer0               0.025517     0.000090 ✅ 正常           
================================================================================

Epoch 300, Total Loss: 14.5430, Recover Loss: 0.8663, miRNA CL: 7.0167, Disease CL: 6.3911, Inter-view (est): 3.0941, Recon Loss: 0.0276, Time: 251.60s
[INFO] Hypergraph updated at epoch 350

🔧 Epoch 350 梯度检查:
================================================================================

  参数名称                              梯度范数         梯度均值 状态             
  ----------------------------------------------------------------------
  type_relations                0.217831     0.003753 ✅ 正常           
  exist_relation                0.027886     0.000979 ✅ 正常           
  mi_proj_layer0                0.021289     0.000069 ✅ 正常           
  dis_proj_layer0               0.024701     0.000082 ✅ 正常           
================================================================================

Epoch 350, Total Loss: 14.4414, Recover Loss: 0.8464, miRNA CL: 6.9815, Disease CL: 6.3470, Inter-view (est): 3.0758, Recon Loss: 0.0279, Time: 286.58s
[INFO] Hypergraph updated at epoch 400

🔧 Epoch 400 梯度检查:
================================================================================

  参数名称                              梯度范数         梯度均值 状态             
  ----------------------------------------------------------------------
  type_relations                0.203206     0.003597 ✅ 正常           
  exist_relation                0.028594     0.000934 ✅ 正常           
  mi_proj_layer0                0.027510     0.000081 ✅ 正常           
  dis_proj_layer0               0.030954     0.000093 ✅ 正常           
================================================================================

Epoch 400, Total Loss: 14.3538, Recover Loss: 0.8462, miRNA CL: 6.9383, Disease CL: 6.3067, Inter-view (est): 3.0566, Recon Loss: 0.0264, Time: 322.44s
[INFO] Hypergraph updated at epoch 450

🔧 Epoch 450 梯度检查:
================================================================================

  参数名称                              梯度范数         梯度均值 状态             
  ----------------------------------------------------------------------
  type_relations                0.172893     0.002806 ✅ 正常           
  exist_relation                0.022212     0.000784 ✅ 正常           
  mi_proj_layer0                0.020468     0.000063 ✅ 正常           
  dis_proj_layer0               0.020323     0.000067 ✅ 正常           
================================================================================

Epoch 450, Total Loss: 14.2540, Recover Loss: 0.8117, miRNA CL: 6.9102, Disease CL: 6.2716, Inter-view (est): 3.0419, Recon Loss: 0.0270, Time: 357.92s
[INFO] Hypergraph updated at epoch 500

🔧 Epoch 500 梯度检查:
================================================================================

  参数名称                              梯度范数         梯度均值 状态             
  ----------------------------------------------------------------------
  type_relations                0.156338     0.002521 ✅ 正常           
  exist_relation                0.020335     0.000758 ✅ 正常           
  mi_proj_layer0                0.018785     0.000058 ✅ 正常           
  dis_proj_layer0               0.019220     0.000062 ✅ 正常           
================================================================================

Epoch 500, Total Loss: 14.1805, Recover Loss: 0.8025, miRNA CL: 6.8825, Disease CL: 6.2379, Inter-view (est): 3.0278, Recon Loss: 0.0265, Time: 394.38s
[INFO] Hypergraph updated at epoch 550

🔧 Epoch 550 梯度检查:
================================================================================

  参数名称                              梯度范数         梯度均值 状态             
  ----------------------------------------------------------------------
  type_relations                0.141821     0.002407 ✅ 正常           
  exist_relation                0.027200     0.000960 ✅ 正常           
  mi_proj_layer0                0.020984     0.000062 ✅ 正常           
  dis_proj_layer0               0.020628     0.000062 ✅ 正常           
================================================================================

Epoch 550, Total Loss: 14.1102, Recover Loss: 0.7940, miRNA CL: 6.8551, Disease CL: 6.2061, Inter-view (est): 3.0141, Recon Loss: 0.0265, Time: 429.84s
[INFO] Hypergraph updated at epoch 600

🔧 Epoch 600 梯度检查:
================================================================================

  参数名称                              梯度范数         梯度均值 状态             
  ----------------------------------------------------------------------
  type_relations                0.115003     0.001871 ✅ 正常           
  exist_relation                0.015816     0.000581 ✅ 正常           
  mi_proj_layer0                0.020757     0.000061 ✅ 正常           
  dis_proj_layer0               0.020652     0.000063 ✅ 正常           
================================================================================

Epoch 600, Total Loss: 14.0431, Recover Loss: 0.7831, miRNA CL: 6.8314, Disease CL: 6.1767, Inter-view (est): 3.0019, Recon Loss: 0.0260, Time: 464.71s
[INFO] Hypergraph updated at epoch 650

🔧 Epoch 650 梯度检查:
================================================================================

  参数名称                              梯度范数         梯度均值 状态             
  ----------------------------------------------------------------------
  type_relations                0.129916     0.002176 ✅ 正常           
  exist_relation                0.014694     0.000560 ✅ 正常           
  mi_proj_layer0                0.019252     0.000056 ✅ 正常           
  dis_proj_layer0               0.020387     0.000061 ✅ 正常           
================================================================================

Epoch 650, Total Loss: 13.9891, Recover Loss: 0.7808, miRNA CL: 6.8082, Disease CL: 6.1510, Inter-view (est): 2.9906, Recon Loss: 0.0260, Time: 497.02s

================================================================================
Training completed. Running final test...
================================================================================
Fold 4 completed - AUC: 0.9275, Top-1 F1: 0.5080
Fold 4 training time: 497.55 seconds
=== Cross Validation Fold 5/5 ===
Using hidden dimensions: [256, 256] with 4 attention heads
优化模型初始化: miRNA数量 = 495, 疾病数量 = 383
   节点维度: 256 → 128
   类型数量: 4
   Temperature: 2.0 (可学习)
   Loss mode: two_head
   loss_mode=two_head
   exist_weight=0.300, type_weight=0.700

✅ SimplifiedMultiTypeAssociationLoss 初始化 (改进版)
   类别权重 (beta=0.99999): ['0.780', '1.822', '0.977', '0.421']
Original positive index shape: torch.Size([1199, 2])
Original negative index shape: torch.Size([150470, 2])
采样后负样本数量: 11990
[B4 leakage_free] Masked 299 test-positive entries khỏi input association matrix trước khi dựng hypergraph. (P7 verify: 0/299 test cell còn khác 0)
🎯 Building TRUE DUAL VIEWS from four different sources...
[P7 leakage_free] Recomputed miRNA GIP (m_ss) từ association ĐÃ MASK (495, 495) — miRNA View 1 không còn chứa test-edge (nguồn rò rỉ còn lại duy nhất trong nhánh chính, theo audit F1).
📊 Data sources loaded:
  Disease semantic: torch.Size([383, 383])
  miRNA functional: torch.Size([495, 495])
  Disease-gene: torch.Size([383, 383])
  miRNA-sequence: torch.Size([495, 495])
🧬 Building miRNA dual-view hypergraphs...
  📊 miRNA View 1 (Sequence): torch.Size([495, 878])
  📊 miRNA View 2 (Function): torch.Size([495, 878])
🦠 Building disease dual-view hypergraphs...
  📊 Disease View 1 (Gene): torch.Size([383, 878])
  📊 Disease View 2 (Semantic): torch.Size([383, 878])
✅ Successfully built TRUE DUAL VIEWS:
   🧬 miRNA: Sequence Features (m_ss.xlsx) vs Functional Similarity (mi_fun_sim_2.0.csv)
   🦠 Disease: Gene Features (d_gs.xlsx) vs Semantic Similarity (dis_sem_sim_2.0.csv)

🔧 Epoch 1 梯度检查:
================================================================================

  参数名称                              梯度范数         梯度均值 状态             
  ----------------------------------------------------------------------
  type_relations                0.056617     0.001750 ✅ 正常           
  exist_relation                0.100875     0.006281 ✅ 正常           
  mi_proj_layer0                0.267256     0.000883 ✅ 正常           
  dis_proj_layer0               0.295108     0.000987 ✅ 正常           
================================================================================

Epoch 1, Total Loss: 20.2403, Recover Loss: 1.0519, miRNA CL: 9.0366, Disease CL: 8.4411, Inter-view (est): 4.0333, Recon Loss: 1.4124, Time: 0.67s
[INFO] Hypergraph updated at epoch 5
[INFO] Hypergraph updated at epoch 10
[INFO] Hypergraph updated at epoch 15
[INFO] Hypergraph updated at epoch 20
[INFO] Hypergraph updated at epoch 25
[INFO] Hypergraph updated at epoch 30
[INFO] Hypergraph updated at epoch 35
[INFO] Hypergraph updated at epoch 40
[INFO] Hypergraph updated at epoch 45
[INFO] Hypergraph updated at epoch 50

🔧 Epoch 50 梯度检查:
================================================================================

  参数名称                              梯度范数         梯度均值 状态             
  ----------------------------------------------------------------------
  type_relations                0.083478     0.002284 ✅ 正常           
  exist_relation                0.010147     0.000673 ✅ 正常           
  mi_proj_layer0                0.019574     0.000071 ✅ 正常           
  dis_proj_layer0               0.021645     0.000078 ✅ 正常           
================================================================================

Epoch 50, Total Loss: 16.9305, Recover Loss: 1.0021, miRNA CL: 7.9361, Disease CL: 7.6376, Inter-view (est): 3.5939, Recon Loss: 0.0742, Time: 64.37s
[INFO] Hypergraph updated at epoch 100

🔧 Epoch 100 梯度检查:
================================================================================

  参数名称                              梯度范数         梯度均值 状态             
  ----------------------------------------------------------------------
  type_relations                0.196083     0.003598 ✅ 正常           
  exist_relation                0.015339     0.000673 ✅ 正常           
  mi_proj_layer0                0.022976     0.000081 ✅ 正常           
  dis_proj_layer0               0.030463     0.000099 ✅ 正常           
================================================================================

Epoch 100, Total Loss: 15.6802, Recover Loss: 0.9654, miRNA CL: 7.5199, Disease CL: 6.9040, Inter-view (est): 3.3286, Recon Loss: 0.0307, Time: 98.25s
[INFO] Hypergraph updated at epoch 150

🔧 Epoch 150 梯度检查:
================================================================================

  参数名称                              梯度范数         梯度均值 状态             
  ----------------------------------------------------------------------
  type_relations                0.263219     0.004240 ✅ 正常           
  exist_relation                0.027020     0.000871 ✅ 正常           
  mi_proj_layer0                0.022388     0.000069 ✅ 正常           
  dis_proj_layer0               0.029571     0.000094 ✅ 正常           
================================================================================

Epoch 150, Total Loss: 14.9341, Recover Loss: 0.9071, miRNA CL: 7.1807, Disease CL: 6.5684, Inter-view (est): 3.1729, Recon Loss: 0.0289, Time: 130.42s
[INFO] Hypergraph updated at epoch 200

🔧 Epoch 200 梯度检查:
================================================================================

  参数名称                              梯度范数         梯度均值 状态             
  ----------------------------------------------------------------------
  type_relations                0.248533     0.004070 ✅ 正常           
  exist_relation                0.024906     0.000829 ✅ 正常           
  mi_proj_layer0                0.020199     0.000067 ✅ 正常           
  dis_proj_layer0               0.024630     0.000081 ✅ 正常           
================================================================================

Epoch 200, Total Loss: 14.7739, Recover Loss: 0.9014, miRNA CL: 7.1058, Disease CL: 6.4913, Inter-view (est): 3.1378, Recon Loss: 0.0290, Time: 162.90s
[INFO] Hypergraph updated at epoch 250

🔧 Epoch 250 梯度检查:
================================================================================

  参数名称                              梯度范数         梯度均值 状态             
  ----------------------------------------------------------------------
  type_relations                0.222820     0.003654 ✅ 正常           
  exist_relation                0.024346     0.000718 ✅ 正常           
  mi_proj_layer0                0.018381     0.000060 ✅ 正常           
  dis_proj_layer0               0.023761     0.000077 ✅ 正常           
================================================================================

Epoch 250, Total Loss: 14.6631, Recover Loss: 0.8903, miRNA CL: 7.0693, Disease CL: 6.4316, Inter-view (est): 3.1156, Recon Loss: 0.0275, Time: 194.82s
[INFO] Hypergraph updated at epoch 300

🔧 Epoch 300 梯度检查:
================================================================================

  参数名称                              梯度范数         梯度均值 状态             
  ----------------------------------------------------------------------
  type_relations                0.214180     0.003452 ✅ 正常           
  exist_relation                0.024996     0.000746 ✅ 正常           
  mi_proj_layer0                0.018781     0.000060 ✅ 正常           
  dis_proj_layer0               0.022060     0.000073 ✅ 正常           
================================================================================

Epoch 300, Total Loss: 14.5548, Recover Loss: 0.8783, miRNA CL: 7.0309, Disease CL: 6.3761, Inter-view (est): 3.0939, Recon Loss: 0.0276, Time: 227.07s
[INFO] Hypergraph updated at epoch 350

🔧 Epoch 350 梯度检查:
================================================================================

  参数名称                              梯度范数         梯度均值 状态             
  ----------------------------------------------------------------------
  type_relations                0.208460     0.003511 ✅ 正常           
  exist_relation                0.035310     0.001020 ✅ 正常           
  mi_proj_layer0                0.019312     0.000064 ✅ 正常           
  dis_proj_layer0               0.021383     0.000073 ✅ 正常           
================================================================================

Epoch 350, Total Loss: 14.4743, Recover Loss: 0.8678, miRNA CL: 7.0045, Disease CL: 6.3353, Inter-view (est): 3.0784, Recon Loss: 0.0271, Time: 259.39s
[INFO] Hypergraph updated at epoch 400

🔧 Epoch 400 梯度检查:
================================================================================

  参数名称                              梯度范数         梯度均值 状态             
  ----------------------------------------------------------------------
  type_relations                0.206533     0.003425 ✅ 正常           
  exist_relation                0.030181     0.000948 ✅ 正常           
  mi_proj_layer0                0.022336     0.000069 ✅ 正常           
  dis_proj_layer0               0.026242     0.000083 ✅ 正常           
================================================================================

Epoch 400, Total Loss: 14.4082, Recover Loss: 0.8556, miRNA CL: 6.9772, Disease CL: 6.3107, Inter-view (est): 3.0664, Recon Loss: 0.0270, Time: 293.69s
[INFO] Hypergraph updated at epoch 450

🔧 Epoch 450 梯度检查:
================================================================================

  参数名称                              梯度范数         梯度均值 状态             
  ----------------------------------------------------------------------
  type_relations                0.219214     0.003664 ✅ 正常           
  exist_relation                0.036196     0.001113 ✅ 正常           
  mi_proj_layer0                0.022164     0.000072 ✅ 正常           
  dis_proj_layer0               0.028036     0.000085 ✅ 正常           
================================================================================

Epoch 450, Total Loss: 14.3423, Recover Loss: 0.8482, miRNA CL: 6.9447, Disease CL: 6.2871, Inter-view (est): 3.0535, Recon Loss: 0.0268, Time: 326.18s
[INFO] Hypergraph updated at epoch 500

🔧 Epoch 500 梯度检查:
================================================================================

  参数名称                              梯度范数         梯度均值 状态             
  ----------------------------------------------------------------------
  type_relations                0.191915     0.003168 ✅ 正常           
  exist_relation                0.030645     0.000859 ✅ 正常           
  mi_proj_layer0                0.018696     0.000060 ✅ 正常           
  dis_proj_layer0               0.019156     0.000061 ✅ 正常           
================================================================================

Epoch 500, Total Loss: 14.2720, Recover Loss: 0.8283, miRNA CL: 6.9195, Disease CL: 6.2644, Inter-view (est): 3.0424, Recon Loss: 0.0264, Time: 360.30s
[INFO] Hypergraph updated at epoch 550

🔧 Epoch 550 梯度检查:
================================================================================

  参数名称                              梯度范数         梯度均值 状态             
  ----------------------------------------------------------------------
  type_relations                0.182895     0.002933 ✅ 正常           
  exist_relation                0.029019     0.000866 ✅ 正常           
  mi_proj_layer0                0.018827     0.000059 ✅ 正常           
  dis_proj_layer0               0.021025     0.000064 ✅ 正常           
================================================================================

Epoch 550, Total Loss: 14.2123, Recover Loss: 0.8175, miRNA CL: 6.8961, Disease CL: 6.2420, Inter-view (est): 3.0319, Recon Loss: 0.0256, Time: 392.40s
[INFO] Hypergraph updated at epoch 600

🔧 Epoch 600 梯度检查:
================================================================================

  参数名称                              梯度范数         梯度均值 状态             
  ----------------------------------------------------------------------
  type_relations                0.174530     0.002765 ✅ 正常           
  exist_relation                0.025818     0.000686 ✅ 正常           
  mi_proj_layer0                0.021600     0.000061 ✅ 正常           
  dis_proj_layer0               0.022330     0.000065 ✅ 正常           
================================================================================

Epoch 600, Total Loss: 14.1487, Recover Loss: 0.8014, miRNA CL: 6.8726, Disease CL: 6.2198, Inter-view (est): 3.0213, Recon Loss: 0.0262, Time: 425.84s
[INFO] Hypergraph updated at epoch 650

🔧 Epoch 650 梯度检查:
================================================================================

  参数名称                              梯度范数         梯度均值 状态             
  ----------------------------------------------------------------------
  type_relations                0.163031     0.002604 ✅ 正常           
  exist_relation                0.024542     0.000727 ✅ 正常           
  mi_proj_layer0                0.018818     0.000054 ✅ 正常           
  dis_proj_layer0               0.021010     0.000062 ✅ 正常           
================================================================================

Epoch 650, Total Loss: 14.0943, Recover Loss: 0.7932, miRNA CL: 6.8512, Disease CL: 6.1982, Inter-view (est): 3.0114, Recon Loss: 0.0255, Time: 458.52s

================================================================================
Training completed. Running final test...
================================================================================
Fold 5 completed - AUC: 0.9301, Top-1 F1: 0.5387
Fold 5 training time: 459.05 seconds
Average binary metrics across folds: [[0.93529351 0.93474246 0.86801069 0.86480557 0.8884     0.84121115
  0.85001948]]
🎯 Average Top-1 metrics across folds: {'top1_precision': 0.5120066889632107, 'top1_recall': np.float64(0.5518121342167397), 'top1_f1': np.float64(0.5307749654204879)}

📊 CV_type Style Metrics Details:
  AUC            : 0.9353
  AUPR           : 0.9347
  F1             : 0.8680
  Accuracy       : 0.8648
  Recall         : 0.8884
  Specificity    : 0.8412
  Precision      : 0.8500

🎯 Top-1 Metrics Details:
  top1_precision : 0.5120
  top1_recall    : 0.5518
  top1_f1        : 0.5308

Total execution time: 3144.40 seconds

==========================================================================================
🎯 FINAL COMPREHENSIVE RESULTS WITH TOP-1 METRICS
==========================================================================================
📊 Binary Classification Metrics (Original):
  AUC: 0.9353
  AUPR: 0.9347
  F1: 0.8680
  Accuracy: 0.8648
  Recall: 0.8884
  Specificity: 0.8412
  Precision: 0.8500

🎯 CV_type Style Metrics (Enhanced):
  AUC: 0.9353
  AUPR: 0.9347
  F1: 0.8680
  Accuracy: 0.8648
  Recall: 0.8884
  Specificity: 0.8412
  Precision: 0.8500

🏆 Top-1 Metrics (NEW):
  Top-1 Precision: 0.5120
  Top-1 Recall: 0.5518
  Top-1 F1: 0.5308
==========================================================================================
