[A16] config=baseline cl=1 recon=1 ...
[CPU] torch.set_num_threads(14), interop=min(4, 14)
Using device: cpu
[INFO] Auto-computed BALANCED class weights (to prevent class collapse):
  Circulation  (  367 samples): 0.780
  Epigenetics  (  157 samples): 1.823
  Target       (  293 samples): 0.977
  Genetics     (  681 samples): 0.420
  [NOTE] Higher weights for minority classes to prevent model from only predicting majority class
[INFO] Using v3.2_wang dataset (Wang MeSH semantic + functional sim):
  miRNAs: 713
  Diseases: 447
  Expected associations: ~16,341 (TDRC preprocessing)
  Types: 5 (Circulation, Epigenetics, Target, Genetics, Tissue)

================================================================================
Configuration Summary
================================================================================
Dataset: v3.2_wang
Data Path: ./
Model: HeterogenousGraphCLAMIR
  - HGT Layers: 2
  - Attention Heads: 4
  - Association Types: 5
  - Inter-view CL: Enabled
    - Weight: 0.3
    - Temperature: 0.5
    - Margin: 0.5

Training:
  - Epochs: 200
  - Learning Rate: 0.0001
  - Dropout: 0.3
  - Weight Decay: 5e-05
  - Focal Loss: Enabled

Evaluation:
  - Cross-Validation Folds: 2
  - Primary Metric: AUPR

Device: cpu
Random Seed: 1234
================================================================================

[SEED] Re-seeded với args.seed = 1234
🚀 Running with comprehensive evaluation including Top-1 metrics...
🎯 Loading dual-view data...
Starting dual-view data preparation with new file format...
Loading all similarity and feature files from v3.2_wang...
✅ Loaded disease semantic similarity from D_SSM1.txt: (447, 447)
✅ Loaded miRNA functional similarity from M_FSM.txt: (713, 713)
✅ Loaded multi-type association pairs from ./v3.2_wang\multi_all_mirna_disease_pairs_without_negative.csv: (12534, 3)
✅ Created multi-type association matrix: (713, 447)
📊 Multi-type Association Statistics:
   无关联 (No association): 306177 pairs (96.07%)
   循环类型 (Circulation): 3310 pairs (1.04%)
   表观遗传学 (Epigenetics): 411 pairs (0.13%)
   靶标类型 (Target): 4810 pairs (1.51%)
   遗传学类型 (Genetics): 850 pairs (0.27%)
   组织表达 (Tissue): 3153 pairs (0.99%)
✅ Created association matrix from CSV: (713, 447)
✅ Loaded disease-gene features from D_SSM2.txt: torch.Size([447, 447])
✅ Loaded miRNA-sequence features from M_GSM.txt: torch.Size([713, 713])
Processing integrated similarity matrices...
Loaded similarity matrices from cache
Processing indices...
Loaded indices from cache (seed=1234)
✅ Dual-view data preparation completed in 0.78 seconds

============================================================
🎯 DUAL-VIEW CONFIGURATION SUMMARY (v3.2_wang)
============================================================
miRNA Dual Views:
  📊 View 1 (Sequence): M_GSM.txt torch.Size([713, 713])
  📊 View 2 (Function): M_FSM.txt torch.Size([713, 713])

Disease Dual Views:
  📊 View 1 (Gene): D_SSM2.txt torch.Size([447, 447])
  📊 View 2 (Semantic): D_SSM1.txt torch.Size([447, 447])

Association Matrix: torch.Size([713, 447])
Data source: v3.2_wang (713 miRNAs × 447 Diseases)
============================================================
Preloading dual-view data to device...
✅ Loaded disease-gene features to device: torch.Size([447, 447])
✅ Loaded miRNA-sequence features to device: torch.Size([713, 713])
✅ Loaded disease semantic similarity to device: torch.Size([447, 447])
✅ Loaded miRNA functional similarity to device: torch.Size([713, 713])
✅ Dual-view data preloading completed in 0.00 seconds
OptimizedDataset initialized with 2 folds
Using device: cpu
=== Cross Validation Fold 1/2 ===
Using hidden dimensions: [256, 256] with 4 attention heads
优化模型初始化: miRNA数量 = 713, 疾病数量 = 447
   节点维度: 256 → 128
   类型数量: 5
   Temperature: 2.0 (可学习)
   Loss mode: two_head
   loss_mode=two_head
   exist_weight=0.100, type_weight=0.900

✅ SimplifiedMultiTypeAssociationLoss 初始化 (改进版)
   类别权重 (beta=0.99999): ['0.344', '2.732', '0.239', '1.324', '0.361']
Original positive index shape: torch.Size([5638, 2])
Original negative index shape: torch.Size([137776, 2])
采样后负样本数量: 56380
🎯 Building TRUE DUAL VIEWS from four different sources...
📊 Data sources loaded:
  Disease semantic: torch.Size([447, 447])
  miRNA functional: torch.Size([713, 713])
  Disease-gene: torch.Size([447, 447])
  miRNA-sequence: torch.Size([713, 713])
🧬 Building miRNA dual-view hypergraphs...
  📊 miRNA View 1 (Sequence): torch.Size([713, 1160])
  📊 miRNA View 2 (Function): torch.Size([713, 1160])
🦠 Building disease dual-view hypergraphs...
  📊 Disease View 1 (Gene): torch.Size([447, 1160])
  📊 Disease View 2 (Semantic): torch.Size([447, 1160])
✅ Successfully built TRUE DUAL VIEWS:
   🧬 miRNA: Sequence Features (m_ss.xlsx) vs Functional Similarity (mi_fun_sim_2.0.csv)
   🦠 Disease: Gene Features (d_gs.xlsx) vs Semantic Similarity (dis_sem_sim_2.0.csv)

🔧 Epoch 1 梯度检查:
================================================================================

  参数名称                              梯度范数         梯度均值 状态             
  ----------------------------------------------------------------------
  type_relations                0.115639     0.002722 ✅ 正常           
  exist_relation                0.041595     0.002553 ✅ 正常           
  mi_proj_layer0                0.131005     0.000389 ✅ 正常           
  dis_proj_layer0               0.134708     0.000419 ✅ 正常           
================================================================================

Epoch 1, Total Loss: 20.9791, Recover Loss: 1.6483, miRNA CL: 9.2200, Disease CL: 8.6333, Inter-view (est): 4.1200, Recon Loss: 1.1607, Time: 4.85s
[INFO] Hypergraph updated at epoch 5
[INFO] Hypergraph updated at epoch 10
[INFO] Hypergraph updated at epoch 15
[INFO] Hypergraph updated at epoch 20
[INFO] Hypergraph updated at epoch 25
[INFO] Hypergraph updated at epoch 30
[INFO] Hypergraph updated at epoch 35
[INFO] Hypergraph updated at epoch 40
[INFO] Hypergraph updated at epoch 45
[INFO] Hypergraph updated at epoch 50

🔧 Epoch 50 梯度检查:
================================================================================

  参数名称                              梯度范数         梯度均值 状态             
  ----------------------------------------------------------------------
  type_relations                0.320645     0.003774 ✅ 正常           
  exist_relation                0.031638     0.000826 ✅ 正常           
  mi_proj_layer0                0.016918     0.000050 ✅ 正常           
  dis_proj_layer0               0.016981     0.000050 ✅ 正常           
================================================================================

Epoch 50, Total Loss: 17.8350, Recover Loss: 1.5854, miRNA CL: 8.0481, Disease CL: 7.8220, Inter-view (est): 3.6623, Recon Loss: 0.0791, Time: 330.17s
[INFO] Hypergraph updated at epoch 100

🔧 Epoch 100 梯度检查:
================================================================================

  参数名称                              梯度范数         梯度均值 状态             
  ----------------------------------------------------------------------
  type_relations                0.232932     0.002731 ✅ 正常           
  exist_relation                0.036358     0.000817 ✅ 正常           
  mi_proj_layer0                0.010821     0.000031 ✅ 正常           
  dis_proj_layer0               0.011866     0.000036 ✅ 正常           
================================================================================

Epoch 100, Total Loss: 16.4094, Recover Loss: 1.5646, miRNA CL: 7.4766, Disease CL: 7.0572, Inter-view (est): 3.3540, Recon Loss: 0.0306, Time: 558.31s
[INFO] Hypergraph updated at epoch 150

🔧 Epoch 150 梯度检查:
================================================================================

  参数名称                              梯度范数         梯度均值 状态             
  ----------------------------------------------------------------------
  type_relations                0.152281     0.001949 ✅ 正常           
  exist_relation                0.022052     0.000637 ✅ 正常           
  mi_proj_layer0                0.012430     0.000032 ✅ 正常           
  dis_proj_layer0               0.013555     0.000039 ✅ 正常           
================================================================================

Epoch 150, Total Loss: 15.6908, Recover Loss: 1.5513, miRNA CL: 7.1277, Disease CL: 6.7209, Inter-view (est): 3.1958, Recon Loss: 0.0271, Time: 791.12s
[INFO] Hypergraph updated at epoch 200

🔧 Epoch 200 梯度检查:
================================================================================

  参数名称                              梯度范数         梯度均值 状态             
  ----------------------------------------------------------------------
  type_relations                0.156189     0.002139 ✅ 正常           
  exist_relation                0.011495     0.000401 ✅ 正常           
  mi_proj_layer0                0.014731     0.000038 ✅ 正常           
  dis_proj_layer0               0.015361     0.000040 ✅ 正常           
================================================================================

Epoch 200, Total Loss: 15.4201, Recover Loss: 1.5219, miRNA CL: 7.0290, Disease CL: 6.5927, Inter-view (est): 3.1435, Recon Loss: 0.0251, Time: 1022.27s

================================================================================
Training completed. Running final test...
================================================================================
Fold 1 completed - AUC: 0.8881, Top-1 F1: 0.0000
Fold 1 training time: 1031.79 seconds
=== Cross Validation Fold 2/2 ===
Using hidden dimensions: [256, 256] with 4 attention heads
优化模型初始化: miRNA数量 = 713, 疾病数量 = 447
   节点维度: 256 → 128
   类型数量: 5
   Temperature: 2.0 (可学习)
   Loss mode: two_head
   loss_mode=two_head
   exist_weight=0.100, type_weight=0.900

✅ SimplifiedMultiTypeAssociationLoss 初始化 (改进版)
   类别权重 (beta=0.99999): ['0.344', '2.732', '0.239', '1.324', '0.361']
Original positive index shape: torch.Size([5638, 2])
Original negative index shape: torch.Size([137776, 2])
采样后负样本数量: 56380
🎯 Building TRUE DUAL VIEWS from four different sources...
📊 Data sources loaded:
  Disease semantic: torch.Size([447, 447])
  miRNA functional: torch.Size([713, 713])
  Disease-gene: torch.Size([447, 447])
  miRNA-sequence: torch.Size([713, 713])
🧬 Building miRNA dual-view hypergraphs...
  📊 miRNA View 1 (Sequence): torch.Size([713, 1160])
  📊 miRNA View 2 (Function): torch.Size([713, 1160])
🦠 Building disease dual-view hypergraphs...
  📊 Disease View 1 (Gene): torch.Size([447, 1160])
  📊 Disease View 2 (Semantic): torch.Size([447, 1160])
✅ Successfully built TRUE DUAL VIEWS:
   🧬 miRNA: Sequence Features (m_ss.xlsx) vs Functional Similarity (mi_fun_sim_2.0.csv)
   🦠 Disease: Gene Features (d_gs.xlsx) vs Semantic Similarity (dis_sem_sim_2.0.csv)

🔧 Epoch 1 梯度检查:
================================================================================

  参数名称                              梯度范数         梯度均值 状态             
  ----------------------------------------------------------------------
  type_relations                0.122457     0.002533 ✅ 正常           
  exist_relation                0.068780     0.003933 ✅ 正常           
  mi_proj_layer0                0.229912     0.000610 ✅ 正常           
  dis_proj_layer0               0.281080     0.000846 ✅ 正常           
================================================================================

Epoch 1, Total Loss: 21.0704, Recover Loss: 1.6605, miRNA CL: 9.2285, Disease CL: 8.6462, Inter-view (est): 4.1249, Recon Loss: 1.2182, Time: 4.38s
[INFO] Hypergraph updated at epoch 5
[INFO] Hypergraph updated at epoch 10
[INFO] Hypergraph updated at epoch 15
[INFO] Hypergraph updated at epoch 20
[INFO] Hypergraph updated at epoch 25
[INFO] Hypergraph updated at epoch 30
[INFO] Hypergraph updated at epoch 35
[INFO] Hypergraph updated at epoch 40
[INFO] Hypergraph updated at epoch 45
[INFO] Hypergraph updated at epoch 50

🔧 Epoch 50 梯度检查:
================================================================================

  参数名称                              梯度范数         梯度均值 状态             
  ----------------------------------------------------------------------
  type_relations                0.274143     0.003849 ✅ 正常           
  exist_relation                0.028713     0.000848 ✅ 正常           
  mi_proj_layer0                0.018269     0.000056 ✅ 正常           
  dis_proj_layer0               0.017628     0.000053 ✅ 正常           
================================================================================

Epoch 50, Total Loss: 17.8913, Recover Loss: 1.5879, miRNA CL: 8.0693, Disease CL: 7.8354, Inter-view (est): 3.6703, Recon Loss: 0.0971, Time: 325.79s
[INFO] Hypergraph updated at epoch 100

🔧 Epoch 100 梯度检查:
================================================================================

  参数名称                              梯度范数         梯度均值 状态             
  ----------------------------------------------------------------------
  type_relations                0.213589     0.002476 ✅ 正常           
  exist_relation                0.029105     0.000692 ✅ 正常           
  mi_proj_layer0                0.009766     0.000029 ✅ 正常           
  dis_proj_layer0               0.011011     0.000035 ✅ 正常           
================================================================================

Epoch 100, Total Loss: 16.4262, Recover Loss: 1.5642, miRNA CL: 7.5071, Disease CL: 7.0419, Inter-view (est): 3.3575, Recon Loss: 0.0306, Time: 545.33s
[INFO] Hypergraph updated at epoch 150

🔧 Epoch 150 梯度检查:
================================================================================

  参数名称                              梯度范数         梯度均值 状态             
  ----------------------------------------------------------------------
  type_relations                0.152350     0.001904 ✅ 正常           
  exist_relation                0.028482     0.000825 ✅ 正常           
  mi_proj_layer0                0.011143     0.000031 ✅ 正常           
  dis_proj_layer0               0.013001     0.000035 ✅ 正常           
================================================================================

Epoch 150, Total Loss: 15.7183, Recover Loss: 1.5515, miRNA CL: 7.1485, Disease CL: 6.7245, Inter-view (est): 3.2014, Recon Loss: 0.0275, Time: 762.22s
[INFO] Hypergraph updated at epoch 200

🔧 Epoch 200 梯度检查:
================================================================================

  参数名称                              梯度范数         梯度均值 状态             
  ----------------------------------------------------------------------
  type_relations                0.149029     0.001885 ✅ 正常           
  exist_relation                0.017204     0.000513 ✅ 正常           
  mi_proj_layer0                0.013415     0.000034 ✅ 正常           
  dis_proj_layer0               0.016520     0.000038 ✅ 正常           
================================================================================

Epoch 200, Total Loss: 15.4378, Recover Loss: 1.5298, miRNA CL: 7.0367, Disease CL: 6.5932, Inter-view (est): 3.1454, Recon Loss: 0.0242, Time: 988.88s

================================================================================
Training completed. Running final test...
================================================================================
Fold 2 completed - AUC: 0.8866, Top-1 F1: 0.0000
Fold 2 training time: 998.36 seconds
Average binary metrics across folds: [[0.88734159 0.8824548  0.81195017 0.8008691  0.8597375  0.74200071
  0.76942438]]
🎯 Average Top-1 metrics across folds: {'top1_precision': 0.0, 'top1_recall': 0.0, 'top1_f1': 0.0}

📊 CV_type Style Metrics Details:
  AUC            : 0.8873
  AUPR           : 0.8825
  F1             : 0.8120
  Accuracy       : 0.8009
  Recall         : 0.8597
  Specificity    : 0.7420
  Precision      : 0.7694

🎯 Top-1 Metrics Details:
  top1_precision : 0.0000
  top1_recall    : 0.0000
  top1_f1        : 0.0000

Total execution time: 2030.97 seconds

==========================================================================================
🎯 FINAL COMPREHENSIVE RESULTS WITH TOP-1 METRICS
==========================================================================================
📊 Binary Classification Metrics (Original):
  AUC: 0.8873
  AUPR: 0.8825
  F1: 0.8120
  Accuracy: 0.8009
  Recall: 0.8597
  Specificity: 0.7420
  Precision: 0.7694

🎯 CV_type Style Metrics (Enhanced):
  AUC: 0.8873
  AUPR: 0.8825
  F1: 0.8120
  Accuracy: 0.8009
  Recall: 0.8597
  Specificity: 0.7420
  Precision: 0.7694

🏆 Top-1 Metrics (NEW):
  Top-1 Precision: 0.0000
  Top-1 Recall: 0.0000
  Top-1 F1: 0.0000
==========================================================================================
[A16] config=aggressive cl=0.05 recon=0.3 ...
[CPU] torch.set_num_threads(14), interop=min(4, 14)
Using device: cpu
[INFO] Auto-computed BALANCED class weights (to prevent class collapse):
  Circulation  (  367 samples): 0.780
  Epigenetics  (  157 samples): 1.823
  Target       (  293 samples): 0.977
  Genetics     (  681 samples): 0.420
  [NOTE] Higher weights for minority classes to prevent model from only predicting majority class
[INFO] Using v3.2_wang dataset (Wang MeSH semantic + functional sim):
  miRNAs: 713
  Diseases: 447
  Expected associations: ~16,341 (TDRC preprocessing)
  Types: 5 (Circulation, Epigenetics, Target, Genetics, Tissue)

================================================================================
Configuration Summary
================================================================================
Dataset: v3.2_wang
Data Path: ./
Model: HeterogenousGraphCLAMIR
  - HGT Layers: 2
  - Attention Heads: 4
  - Association Types: 5
  - Inter-view CL: Enabled
    - Weight: 0.3
    - Temperature: 0.5
    - Margin: 0.5

Training:
  - Epochs: 200
  - Learning Rate: 0.0001
  - Dropout: 0.3
  - Weight Decay: 5e-05
  - Focal Loss: Enabled

Evaluation:
  - Cross-Validation Folds: 2
  - Primary Metric: AUPR

Device: cpu
Random Seed: 1234
================================================================================

[SEED] Re-seeded với args.seed = 1234
🚀 Running with comprehensive evaluation including Top-1 metrics...
🎯 Loading dual-view data...
Starting dual-view data preparation with new file format...
Loading all similarity and feature files from v3.2_wang...
✅ Loaded disease semantic similarity from D_SSM1.txt: (447, 447)
✅ Loaded miRNA functional similarity from M_FSM.txt: (713, 713)
✅ Loaded multi-type association pairs from ./v3.2_wang\multi_all_mirna_disease_pairs_without_negative.csv: (12534, 3)
✅ Created multi-type association matrix: (713, 447)
📊 Multi-type Association Statistics:
   无关联 (No association): 306177 pairs (96.07%)
   循环类型 (Circulation): 3310 pairs (1.04%)
   表观遗传学 (Epigenetics): 411 pairs (0.13%)
   靶标类型 (Target): 4810 pairs (1.51%)
   遗传学类型 (Genetics): 850 pairs (0.27%)
   组织表达 (Tissue): 3153 pairs (0.99%)
✅ Created association matrix from CSV: (713, 447)
✅ Loaded disease-gene features from D_SSM2.txt: torch.Size([447, 447])
✅ Loaded miRNA-sequence features from M_GSM.txt: torch.Size([713, 713])
Processing integrated similarity matrices...
Loaded similarity matrices from cache
Processing indices...
Loaded indices from cache (seed=1234)
✅ Dual-view data preparation completed in 0.69 seconds

============================================================
🎯 DUAL-VIEW CONFIGURATION SUMMARY (v3.2_wang)
============================================================
miRNA Dual Views:
  📊 View 1 (Sequence): M_GSM.txt torch.Size([713, 713])
  📊 View 2 (Function): M_FSM.txt torch.Size([713, 713])

Disease Dual Views:
  📊 View 1 (Gene): D_SSM2.txt torch.Size([447, 447])
  📊 View 2 (Semantic): D_SSM1.txt torch.Size([447, 447])

Association Matrix: torch.Size([713, 447])
Data source: v3.2_wang (713 miRNAs × 447 Diseases)
============================================================
Preloading dual-view data to device...
✅ Loaded disease-gene features to device: torch.Size([447, 447])
✅ Loaded miRNA-sequence features to device: torch.Size([713, 713])
✅ Loaded disease semantic similarity to device: torch.Size([447, 447])
✅ Loaded miRNA functional similarity to device: torch.Size([713, 713])
✅ Dual-view data preloading completed in 0.00 seconds
OptimizedDataset initialized with 2 folds
Using device: cpu
=== Cross Validation Fold 1/2 ===
Using hidden dimensions: [256, 256] with 4 attention heads
优化模型初始化: miRNA数量 = 713, 疾病数量 = 447
   节点维度: 256 → 128
   类型数量: 5
   Temperature: 2.0 (可学习)
   Loss mode: two_head
   loss_mode=two_head
   exist_weight=0.100, type_weight=0.900

✅ SimplifiedMultiTypeAssociationLoss 初始化 (改进版)
   类别权重 (beta=0.99999): ['0.344', '2.732', '0.239', '1.324', '0.361']
Original positive index shape: torch.Size([5638, 2])
Original negative index shape: torch.Size([137776, 2])
采样后负样本数量: 56380
🎯 Building TRUE DUAL VIEWS from four different sources...
📊 Data sources loaded:
  Disease semantic: torch.Size([447, 447])
  miRNA functional: torch.Size([713, 713])
  Disease-gene: torch.Size([447, 447])
  miRNA-sequence: torch.Size([713, 713])
🧬 Building miRNA dual-view hypergraphs...
  📊 miRNA View 1 (Sequence): torch.Size([713, 1160])
  📊 miRNA View 2 (Function): torch.Size([713, 1160])
🦠 Building disease dual-view hypergraphs...
  📊 Disease View 1 (Gene): torch.Size([447, 1160])
  📊 Disease View 2 (Semantic): torch.Size([447, 1160])
✅ Successfully built TRUE DUAL VIEWS:
   🧬 miRNA: Sequence Features (m_ss.xlsx) vs Functional Similarity (mi_fun_sim_2.0.csv)
   🦠 Disease: Gene Features (d_gs.xlsx) vs Semantic Similarity (dis_sem_sim_2.0.csv)

🔧 Epoch 1 梯度检查:
================================================================================

  参数名称                              梯度范数         梯度均值 状态             
  ----------------------------------------------------------------------
  type_relations                0.115639     0.002722 ✅ 正常           
  exist_relation                0.041595     0.002553 ✅ 正常           
  mi_proj_layer0                0.131005     0.000389 ✅ 正常           
  dis_proj_layer0               0.134708     0.000419 ✅ 正常           
================================================================================

Epoch 1, Total Loss: 3.2060, Recover Loss: 1.6483, miRNA CL: 9.2200, Disease CL: 8.6333, Inter-view (est): 4.1200, Recon Loss: 1.1607, Time: 4.66s
[INFO] Hypergraph updated at epoch 5
[INFO] Hypergraph updated at epoch 10
[INFO] Hypergraph updated at epoch 15
[INFO] Hypergraph updated at epoch 20
[INFO] Hypergraph updated at epoch 25
[INFO] Hypergraph updated at epoch 30
[INFO] Hypergraph updated at epoch 35
[INFO] Hypergraph updated at epoch 40
[INFO] Hypergraph updated at epoch 45
[INFO] Hypergraph updated at epoch 50

🔧 Epoch 50 梯度检查:
================================================================================

  参数名称                              梯度范数         梯度均值 状态             
  ----------------------------------------------------------------------
  type_relations                0.329611     0.003750 ✅ 正常           
  exist_relation                0.038839     0.000928 ✅ 正常           
  mi_proj_layer0                0.017246     0.000051 ✅ 正常           
  dis_proj_layer0               0.017897     0.000052 ✅ 正常           
================================================================================

Epoch 50, Total Loss: 2.7269, Recover Loss: 1.5870, miRNA CL: 8.3531, Disease CL: 8.0296, Inter-view (est): 3.7806, Recon Loss: 0.0731, Time: 293.66s
[INFO] Hypergraph updated at epoch 100

🔧 Epoch 100 梯度检查:
================================================================================

  参数名称                              梯度范数         梯度均值 状态             
  ----------------------------------------------------------------------
  type_relations                0.258696     0.002781 ✅ 正常           
  exist_relation                0.050227     0.001043 ✅ 正常           
  mi_proj_layer0                0.011398     0.000035 ✅ 正常           
  dis_proj_layer0               0.012330     0.000038 ✅ 正常           
================================================================================

Epoch 100, Total Loss: 2.6245, Recover Loss: 1.5687, miRNA CL: 7.8302, Disease CL: 7.4865, Inter-view (est): 3.5346, Recon Loss: 0.0334, Time: 524.13s
[INFO] Hypergraph updated at epoch 150

🔧 Epoch 150 梯度检查:
================================================================================

  参数名称                              梯度范数         梯度均值 状态             
  ----------------------------------------------------------------------
  type_relations                0.164830     0.002025 ✅ 正常           
  exist_relation                0.025780     0.000628 ✅ 正常           
  mi_proj_layer0                0.010779     0.000028 ✅ 正常           
  dis_proj_layer0               0.013150     0.000037 ✅ 正常           
================================================================================

Epoch 150, Total Loss: 2.5501, Recover Loss: 1.5569, miRNA CL: 7.4235, Disease CL: 7.0230, Inter-view (est): 3.3338, Recon Loss: 0.0287, Time: 751.91s
[INFO] Hypergraph updated at epoch 200

🔧 Epoch 200 梯度检查:
================================================================================

  参数名称                              梯度范数         梯度均值 状态             
  ----------------------------------------------------------------------
  type_relations                0.200132     0.002526 ✅ 正常           
  exist_relation                0.019137     0.000535 ✅ 正常           
  mi_proj_layer0                0.015385     0.000045 ✅ 正常           
  dis_proj_layer0               0.018061     0.000049 ✅ 正常           
================================================================================

Epoch 200, Total Loss: 2.4941, Recover Loss: 1.5368, miRNA CL: 7.2204, Disease CL: 6.8358, Inter-view (est): 3.2438, Recon Loss: 0.0265, Time: 1000.54s

================================================================================
Training completed. Running final test...
================================================================================
Fold 1 completed - AUC: 0.8876, Top-1 F1: 0.0000
Fold 1 training time: 1010.01 seconds
=== Cross Validation Fold 2/2 ===
Using hidden dimensions: [256, 256] with 4 attention heads
优化模型初始化: miRNA数量 = 713, 疾病数量 = 447
   节点维度: 256 → 128
   类型数量: 5
   Temperature: 2.0 (可学习)
   Loss mode: two_head
   loss_mode=two_head
   exist_weight=0.100, type_weight=0.900

✅ SimplifiedMultiTypeAssociationLoss 初始化 (改进版)
   类别权重 (beta=0.99999): ['0.344', '2.732', '0.239', '1.324', '0.361']
Original positive index shape: torch.Size([5638, 2])
Original negative index shape: torch.Size([137776, 2])
采样后负样本数量: 56380
🎯 Building TRUE DUAL VIEWS from four different sources...
📊 Data sources loaded:
  Disease semantic: torch.Size([447, 447])
  miRNA functional: torch.Size([713, 713])
  Disease-gene: torch.Size([447, 447])
  miRNA-sequence: torch.Size([713, 713])
🧬 Building miRNA dual-view hypergraphs...
  📊 miRNA View 1 (Sequence): torch.Size([713, 1160])
  📊 miRNA View 2 (Function): torch.Size([713, 1160])
🦠 Building disease dual-view hypergraphs...
  📊 Disease View 1 (Gene): torch.Size([447, 1160])
  📊 Disease View 2 (Semantic): torch.Size([447, 1160])
✅ Successfully built TRUE DUAL VIEWS:
   🧬 miRNA: Sequence Features (m_ss.xlsx) vs Functional Similarity (mi_fun_sim_2.0.csv)
   🦠 Disease: Gene Features (d_gs.xlsx) vs Semantic Similarity (dis_sem_sim_2.0.csv)

🔧 Epoch 1 梯度检查:
================================================================================

  参数名称                              梯度范数         梯度均值 状态             
  ----------------------------------------------------------------------
  type_relations                0.122457     0.002533 ✅ 正常           
  exist_relation                0.068780     0.003933 ✅ 正常           
  mi_proj_layer0                0.229912     0.000610 ✅ 正常           
  dis_proj_layer0               0.281080     0.000846 ✅ 正常           
================================================================================

Epoch 1, Total Loss: 3.2367, Recover Loss: 1.6605, miRNA CL: 9.2285, Disease CL: 8.6462, Inter-view (est): 4.1249, Recon Loss: 1.2182, Time: 4.80s
[INFO] Hypergraph updated at epoch 5
[INFO] Hypergraph updated at epoch 10
[INFO] Hypergraph updated at epoch 15
[INFO] Hypergraph updated at epoch 20
[INFO] Hypergraph updated at epoch 25
[INFO] Hypergraph updated at epoch 30
[INFO] Hypergraph updated at epoch 35
[INFO] Hypergraph updated at epoch 40
[INFO] Hypergraph updated at epoch 45
[INFO] Hypergraph updated at epoch 50

🔧 Epoch 50 梯度检查:
================================================================================

  参数名称                              梯度范数         梯度均值 状态             
  ----------------------------------------------------------------------
  type_relations                0.282648     0.004011 ✅ 正常           
  exist_relation                0.028282     0.000887 ✅ 正常           
  mi_proj_layer0                0.019928     0.000059 ✅ 正常           
  dis_proj_layer0               0.020979     0.000062 ✅ 正常           
================================================================================

Epoch 50, Total Loss: 2.7394, Recover Loss: 1.5907, miRNA CL: 8.4010, Disease CL: 8.0559, Inter-view (est): 3.7978, Recon Loss: 0.0852, Time: 312.58s
[INFO] Hypergraph updated at epoch 100

🔧 Epoch 100 梯度检查:
================================================================================

  参数名称                              梯度范数         梯度均值 状态             
  ----------------------------------------------------------------------
  type_relations                0.214000     0.002388 ✅ 正常           
  exist_relation                0.041986     0.000937 ✅ 正常           
  mi_proj_layer0                0.009071     0.000029 ✅ 正常           
  dis_proj_layer0               0.011746     0.000036 ✅ 正常           
================================================================================

Epoch 100, Total Loss: 2.6293, Recover Loss: 1.5686, miRNA CL: 7.8388, Disease CL: 7.5155, Inter-view (est): 3.5433, Recon Loss: 0.0348, Time: 558.77s
[INFO] Hypergraph updated at epoch 150

🔧 Epoch 150 梯度检查:
================================================================================

  参数名称                              梯度范数         梯度均值 状态             
  ----------------------------------------------------------------------
  type_relations                0.181757     0.002071 ✅ 正常           
  exist_relation                0.030421     0.000771 ✅ 正常           
  mi_proj_layer0                0.009749     0.000028 ✅ 正常           
  dis_proj_layer0               0.011924     0.000034 ✅ 正常           
================================================================================

Epoch 150, Total Loss: 2.5558, Recover Loss: 1.5572, miRNA CL: 7.4576, Disease CL: 7.0217, Inter-view (est): 3.3414, Recon Loss: 0.0295, Time: 805.71s
[INFO] Hypergraph updated at epoch 200

🔧 Epoch 200 梯度检查:
================================================================================

  参数名称                              梯度范数         梯度均值 状态             
  ----------------------------------------------------------------------
  type_relations                0.149313     0.001873 ✅ 正常           
  exist_relation                0.027129     0.000627 ✅ 正常           
  mi_proj_layer0                0.010521     0.000032 ✅ 正常           
  dis_proj_layer0               0.014711     0.000038 ✅ 正常           
================================================================================

Epoch 200, Total Loss: 2.5101, Recover Loss: 1.5471, miRNA CL: 7.2479, Disease CL: 6.8433, Inter-view (est): 3.2518, Recon Loss: 0.0263, Time: 1039.84s

================================================================================
Training completed. Running final test...
================================================================================
Fold 2 completed - AUC: 0.8980, Top-1 F1: 0.0000
Fold 2 training time: 1048.56 seconds
Average binary metrics across folds: [[0.89276025 0.88914762 0.81939557 0.80877084 0.86741752 0.75012416
  0.77679106]]
🎯 Average Top-1 metrics across folds: {'top1_precision': 0.0, 'top1_recall': 0.0, 'top1_f1': 0.0}

📊 CV_type Style Metrics Details:
  AUC            : 0.8928
  AUPR           : 0.8891
  F1             : 0.8194
  Accuracy       : 0.8088
  Recall         : 0.8674
  Specificity    : 0.7501
  Precision      : 0.7768

🎯 Top-1 Metrics Details:
  top1_precision : 0.0000
  top1_recall    : 0.0000
  top1_f1        : 0.0000

Total execution time: 2059.30 seconds

==========================================================================================
🎯 FINAL COMPREHENSIVE RESULTS WITH TOP-1 METRICS
==========================================================================================
📊 Binary Classification Metrics (Original):
  AUC: 0.8928
  AUPR: 0.8891
  F1: 0.8194
  Accuracy: 0.8088
  Recall: 0.8674
  Specificity: 0.7501
  Precision: 0.7768

🎯 CV_type Style Metrics (Enhanced):
  AUC: 0.8928
  AUPR: 0.8891
  F1: 0.8194
  Accuracy: 0.8088
  Recall: 0.8674
  Specificity: 0.7501
  Precision: 0.7768

🏆 Top-1 Metrics (NEW):
  Top-1 Precision: 0.0000
  Top-1 Recall: 0.0000
  Top-1 F1: 0.0000
==========================================================================================
[A16] config=mid cl=0.1 recon=0.5 ...
[CPU] torch.set_num_threads(14), interop=min(4, 14)
Using device: cpu
[INFO] Auto-computed BALANCED class weights (to prevent class collapse):
  Circulation  (  367 samples): 0.780
  Epigenetics  (  157 samples): 1.823
  Target       (  293 samples): 0.977
  Genetics     (  681 samples): 0.420
  [NOTE] Higher weights for minority classes to prevent model from only predicting majority class
[INFO] Using v3.2_wang dataset (Wang MeSH semantic + functional sim):
  miRNAs: 713
  Diseases: 447
  Expected associations: ~16,341 (TDRC preprocessing)
  Types: 5 (Circulation, Epigenetics, Target, Genetics, Tissue)

================================================================================
Configuration Summary
================================================================================
Dataset: v3.2_wang
Data Path: ./
Model: HeterogenousGraphCLAMIR
  - HGT Layers: 2
  - Attention Heads: 4
  - Association Types: 5
  - Inter-view CL: Enabled
    - Weight: 0.3
    - Temperature: 0.5
    - Margin: 0.5

Training:
  - Epochs: 200
  - Learning Rate: 0.0001
  - Dropout: 0.3
  - Weight Decay: 5e-05
  - Focal Loss: Enabled

Evaluation:
  - Cross-Validation Folds: 2
  - Primary Metric: AUPR

Device: cpu
Random Seed: 1234
================================================================================

[SEED] Re-seeded với args.seed = 1234
🚀 Running with comprehensive evaluation including Top-1 metrics...
🎯 Loading dual-view data...
Starting dual-view data preparation with new file format...
Loading all similarity and feature files from v3.2_wang...
✅ Loaded disease semantic similarity from D_SSM1.txt: (447, 447)
✅ Loaded miRNA functional similarity from M_FSM.txt: (713, 713)
✅ Loaded multi-type association pairs from ./v3.2_wang\multi_all_mirna_disease_pairs_without_negative.csv: (12534, 3)
✅ Created multi-type association matrix: (713, 447)
📊 Multi-type Association Statistics:
   无关联 (No association): 306177 pairs (96.07%)
   循环类型 (Circulation): 3310 pairs (1.04%)
   表观遗传学 (Epigenetics): 411 pairs (0.13%)
   靶标类型 (Target): 4810 pairs (1.51%)
   遗传学类型 (Genetics): 850 pairs (0.27%)
   组织表达 (Tissue): 3153 pairs (0.99%)
✅ Created association matrix from CSV: (713, 447)
✅ Loaded disease-gene features from D_SSM2.txt: torch.Size([447, 447])
✅ Loaded miRNA-sequence features from M_GSM.txt: torch.Size([713, 713])
Processing integrated similarity matrices...
Loaded similarity matrices from cache
Processing indices...
Loaded indices from cache (seed=1234)
✅ Dual-view data preparation completed in 0.68 seconds

============================================================
🎯 DUAL-VIEW CONFIGURATION SUMMARY (v3.2_wang)
============================================================
miRNA Dual Views:
  📊 View 1 (Sequence): M_GSM.txt torch.Size([713, 713])
  📊 View 2 (Function): M_FSM.txt torch.Size([713, 713])

Disease Dual Views:
  📊 View 1 (Gene): D_SSM2.txt torch.Size([447, 447])
  📊 View 2 (Semantic): D_SSM1.txt torch.Size([447, 447])

Association Matrix: torch.Size([713, 447])
Data source: v3.2_wang (713 miRNAs × 447 Diseases)
============================================================
Preloading dual-view data to device...
✅ Loaded disease-gene features to device: torch.Size([447, 447])
✅ Loaded miRNA-sequence features to device: torch.Size([713, 713])
✅ Loaded disease semantic similarity to device: torch.Size([447, 447])
✅ Loaded miRNA functional similarity to device: torch.Size([713, 713])
✅ Dual-view data preloading completed in 0.00 seconds
OptimizedDataset initialized with 2 folds
Using device: cpu
=== Cross Validation Fold 1/2 ===
Using hidden dimensions: [256, 256] with 4 attention heads
优化模型初始化: miRNA数量 = 713, 疾病数量 = 447
   节点维度: 256 → 128
   类型数量: 5
   Temperature: 2.0 (可学习)
   Loss mode: two_head
   loss_mode=two_head
   exist_weight=0.100, type_weight=0.900

✅ SimplifiedMultiTypeAssociationLoss 初始化 (改进版)
   类别权重 (beta=0.99999): ['0.344', '2.732', '0.239', '1.324', '0.361']
Original positive index shape: torch.Size([5638, 2])
Original negative index shape: torch.Size([137776, 2])
采样后负样本数量: 56380
🎯 Building TRUE DUAL VIEWS from four different sources...
📊 Data sources loaded:
  Disease semantic: torch.Size([447, 447])
  miRNA functional: torch.Size([713, 713])
  Disease-gene: torch.Size([447, 447])
  miRNA-sequence: torch.Size([713, 713])
🧬 Building miRNA dual-view hypergraphs...
  📊 miRNA View 1 (Sequence): torch.Size([713, 1160])
  📊 miRNA View 2 (Function): torch.Size([713, 1160])
🦠 Building disease dual-view hypergraphs...
  📊 Disease View 1 (Gene): torch.Size([447, 1160])
  📊 Disease View 2 (Semantic): torch.Size([447, 1160])
✅ Successfully built TRUE DUAL VIEWS:
   🧬 miRNA: Sequence Features (m_ss.xlsx) vs Functional Similarity (mi_fun_sim_2.0.csv)
   🦠 Disease: Gene Features (d_gs.xlsx) vs Semantic Similarity (dis_sem_sim_2.0.csv)

🔧 Epoch 1 梯度检查:
================================================================================

  参数名称                              梯度范数         梯度均值 状态             
  ----------------------------------------------------------------------
  type_relations                0.115639     0.002722 ✅ 正常           
  exist_relation                0.041595     0.002553 ✅ 正常           
  mi_proj_layer0                0.131005     0.000389 ✅ 正常           
  dis_proj_layer0               0.134708     0.000419 ✅ 正常           
================================================================================

Epoch 1, Total Loss: 4.3308, Recover Loss: 1.6483, miRNA CL: 9.2200, Disease CL: 8.6333, Inter-view (est): 4.1200, Recon Loss: 1.1607, Time: 4.92s
[INFO] Hypergraph updated at epoch 5
[INFO] Hypergraph updated at epoch 10
[INFO] Hypergraph updated at epoch 15
[INFO] Hypergraph updated at epoch 20
[INFO] Hypergraph updated at epoch 25
[INFO] Hypergraph updated at epoch 30
[INFO] Hypergraph updated at epoch 35
[INFO] Hypergraph updated at epoch 40
[INFO] Hypergraph updated at epoch 45
[INFO] Hypergraph updated at epoch 50

🔧 Epoch 50 梯度检查:
================================================================================

  参数名称                              梯度范数         梯度均值 状态             
  ----------------------------------------------------------------------
  type_relations                0.324770     0.003767 ✅ 正常           
  exist_relation                0.036200     0.000902 ✅ 正常           
  mi_proj_layer0                0.017844     0.000053 ✅ 正常           
  dis_proj_layer0               0.018179     0.000053 ✅ 正常           
================================================================================

Epoch 50, Total Loss: 3.5544, Recover Loss: 1.5872, miRNA CL: 8.2998, Disease CL: 8.0054, Inter-view (est): 3.7627, Recon Loss: 0.0734, Time: 306.90s
[INFO] Hypergraph updated at epoch 100

🔧 Epoch 100 梯度检查:
================================================================================

  参数名称                              梯度范数         梯度均值 状态             
  ----------------------------------------------------------------------
  type_relations                0.254680     0.002778 ✅ 正常           
  exist_relation                0.048590     0.001015 ✅ 正常           
  mi_proj_layer0                0.011301     0.000034 ✅ 正常           
  dis_proj_layer0               0.012197     0.000037 ✅ 正常           
================================================================================

Epoch 100, Total Loss: 3.3905, Recover Loss: 1.5685, miRNA CL: 7.7940, Disease CL: 7.4321, Inter-view (est): 3.5137, Recon Loss: 0.0334, Time: 525.88s
[INFO] Hypergraph updated at epoch 150

🔧 Epoch 150 梯度检查:
================================================================================

  参数名称                              梯度范数         梯度均值 状态             
  ----------------------------------------------------------------------
  type_relations                0.159604     0.001987 ✅ 正常           
  exist_relation                0.025479     0.000616 ✅ 正常           
  mi_proj_layer0                0.010577     0.000028 ✅ 正常           
  dis_proj_layer0               0.012819     0.000037 ✅ 正常           
================================================================================

Epoch 150, Total Loss: 3.2736, Recover Loss: 1.5574, miRNA CL: 7.3751, Disease CL: 6.9792, Inter-view (est): 3.3125, Recon Loss: 0.0287, Time: 742.74s
[INFO] Hypergraph updated at epoch 200

🔧 Epoch 200 梯度检查:
================================================================================

  参数名称                              梯度范数         梯度均值 状态             
  ----------------------------------------------------------------------
  type_relations                0.174337     0.002168 ✅ 正常           
  exist_relation                0.015555     0.000529 ✅ 正常           
  mi_proj_layer0                0.015937     0.000044 ✅ 正常           
  dis_proj_layer0               0.017318     0.000046 ✅ 正常           
================================================================================

Epoch 200, Total Loss: 3.2052, Recover Loss: 1.5415, miRNA CL: 7.1846, Disease CL: 6.7992, Inter-view (est): 3.2270, Recon Loss: 0.0266, Time: 958.06s

================================================================================
Training completed. Running final test...
================================================================================
Fold 1 completed - AUC: 0.8858, Top-1 F1: 0.0000
Fold 1 training time: 967.29 seconds
=== Cross Validation Fold 2/2 ===
Using hidden dimensions: [256, 256] with 4 attention heads
优化模型初始化: miRNA数量 = 713, 疾病数量 = 447
   节点维度: 256 → 128
   类型数量: 5
   Temperature: 2.0 (可学习)
   Loss mode: two_head
   loss_mode=two_head
   exist_weight=0.100, type_weight=0.900

✅ SimplifiedMultiTypeAssociationLoss 初始化 (改进版)
   类别权重 (beta=0.99999): ['0.344', '2.732', '0.239', '1.324', '0.361']
Original positive index shape: torch.Size([5638, 2])
Original negative index shape: torch.Size([137776, 2])
采样后负样本数量: 56380
🎯 Building TRUE DUAL VIEWS from four different sources...
📊 Data sources loaded:
  Disease semantic: torch.Size([447, 447])
  miRNA functional: torch.Size([713, 713])
  Disease-gene: torch.Size([447, 447])
  miRNA-sequence: torch.Size([713, 713])
🧬 Building miRNA dual-view hypergraphs...
  📊 miRNA View 1 (Sequence): torch.Size([713, 1160])
  📊 miRNA View 2 (Function): torch.Size([713, 1160])
🦠 Building disease dual-view hypergraphs...
  📊 Disease View 1 (Gene): torch.Size([447, 1160])
  📊 Disease View 2 (Semantic): torch.Size([447, 1160])
✅ Successfully built TRUE DUAL VIEWS:
   🧬 miRNA: Sequence Features (m_ss.xlsx) vs Functional Similarity (mi_fun_sim_2.0.csv)
   🦠 Disease: Gene Features (d_gs.xlsx) vs Semantic Similarity (dis_sem_sim_2.0.csv)

🔧 Epoch 1 梯度检查:
================================================================================

  参数名称                              梯度范数         梯度均值 状态             
  ----------------------------------------------------------------------
  type_relations                0.122457     0.002533 ✅ 正常           
  exist_relation                0.068780     0.003933 ✅ 正常           
  mi_proj_layer0                0.229912     0.000610 ✅ 正常           
  dis_proj_layer0               0.281080     0.000846 ✅ 正常           
================================================================================

Epoch 1, Total Loss: 4.3741, Recover Loss: 1.6605, miRNA CL: 9.2285, Disease CL: 8.6462, Inter-view (est): 4.1249, Recon Loss: 1.2182, Time: 4.34s
[INFO] Hypergraph updated at epoch 5
[INFO] Hypergraph updated at epoch 10
[INFO] Hypergraph updated at epoch 15
[INFO] Hypergraph updated at epoch 20
[INFO] Hypergraph updated at epoch 25
[INFO] Hypergraph updated at epoch 30
[INFO] Hypergraph updated at epoch 35
[INFO] Hypergraph updated at epoch 40
[INFO] Hypergraph updated at epoch 45
[INFO] Hypergraph updated at epoch 50

🔧 Epoch 50 梯度检查:
================================================================================

  参数名称                              梯度范数         梯度均值 状态             
  ----------------------------------------------------------------------
  type_relations                0.286826     0.004050 ✅ 正常           
  exist_relation                0.028231     0.000887 ✅ 正常           
  mi_proj_layer0                0.020102     0.000059 ✅ 正常           
  dis_proj_layer0               0.020976     0.000062 ✅ 正常           
================================================================================

Epoch 50, Total Loss: 3.5722, Recover Loss: 1.5912, miRNA CL: 8.3419, Disease CL: 8.0312, Inter-view (est): 3.7784, Recon Loss: 0.0847, Time: 306.98s
[INFO] Hypergraph updated at epoch 100

🔧 Epoch 100 梯度检查:
================================================================================

  参数名称                              梯度范数         梯度均值 状态             
  ----------------------------------------------------------------------
  type_relations                0.220844     0.002428 ✅ 正常           
  exist_relation                0.039433     0.000812 ✅ 正常           
  mi_proj_layer0                0.008994     0.000029 ✅ 正常           
  dis_proj_layer0               0.011528     0.000035 ✅ 正常           
================================================================================

Epoch 100, Total Loss: 3.3983, Recover Loss: 1.5695, miRNA CL: 7.8023, Disease CL: 7.4614, Inter-view (est): 3.5224, Recon Loss: 0.0348, Time: 529.49s
[INFO] Hypergraph updated at epoch 150

🔧 Epoch 150 梯度检查:
================================================================================

  参数名称                              梯度范数         梯度均值 状态             
  ----------------------------------------------------------------------
  type_relations                0.184206     0.002102 ✅ 正常           
  exist_relation                0.027222     0.000737 ✅ 正常           
  mi_proj_layer0                0.009452     0.000028 ✅ 正常           
  dis_proj_layer0               0.011482     0.000033 ✅ 正常           
================================================================================

Epoch 150, Total Loss: 3.2811, Recover Loss: 1.5571, miRNA CL: 7.4162, Disease CL: 6.9793, Inter-view (est): 3.3220, Recon Loss: 0.0295, Time: 755.64s
[INFO] Hypergraph updated at epoch 200

🔧 Epoch 200 梯度检查:
================================================================================

  参数名称                              梯度范数         梯度均值 状态             
  ----------------------------------------------------------------------
  type_relations                0.142425     0.001828 ✅ 正常           
  exist_relation                0.043992     0.001124 ✅ 正常           
  mi_proj_layer0                0.011607     0.000036 ✅ 正常           
  dis_proj_layer0               0.017482     0.000044 ✅ 正常           
================================================================================

Epoch 200, Total Loss: 3.2190, Recover Loss: 1.5486, miRNA CL: 7.2098, Disease CL: 6.8054, Inter-view (est): 3.2343, Recon Loss: 0.0263, Time: 979.33s

================================================================================
Training completed. Running final test...
================================================================================
Fold 2 completed - AUC: 0.8985, Top-1 F1: 0.0000
Fold 2 training time: 987.92 seconds
Average binary metrics across folds: [[0.89216183 0.88944951 0.81850843 0.80725435 0.8691912  0.74531749
  0.77349889]]
🎯 Average Top-1 metrics across folds: {'top1_precision': 0.0, 'top1_recall': 0.0, 'top1_f1': 0.0}

📊 CV_type Style Metrics Details:
  AUC            : 0.8922
  AUPR           : 0.8894
  F1             : 0.8185
  Accuracy       : 0.8073
  Recall         : 0.8692
  Specificity    : 0.7453
  Precision      : 0.7735

🎯 Top-1 Metrics Details:
  top1_precision : 0.0000
  top1_recall    : 0.0000
  top1_f1        : 0.0000

Total execution time: 1955.95 seconds

==========================================================================================
🎯 FINAL COMPREHENSIVE RESULTS WITH TOP-1 METRICS
==========================================================================================
📊 Binary Classification Metrics (Original):
  AUC: 0.8922
  AUPR: 0.8894
  F1: 0.8185
  Accuracy: 0.8073
  Recall: 0.8692
  Specificity: 0.7453
  Precision: 0.7735

🎯 CV_type Style Metrics (Enhanced):
  AUC: 0.8922
  AUPR: 0.8894
  F1: 0.8185
  Accuracy: 0.8073
  Recall: 0.8692
  Specificity: 0.7453
  Precision: 0.7735

🏆 Top-1 Metrics (NEW):
  Top-1 Precision: 0.0000
  Top-1 Recall: 0.0000
  Top-1 F1: 0.0000
==========================================================================================
[A16] DONE
