[CPU] torch.set_num_threads(12), interop=min(4, 12)
Using device: cpu
[INFO] Auto-computed BALANCED class weights (to prevent class collapse):
  Circulation  (  367 samples): 0.780
  Epigenetics  (  157 samples): 1.823
  Target       (  293 samples): 0.977
  Genetics     (  681 samples): 0.420
  [NOTE] Higher weights for minority classes to prevent model from only predicting majority class
[INFO] Using v3.2_wang dataset (Wang MeSH semantic + functional sim):
  miRNAs: 713
  Diseases: 447
  Expected associations: ~16,341 (TDRC preprocessing)
  Types: 5 (Circulation, Epigenetics, Target, Genetics, Tissue)

================================================================================
Configuration Summary
================================================================================
Dataset: v3.2_wang
Data Path: ./
Model: HeterogenousGraphCLAMIR
  - HGT Layers: 2
  - Attention Heads: 4
  - Association Types: 5
  - Inter-view CL: Enabled
    - Weight: 0.3
    - Temperature: 0.5
    - Margin: 0.5

Training:
  - Epochs: 200
  - Learning Rate: 0.0001
  - Dropout: 0.3
  - Weight Decay: 5e-05
  - Focal Loss: Enabled

Evaluation:
  - Cross-Validation Folds: 3
  - Primary Metric: AUPR

Device: cpu
Random Seed: 1234
================================================================================

[SEED] Re-seeded với args.seed = 1234
🚀 Running with comprehensive evaluation including Top-1 metrics...
🎯 Loading dual-view data...
Starting dual-view data preparation with new file format...
Loading all similarity and feature files from v3.2_wang...
✅ Loaded disease semantic similarity from D_SSM1.txt: (447, 447)
✅ Loaded miRNA functional similarity from M_FSM.txt: (713, 713)
✅ Loaded multi-type association pairs from ./v3.2_wang/multi_all_mirna_disease_pairs_without_negative.csv: (12534, 3)
✅ Created multi-type association matrix: (713, 447)
📊 Multi-type Association Statistics:
   无关联 (No association): 306177 pairs (96.07%)
   循环类型 (Circulation): 3310 pairs (1.04%)
   表观遗传学 (Epigenetics): 411 pairs (0.13%)
   靶标类型 (Target): 4810 pairs (1.51%)
   遗传学类型 (Genetics): 850 pairs (0.27%)
   组织表达 (Tissue): 3153 pairs (0.99%)
✅ Created association matrix from CSV: (713, 447)
✅ Loaded disease-gene features from D_SSM2.txt: torch.Size([447, 447])
✅ Loaded miRNA View-1 features from M_GSM.txt (=GIP): torch.Size([713, 713])
Processing integrated similarity matrices...
Loaded similarity matrices from cache
Processing indices...
Loaded indices from cache (seed=1234)
✅ Dual-view data preparation completed in 0.49 seconds

============================================================
🎯 DUAL-VIEW CONFIGURATION SUMMARY (v3.2_wang)
============================================================
miRNA Dual Views:
  📊 View 1 (Sequence): M_GSM.txt torch.Size([713, 713])
  📊 View 2 (Function): M_FSM.txt torch.Size([713, 713])

Disease Dual Views:
  📊 View 1 (Gene): D_SSM2.txt torch.Size([447, 447])
  📊 View 2 (Semantic): D_SSM1.txt torch.Size([447, 447])

Association Matrix: torch.Size([713, 447])
Data source: v3.2_wang (713 miRNAs × 447 Diseases)
============================================================
Preloading dual-view data to device...
✅ Loaded disease-gene features to device: torch.Size([447, 447])
✅ Loaded miRNA-sequence features to device: torch.Size([713, 713])
✅ Loaded disease semantic similarity to device: torch.Size([447, 447])
✅ Loaded miRNA functional similarity to device: torch.Size([713, 713])
✅ Dual-view data preloading completed in 0.00 seconds
OptimizedDataset initialized with 3 folds
Using device: cpu
=== Cross Validation Fold 1/3 ===
Using hidden dimensions: [256, 256] with 4 attention heads
优化模型初始化: miRNA数量 = 713, 疾病数量 = 447
   节点维度: 256 → 128
   类型数量: 5
   Temperature: 2.0 (可学习)
   Loss mode: two_head
   loss_mode=two_head
   exist_weight=0.100, type_weight=0.900

✅ SimplifiedMultiTypeAssociationLoss 初始化 (改进版)
   类别权重 (beta=0.99999): ['0.344', '2.732', '0.239', '1.324', '0.361']
Original positive index shape: torch.Size([7518, 2])
Original negative index shape: torch.Size([183702, 2])
采样后负样本数量: 75180
🎯 Building TRUE DUAL VIEWS from four different sources...
📊 Data sources loaded:
  Disease semantic: torch.Size([447, 447])
  miRNA functional: torch.Size([713, 713])
  Disease-gene: torch.Size([447, 447])
  miRNA-sequence: torch.Size([713, 713])
🧬 Building miRNA dual-view hypergraphs...
  📊 miRNA View 1 (Sequence): torch.Size([713, 1160])
  📊 miRNA View 2 (Function): torch.Size([713, 1160])
🦠 Building disease dual-view hypergraphs...
  📊 Disease View 1 (Gene): torch.Size([447, 1160])
  📊 Disease View 2 (Semantic): torch.Size([447, 1160])
✅ Successfully built TRUE DUAL VIEWS:
   🧬 miRNA: Sequence Features (m_ss.xlsx) vs Functional Similarity (mi_fun_sim_2.0.csv)
   🦠 Disease: Gene Features (d_gs.xlsx) vs Semantic Similarity (dis_sem_sim_2.0.csv)

🔧 Epoch 1 梯度检查:
================================================================================

  参数名称                              梯度范数         梯度均值 状态             
  ----------------------------------------------------------------------
  type_relations                0.000028     0.000001 ✅ 正常           
  exist_relation                0.000142     0.000010 ✅ 正常           
  mi_proj_layer0                0.419827     0.001512 ✅ 正常           
  dis_proj_layer0               0.510056     0.001890 ✅ 正常           
================================================================================

Epoch 1, Total Loss: 21.0055, Recover Loss: 1.6762, miRNA CL: 9.2200, Disease CL: 8.6334, Inter-view (est): 4.1200, Recon Loss: 1.1586, Time: 6.47s
[INFO] Hypergraph updated at epoch 5
[INFO] Hypergraph updated at epoch 10
[INFO] Hypergraph updated at epoch 15
[INFO] Hypergraph updated at epoch 20
[INFO] Hypergraph updated at epoch 25
[INFO] Hypergraph updated at epoch 30
[INFO] Hypergraph updated at epoch 35
[INFO] Hypergraph updated at epoch 40
[INFO] Hypergraph updated at epoch 45
[INFO] Hypergraph updated at epoch 50

🔧 Epoch 50 梯度检查:
================================================================================

  参数名称                              梯度范数         梯度均值 状态             
  ----------------------------------------------------------------------
  type_relations                0.000019     0.000000 ✅ 正常           
  exist_relation                0.000137     0.000009 ✅ 正常           
  mi_proj_layer0                0.075825     0.000270 ✅ 正常           
  dis_proj_layer0               0.080466     0.000292 ✅ 正常           
================================================================================

Epoch 50, Total Loss: 17.7795, Recover Loss: 1.5297, miRNA CL: 8.0449, Disease CL: 7.8210, Inter-view (est): 3.6614, Recon Loss: 0.0792, Time: 322.46s
[INFO] Hypergraph updated at epoch 100

🔧 Epoch 100 梯度检查:
================================================================================

  参数名称                              梯度范数         梯度均值 状态             
  ----------------------------------------------------------------------
  type_relations                0.000011     0.000000 ✅ 正常           
  exist_relation                0.000131     0.000009 ✅ 正常           
  mi_proj_layer0                0.061864     0.000230 ✅ 正常           
  dis_proj_layer0               0.053572     0.000205 ✅ 正常           
================================================================================

Epoch 100, Total Loss: 16.3509, Recover Loss: 1.4974, miRNA CL: 7.4734, Disease CL: 7.0585, Inter-view (est): 3.3535, Recon Loss: 0.0298, Time: 574.39s
[INFO] Hypergraph updated at epoch 150

🔧 Epoch 150 梯度检查:
================================================================================

  参数名称                              梯度范数         梯度均值 状态             
  ----------------------------------------------------------------------
  type_relations                0.000007     0.000000 ✅ 正常           
  exist_relation                0.000127     0.000008 ✅ 正常           
  mi_proj_layer0                0.065145     0.000240 ✅ 正常           
  dis_proj_layer0               0.078786     0.000274 ✅ 正常           
================================================================================

Epoch 150, Total Loss: 15.6326, Recover Loss: 1.4732, miRNA CL: 7.1309, Disease CL: 6.7197, Inter-view (est): 3.1963, Recon Loss: 0.0266, Time: 817.31s
[INFO] Hypergraph updated at epoch 200

🔧 Epoch 200 梯度检查:
================================================================================

  参数名称                              梯度范数         梯度均值 状态             
  ----------------------------------------------------------------------
  type_relations                0.000004     0.000000 ✅ 正常           
  exist_relation                0.000122     0.000008 ✅ 正常           
  mi_proj_layer0                0.053534     0.000207 ✅ 正常           
  dis_proj_layer0               0.061529     0.000229 ✅ 正常           
================================================================================

Epoch 200, Total Loss: 15.3811, Recover Loss: 1.4528, miRNA CL: 7.0344, Disease CL: 6.5942, Inter-view (est): 3.1450, Recon Loss: 0.0254, Time: 1080.23s

================================================================================
Training completed. Running final test...
================================================================================
[dump_scores] fold0: 3759 positive test pairs -> results/b3/dump_legacy/
Fold 1 completed - AUC: 0.8987, Top-1 F1: 0.0000
Fold 1 training time: 1085.66 seconds
=== Cross Validation Fold 2/3 ===
Using hidden dimensions: [256, 256] with 4 attention heads
优化模型初始化: miRNA数量 = 713, 疾病数量 = 447
   节点维度: 256 → 128
   类型数量: 5
   Temperature: 2.0 (可学习)
   Loss mode: two_head
   loss_mode=two_head
   exist_weight=0.100, type_weight=0.900

✅ SimplifiedMultiTypeAssociationLoss 初始化 (改进版)
   类别权重 (beta=0.99999): ['0.344', '2.732', '0.239', '1.324', '0.361']
Original positive index shape: torch.Size([7518, 2])
Original negative index shape: torch.Size([183702, 2])
采样后负样本数量: 75180
🎯 Building TRUE DUAL VIEWS from four different sources...
📊 Data sources loaded:
  Disease semantic: torch.Size([447, 447])
  miRNA functional: torch.Size([713, 713])
  Disease-gene: torch.Size([447, 447])
  miRNA-sequence: torch.Size([713, 713])
🧬 Building miRNA dual-view hypergraphs...
  📊 miRNA View 1 (Sequence): torch.Size([713, 1160])
  📊 miRNA View 2 (Function): torch.Size([713, 1160])
🦠 Building disease dual-view hypergraphs...
  📊 Disease View 1 (Gene): torch.Size([447, 1160])
  📊 Disease View 2 (Semantic): torch.Size([447, 1160])
✅ Successfully built TRUE DUAL VIEWS:
   🧬 miRNA: Sequence Features (m_ss.xlsx) vs Functional Similarity (mi_fun_sim_2.0.csv)
   🦠 Disease: Gene Features (d_gs.xlsx) vs Semantic Similarity (dis_sem_sim_2.0.csv)

🔧 Epoch 1 梯度检查:
================================================================================

  参数名称                              梯度范数         梯度均值 状态             
  ----------------------------------------------------------------------
  type_relations                0.000028     0.000001 ✅ 正常           
  exist_relation                0.000147     0.000010 ✅ 正常           
  mi_proj_layer0                0.527031     0.001984 ✅ 正常           
  dis_proj_layer0               0.446557     0.001645 ✅ 正常           
================================================================================

Epoch 1, Total Loss: 21.0747, Recover Loss: 1.6924, miRNA CL: 9.2894, Disease CL: 8.6152, Inter-view (est): 4.1318, Recon Loss: 1.1602, Time: 4.48s
[INFO] Hypergraph updated at epoch 5
[INFO] Hypergraph updated at epoch 10
[INFO] Hypergraph updated at epoch 15
[INFO] Hypergraph updated at epoch 20
[INFO] Hypergraph updated at epoch 25
[INFO] Hypergraph updated at epoch 30
[INFO] Hypergraph updated at epoch 35
[INFO] Hypergraph updated at epoch 40
[INFO] Hypergraph updated at epoch 45
[INFO] Hypergraph updated at epoch 50

🔧 Epoch 50 梯度检查:
================================================================================

  参数名称                              梯度范数         梯度均值 状态             
  ----------------------------------------------------------------------
  type_relations                0.000019     0.000000 ✅ 正常           
  exist_relation                0.000143     0.000010 ✅ 正常           
  mi_proj_layer0                0.067297     0.000251 ✅ 正常           
  dis_proj_layer0               0.068787     0.000256 ✅ 正常           
================================================================================

Epoch 50, Total Loss: 17.7085, Recover Loss: 1.5341, miRNA CL: 8.0106, Disease CL: 7.7952, Inter-view (est): 3.6475, Recon Loss: 0.0641, Time: 338.86s
[INFO] Hypergraph updated at epoch 100

🔧 Epoch 100 梯度检查:
================================================================================

  参数名称                              梯度范数         梯度均值 状态             
  ----------------------------------------------------------------------
  type_relations                0.000011     0.000000 ✅ 正常           
  exist_relation                0.000137     0.000009 ✅ 正常           
  mi_proj_layer0                0.063022     0.000236 ✅ 正常           
  dis_proj_layer0               0.047866     0.000181 ✅ 正常           
================================================================================

Epoch 100, Total Loss: 16.3563, Recover Loss: 1.4991, miRNA CL: 7.4937, Disease CL: 7.0419, Inter-view (est): 3.3544, Recon Loss: 0.0301, Time: 582.08s
[INFO] Hypergraph updated at epoch 150

🔧 Epoch 150 梯度检查:
================================================================================

  参数名称                              梯度范数         梯度均值 状态             
  ----------------------------------------------------------------------
  type_relations                0.000007     0.000000 ✅ 正常           
  exist_relation                0.000132     0.000009 ✅ 正常           
  mi_proj_layer0                0.050499     0.000204 ✅ 正常           
  dis_proj_layer0               0.043574     0.000169 ✅ 正常           
================================================================================

Epoch 150, Total Loss: 15.6255, Recover Loss: 1.4774, miRNA CL: 7.1329, Disease CL: 6.7065, Inter-view (est): 3.1937, Recon Loss: 0.0267, Time: 843.39s
[INFO] Hypergraph updated at epoch 200

🔧 Epoch 200 梯度检查:
================================================================================

  参数名称                              梯度范数         梯度均值 状态             
  ----------------------------------------------------------------------
  type_relations                0.000004     0.000000 ✅ 正常           
  exist_relation                0.000128     0.000008 ✅ 正常           
  mi_proj_layer0                0.056910     0.000228 ✅ 正常           
  dis_proj_layer0               0.061164     0.000233 ✅ 正常           
================================================================================

Epoch 200, Total Loss: 15.3764, Recover Loss: 1.4558, miRNA CL: 7.0272, Disease CL: 6.5949, Inter-view (est): 3.1436, Recon Loss: 0.0245, Time: 1073.83s

================================================================================
Training completed. Running final test...
================================================================================
[dump_scores] fold1: 3759 positive test pairs -> results/b3/dump_legacy/
Fold 2 completed - AUC: 0.9024, Top-1 F1: 0.0000
Fold 2 training time: 1078.66 seconds
=== Cross Validation Fold 3/3 ===
Using hidden dimensions: [256, 256] with 4 attention heads
优化模型初始化: miRNA数量 = 713, 疾病数量 = 447
   节点维度: 256 → 128
   类型数量: 5
   Temperature: 2.0 (可学习)
   Loss mode: two_head
   loss_mode=two_head
   exist_weight=0.100, type_weight=0.900

✅ SimplifiedMultiTypeAssociationLoss 初始化 (改进版)
   类别权重 (beta=0.99999): ['0.344', '2.732', '0.239', '1.324', '0.361']
Original positive index shape: torch.Size([7518, 2])
Original negative index shape: torch.Size([183702, 2])
采样后负样本数量: 75180
🎯 Building TRUE DUAL VIEWS from four different sources...
📊 Data sources loaded:
  Disease semantic: torch.Size([447, 447])
  miRNA functional: torch.Size([713, 713])
  Disease-gene: torch.Size([447, 447])
  miRNA-sequence: torch.Size([713, 713])
🧬 Building miRNA dual-view hypergraphs...
  📊 miRNA View 1 (Sequence): torch.Size([713, 1160])
  📊 miRNA View 2 (Function): torch.Size([713, 1160])
🦠 Building disease dual-view hypergraphs...
  📊 Disease View 1 (Gene): torch.Size([447, 1160])
  📊 Disease View 2 (Semantic): torch.Size([447, 1160])
✅ Successfully built TRUE DUAL VIEWS:
   🧬 miRNA: Sequence Features (m_ss.xlsx) vs Functional Similarity (mi_fun_sim_2.0.csv)
   🦠 Disease: Gene Features (d_gs.xlsx) vs Semantic Similarity (dis_sem_sim_2.0.csv)

🔧 Epoch 1 梯度检查:
================================================================================

  参数名称                              梯度范数         梯度均值 状态             
  ----------------------------------------------------------------------
  type_relations                0.000028     0.000001 ✅ 正常           
  exist_relation                0.000137     0.000010 ✅ 正常           
  mi_proj_layer0                0.414884     0.001491 ✅ 正常           
  dis_proj_layer0               0.533714     0.002011 ✅ 正常           
================================================================================

Epoch 1, Total Loss: 21.2492, Recover Loss: 1.6702, miRNA CL: 9.4189, Disease CL: 8.6562, Inter-view (est): 4.1712, Recon Loss: 1.1864, Time: 4.58s
[INFO] Hypergraph updated at epoch 5
[INFO] Hypergraph updated at epoch 10
[INFO] Hypergraph updated at epoch 15
[INFO] Hypergraph updated at epoch 20
[INFO] Hypergraph updated at epoch 25
[INFO] Hypergraph updated at epoch 30
[INFO] Hypergraph updated at epoch 35
[INFO] Hypergraph updated at epoch 40
[INFO] Hypergraph updated at epoch 45
[INFO] Hypergraph updated at epoch 50

🔧 Epoch 50 梯度检查:
================================================================================

  参数名称                              梯度范数         梯度均值 状态             
  ----------------------------------------------------------------------
  type_relations                0.000019     0.000000 ✅ 正常           
  exist_relation                0.000132     0.000009 ✅ 正常           
  mi_proj_layer0                0.080431     0.000269 ✅ 正常           
  dis_proj_layer0               0.083079     0.000282 ✅ 正常           
================================================================================

Epoch 50, Total Loss: 17.8294, Recover Loss: 1.5342, miRNA CL: 8.0368, Disease CL: 7.8795, Inter-view (est): 3.6730, Recon Loss: 0.0747, Time: 340.75s
[INFO] Hypergraph updated at epoch 100

🔧 Epoch 100 梯度检查:
================================================================================

  参数名称                              梯度范数         梯度均值 状态             
  ----------------------------------------------------------------------
  type_relations                0.000011     0.000000 ✅ 正常           
  exist_relation                0.000127     0.000009 ✅ 正常           
  mi_proj_layer0                0.062759     0.000221 ✅ 正常           
  dis_proj_layer0               0.059696     0.000215 ✅ 正常           
================================================================================

Epoch 100, Total Loss: 16.3952, Recover Loss: 1.5060, miRNA CL: 7.3868, Disease CL: 7.1802, Inter-view (est): 3.3616, Recon Loss: 0.0310, Time: 604.22s
[INFO] Hypergraph updated at epoch 150

🔧 Epoch 150 梯度检查:
================================================================================

  参数名称                              梯度范数         梯度均值 状态             
  ----------------------------------------------------------------------
  type_relations                0.000007     0.000000 ✅ 正常           
  exist_relation                0.000122     0.000008 ✅ 正常           
  mi_proj_layer0                0.058849     0.000217 ✅ 正常           
  dis_proj_layer0               0.052610     0.000199 ✅ 正常           
================================================================================

Epoch 150, Total Loss: 15.7029, Recover Loss: 1.4856, miRNA CL: 7.1373, Disease CL: 6.7712, Inter-view (est): 3.2096, Recon Loss: 0.0276, Time: 854.16s
[INFO] Hypergraph updated at epoch 200

🔧 Epoch 200 梯度检查:
================================================================================

  参数名称                              梯度范数         梯度均值 状态             
  ----------------------------------------------------------------------
  type_relations                0.000005     0.000000 ✅ 正常           
  exist_relation                0.000117     0.000008 ✅ 正常           
  mi_proj_layer0                0.045199     0.000185 ✅ 正常           
  dis_proj_layer0               0.050740     0.000200 ✅ 正常           
================================================================================

Epoch 200, Total Loss: 15.4233, Recover Loss: 1.4620, miRNA CL: 7.0416, Disease CL: 6.6216, Inter-view (est): 3.1530, Recon Loss: 0.0253, Time: 1117.52s

================================================================================
Training completed. Running final test...
================================================================================
[dump_scores] fold2: 3759 positive test pairs -> results/b3/dump_legacy/
Fold 3 completed - AUC: 0.8975, Top-1 F1: 0.0000
Fold 3 training time: 1122.42 seconds
Average binary metrics across folds: [[0.8995503  0.8996899  0.82420515 0.81761993 0.85503237 0.7802075
  0.79580188]]
🎯 Average Top-1 metrics across folds: {'top1_precision': 0.0, 'top1_recall': 0.0, 'top1_f1': 0.0}

📊 CV_type Style Metrics Details:
  AUC            : 0.8996
  AUPR           : 0.8997
  F1             : 0.8242
  Accuracy       : 0.8176
  Recall         : 0.8550
  Specificity    : 0.7802
  Precision      : 0.7958

🎯 Top-1 Metrics Details:
  top1_precision : 0.0000
  top1_recall    : 0.0000
  top1_f1        : 0.0000

Total execution time: 3287.24 seconds

==========================================================================================
🎯 FINAL COMPREHENSIVE RESULTS WITH TOP-1 METRICS
==========================================================================================
📊 Binary Classification Metrics (Original):
  AUC: 0.8996
  AUPR: 0.8997
  F1: 0.8242
  Accuracy: 0.8176
  Recall: 0.8550
  Specificity: 0.7802
  Precision: 0.7958

🎯 CV_type Style Metrics (Enhanced):
  AUC: 0.8996
  AUPR: 0.8997
  F1: 0.8242
  Accuracy: 0.8176
  Recall: 0.8550
  Specificity: 0.7802
  Precision: 0.7958

🏆 Top-1 Metrics (NEW):
  Top-1 Precision: 0.0000
  Top-1 Recall: 0.0000
  Top-1 F1: 0.0000
==========================================================================================
