[CPU] torch.set_num_threads(12), interop=min(4, 12)
Using device: cpu
[INFO] Auto-computed BALANCED class weights (to prevent class collapse):
  Circulation  (  367 samples): 0.780
  Epigenetics  (  157 samples): 1.823
  Target       (  293 samples): 0.977
  Genetics     (  681 samples): 0.420
  [NOTE] Higher weights for minority classes to prevent model from only predicting majority class
[INFO] Using v3.2_wang dataset (Wang MeSH semantic + functional sim):
  miRNAs: 713
  Diseases: 447
  Expected associations: ~16,341 (TDRC preprocessing)
  Types: 5 (Circulation, Epigenetics, Target, Genetics, Tissue)

================================================================================
Configuration Summary
================================================================================
Dataset: v3.2_wang
Data Path: ./
Model: HeterogenousGraphCLAMIR
  - HGT Layers: 2
  - Attention Heads: 4
  - Association Types: 5
  - Inter-view CL: Enabled
    - Weight: 0.3
    - Temperature: 0.5
    - Margin: 0.5

Training:
  - Epochs: 200
  - Learning Rate: 0.0001
  - Dropout: 0.3
  - Weight Decay: 5e-05
  - Focal Loss: Enabled

Evaluation:
  - Cross-Validation Folds: 3
  - Primary Metric: AUPR

Device: cpu
Random Seed: 1234
================================================================================

[SEED] Re-seeded với args.seed = 1234
🚀 Running with comprehensive evaluation including Top-1 metrics...
🎯 Loading dual-view data...
Starting dual-view data preparation with new file format...
Loading all similarity and feature files from v3.2_wang...
✅ Loaded disease semantic similarity from D_SSM1.txt: (447, 447)
✅ Loaded miRNA functional similarity from M_FSM.txt: (713, 713)
✅ Loaded multi-type association pairs from ./v3.2_wang/multi_all_mirna_disease_pairs_without_negative.csv: (12534, 3)
✅ Created multi-type association matrix: (713, 447)
📊 Multi-type Association Statistics:
   无关联 (No association): 306177 pairs (96.07%)
   循环类型 (Circulation): 3310 pairs (1.04%)
   表观遗传学 (Epigenetics): 411 pairs (0.13%)
   靶标类型 (Target): 4810 pairs (1.51%)
   遗传学类型 (Genetics): 850 pairs (0.27%)
   组织表达 (Tissue): 3153 pairs (0.99%)
✅ Created association matrix from CSV: (713, 447)
✅ Loaded disease-gene features from D_SSM2.txt: torch.Size([447, 447])
✅ Loaded miRNA View-1 features from M_GSM.txt (=GIP): torch.Size([713, 713])
Processing integrated similarity matrices...
Loaded similarity matrices from cache
Processing indices...
Loaded indices from cache (seed=1234)
✅ Dual-view data preparation completed in 0.54 seconds

============================================================
🎯 DUAL-VIEW CONFIGURATION SUMMARY (v3.2_wang)
============================================================
miRNA Dual Views:
  📊 View 1 (Sequence): M_GSM.txt torch.Size([713, 713])
  📊 View 2 (Function): M_FSM.txt torch.Size([713, 713])

Disease Dual Views:
  📊 View 1 (Gene): D_SSM2.txt torch.Size([447, 447])
  📊 View 2 (Semantic): D_SSM1.txt torch.Size([447, 447])

Association Matrix: torch.Size([713, 447])
Data source: v3.2_wang (713 miRNAs × 447 Diseases)
============================================================
Preloading dual-view data to device...
✅ Loaded disease-gene features to device: torch.Size([447, 447])
✅ Loaded miRNA-sequence features to device: torch.Size([713, 713])
✅ Loaded disease semantic similarity to device: torch.Size([447, 447])
✅ Loaded miRNA functional similarity to device: torch.Size([713, 713])
✅ Dual-view data preloading completed in 0.00 seconds
OptimizedDataset initialized with 3 folds
Using device: cpu
=== Cross Validation Fold 1/3 ===
Using hidden dimensions: [256, 256] with 4 attention heads
优化模型初始化: miRNA数量 = 713, 疾病数量 = 447
   节点维度: 256 → 128
   类型数量: 5
   Temperature: 2.0 (可学习)
   Loss mode: two_head
   loss_mode=two_head
   exist_weight=0.100, type_weight=0.900

✅ SimplifiedMultiTypeAssociationLoss 初始化 (改进版)
   类别权重 (beta=0.99999): ['0.344', '2.732', '0.239', '1.324', '0.361']
Original positive index shape: torch.Size([7518, 2])
Original negative index shape: torch.Size([183702, 2])
采样后负样本数量: 75180
🎯 Building TRUE DUAL VIEWS from four different sources...
📊 Data sources loaded:
  Disease semantic: torch.Size([447, 447])
  miRNA functional: torch.Size([713, 713])
  Disease-gene: torch.Size([447, 447])
  miRNA-sequence: torch.Size([713, 713])
🧬 Building miRNA dual-view hypergraphs...
  📊 miRNA View 1 (Sequence): torch.Size([713, 1160])
  📊 miRNA View 2 (Function): torch.Size([713, 1160])
🦠 Building disease dual-view hypergraphs...
  📊 Disease View 1 (Gene): torch.Size([447, 1160])
  📊 Disease View 2 (Semantic): torch.Size([447, 1160])
✅ Successfully built TRUE DUAL VIEWS:
   🧬 miRNA: Sequence Features (m_ss.xlsx) vs Functional Similarity (mi_fun_sim_2.0.csv)
   🦠 Disease: Gene Features (d_gs.xlsx) vs Semantic Similarity (dis_sem_sim_2.0.csv)

🔧 Epoch 1 梯度检查:
================================================================================

  参数名称                              梯度范数         梯度均值 状态             
  ----------------------------------------------------------------------
  type_relations                0.000028     0.000001 ✅ 正常           
  exist_relation                0.000142     0.000010 ✅ 正常           
  mi_proj_layer0                0.344898     0.001253 ✅ 正常           
  dis_proj_layer0               0.413387     0.001583 ✅ 正常           
================================================================================

Epoch 1, Total Loss: 20.9987, Recover Loss: 1.6693, miRNA CL: 9.2200, Disease CL: 8.6334, Inter-view (est): 4.1200, Recon Loss: 1.1586, Time: 4.74s
[INFO] Hypergraph updated at epoch 5
[INFO] Hypergraph updated at epoch 10
[INFO] Hypergraph updated at epoch 15
[INFO] Hypergraph updated at epoch 20
[INFO] Hypergraph updated at epoch 25
[INFO] Hypergraph updated at epoch 30
[INFO] Hypergraph updated at epoch 35
[INFO] Hypergraph updated at epoch 40
[INFO] Hypergraph updated at epoch 45
[INFO] Hypergraph updated at epoch 50

🔧 Epoch 50 梯度检查:
================================================================================

  参数名称                              梯度范数         梯度均值 状态             
  ----------------------------------------------------------------------
  type_relations                0.000019     0.000001 ✅ 正常           
  exist_relation                0.000137     0.000009 ✅ 正常           
  mi_proj_layer0                0.068257     0.000251 ✅ 正常           
  dis_proj_layer0               0.067056     0.000257 ✅ 正常           
================================================================================

Epoch 50, Total Loss: 17.8273, Recover Loss: 1.5740, miRNA CL: 8.0475, Disease CL: 7.8220, Inter-view (est): 3.6622, Recon Loss: 0.0795, Time: 340.96s
[INFO] Hypergraph updated at epoch 100

🔧 Epoch 100 梯度检查:
================================================================================

  参数名称                              梯度范数         梯度均值 状态             
  ----------------------------------------------------------------------
  type_relations                0.000011     0.000000 ✅ 正常           
  exist_relation                0.000131     0.000009 ✅ 正常           
  mi_proj_layer0                0.054418     0.000212 ✅ 正常           
  dis_proj_layer0               0.055404     0.000223 ✅ 正常           
================================================================================

Epoch 100, Total Loss: 16.3923, Recover Loss: 1.5380, miRNA CL: 7.4749, Disease CL: 7.0576, Inter-view (est): 3.3537, Recon Loss: 0.0299, Time: 590.07s
[INFO] Hypergraph updated at epoch 150

🔧 Epoch 150 梯度检查:
================================================================================

  参数名称                              梯度范数         梯度均值 状态             
  ----------------------------------------------------------------------
  type_relations                0.000007     0.000000 ✅ 正常           
  exist_relation                0.000127     0.000008 ✅ 正常           
  mi_proj_layer0                0.067907     0.000263 ✅ 正常           
  dis_proj_layer0               0.072567     0.000285 ✅ 正常           
================================================================================

Epoch 150, Total Loss: 15.6589, Recover Loss: 1.4983, miRNA CL: 7.1305, Disease CL: 6.7203, Inter-view (est): 3.1964, Recon Loss: 0.0271, Time: 854.77s
[INFO] Hypergraph updated at epoch 200

🔧 Epoch 200 梯度检查:
================================================================================

  参数名称                              梯度范数         梯度均值 状态             
  ----------------------------------------------------------------------
  type_relations                0.000004     0.000000 ✅ 正常           
  exist_relation                0.000122     0.000008 ✅ 正常           
  mi_proj_layer0                0.053301     0.000216 ✅ 正常           
  dis_proj_layer0               0.055951     0.000233 ✅ 正常           
================================================================================

Epoch 200, Total Loss: 15.3958, Recover Loss: 1.4616, miRNA CL: 7.0359, Disease CL: 6.5976, Inter-view (est): 3.1462, Recon Loss: 0.0253, Time: 1099.16s

================================================================================
Training completed. Running final test...
================================================================================
[dump_scores] fold0: 3759 positive test pairs -> results/b3/dump_fixed/
Fold 1 completed - AUC: 0.9016, Top-1 F1: 0.0000
Fold 1 training time: 1104.50 seconds
=== Cross Validation Fold 2/3 ===
Using hidden dimensions: [256, 256] with 4 attention heads
优化模型初始化: miRNA数量 = 713, 疾病数量 = 447
   节点维度: 256 → 128
   类型数量: 5
   Temperature: 2.0 (可学习)
   Loss mode: two_head
   loss_mode=two_head
   exist_weight=0.100, type_weight=0.900

✅ SimplifiedMultiTypeAssociationLoss 初始化 (改进版)
   类别权重 (beta=0.99999): ['0.344', '2.732', '0.239', '1.324', '0.361']
Original positive index shape: torch.Size([7518, 2])
Original negative index shape: torch.Size([183702, 2])
采样后负样本数量: 75180
🎯 Building TRUE DUAL VIEWS from four different sources...
📊 Data sources loaded:
  Disease semantic: torch.Size([447, 447])
  miRNA functional: torch.Size([713, 713])
  Disease-gene: torch.Size([447, 447])
  miRNA-sequence: torch.Size([713, 713])
🧬 Building miRNA dual-view hypergraphs...
  📊 miRNA View 1 (Sequence): torch.Size([713, 1160])
  📊 miRNA View 2 (Function): torch.Size([713, 1160])
🦠 Building disease dual-view hypergraphs...
  📊 Disease View 1 (Gene): torch.Size([447, 1160])
  📊 Disease View 2 (Semantic): torch.Size([447, 1160])
✅ Successfully built TRUE DUAL VIEWS:
   🧬 miRNA: Sequence Features (m_ss.xlsx) vs Functional Similarity (mi_fun_sim_2.0.csv)
   🦠 Disease: Gene Features (d_gs.xlsx) vs Semantic Similarity (dis_sem_sim_2.0.csv)

🔧 Epoch 1 梯度检查:
================================================================================

  参数名称                              梯度范数         梯度均值 状态             
  ----------------------------------------------------------------------
  type_relations                0.000028     0.000001 ✅ 正常           
  exist_relation                0.000147     0.000010 ✅ 正常           
  mi_proj_layer0                0.430620     0.001639 ✅ 正常           
  dis_proj_layer0               0.381978     0.001392 ✅ 正常           
================================================================================

Epoch 1, Total Loss: 21.0607, Recover Loss: 1.6784, miRNA CL: 9.2894, Disease CL: 8.6152, Inter-view (est): 4.1318, Recon Loss: 1.1602, Time: 4.12s
[INFO] Hypergraph updated at epoch 5
[INFO] Hypergraph updated at epoch 10
[INFO] Hypergraph updated at epoch 15
[INFO] Hypergraph updated at epoch 20
[INFO] Hypergraph updated at epoch 25
[INFO] Hypergraph updated at epoch 30
[INFO] Hypergraph updated at epoch 35
[INFO] Hypergraph updated at epoch 40
[INFO] Hypergraph updated at epoch 45
[INFO] Hypergraph updated at epoch 50

🔧 Epoch 50 梯度检查:
================================================================================

  参数名称                              梯度范数         梯度均值 状态             
  ----------------------------------------------------------------------
  type_relations                0.000019     0.000000 ✅ 正常           
  exist_relation                0.000143     0.000010 ✅ 正常           
  mi_proj_layer0                0.061733     0.000235 ✅ 正常           
  dis_proj_layer0               0.061939     0.000241 ✅ 正常           
================================================================================

Epoch 50, Total Loss: 17.7584, Recover Loss: 1.5824, miRNA CL: 8.0113, Disease CL: 7.7966, Inter-view (est): 3.6480, Recon Loss: 0.0640, Time: 324.81s
[INFO] Hypergraph updated at epoch 100

🔧 Epoch 100 梯度检查:
================================================================================

  参数名称                              梯度范数         梯度均值 状态             
  ----------------------------------------------------------------------
  type_relations                0.000011     0.000000 ✅ 正常           
  exist_relation                0.000137     0.000009 ✅ 正常           
  mi_proj_layer0                0.077889     0.000284 ✅ 正常           
  dis_proj_layer0               0.076760     0.000297 ✅ 正常           
================================================================================

Epoch 100, Total Loss: 16.3980, Recover Loss: 1.5401, miRNA CL: 7.4953, Disease CL: 7.0417, Inter-view (est): 3.3547, Recon Loss: 0.0301, Time: 567.77s
[INFO] Hypergraph updated at epoch 150

🔧 Epoch 150 梯度检查:
================================================================================

  参数名称                              梯度范数         梯度均值 状态             
  ----------------------------------------------------------------------
  type_relations                0.000007     0.000000 ✅ 正常           
  exist_relation                0.000132     0.000009 ✅ 正常           
  mi_proj_layer0                0.052449     0.000217 ✅ 正常           
  dis_proj_layer0               0.054484     0.000226 ✅ 正常           
================================================================================

Epoch 150, Total Loss: 15.6470, Recover Loss: 1.4988, miRNA CL: 7.1322, Disease CL: 6.7076, Inter-view (est): 3.1938, Recon Loss: 0.0272, Time: 824.76s
[INFO] Hypergraph updated at epoch 200

🔧 Epoch 200 梯度检查:
================================================================================

  参数名称                              梯度范数         梯度均值 状态             
  ----------------------------------------------------------------------
  type_relations                0.000004     0.000000 ✅ 正常           
  exist_relation                0.000128     0.000008 ✅ 正常           
  mi_proj_layer0                0.047296     0.000199 ✅ 正常           
  dis_proj_layer0               0.054718     0.000226 ✅ 正常           
================================================================================

Epoch 200, Total Loss: 15.3932, Recover Loss: 1.4654, miRNA CL: 7.0296, Disease CL: 6.6000, Inter-view (est): 3.1453, Recon Loss: 0.0246, Time: 1067.36s

================================================================================
Training completed. Running final test...
================================================================================
[dump_scores] fold1: 3759 positive test pairs -> results/b3/dump_fixed/
Fold 2 completed - AUC: 0.9088, Top-1 F1: 0.0000
Fold 2 training time: 1072.15 seconds
=== Cross Validation Fold 3/3 ===
Using hidden dimensions: [256, 256] with 4 attention heads
优化模型初始化: miRNA数量 = 713, 疾病数量 = 447
   节点维度: 256 → 128
   类型数量: 5
   Temperature: 2.0 (可学习)
   Loss mode: two_head
   loss_mode=two_head
   exist_weight=0.100, type_weight=0.900

✅ SimplifiedMultiTypeAssociationLoss 初始化 (改进版)
   类别权重 (beta=0.99999): ['0.344', '2.732', '0.239', '1.324', '0.361']
Original positive index shape: torch.Size([7518, 2])
Original negative index shape: torch.Size([183702, 2])
采样后负样本数量: 75180
🎯 Building TRUE DUAL VIEWS from four different sources...
📊 Data sources loaded:
  Disease semantic: torch.Size([447, 447])
  miRNA functional: torch.Size([713, 713])
  Disease-gene: torch.Size([447, 447])
  miRNA-sequence: torch.Size([713, 713])
🧬 Building miRNA dual-view hypergraphs...
  📊 miRNA View 1 (Sequence): torch.Size([713, 1160])
  📊 miRNA View 2 (Function): torch.Size([713, 1160])
🦠 Building disease dual-view hypergraphs...
  📊 Disease View 1 (Gene): torch.Size([447, 1160])
  📊 Disease View 2 (Semantic): torch.Size([447, 1160])
✅ Successfully built TRUE DUAL VIEWS:
   🧬 miRNA: Sequence Features (m_ss.xlsx) vs Functional Similarity (mi_fun_sim_2.0.csv)
   🦠 Disease: Gene Features (d_gs.xlsx) vs Semantic Similarity (dis_sem_sim_2.0.csv)

🔧 Epoch 1 梯度检查:
================================================================================

  参数名称                              梯度范数         梯度均值 状态             
  ----------------------------------------------------------------------
  type_relations                0.000028     0.000001 ✅ 正常           
  exist_relation                0.000137     0.000010 ✅ 正常           
  mi_proj_layer0                0.358855     0.001287 ✅ 正常           
  dis_proj_layer0               0.445137     0.001664 ✅ 正常           
================================================================================

Epoch 1, Total Loss: 21.2525, Recover Loss: 1.6735, miRNA CL: 9.4189, Disease CL: 8.6562, Inter-view (est): 4.1712, Recon Loss: 1.1864, Time: 4.38s
[INFO] Hypergraph updated at epoch 5
[INFO] Hypergraph updated at epoch 10
[INFO] Hypergraph updated at epoch 15
[INFO] Hypergraph updated at epoch 20
[INFO] Hypergraph updated at epoch 25
[INFO] Hypergraph updated at epoch 30
[INFO] Hypergraph updated at epoch 35
[INFO] Hypergraph updated at epoch 40
[INFO] Hypergraph updated at epoch 45
[INFO] Hypergraph updated at epoch 50

🔧 Epoch 50 梯度检查:
================================================================================

  参数名称                              梯度范数         梯度均值 状态             
  ----------------------------------------------------------------------
  type_relations                0.000019     0.000000 ✅ 正常           
  exist_relation                0.000132     0.000009 ✅ 正常           
  mi_proj_layer0                0.086820     0.000304 ✅ 正常           
  dis_proj_layer0               0.093636     0.000340 ✅ 正常           
================================================================================

Epoch 50, Total Loss: 17.8812, Recover Loss: 1.5875, miRNA CL: 8.0354, Disease CL: 7.8800, Inter-view (est): 3.6728, Recon Loss: 0.0744, Time: 340.22s
[INFO] Hypergraph updated at epoch 100

🔧 Epoch 100 梯度检查:
================================================================================

  参数名称                              梯度范数         梯度均值 状态             
  ----------------------------------------------------------------------
  type_relations                0.000011     0.000000 ✅ 正常           
  exist_relation                0.000127     0.000009 ✅ 正常           
  mi_proj_layer0                0.061305     0.000234 ✅ 正常           
  dis_proj_layer0               0.066671     0.000263 ✅ 正常           
================================================================================

Epoch 100, Total Loss: 16.4375, Recover Loss: 1.5489, miRNA CL: 7.3877, Disease CL: 7.1792, Inter-view (est): 3.3616, Recon Loss: 0.0307, Time: 570.78s
[INFO] Hypergraph updated at epoch 150

🔧 Epoch 150 梯度检查:
================================================================================

  参数名称                              梯度范数         梯度均值 状态             
  ----------------------------------------------------------------------
  type_relations                0.000007     0.000000 ✅ 正常           
  exist_relation                0.000122     0.000008 ✅ 正常           
  mi_proj_layer0                0.051496     0.000206 ✅ 正常           
  dis_proj_layer0               0.062213     0.000254 ✅ 正常           
================================================================================

Epoch 150, Total Loss: 15.7199, Recover Loss: 1.5049, miRNA CL: 7.1362, Disease CL: 6.7697, Inter-view (est): 3.2090, Recon Loss: 0.0277, Time: 832.67s
[INFO] Hypergraph updated at epoch 200

🔧 Epoch 200 梯度检查:
================================================================================

  参数名称                              梯度范数         梯度均值 状态             
  ----------------------------------------------------------------------
  type_relations                0.000005     0.000000 ✅ 正常           
  exist_relation                0.000117     0.000008 ✅ 正常           
  mi_proj_layer0                0.068549     0.000273 ✅ 正常           
  dis_proj_layer0               0.083541     0.000334 ✅ 正常           
================================================================================

Epoch 200, Total Loss: 15.4390, Recover Loss: 1.4696, miRNA CL: 7.0433, Disease CL: 6.6265, Inter-view (est): 3.1546, Recon Loss: 0.0253, Time: 1074.49s

================================================================================
Training completed. Running final test...
================================================================================
[dump_scores] fold2: 3759 positive test pairs -> results/b3/dump_fixed/
Fold 3 completed - AUC: 0.9047, Top-1 F1: 0.0000
Fold 3 training time: 1080.76 seconds
Average binary metrics across folds: [[0.90499602 0.90478325 0.82965662 0.82246165 0.864769   0.7801543
  0.79769433]]
🎯 Average Top-1 metrics across folds: {'top1_precision': 0.0, 'top1_recall': 0.0, 'top1_f1': 0.0}

📊 CV_type Style Metrics Details:
  AUC            : 0.9050
  AUPR           : 0.9048
  F1             : 0.8297
  Accuracy       : 0.8225
  Recall         : 0.8648
  Specificity    : 0.7802
  Precision      : 0.7977

🎯 Top-1 Metrics Details:
  top1_precision : 0.0000
  top1_recall    : 0.0000
  top1_f1        : 0.0000

Total execution time: 3257.96 seconds

==========================================================================================
🎯 FINAL COMPREHENSIVE RESULTS WITH TOP-1 METRICS
==========================================================================================
📊 Binary Classification Metrics (Original):
  AUC: 0.9050
  AUPR: 0.9048
  F1: 0.8297
  Accuracy: 0.8225
  Recall: 0.8648
  Specificity: 0.7802
  Precision: 0.7977

🎯 CV_type Style Metrics (Enhanced):
  AUC: 0.9050
  AUPR: 0.9048
  F1: 0.8297
  Accuracy: 0.8225
  Recall: 0.8648
  Specificity: 0.7802
  Precision: 0.7977

🏆 Top-1 Metrics (NEW):
  Top-1 Precision: 0.0000
  Top-1 Recall: 0.0000
  Top-1 F1: 0.0000
==========================================================================================
