[CPU] torch.set_num_threads(12), interop=min(4, 12)
Using device: cpu
[INFO] Auto-computed BALANCED class weights (to prevent class collapse):
  Circulation  (  367 samples): 0.780
  Epigenetics  (  157 samples): 1.823
  Target       (  293 samples): 0.977
  Genetics     (  681 samples): 0.420
  [NOTE] Higher weights for minority classes to prevent model from only predicting majority class
[INFO] Using v2.0_495m383D dataset:
  miRNAs: 495
  Diseases: 383
  Expected associations: ~1498
  Types: 4 (Circulation, Epigenetics, Target, Genetics)

================================================================================
Configuration Summary
================================================================================
Dataset: v2.0_495m383D
Data Path: ./
Model: HeterogenousGraphCLAMIR
  - HGT Layers: 2
  - Attention Heads: 4
  - Association Types: 4
  - Inter-view CL: Enabled
    - Weight: 0.3
    - Temperature: 0.5
    - Margin: 0.5

Training:
  - Epochs: 650
  - Learning Rate: 0.0001
  - Dropout: 0.3
  - Weight Decay: 5e-05
  - Focal Loss: Enabled

Evaluation:
  - Cross-Validation Folds: 5
  - Primary Metric: AUPR

Device: cpu
Random Seed: 42
================================================================================

[SEED] Re-seeded với args.seed = 42
🚀 Running with comprehensive evaluation including Top-1 metrics...
🎯 Loading dual-view data...
Starting dual-view data preparation with new file format...
Loading all similarity and feature files from v2.0_495m383D...
✅ Loaded disease semantic similarity from D_SSM1.txt: (383, 383)
✅ Loaded miRNA functional similarity from M_FSM.txt: (495, 495)
✅ Loaded multi-type association pairs from ./v2.0_495m383D/multi_all_mirna_disease_pairs_without_negative.csv: (1679, 3)
✅ Created multi-type association matrix: (495, 383)
📊 Multi-type Association Statistics:
   无关联 (No association): 188087 pairs (99.21%)
   循环类型 (Circulation): 367 pairs (0.19%)
   表观遗传学 (Epigenetics): 157 pairs (0.08%)
   靶标类型 (Target): 293 pairs (0.15%)
   遗传学类型 (Genetics): 681 pairs (0.36%)
✅ Created association matrix from CSV: (495, 383)
✅ Loaded disease-gene features from D_SSM2.txt: torch.Size([383, 383])
✅ Loaded miRNA View-1 features from M_GSM.txt (=GIP): torch.Size([495, 495])
Processing integrated similarity matrices...
Loaded similarity matrices from cache
Processing indices...
Loaded indices from cache (seed=42)
✅ Dual-view data preparation completed in 0.52 seconds

============================================================
🎯 DUAL-VIEW CONFIGURATION SUMMARY (v2.0_495m383D)
============================================================
miRNA Dual Views:
  📊 View 1 (Sequence): M_GSM.txt torch.Size([495, 495])
  📊 View 2 (Function): M_FSM.txt torch.Size([495, 495])

Disease Dual Views:
  📊 View 1 (Gene): D_SSM2.txt torch.Size([383, 383])
  📊 View 2 (Semantic): D_SSM1.txt torch.Size([383, 383])

Association Matrix: torch.Size([495, 383])
Data source: v2.0_495m383D (495 miRNAs × 383 Diseases)
============================================================
Preloading dual-view data to device...
✅ Loaded disease-gene features to device: torch.Size([383, 383])
✅ Loaded miRNA-sequence features to device: torch.Size([495, 495])
✅ Loaded disease semantic similarity to device: torch.Size([383, 383])
✅ Loaded miRNA functional similarity to device: torch.Size([495, 495])
✅ Dual-view data preloading completed in 0.00 seconds
OptimizedDataset initialized with 5 folds
Using device: cpu
=== Cross Validation Fold 1/5 ===
Using hidden dimensions: [256, 256] with 4 attention heads
优化模型初始化: miRNA数量 = 495, 疾病数量 = 383
   节点维度: 256 → 128
   类型数量: 4
   Temperature: 2.0 (可学习)
   Loss mode: two_head
   loss_mode=two_head
   exist_weight=0.100, type_weight=0.900

✅ SimplifiedMultiTypeAssociationLoss 初始化 (改进版)
   类别权重 (beta=0.99999): ['0.780', '1.822', '0.977', '0.421']
Original positive index shape: torch.Size([1072, 2])
Original negative index shape: torch.Size([135416, 2])
采样后负样本数量: 10720
[B4 leakage_free] Masked 268 test-positive entries khỏi input association matrix trước khi dựng hypergraph.
🎯 Building TRUE DUAL VIEWS from four different sources...
📊 Data sources loaded:
  Disease semantic: torch.Size([383, 383])
  miRNA functional: torch.Size([495, 495])
  Disease-gene: torch.Size([383, 383])
  miRNA-sequence: torch.Size([495, 495])
🧬 Building miRNA dual-view hypergraphs...
  📊 miRNA View 1 (Sequence): torch.Size([495, 878])
  📊 miRNA View 2 (Function): torch.Size([495, 878])
🦠 Building disease dual-view hypergraphs...
  📊 Disease View 1 (Gene): torch.Size([383, 878])
  📊 Disease View 2 (Semantic): torch.Size([383, 878])
✅ Successfully built TRUE DUAL VIEWS:
   🧬 miRNA: Sequence Features (m_ss.xlsx) vs Functional Similarity (mi_fun_sim_2.0.csv)
   🦠 Disease: Gene Features (d_gs.xlsx) vs Semantic Similarity (dis_sem_sim_2.0.csv)

🔧 Epoch 1 梯度检查:
================================================================================

  参数名称                              梯度范数         梯度均值 状态             
  ----------------------------------------------------------------------
  type_relations                0.000025     0.000001 ✅ 正常           
  exist_relation                0.000146     0.000010 ✅ 正常           
  mi_proj_layer0                0.295922     0.001132 ✅ 正常           
  dis_proj_layer0               0.323652     0.001302 ✅ 正常           
================================================================================

Epoch 1, Total Loss: 20.6704, Recover Loss: 1.3314, miRNA CL: 9.1358, Disease CL: 8.4306, Inter-view (est): 4.0538, Recon Loss: 1.4743, Time: 0.66s
[INFO] Hypergraph updated at epoch 5
[INFO] Hypergraph updated at epoch 10
[INFO] Hypergraph updated at epoch 15
[INFO] Hypergraph updated at epoch 20
[INFO] Hypergraph updated at epoch 25
[INFO] Hypergraph updated at epoch 30
[INFO] Hypergraph updated at epoch 35
[INFO] Hypergraph updated at epoch 40
[INFO] Hypergraph updated at epoch 45
[INFO] Hypergraph updated at epoch 50

🔧 Epoch 50 梯度检查:
================================================================================

  参数名称                              梯度范数         梯度均值 状态             
  ----------------------------------------------------------------------
  type_relations                0.000017     0.000000 ✅ 正常           
  exist_relation                0.000142     0.000010 ✅ 正常           
  mi_proj_layer0                0.113082     0.000450 ✅ 正常           
  dis_proj_layer0               0.127212     0.000496 ✅ 正常           
================================================================================

Epoch 50, Total Loss: 17.0983, Recover Loss: 1.1156, miRNA CL: 7.9263, Disease CL: 7.6662, Inter-view (est): 3.5983, Recon Loss: 0.1060, Time: 100.49s
[INFO] Hypergraph updated at epoch 100

🔧 Epoch 100 梯度检查:
================================================================================

  参数名称                              梯度范数         梯度均值 状态             
  ----------------------------------------------------------------------
  type_relations                0.000009     0.000000 ✅ 正常           
  exist_relation                0.000136     0.000009 ✅ 正常           
  mi_proj_layer0                0.110733     0.000454 ✅ 正常           
  dis_proj_layer0               0.134054     0.000534 ✅ 正常           
================================================================================

Epoch 100, Total Loss: 15.6869, Recover Loss: 1.0226, miRNA CL: 7.5207, Disease CL: 6.8441, Inter-view (est): 3.3149, Recon Loss: 0.0289, Time: 135.10s
[INFO] Hypergraph updated at epoch 150

🔧 Epoch 150 梯度检查:
================================================================================

  参数名称                              梯度范数         梯度均值 状态             
  ----------------------------------------------------------------------
  type_relations                0.000006     0.000000 ✅ 正常           
  exist_relation                0.000131     0.000009 ✅ 正常           
  mi_proj_layer0                0.091122     0.000386 ✅ 正常           
  dis_proj_layer0               0.110801     0.000459 ✅ 正常           
================================================================================

Epoch 150, Total Loss: 14.8824, Recover Loss: 0.9611, miRNA CL: 7.1054, Disease CL: 6.5249, Inter-view (est): 3.1455, Recon Loss: 0.0279, Time: 168.98s
[INFO] Hypergraph updated at epoch 200

🔧 Epoch 200 梯度检查:
================================================================================

  参数名称                              梯度范数         梯度均值 状态             
  ----------------------------------------------------------------------
  type_relations                0.000005     0.000000 ✅ 正常           
  exist_relation                0.000129     0.000009 ✅ 正常           
  mi_proj_layer0                0.078945     0.000335 ✅ 正常           
  dis_proj_layer0               0.096887     0.000396 ✅ 正常           
================================================================================

Epoch 200, Total Loss: 14.5950, Recover Loss: 0.9305, miRNA CL: 6.9361, Disease CL: 6.4412, Inter-view (est): 3.0871, Recon Loss: 0.0272, Time: 200.23s
[INFO] Hypergraph updated at epoch 250

🔧 Epoch 250 梯度检查:
================================================================================

  参数名称                              梯度范数         梯度均值 状态             
  ----------------------------------------------------------------------
  type_relations                0.000005     0.000000 ✅ 正常           
  exist_relation                0.000128     0.000008 ✅ 正常           
  mi_proj_layer0                0.073517     0.000312 ✅ 正常           
  dis_proj_layer0               0.073678     0.000302 ✅ 正常           
================================================================================

Epoch 250, Total Loss: 14.4464, Recover Loss: 0.9185, miRNA CL: 6.8594, Disease CL: 6.3836, Inter-view (est): 3.0561, Recon Loss: 0.0273, Time: 230.50s
[INFO] Hypergraph updated at epoch 300

🔧 Epoch 300 梯度检查:
================================================================================

  参数名称                              梯度范数         梯度均值 状态             
  ----------------------------------------------------------------------
  type_relations                0.000004     0.000000 ✅ 正常           
  exist_relation                0.000127     0.000008 ✅ 正常           
  mi_proj_layer0                0.089548     0.000373 ✅ 正常           
  dis_proj_layer0               0.100249     0.000402 ✅ 正常           
================================================================================

Epoch 300, Total Loss: 14.3554, Recover Loss: 0.9157, miRNA CL: 6.8092, Disease CL: 6.3481, Inter-view (est): 3.0363, Recon Loss: 0.0264, Time: 259.91s
[INFO] Hypergraph updated at epoch 350

🔧 Epoch 350 梯度检查:
================================================================================

  参数名称                              梯度范数         梯度均值 状态             
  ----------------------------------------------------------------------
  type_relations                0.000004     0.000000 ✅ 正常           
  exist_relation                0.000126     0.000008 ✅ 正常           
  mi_proj_layer0                0.081338     0.000342 ✅ 正常           
  dis_proj_layer0               0.076117     0.000319 ✅ 正常           
================================================================================

Epoch 350, Total Loss: 14.2660, Recover Loss: 0.9030, miRNA CL: 6.7646, Disease CL: 6.3175, Inter-view (est): 3.0189, Recon Loss: 0.0265, Time: 288.93s
[INFO] Hypergraph updated at epoch 400

🔧 Epoch 400 梯度检查:
================================================================================

  参数名称                              梯度范数         梯度均值 状态             
  ----------------------------------------------------------------------
  type_relations                0.000003     0.000000 ✅ 正常           
  exist_relation                0.000124     0.000008 ✅ 正常           
  mi_proj_layer0                0.070084     0.000296 ✅ 正常           
  dis_proj_layer0               0.080358     0.000332 ✅ 正常           
================================================================================

Epoch 400, Total Loss: 14.1794, Recover Loss: 0.8928, miRNA CL: 6.7208, Disease CL: 6.2872, Inter-view (est): 3.0019, Recon Loss: 0.0259, Time: 318.17s
[INFO] Hypergraph updated at epoch 450

🔧 Epoch 450 梯度检查:
================================================================================

  参数名称                              梯度范数         梯度均值 状态             
  ----------------------------------------------------------------------
  type_relations                0.000003     0.000000 ✅ 正常           
  exist_relation                0.000123     0.000008 ✅ 正常           
  mi_proj_layer0                0.077397     0.000323 ✅ 正常           
  dis_proj_layer0               0.071672     0.000302 ✅ 正常           
================================================================================

Epoch 450, Total Loss: 14.0958, Recover Loss: 0.8839, miRNA CL: 6.6773, Disease CL: 6.2579, Inter-view (est): 2.9851, Recon Loss: 0.0260, Time: 347.51s
[INFO] Hypergraph updated at epoch 500

🔧 Epoch 500 梯度检查:
================================================================================

  参数名称                              梯度范数         梯度均值 状态             
  ----------------------------------------------------------------------
  type_relations                0.000003     0.000000 ✅ 正常           
  exist_relation                0.000121     0.000008 ✅ 正常           
  mi_proj_layer0                0.062691     0.000265 ✅ 正常           
  dis_proj_layer0               0.069016     0.000285 ✅ 正常           
================================================================================

Epoch 500, Total Loss: 14.0117, Recover Loss: 0.8721, miRNA CL: 6.6357, Disease CL: 6.2298, Inter-view (est): 2.9690, Recon Loss: 0.0255, Time: 376.29s
[INFO] Hypergraph updated at epoch 550

🔧 Epoch 550 梯度检查:
================================================================================

  参数名称                              梯度范数         梯度均值 状态             
  ----------------------------------------------------------------------
  type_relations                0.000002     0.000000 ✅ 正常           
  exist_relation                0.000119     0.000008 ✅ 正常           
  mi_proj_layer0                0.065005     0.000275 ✅ 正常           
  dis_proj_layer0               0.056694     0.000237 ✅ 正常           
================================================================================

Epoch 550, Total Loss: 13.9417, Recover Loss: 0.8687, miRNA CL: 6.5988, Disease CL: 6.2028, Inter-view (est): 2.9542, Recon Loss: 0.0249, Time: 405.62s
[INFO] Hypergraph updated at epoch 600

🔧 Epoch 600 梯度检查:
================================================================================

  参数名称                              梯度范数         梯度均值 状态             
  ----------------------------------------------------------------------
  type_relations                0.000002     0.000000 ✅ 正常           
  exist_relation                0.000118     0.000007 ✅ 正常           
  mi_proj_layer0                0.072948     0.000307 ✅ 正常           
  dis_proj_layer0               0.069344     0.000286 ✅ 正常           
================================================================================

Epoch 600, Total Loss: 13.9376, Recover Loss: 0.8643, miRNA CL: 6.6208, Disease CL: 6.1828, Inter-view (est): 2.9547, Recon Loss: 0.0248, Time: 434.96s
[INFO] Hypergraph updated at epoch 650

🔧 Epoch 650 梯度检查:
================================================================================

  参数名称                              梯度范数         梯度均值 状态             
  ----------------------------------------------------------------------
  type_relations                0.000002     0.000000 ✅ 正常           
  exist_relation                0.000116     0.000007 ✅ 正常           
  mi_proj_layer0                0.059713     0.000247 ✅ 正常           
  dis_proj_layer0               0.056637     0.000232 ✅ 正常           
================================================================================

Epoch 650, Total Loss: 13.8530, Recover Loss: 0.8588, miRNA CL: 6.5567, Disease CL: 6.1687, Inter-view (est): 2.9366, Recon Loss: 0.0250, Time: 463.94s

================================================================================
Training completed. Running final test...
================================================================================
Fold 1 completed - AUC: 0.9405, Top-1 F1: 0.5970
Fold 1 training time: 465.01 seconds
=== Cross Validation Fold 2/5 ===
Using hidden dimensions: [256, 256] with 4 attention heads
优化模型初始化: miRNA数量 = 495, 疾病数量 = 383
   节点维度: 256 → 128
   类型数量: 4
   Temperature: 2.0 (可学习)
   Loss mode: two_head
   loss_mode=two_head
   exist_weight=0.100, type_weight=0.900

✅ SimplifiedMultiTypeAssociationLoss 初始化 (改进版)
   类别权重 (beta=0.99999): ['0.780', '1.822', '0.977', '0.421']
Original positive index shape: torch.Size([1072, 2])
Original negative index shape: torch.Size([135416, 2])
采样后负样本数量: 10720
[B4 leakage_free] Masked 268 test-positive entries khỏi input association matrix trước khi dựng hypergraph.
🎯 Building TRUE DUAL VIEWS from four different sources...
📊 Data sources loaded:
  Disease semantic: torch.Size([383, 383])
  miRNA functional: torch.Size([495, 495])
  Disease-gene: torch.Size([383, 383])
  miRNA-sequence: torch.Size([495, 495])
🧬 Building miRNA dual-view hypergraphs...
  📊 miRNA View 1 (Sequence): torch.Size([495, 878])
  📊 miRNA View 2 (Function): torch.Size([495, 878])
🦠 Building disease dual-view hypergraphs...
  📊 Disease View 1 (Gene): torch.Size([383, 878])
  📊 Disease View 2 (Semantic): torch.Size([383, 878])
✅ Successfully built TRUE DUAL VIEWS:
   🧬 miRNA: Sequence Features (m_ss.xlsx) vs Functional Similarity (mi_fun_sim_2.0.csv)
   🦠 Disease: Gene Features (d_gs.xlsx) vs Semantic Similarity (dis_sem_sim_2.0.csv)

🔧 Epoch 1 梯度检查:
================================================================================

  参数名称                              梯度范数         梯度均值 状态             
  ----------------------------------------------------------------------
  type_relations                0.000025     0.000001 ✅ 正常           
  exist_relation                0.000135     0.000009 ✅ 正常           
  mi_proj_layer0                0.258443     0.000996 ✅ 正常           
  dis_proj_layer0               0.256302     0.001009 ✅ 正常           
================================================================================

Epoch 1, Total Loss: 20.4220, Recover Loss: 1.3188, miRNA CL: 8.9951, Disease CL: 8.4382, Inter-view (est): 4.0231, Recon Loss: 1.3714, Time: 0.50s
[INFO] Hypergraph updated at epoch 5
[INFO] Hypergraph updated at epoch 10
[INFO] Hypergraph updated at epoch 15
[INFO] Hypergraph updated at epoch 20
[INFO] Hypergraph updated at epoch 25
[INFO] Hypergraph updated at epoch 30
[INFO] Hypergraph updated at epoch 35
[INFO] Hypergraph updated at epoch 40
[INFO] Hypergraph updated at epoch 45
[INFO] Hypergraph updated at epoch 50

🔧 Epoch 50 梯度检查:
================================================================================

  参数名称                              梯度范数         梯度均值 状态             
  ----------------------------------------------------------------------
  type_relations                0.000017     0.000000 ✅ 正常           
  exist_relation                0.000130     0.000009 ✅ 正常           
  mi_proj_layer0                0.103042     0.000413 ✅ 正常           
  dis_proj_layer0               0.121946     0.000501 ✅ 正常           
================================================================================

Epoch 50, Total Loss: 17.0862, Recover Loss: 1.1040, miRNA CL: 7.9124, Disease CL: 7.7095, Inter-view (est): 3.6051, Recon Loss: 0.0761, Time: 77.77s
[INFO] Hypergraph updated at epoch 100

🔧 Epoch 100 梯度检查:
================================================================================

  参数名称                              梯度范数         梯度均值 状态             
  ----------------------------------------------------------------------
  type_relations                0.000009     0.000000 ✅ 正常           
  exist_relation                0.000124     0.000008 ✅ 正常           
  mi_proj_layer0                0.097683     0.000396 ✅ 正常           
  dis_proj_layer0               0.102355     0.000420 ✅ 正常           
================================================================================

Epoch 100, Total Loss: 15.7047, Recover Loss: 1.0105, miRNA CL: 7.5628, Disease CL: 6.8316, Inter-view (est): 3.3218, Recon Loss: 0.0290, Time: 109.11s
[INFO] Hypergraph updated at epoch 150

🔧 Epoch 150 梯度检查:
================================================================================

  参数名称                              梯度范数         梯度均值 状态             
  ----------------------------------------------------------------------
  type_relations                0.000006     0.000000 ✅ 正常           
  exist_relation                0.000120     0.000008 ✅ 正常           
  mi_proj_layer0                0.085138     0.000358 ✅ 正常           
  dis_proj_layer0               0.093283     0.000390 ✅ 正常           
================================================================================

Epoch 150, Total Loss: 14.9631, Recover Loss: 0.9627, miRNA CL: 7.1927, Disease CL: 6.5161, Inter-view (est): 3.1636, Recon Loss: 0.0278, Time: 138.24s
[INFO] Hypergraph updated at epoch 200

🔧 Epoch 200 梯度检查:
================================================================================

  参数名称                              梯度范数         梯度均值 状态             
  ----------------------------------------------------------------------
  type_relations                0.000005     0.000000 ✅ 正常           
  exist_relation                0.000119     0.000008 ✅ 正常           
  mi_proj_layer0                0.075256     0.000319 ✅ 正常           
  dis_proj_layer0               0.084437     0.000352 ✅ 正常           
================================================================================

Epoch 200, Total Loss: 14.7142, Recover Loss: 0.9458, miRNA CL: 7.0407, Disease CL: 6.4390, Inter-view (est): 3.1107, Recon Loss: 0.0273, Time: 167.38s
[INFO] Hypergraph updated at epoch 250

🔧 Epoch 250 梯度检查:
================================================================================

  参数名称                              梯度范数         梯度均值 状态             
  ----------------------------------------------------------------------
  type_relations                0.000005     0.000000 ✅ 正常           
  exist_relation                0.000117     0.000008 ✅ 正常           
  mi_proj_layer0                0.080446     0.000337 ✅ 正常           
  dis_proj_layer0               0.098434     0.000404 ✅ 正常           
================================================================================

Epoch 250, Total Loss: 14.5419, Recover Loss: 0.9381, miRNA CL: 6.9384, Disease CL: 6.3795, Inter-view (est): 3.0733, Recon Loss: 0.0269, Time: 195.34s
[INFO] Hypergraph updated at epoch 300

🔧 Epoch 300 梯度检查:
================================================================================

  参数名称                              梯度范数         梯度均值 状态             
  ----------------------------------------------------------------------
  type_relations                0.000004     0.000000 ✅ 正常           
  exist_relation                0.000116     0.000007 ✅ 正常           
  mi_proj_layer0                0.087196     0.000366 ✅ 正常           
  dis_proj_layer0               0.089417     0.000376 ✅ 正常           
================================================================================

Epoch 300, Total Loss: 14.3946, Recover Loss: 0.9237, miRNA CL: 6.8576, Disease CL: 6.3301, Inter-view (est): 3.0433, Recon Loss: 0.0265, Time: 225.44s
[INFO] Hypergraph updated at epoch 350

🔧 Epoch 350 梯度检查:
================================================================================

  参数名称                              梯度范数         梯度均值 状态             
  ----------------------------------------------------------------------
  type_relations                0.000003     0.000000 ✅ 正常           
  exist_relation                0.000114     0.000007 ✅ 正常           
  mi_proj_layer0                0.068839     0.000292 ✅ 正常           
  dis_proj_layer0               0.071649     0.000299 ✅ 正常           
================================================================================

Epoch 350, Total Loss: 14.2832, Recover Loss: 0.9073, miRNA CL: 6.8016, Disease CL: 6.2935, Inter-view (est): 3.0220, Recon Loss: 0.0265, Time: 254.22s
[INFO] Hypergraph updated at epoch 400

🔧 Epoch 400 梯度检查:
================================================================================

  参数名称                              梯度范数         梯度均值 状态             
  ----------------------------------------------------------------------
  type_relations                0.000003     0.000000 ✅ 正常           
  exist_relation                0.000113     0.000007 ✅ 正常           
  mi_proj_layer0                0.082392     0.000344 ✅ 正常           
  dis_proj_layer0               0.078407     0.000328 ✅ 正常           
================================================================================

Epoch 400, Total Loss: 14.2031, Recover Loss: 0.8995, miRNA CL: 6.7581, Disease CL: 6.2673, Inter-view (est): 3.0059, Recon Loss: 0.0259, Time: 284.20s
[INFO] Hypergraph updated at epoch 450

🔧 Epoch 450 梯度检查:
================================================================================

  参数名称                              梯度范数         梯度均值 状态             
  ----------------------------------------------------------------------
  type_relations                0.000003     0.000000 ✅ 正常           
  exist_relation                0.000111     0.000007 ✅ 正常           
  mi_proj_layer0                0.084338     0.000349 ✅ 正常           
  dis_proj_layer0               0.076662     0.000321 ✅ 正常           
================================================================================

Epoch 450, Total Loss: 14.1259, Recover Loss: 0.8946, miRNA CL: 6.7152, Disease CL: 6.2412, Inter-view (est): 2.9899, Recon Loss: 0.0248, Time: 313.18s
[INFO] Hypergraph updated at epoch 500

🔧 Epoch 500 梯度检查:
================================================================================

  参数名称                              梯度范数         梯度均值 状态             
  ----------------------------------------------------------------------
  type_relations                0.000002     0.000000 ✅ 正常           
  exist_relation                0.000110     0.000007 ✅ 正常           
  mi_proj_layer0                0.069162     0.000290 ✅ 正常           
  dis_proj_layer0               0.075720     0.000314 ✅ 正常           
================================================================================

Epoch 500, Total Loss: 14.0594, Recover Loss: 0.8876, miRNA CL: 6.6805, Disease CL: 6.2179, Inter-view (est): 2.9766, Recon Loss: 0.0253, Time: 341.81s
[INFO] Hypergraph updated at epoch 550

🔧 Epoch 550 梯度检查:
================================================================================

  参数名称                              梯度范数         梯度均值 状态             
  ----------------------------------------------------------------------
  type_relations                0.000002     0.000000 ✅ 正常           
  exist_relation                0.000108     0.000007 ✅ 正常           
  mi_proj_layer0                0.052798     0.000225 ✅ 正常           
  dis_proj_layer0               0.069018     0.000283 ✅ 正常           
================================================================================

Epoch 550, Total Loss: 13.9973, Recover Loss: 0.8786, miRNA CL: 6.6474, Disease CL: 6.2001, Inter-view (est): 2.9648, Recon Loss: 0.0247, Time: 370.98s
[INFO] Hypergraph updated at epoch 600

🔧 Epoch 600 梯度检查:
================================================================================

  参数名称                              梯度范数         梯度均值 状态             
  ----------------------------------------------------------------------
  type_relations                0.000002     0.000000 ✅ 正常           
  exist_relation                0.000107     0.000007 ✅ 正常           
  mi_proj_layer0                0.068326     0.000288 ✅ 正常           
  dis_proj_layer0               0.060527     0.000252 ✅ 正常           
================================================================================

Epoch 600, Total Loss: 13.9517, Recover Loss: 0.8794, miRNA CL: 6.6198, Disease CL: 6.1828, Inter-view (est): 2.9545, Recon Loss: 0.0248, Time: 399.67s
[INFO] Hypergraph updated at epoch 650

🔧 Epoch 650 梯度检查:
================================================================================

  参数名称                              梯度范数         梯度均值 状态             
  ----------------------------------------------------------------------
  type_relations                0.000001     0.000000 ✅ 正常           
  exist_relation                0.000106     0.000006 ✅ 正常           
  mi_proj_layer0                0.066967     0.000284 ✅ 正常           
  dis_proj_layer0               0.069360     0.000285 ✅ 正常           
================================================================================

Epoch 650, Total Loss: 13.8995, Recover Loss: 0.8725, miRNA CL: 6.5936, Disease CL: 6.1660, Inter-view (est): 2.9445, Recon Loss: 0.0240, Time: 429.05s

================================================================================
Training completed. Running final test...
================================================================================
Fold 2 completed - AUC: 0.9411, Top-1 F1: 0.5938
Fold 2 training time: 430.18 seconds
=== Cross Validation Fold 3/5 ===
Using hidden dimensions: [256, 256] with 4 attention heads
优化模型初始化: miRNA数量 = 495, 疾病数量 = 383
   节点维度: 256 → 128
   类型数量: 4
   Temperature: 2.0 (可学习)
   Loss mode: two_head
   loss_mode=two_head
   exist_weight=0.100, type_weight=0.900

✅ SimplifiedMultiTypeAssociationLoss 初始化 (改进版)
   类别权重 (beta=0.99999): ['0.780', '1.822', '0.977', '0.421']
Original positive index shape: torch.Size([1072, 2])
Original negative index shape: torch.Size([135416, 2])
采样后负样本数量: 10720
[B4 leakage_free] Masked 268 test-positive entries khỏi input association matrix trước khi dựng hypergraph.
🎯 Building TRUE DUAL VIEWS from four different sources...
📊 Data sources loaded:
  Disease semantic: torch.Size([383, 383])
  miRNA functional: torch.Size([495, 495])
  Disease-gene: torch.Size([383, 383])
  miRNA-sequence: torch.Size([495, 495])
🧬 Building miRNA dual-view hypergraphs...
  📊 miRNA View 1 (Sequence): torch.Size([495, 878])
  📊 miRNA View 2 (Function): torch.Size([495, 878])
🦠 Building disease dual-view hypergraphs...
  📊 Disease View 1 (Gene): torch.Size([383, 878])
  📊 Disease View 2 (Semantic): torch.Size([383, 878])
✅ Successfully built TRUE DUAL VIEWS:
   🧬 miRNA: Sequence Features (m_ss.xlsx) vs Functional Similarity (mi_fun_sim_2.0.csv)
   🦠 Disease: Gene Features (d_gs.xlsx) vs Semantic Similarity (dis_sem_sim_2.0.csv)

🔧 Epoch 1 梯度检查:
================================================================================

  参数名称                              梯度范数         梯度均值 状态             
  ----------------------------------------------------------------------
  type_relations                0.000025     0.000001 ✅ 正常           
  exist_relation                0.000146     0.000011 ✅ 正常           
  mi_proj_layer0                0.447476     0.001635 ✅ 正常           
  dis_proj_layer0               0.468735     0.001897 ✅ 正常           
================================================================================

Epoch 1, Total Loss: 20.4592, Recover Loss: 1.3473, miRNA CL: 8.9711, Disease CL: 8.4109, Inter-view (est): 4.0112, Recon Loss: 1.4314, Time: 0.59s
[INFO] Hypergraph updated at epoch 5
[INFO] Hypergraph updated at epoch 10
[INFO] Hypergraph updated at epoch 15
[INFO] Hypergraph updated at epoch 20
[INFO] Hypergraph updated at epoch 25
[INFO] Hypergraph updated at epoch 30
[INFO] Hypergraph updated at epoch 35
[INFO] Hypergraph updated at epoch 40
[INFO] Hypergraph updated at epoch 45
[INFO] Hypergraph updated at epoch 50

🔧 Epoch 50 梯度检查:
================================================================================

  参数名称                              梯度范数         梯度均值 状态             
  ----------------------------------------------------------------------
  type_relations                0.000017     0.000000 ✅ 正常           
  exist_relation                0.000141     0.000010 ✅ 正常           
  mi_proj_layer0                0.102595     0.000414 ✅ 正常           
  dis_proj_layer0               0.146634     0.000595 ✅ 正常           
================================================================================

Epoch 50, Total Loss: 17.0012, Recover Loss: 1.1165, miRNA CL: 7.8884, Disease CL: 7.6194, Inter-view (est): 3.5787, Recon Loss: 0.0927, Time: 82.77s
[INFO] Hypergraph updated at epoch 100

🔧 Epoch 100 梯度检查:
================================================================================

  参数名称                              梯度范数         梯度均值 状态             
  ----------------------------------------------------------------------
  type_relations                0.000009     0.000000 ✅ 正常           
  exist_relation                0.000135     0.000009 ✅ 正常           
  mi_proj_layer0                0.081795     0.000344 ✅ 正常           
  dis_proj_layer0               0.100189     0.000411 ✅ 正常           
================================================================================

Epoch 100, Total Loss: 15.6566, Recover Loss: 0.9990, miRNA CL: 7.4881, Disease CL: 6.8693, Inter-view (est): 3.3132, Recon Loss: 0.0296, Time: 112.87s
[INFO] Hypergraph updated at epoch 150

🔧 Epoch 150 梯度检查:
================================================================================

  参数名称                              梯度范数         梯度均值 状态             
  ----------------------------------------------------------------------
  type_relations                0.000006     0.000000 ✅ 正常           
  exist_relation                0.000132     0.000009 ✅ 正常           
  mi_proj_layer0                0.076732     0.000325 ✅ 正常           
  dis_proj_layer0               0.087166     0.000365 ✅ 正常           
================================================================================

Epoch 150, Total Loss: 14.8411, Recover Loss: 0.9494, miRNA CL: 7.0621, Disease CL: 6.5381, Inter-view (est): 3.1385, Recon Loss: 0.0278, Time: 142.32s
[INFO] Hypergraph updated at epoch 200

🔧 Epoch 200 梯度检查:
================================================================================

  参数名称                              梯度范数         梯度均值 状态             
  ----------------------------------------------------------------------
  type_relations                0.000005     0.000000 ✅ 正常           
  exist_relation                0.000129     0.000009 ✅ 正常           
  mi_proj_layer0                0.077274     0.000328 ✅ 正常           
  dis_proj_layer0               0.093791     0.000393 ✅ 正常           
================================================================================

Epoch 200, Total Loss: 14.5524, Recover Loss: 0.9351, miRNA CL: 6.9016, Disease CL: 6.4279, Inter-view (est): 3.0760, Recon Loss: 0.0275, Time: 171.53s
[INFO] Hypergraph updated at epoch 250

🔧 Epoch 250 梯度检查:
================================================================================

  参数名称                              梯度范数         梯度均值 状态             
  ----------------------------------------------------------------------
  type_relations                0.000004     0.000000 ✅ 正常           
  exist_relation                0.000127     0.000009 ✅ 正常           
  mi_proj_layer0                0.071001     0.000296 ✅ 正常           
  dis_proj_layer0               0.085360     0.000354 ✅ 正常           
================================================================================

Epoch 250, Total Loss: 14.3462, Recover Loss: 0.9118, miRNA CL: 6.8061, Disease CL: 6.3452, Inter-view (est): 3.0349, Recon Loss: 0.0263, Time: 200.53s
[INFO] Hypergraph updated at epoch 300

🔧 Epoch 300 梯度检查:
================================================================================

  参数名称                              梯度范数         梯度均值 状态             
  ----------------------------------------------------------------------
  type_relations                0.000003     0.000000 ✅ 正常           
  exist_relation                0.000125     0.000008 ✅ 正常           
  mi_proj_layer0                0.067880     0.000286 ✅ 正常           
  dis_proj_layer0               0.072720     0.000305 ✅ 正常           
================================================================================

Epoch 300, Total Loss: 14.1928, Recover Loss: 0.8986, miRNA CL: 6.7345, Disease CL: 6.2796, Inter-view (est): 3.0033, Recon Loss: 0.0266, Time: 229.17s
[INFO] Hypergraph updated at epoch 350

🔧 Epoch 350 梯度检查:
================================================================================

  参数名称                              梯度范数         梯度均值 状态             
  ----------------------------------------------------------------------
  type_relations                0.000003     0.000000 ✅ 正常           
  exist_relation                0.000122     0.000008 ✅ 正常           
  mi_proj_layer0                0.075015     0.000318 ✅ 正常           
  dis_proj_layer0               0.069647     0.000291 ✅ 正常           
================================================================================

Epoch 350, Total Loss: 14.0711, Recover Loss: 0.8856, miRNA CL: 6.6776, Disease CL: 6.2315, Inter-view (est): 2.9790, Recon Loss: 0.0262, Time: 264.79s
[INFO] Hypergraph updated at epoch 400

🔧 Epoch 400 梯度检查:
================================================================================

  参数名称                              梯度范数         梯度均值 状态             
  ----------------------------------------------------------------------
  type_relations                0.000002     0.000000 ✅ 正常           
  exist_relation                0.000120     0.000008 ✅ 正常           
  mi_proj_layer0                0.071069     0.000302 ✅ 正常           
  dis_proj_layer0               0.078388     0.000327 ✅ 正常           
================================================================================

Epoch 400, Total Loss: 13.9818, Recover Loss: 0.8781, miRNA CL: 6.6330, Disease CL: 6.1979, Inter-view (est): 2.9610, Recon Loss: 0.0254, Time: 299.16s
[INFO] Hypergraph updated at epoch 450

🔧 Epoch 450 梯度检查:
================================================================================

  参数名称                              梯度范数         梯度均值 状态             
  ----------------------------------------------------------------------
  type_relations                0.000002     0.000000 ✅ 正常           
  exist_relation                0.000118     0.000008 ✅ 正常           
  mi_proj_layer0                0.068470     0.000292 ✅ 正常           
  dis_proj_layer0               0.068750     0.000291 ✅ 正常           
================================================================================

Epoch 450, Total Loss: 13.9157, Recover Loss: 0.8708, miRNA CL: 6.6028, Disease CL: 6.1716, Inter-view (est): 2.9479, Recon Loss: 0.0252, Time: 334.12s
[INFO] Hypergraph updated at epoch 500

🔧 Epoch 500 梯度检查:
================================================================================

  参数名称                              梯度范数         梯度均值 状态             
  ----------------------------------------------------------------------
  type_relations                0.000002     0.000000 ✅ 正常           
  exist_relation                0.000117     0.000008 ✅ 正常           
  mi_proj_layer0                0.067668     0.000279 ✅ 正常           
  dis_proj_layer0               0.062627     0.000266 ✅ 正常           
================================================================================

Epoch 500, Total Loss: 13.8686, Recover Loss: 0.8643, miRNA CL: 6.5807, Disease CL: 6.1558, Inter-view (est): 2.9392, Recon Loss: 0.0240, Time: 366.78s
[INFO] Hypergraph updated at epoch 550

🔧 Epoch 550 梯度检查:
================================================================================

  参数名称                              梯度范数         梯度均值 状态             
  ----------------------------------------------------------------------
  type_relations                0.000001     0.000000 ✅ 正常           
  exist_relation                0.000116     0.000007 ✅ 正常           
  mi_proj_layer0                0.053923     0.000231 ✅ 正常           
  dis_proj_layer0               0.054252     0.000228 ✅ 正常           
================================================================================

Epoch 550, Total Loss: 13.8273, Recover Loss: 0.8624, miRNA CL: 6.5589, Disease CL: 6.1393, Inter-view (est): 2.9304, Recon Loss: 0.0243, Time: 398.51s
[INFO] Hypergraph updated at epoch 600

🔧 Epoch 600 梯度检查:
================================================================================

  参数名称                              梯度范数         梯度均值 状态             
  ----------------------------------------------------------------------
  type_relations                0.000001     0.000000 ✅ 正常           
  exist_relation                0.000114     0.000007 ✅ 正常           
  mi_proj_layer0                0.059870     0.000250 ✅ 正常           
  dis_proj_layer0               0.063921     0.000266 ✅ 正常           
================================================================================

Epoch 600, Total Loss: 13.7804, Recover Loss: 0.8532, miRNA CL: 6.5388, Disease CL: 6.1232, Inter-view (est): 2.9220, Recon Loss: 0.0244, Time: 430.66s
[INFO] Hypergraph updated at epoch 650

🔧 Epoch 650 梯度检查:
================================================================================

  参数名称                              梯度范数         梯度均值 状态             
  ----------------------------------------------------------------------
  type_relations                0.000001     0.000000 ✅ 正常           
  exist_relation                0.000113     0.000007 ✅ 正常           
  mi_proj_layer0                0.062947     0.000266 ✅ 正常           
  dis_proj_layer0               0.068644     0.000274 ✅ 正常           
================================================================================

Epoch 650, Total Loss: 13.7439, Recover Loss: 0.8551, miRNA CL: 6.5177, Disease CL: 6.1083, Inter-view (est): 2.9137, Recon Loss: 0.0236, Time: 461.98s

================================================================================
Training completed. Running final test...
================================================================================
Fold 3 completed - AUC: 0.9299, Top-1 F1: 0.6323
Fold 3 training time: 463.17 seconds
=== Cross Validation Fold 4/5 ===
Using hidden dimensions: [256, 256] with 4 attention heads
优化模型初始化: miRNA数量 = 495, 疾病数量 = 383
   节点维度: 256 → 128
   类型数量: 4
   Temperature: 2.0 (可学习)
   Loss mode: two_head
   loss_mode=two_head
   exist_weight=0.100, type_weight=0.900

✅ SimplifiedMultiTypeAssociationLoss 初始化 (改进版)
   类别权重 (beta=0.99999): ['0.780', '1.822', '0.977', '0.421']
Original positive index shape: torch.Size([1072, 2])
Original negative index shape: torch.Size([135416, 2])
采样后负样本数量: 10720
[B4 leakage_free] Masked 268 test-positive entries khỏi input association matrix trước khi dựng hypergraph.
🎯 Building TRUE DUAL VIEWS from four different sources...
📊 Data sources loaded:
  Disease semantic: torch.Size([383, 383])
  miRNA functional: torch.Size([495, 495])
  Disease-gene: torch.Size([383, 383])
  miRNA-sequence: torch.Size([495, 495])
🧬 Building miRNA dual-view hypergraphs...
  📊 miRNA View 1 (Sequence): torch.Size([495, 878])
  📊 miRNA View 2 (Function): torch.Size([495, 878])
🦠 Building disease dual-view hypergraphs...
  📊 Disease View 1 (Gene): torch.Size([383, 878])
  📊 Disease View 2 (Semantic): torch.Size([383, 878])
✅ Successfully built TRUE DUAL VIEWS:
   🧬 miRNA: Sequence Features (m_ss.xlsx) vs Functional Similarity (mi_fun_sim_2.0.csv)
   🦠 Disease: Gene Features (d_gs.xlsx) vs Semantic Similarity (dis_sem_sim_2.0.csv)

🔧 Epoch 1 梯度检查:
================================================================================

  参数名称                              梯度范数         梯度均值 状态             
  ----------------------------------------------------------------------
  type_relations                0.000025     0.000001 ✅ 正常           
  exist_relation                0.000138     0.000010 ✅ 正常           
  mi_proj_layer0                0.287010     0.001078 ✅ 正常           
  dis_proj_layer0               0.269534     0.001073 ✅ 正常           
================================================================================

Epoch 1, Total Loss: 20.4421, Recover Loss: 1.3085, miRNA CL: 8.9800, Disease CL: 8.4335, Inter-view (est): 4.0185, Recon Loss: 1.4214, Time: 0.57s
[INFO] Hypergraph updated at epoch 5
[INFO] Hypergraph updated at epoch 10
[INFO] Hypergraph updated at epoch 15
[INFO] Hypergraph updated at epoch 20
[INFO] Hypergraph updated at epoch 25
[INFO] Hypergraph updated at epoch 30
[INFO] Hypergraph updated at epoch 35
[INFO] Hypergraph updated at epoch 40
[INFO] Hypergraph updated at epoch 45
[INFO] Hypergraph updated at epoch 50

🔧 Epoch 50 梯度检查:
================================================================================

  参数名称                              梯度范数         梯度均值 状态             
  ----------------------------------------------------------------------
  type_relations                0.000017     0.000000 ✅ 正常           
  exist_relation                0.000134     0.000009 ✅ 正常           
  mi_proj_layer0                0.100253     0.000404 ✅ 正常           
  dis_proj_layer0               0.162386     0.000626 ✅ 正常           
================================================================================

Epoch 50, Total Loss: 17.0848, Recover Loss: 1.1095, miRNA CL: 7.8981, Disease CL: 7.6713, Inter-view (est): 3.5929, Recon Loss: 0.1215, Time: 86.15s
[INFO] Hypergraph updated at epoch 100

🔧 Epoch 100 梯度检查:
================================================================================

  参数名称                              梯度范数         梯度均值 状态             
  ----------------------------------------------------------------------
  type_relations                0.000010     0.000000 ✅ 正常           
  exist_relation                0.000128     0.000009 ✅ 正常           
  mi_proj_layer0                0.096859     0.000395 ✅ 正常           
  dis_proj_layer0               0.118208     0.000476 ✅ 正常           
================================================================================

Epoch 100, Total Loss: 15.6817, Recover Loss: 1.0187, miRNA CL: 7.4891, Disease CL: 6.8722, Inter-view (est): 3.3141, Recon Loss: 0.0308, Time: 117.94s
[INFO] Hypergraph updated at epoch 150

🔧 Epoch 150 梯度检查:
================================================================================

  参数名称                              梯度范数         梯度均值 状态             
  ----------------------------------------------------------------------
  type_relations                0.000007     0.000000 ✅ 正常           
  exist_relation                0.000124     0.000008 ✅ 正常           
  mi_proj_layer0                0.075895     0.000320 ✅ 正常           
  dis_proj_layer0               0.083131     0.000347 ✅ 正常           
================================================================================

Epoch 150, Total Loss: 14.8521, Recover Loss: 0.9683, miRNA CL: 7.0491, Disease CL: 6.5437, Inter-view (est): 3.1368, Recon Loss: 0.0276, Time: 147.77s
[INFO] Hypergraph updated at epoch 200

🔧 Epoch 200 梯度检查:
================================================================================

  参数名称                              梯度范数         梯度均值 状态             
  ----------------------------------------------------------------------
  type_relations                0.000006     0.000000 ✅ 正常           
  exist_relation                0.000122     0.000008 ✅ 正常           
  mi_proj_layer0                0.086060     0.000365 ✅ 正常           
  dis_proj_layer0               0.104237     0.000412 ✅ 正常           
================================================================================

Epoch 200, Total Loss: 14.6247, Recover Loss: 0.9578, miRNA CL: 6.9276, Disease CL: 6.4512, Inter-view (est): 3.0874, Recon Loss: 0.0276, Time: 177.75s
[INFO] Hypergraph updated at epoch 250

🔧 Epoch 250 梯度检查:
================================================================================

  参数名称                              梯度范数         梯度均值 状态             
  ----------------------------------------------------------------------
  type_relations                0.000005     0.000000 ✅ 正常           
  exist_relation                0.000120     0.000008 ✅ 正常           
  mi_proj_layer0                0.069044     0.000295 ✅ 正常           
  dis_proj_layer0               0.080434     0.000334 ✅ 正常           
================================================================================

Epoch 250, Total Loss: 14.4736, Recover Loss: 0.9404, miRNA CL: 6.8572, Disease CL: 6.3907, Inter-view (est): 3.0572, Recon Loss: 0.0273, Time: 206.94s
[INFO] Hypergraph updated at epoch 300

🔧 Epoch 300 梯度检查:
================================================================================

  参数名称                              梯度范数         梯度均值 状态             
  ----------------------------------------------------------------------
  type_relations                0.000005     0.000000 ✅ 正常           
  exist_relation                0.000119     0.000008 ✅ 正常           
  mi_proj_layer0                0.072327     0.000307 ✅ 正常           
  dis_proj_layer0               0.081706     0.000339 ✅ 正常           
================================================================================

Epoch 300, Total Loss: 14.3303, Recover Loss: 0.9171, miRNA CL: 6.7900, Disease CL: 6.3409, Inter-view (est): 3.0302, Recon Loss: 0.0266, Time: 235.37s
[INFO] Hypergraph updated at epoch 350

🔧 Epoch 350 梯度检查:
================================================================================

  参数名称                              梯度范数         梯度均值 状态             
  ----------------------------------------------------------------------
  type_relations                0.000004     0.000000 ✅ 正常           
  exist_relation                0.000117     0.000008 ✅ 正常           
  mi_proj_layer0                0.095237     0.000399 ✅ 正常           
  dis_proj_layer0               0.088607     0.000365 ✅ 正常           
================================================================================

Epoch 350, Total Loss: 14.2361, Recover Loss: 0.9085, miRNA CL: 6.7463, Disease CL: 6.3016, Inter-view (est): 3.0111, Recon Loss: 0.0266, Time: 264.43s
[INFO] Hypergraph updated at epoch 400

🔧 Epoch 400 梯度检查:
================================================================================

  参数名称                              梯度范数         梯度均值 状态             
  ----------------------------------------------------------------------
  type_relations                0.000004     0.000000 ✅ 正常           
  exist_relation                0.000116     0.000008 ✅ 正常           
  mi_proj_layer0                0.072350     0.000305 ✅ 正常           
  dis_proj_layer0               0.076614     0.000319 ✅ 正常           
================================================================================

Epoch 400, Total Loss: 14.1592, Recover Loss: 0.8949, miRNA CL: 6.7084, Disease CL: 6.2785, Inter-view (est): 2.9970, Recon Loss: 0.0260, Time: 293.99s
[INFO] Hypergraph updated at epoch 450

🔧 Epoch 450 梯度检查:
================================================================================

  参数名称                              梯度范数         梯度均值 状态             
  ----------------------------------------------------------------------
  type_relations                0.000003     0.000000 ✅ 正常           
  exist_relation                0.000115     0.000007 ✅ 正常           
  mi_proj_layer0                0.069147     0.000295 ✅ 正常           
  dis_proj_layer0               0.074940     0.000314 ✅ 正常           
================================================================================

Epoch 450, Total Loss: 14.0978, Recover Loss: 0.8895, miRNA CL: 6.6766, Disease CL: 6.2556, Inter-view (est): 2.9843, Recon Loss: 0.0265, Time: 323.74s
[INFO] Hypergraph updated at epoch 500

🔧 Epoch 500 梯度检查:
================================================================================

  参数名称                              梯度范数         梯度均值 状态             
  ----------------------------------------------------------------------
  type_relations                0.000003     0.000000 ✅ 正常           
  exist_relation                0.000113     0.000007 ✅ 正常           
  mi_proj_layer0                0.074011     0.000313 ✅ 正常           
  dis_proj_layer0               0.073847     0.000307 ✅ 正常           
================================================================================

Epoch 500, Total Loss: 14.0345, Recover Loss: 0.8813, miRNA CL: 6.6470, Disease CL: 6.2332, Inter-view (est): 2.9723, Recon Loss: 0.0252, Time: 354.18s
[INFO] Hypergraph updated at epoch 550

🔧 Epoch 550 梯度检查:
================================================================================

  参数名称                              梯度范数         梯度均值 状态             
  ----------------------------------------------------------------------
  type_relations                0.000003     0.000000 ✅ 正常           
  exist_relation                0.000112     0.000007 ✅ 正常           
  mi_proj_layer0                0.075756     0.000322 ✅ 正常           
  dis_proj_layer0               0.074790     0.000311 ✅ 正常           
================================================================================

Epoch 550, Total Loss: 13.9793, Recover Loss: 0.8789, miRNA CL: 6.6180, Disease CL: 6.2112, Inter-view (est): 2.9606, Recon Loss: 0.0252, Time: 384.30s
[INFO] Hypergraph updated at epoch 600

🔧 Epoch 600 梯度检查:
================================================================================

  参数名称                              梯度范数         梯度均值 状态             
  ----------------------------------------------------------------------
  type_relations                0.000002     0.000000 ✅ 正常           
  exist_relation                0.000110     0.000007 ✅ 正常           
  mi_proj_layer0                0.072760     0.000308 ✅ 正常           
  dis_proj_layer0               0.070253     0.000289 ✅ 正常           
================================================================================

Epoch 600, Total Loss: 13.9171, Recover Loss: 0.8658, miRNA CL: 6.5920, Disease CL: 6.1898, Inter-view (est): 2.9496, Recon Loss: 0.0252, Time: 414.76s
[INFO] Hypergraph updated at epoch 650

🔧 Epoch 650 梯度检查:
================================================================================

  参数名称                              梯度范数         梯度均值 状态             
  ----------------------------------------------------------------------
  type_relations                0.000002     0.000000 ✅ 正常           
  exist_relation                0.000109     0.000007 ✅ 正常           
  mi_proj_layer0                0.061843     0.000266 ✅ 正常           
  dis_proj_layer0               0.069695     0.000292 ✅ 正常           
================================================================================

Epoch 650, Total Loss: 13.8659, Recover Loss: 0.8618, miRNA CL: 6.5667, Disease CL: 6.1696, Inter-view (est): 2.9392, Recon Loss: 0.0252, Time: 444.20s

================================================================================
Training completed. Running final test...
================================================================================
Fold 4 completed - AUC: 0.9259, Top-1 F1: 0.6317
Fold 4 training time: 445.26 seconds
=== Cross Validation Fold 5/5 ===
Using hidden dimensions: [256, 256] with 4 attention heads
优化模型初始化: miRNA数量 = 495, 疾病数量 = 383
   节点维度: 256 → 128
   类型数量: 4
   Temperature: 2.0 (可学习)
   Loss mode: two_head
   loss_mode=two_head
   exist_weight=0.100, type_weight=0.900

✅ SimplifiedMultiTypeAssociationLoss 初始化 (改进版)
   类别权重 (beta=0.99999): ['0.780', '1.822', '0.977', '0.421']
Original positive index shape: torch.Size([1072, 2])
Original negative index shape: torch.Size([135416, 2])
采样后负样本数量: 10720
[B4 leakage_free] Masked 268 test-positive entries khỏi input association matrix trước khi dựng hypergraph.
🎯 Building TRUE DUAL VIEWS from four different sources...
📊 Data sources loaded:
  Disease semantic: torch.Size([383, 383])
  miRNA functional: torch.Size([495, 495])
  Disease-gene: torch.Size([383, 383])
  miRNA-sequence: torch.Size([495, 495])
🧬 Building miRNA dual-view hypergraphs...
  📊 miRNA View 1 (Sequence): torch.Size([495, 878])
  📊 miRNA View 2 (Function): torch.Size([495, 878])
🦠 Building disease dual-view hypergraphs...
  📊 Disease View 1 (Gene): torch.Size([383, 878])
  📊 Disease View 2 (Semantic): torch.Size([383, 878])
✅ Successfully built TRUE DUAL VIEWS:
   🧬 miRNA: Sequence Features (m_ss.xlsx) vs Functional Similarity (mi_fun_sim_2.0.csv)
   🦠 Disease: Gene Features (d_gs.xlsx) vs Semantic Similarity (dis_sem_sim_2.0.csv)

🔧 Epoch 1 梯度检查:
================================================================================

  参数名称                              梯度范数         梯度均值 状态             
  ----------------------------------------------------------------------
  type_relations                0.000025     0.000001 ✅ 正常           
  exist_relation                0.000153     0.000011 ✅ 正常           
  mi_proj_layer0                0.502487     0.001842 ✅ 正常           
  dis_proj_layer0               0.452031     0.001758 ✅ 正常           
================================================================================

Epoch 1, Total Loss: 20.5946, Recover Loss: 1.3444, miRNA CL: 9.0810, Disease CL: 8.4390, Inter-view (est): 4.0431, Recon Loss: 1.4315, Time: 0.61s
[INFO] Hypergraph updated at epoch 5
[INFO] Hypergraph updated at epoch 10
[INFO] Hypergraph updated at epoch 15
[INFO] Hypergraph updated at epoch 20
[INFO] Hypergraph updated at epoch 25
[INFO] Hypergraph updated at epoch 30
[INFO] Hypergraph updated at epoch 35
[INFO] Hypergraph updated at epoch 40
[INFO] Hypergraph updated at epoch 45
[INFO] Hypergraph updated at epoch 50

🔧 Epoch 50 梯度检查:
================================================================================

  参数名称                              梯度范数         梯度均值 状态             
  ----------------------------------------------------------------------
  type_relations                0.000017     0.000000 ✅ 正常           
  exist_relation                0.000148     0.000010 ✅ 正常           
  mi_proj_layer0                0.155606     0.000592 ✅ 正常           
  dis_proj_layer0               0.157216     0.000622 ✅ 正常           
================================================================================

Epoch 50, Total Loss: 17.0106, Recover Loss: 1.1044, miRNA CL: 7.9078, Disease CL: 7.6286, Inter-view (est): 3.5853, Recon Loss: 0.0855, Time: 82.78s
[INFO] Hypergraph updated at epoch 100

🔧 Epoch 100 梯度检查:
================================================================================

  参数名称                              梯度范数         梯度均值 状态             
  ----------------------------------------------------------------------
  type_relations                0.000009     0.000000 ✅ 正常           
  exist_relation                0.000142     0.000010 ✅ 正常           
  mi_proj_layer0                0.087915     0.000362 ✅ 正常           
  dis_proj_layer0               0.109787     0.000448 ✅ 正常           
================================================================================

Epoch 100, Total Loss: 15.6412, Recover Loss: 0.9932, miRNA CL: 7.5265, Disease CL: 6.8211, Inter-view (est): 3.3110, Recon Loss: 0.0295, Time: 112.70s
[INFO] Hypergraph updated at epoch 150

🔧 Epoch 150 梯度检查:
================================================================================

  参数名称                              梯度范数         梯度均值 状态             
  ----------------------------------------------------------------------
  type_relations                0.000007     0.000000 ✅ 正常           
  exist_relation                0.000139     0.000009 ✅ 正常           
  mi_proj_layer0                0.075455     0.000313 ✅ 正常           
  dis_proj_layer0               0.092813     0.000380 ✅ 正常           
================================================================================

Epoch 150, Total Loss: 14.9469, Recover Loss: 0.9601, miRNA CL: 7.1568, Disease CL: 6.5376, Inter-view (est): 3.1603, Recon Loss: 0.0281, Time: 141.59s
[INFO] Hypergraph updated at epoch 200

🔧 Epoch 200 梯度检查:
================================================================================

  参数名称                              梯度范数         梯度均值 状态             
  ----------------------------------------------------------------------
  type_relations                0.000006     0.000000 ✅ 正常           
  exist_relation                0.000138     0.000009 ✅ 正常           
  mi_proj_layer0                0.077302     0.000326 ✅ 正常           
  dis_proj_layer0               0.088619     0.000373 ✅ 正常           
================================================================================

Epoch 200, Total Loss: 14.6782, Recover Loss: 0.9465, miRNA CL: 6.9862, Disease CL: 6.4562, Inter-view (est): 3.1021, Recon Loss: 0.0275, Time: 170.66s
[INFO] Hypergraph updated at epoch 250

🔧 Epoch 250 梯度检查:
================================================================================

  参数名称                              梯度范数         梯度均值 状态             
  ----------------------------------------------------------------------
  type_relations                0.000005     0.000000 ✅ 正常           
  exist_relation                0.000136     0.000009 ✅ 正常           
  mi_proj_layer0                0.073075     0.000311 ✅ 正常           
  dis_proj_layer0               0.084152     0.000351 ✅ 正常           
================================================================================

Epoch 250, Total Loss: 14.4958, Recover Loss: 0.9279, miRNA CL: 6.8844, Disease CL: 6.3970, Inter-view (est): 3.0649, Recon Loss: 0.0270, Time: 199.86s
[INFO] Hypergraph updated at epoch 300

🔧 Epoch 300 梯度检查:
================================================================================

  参数名称                              梯度范数         梯度均值 状态             
  ----------------------------------------------------------------------
  type_relations                0.000005     0.000000 ✅ 正常           
  exist_relation                0.000135     0.000009 ✅ 正常           
  mi_proj_layer0                0.077684     0.000328 ✅ 正常           
  dis_proj_layer0               0.100656     0.000415 ✅ 正常           
================================================================================

Epoch 300, Total Loss: 14.3651, Recover Loss: 0.9299, miRNA CL: 6.8089, Disease CL: 6.3428, Inter-view (est): 3.0350, Recon Loss: 0.0266, Time: 228.55s
[INFO] Hypergraph updated at epoch 350

🔧 Epoch 350 梯度检查:
================================================================================

  参数名称                              梯度范数         梯度均值 状态             
  ----------------------------------------------------------------------
  type_relations                0.000004     0.000000 ✅ 正常           
  exist_relation                0.000133     0.000009 ✅ 正常           
  mi_proj_layer0                0.067503     0.000289 ✅ 正常           
  dis_proj_layer0               0.071308     0.000305 ✅ 正常           
================================================================================

Epoch 350, Total Loss: 14.2290, Recover Loss: 0.9079, miRNA CL: 6.7447, Disease CL: 6.2960, Inter-view (est): 3.0094, Recon Loss: 0.0262, Time: 257.02s
[INFO] Hypergraph updated at epoch 400

🔧 Epoch 400 梯度检查:
================================================================================

  参数名称                              梯度范数         梯度均值 状态             
  ----------------------------------------------------------------------
  type_relations                0.000003     0.000000 ✅ 正常           
  exist_relation                0.000131     0.000008 ✅ 正常           
  mi_proj_layer0                0.070744     0.000298 ✅ 正常           
  dis_proj_layer0               0.083597     0.000348 ✅ 正常           
================================================================================

Epoch 400, Total Loss: 14.1363, Recover Loss: 0.9040, miRNA CL: 6.6965, Disease CL: 6.2582, Inter-view (est): 2.9895, Recon Loss: 0.0260, Time: 287.15s
[INFO] Hypergraph updated at epoch 450

🔧 Epoch 450 梯度检查:
================================================================================

  参数名称                              梯度范数         梯度均值 状态             
  ----------------------------------------------------------------------
  type_relations                0.000003     0.000000 ✅ 正常           
  exist_relation                0.000130     0.000008 ✅ 正常           
  mi_proj_layer0                0.062588     0.000266 ✅ 正常           
  dis_proj_layer0               0.059137     0.000251 ✅ 正常           
================================================================================

Epoch 450, Total Loss: 14.0561, Recover Loss: 0.8897, miRNA CL: 6.6569, Disease CL: 6.2339, Inter-view (est): 2.9748, Recon Loss: 0.0259, Time: 317.15s
[INFO] Hypergraph updated at epoch 500

🔧 Epoch 500 梯度检查:
================================================================================

  参数名称                              梯度范数         梯度均值 状态             
  ----------------------------------------------------------------------
  type_relations                0.000003     0.000000 ✅ 正常           
  exist_relation                0.000128     0.000008 ✅ 正常           
  mi_proj_layer0                0.069489     0.000289 ✅ 正常           
  dis_proj_layer0               0.066547     0.000280 ✅ 正常           
================================================================================

Epoch 500, Total Loss: 13.9835, Recover Loss: 0.8838, miRNA CL: 6.6190, Disease CL: 6.2078, Inter-view (est): 2.9600, Recon Loss: 0.0254, Time: 346.94s
[INFO] Hypergraph updated at epoch 550

🔧 Epoch 550 梯度检查:
================================================================================

  参数名称                              梯度范数         梯度均值 状态             
  ----------------------------------------------------------------------
  type_relations                0.000002     0.000000 ✅ 正常           
  exist_relation                0.000126     0.000008 ✅ 正常           
  mi_proj_layer0                0.072605     0.000306 ✅ 正常           
  dis_proj_layer0               0.080614     0.000333 ✅ 正常           
================================================================================

Epoch 550, Total Loss: 13.9140, Recover Loss: 0.8808, miRNA CL: 6.5812, Disease CL: 6.1810, Inter-view (est): 2.9451, Recon Loss: 0.0257, Time: 377.25s
[INFO] Hypergraph updated at epoch 600

🔧 Epoch 600 梯度检查:
================================================================================

  参数名称                              梯度范数         梯度均值 状态             
  ----------------------------------------------------------------------
  type_relations                0.000002     0.000000 ✅ 正常           
  exist_relation                0.000125     0.000008 ✅ 正常           
  mi_proj_layer0                0.065633     0.000278 ✅ 正常           
  dis_proj_layer0               0.072080     0.000296 ✅ 正常           
================================================================================

Epoch 600, Total Loss: 13.8607, Recover Loss: 0.8696, miRNA CL: 6.5616, Disease CL: 6.1612, Inter-view (est): 2.9360, Recon Loss: 0.0247, Time: 406.06s
[INFO] Hypergraph updated at epoch 650

🔧 Epoch 650 梯度检查:
================================================================================

  参数名称                              梯度范数         梯度均值 状态             
  ----------------------------------------------------------------------
  type_relations                0.000002     0.000000 ✅ 正常           
  exist_relation                0.000124     0.000008 ✅ 正常           
  mi_proj_layer0                0.060981     0.000262 ✅ 正常           
  dis_proj_layer0               0.061214     0.000255 ✅ 正常           
================================================================================

Epoch 650, Total Loss: 13.8158, Recover Loss: 0.8601, miRNA CL: 6.5430, Disease CL: 6.1459, Inter-view (est): 2.9282, Recon Loss: 0.0246, Time: 437.30s

================================================================================
Training completed. Running final test...
================================================================================
Fold 5 completed - AUC: 0.9299, Top-1 F1: 0.6107
Fold 5 training time: 438.12 seconds
Average binary metrics across folds: [[0.93346347 0.93432787 0.87180229 0.8680597  0.8980597  0.8380597
  0.84885597]]
🎯 Average Top-1 metrics across folds: {'top1_precision': 0.5955223880597014, 'top1_recall': np.float64(0.6325169638254295), 'top1_f1': np.float64(0.6131011164172555)}

📊 CV_type Style Metrics Details:
  AUC            : 0.9335
  AUPR           : 0.9343
  F1             : 0.8718
  Accuracy       : 0.8681
  Recall         : 0.8981
  Specificity    : 0.8381
  Precision      : 0.8489

🎯 Top-1 Metrics Details:
  top1_precision : 0.5955
  top1_recall    : 0.6325
  top1_f1        : 0.6131

Total execution time: 2242.26 seconds

==========================================================================================
🎯 FINAL COMPREHENSIVE RESULTS WITH TOP-1 METRICS
==========================================================================================
📊 Binary Classification Metrics (Original):
  AUC: 0.9335
  AUPR: 0.9343
  F1: 0.8718
  Accuracy: 0.8681
  Recall: 0.8981
  Specificity: 0.8381
  Precision: 0.8489

🎯 CV_type Style Metrics (Enhanced):
  AUC: 0.9335
  AUPR: 0.9343
  F1: 0.8718
  Accuracy: 0.8681
  Recall: 0.8981
  Specificity: 0.8381
  Precision: 0.8489

🏆 Top-1 Metrics (NEW):
  Top-1 Precision: 0.5955
  Top-1 Recall: 0.6325
  Top-1 F1: 0.6131
==========================================================================================
