[CPU] torch.set_num_threads(12), interop=min(4, 12)
Using device: cpu
[INFO] Auto-computed BALANCED class weights (to prevent class collapse):
  Circulation  (  367 samples): 0.780
  Epigenetics  (  157 samples): 1.823
  Target       (  293 samples): 0.977
  Genetics     (  681 samples): 0.420
  [NOTE] Higher weights for minority classes to prevent model from only predicting majority class
[INFO] Using v2.0_495m383D dataset:
  miRNAs: 495
  Diseases: 383
  Expected associations: ~1498
  Types: 4 (Circulation, Epigenetics, Target, Genetics)

================================================================================
Configuration Summary
================================================================================
Dataset: v2.0_495m383D
Data Path: ./
Model: HeterogenousGraphCLAMIR
  - HGT Layers: 2
  - Attention Heads: 4
  - Association Types: 4
  - Inter-view CL: Enabled
    - Weight: 0.3
    - Temperature: 0.5
    - Margin: 0.5

Training:
  - Epochs: 650
  - Learning Rate: 0.0001
  - Dropout: 0.3
  - Weight Decay: 5e-05
  - Focal Loss: Enabled

Evaluation:
  - Cross-Validation Folds: 5
  - Primary Metric: AUPR

Device: cpu
Random Seed: 1234
================================================================================

[SEED] Re-seeded với args.seed = 1234
🚀 Running with comprehensive evaluation including Top-1 metrics...
🎯 Loading dual-view data...
Starting dual-view data preparation with new file format...
Loading all similarity and feature files from v2.0_495m383D...
✅ Loaded disease semantic similarity from D_SSM1.txt: (383, 383)
✅ Loaded miRNA functional similarity from M_FSM.txt: (495, 495)
✅ Loaded multi-type association pairs from ./v2.0_495m383D/multi_all_mirna_disease_pairs_without_negative.csv: (1679, 3)
✅ Created multi-type association matrix: (495, 383)
📊 Multi-type Association Statistics:
   无关联 (No association): 188087 pairs (99.21%)
   循环类型 (Circulation): 367 pairs (0.19%)
   表观遗传学 (Epigenetics): 157 pairs (0.08%)
   靶标类型 (Target): 293 pairs (0.15%)
   遗传学类型 (Genetics): 681 pairs (0.36%)
✅ Created association matrix from CSV: (495, 383)
✅ Loaded disease-gene features from D_SSM2.txt: torch.Size([383, 383])
✅ Loaded miRNA-sequence features from M_GSM.txt: torch.Size([495, 495])
Processing integrated similarity matrices...
Loaded similarity matrices from cache
Processing indices...
Loaded indices from cache (seed=1234)
✅ Dual-view data preparation completed in 0.30 seconds

============================================================
🎯 DUAL-VIEW CONFIGURATION SUMMARY (v2.0_495m383D)
============================================================
miRNA Dual Views:
  📊 View 1 (Sequence): M_GSM.txt torch.Size([495, 495])
  📊 View 2 (Function): M_FSM.txt torch.Size([495, 495])

Disease Dual Views:
  📊 View 1 (Gene): D_SSM2.txt torch.Size([383, 383])
  📊 View 2 (Semantic): D_SSM1.txt torch.Size([383, 383])

Association Matrix: torch.Size([495, 383])
Data source: v2.0_495m383D (495 miRNAs × 383 Diseases)
============================================================
Preloading dual-view data to device...
✅ Loaded disease-gene features to device: torch.Size([383, 383])
✅ Loaded miRNA-sequence features to device: torch.Size([495, 495])
✅ Loaded disease semantic similarity to device: torch.Size([383, 383])
✅ Loaded miRNA functional similarity to device: torch.Size([495, 495])
✅ Dual-view data preloading completed in 0.00 seconds
OptimizedDataset initialized with 5 folds
Using device: cpu
=== Cross Validation Fold 1/5 ===
Using hidden dimensions: [256, 256] with 4 attention heads
优化模型初始化: miRNA数量 = 495, 疾病数量 = 383
   节点维度: 256 → 128
   类型数量: 4
   Temperature: 2.0 (可学习)
   Loss mode: two_head
   loss_mode=two_head
   exist_weight=0.100, type_weight=0.900

✅ SimplifiedMultiTypeAssociationLoss 初始化 (改进版)
   类别权重 (beta=0.99999): ['0.780', '1.822', '0.977', '0.421']
Original positive index shape: torch.Size([1072, 2])
Original negative index shape: torch.Size([135416, 2])
采样后负样本数量: 10720
[B4 leakage_free] Masked 268 test-positive entries khỏi input association matrix trước khi dựng hypergraph.
🎯 Building TRUE DUAL VIEWS from four different sources...
📊 Data sources loaded:
  Disease semantic: torch.Size([383, 383])
  miRNA functional: torch.Size([495, 495])
  Disease-gene: torch.Size([383, 383])
  miRNA-sequence: torch.Size([495, 495])
🧬 Building miRNA dual-view hypergraphs...
  📊 miRNA View 1 (Sequence): torch.Size([495, 878])
  📊 miRNA View 2 (Function): torch.Size([495, 878])
🦠 Building disease dual-view hypergraphs...
  📊 Disease View 1 (Gene): torch.Size([383, 878])
  📊 Disease View 2 (Semantic): torch.Size([383, 878])
✅ Successfully built TRUE DUAL VIEWS:
   🧬 miRNA: Sequence Features (m_ss.xlsx) vs Functional Similarity (mi_fun_sim_2.0.csv)
   🦠 Disease: Gene Features (d_gs.xlsx) vs Semantic Similarity (dis_sem_sim_2.0.csv)

🔧 Epoch 1 梯度检查:
================================================================================

  参数名称                              梯度范数         梯度均值 状态             
  ----------------------------------------------------------------------
  type_relations                0.000025     0.000001 ✅ 正常           
  exist_relation                0.000134     0.000010 ✅ 正常           
  mi_proj_layer0                0.452854     0.001667 ✅ 正常           
  dis_proj_layer0               0.463182     0.001841 ✅ 正常           
================================================================================

Epoch 1, Total Loss: 20.5552, Recover Loss: 1.3478, miRNA CL: 9.0537, Disease CL: 8.4469, Inter-view (est): 4.0386, Recon Loss: 1.4082, Time: 0.55s
[INFO] Hypergraph updated at epoch 5
[INFO] Hypergraph updated at epoch 10
[INFO] Hypergraph updated at epoch 15
[INFO] Hypergraph updated at epoch 20
[INFO] Hypergraph updated at epoch 25
[INFO] Hypergraph updated at epoch 30
[INFO] Hypergraph updated at epoch 35
[INFO] Hypergraph updated at epoch 40
[INFO] Hypergraph updated at epoch 45
[INFO] Hypergraph updated at epoch 50

🔧 Epoch 50 梯度检查:
================================================================================

  参数名称                              梯度范数         梯度均值 状态             
  ----------------------------------------------------------------------
  type_relations                0.000017     0.000000 ✅ 正常           
  exist_relation                0.000129     0.000009 ✅ 正常           
  mi_proj_layer0                0.127959     0.000515 ✅ 正常           
  dis_proj_layer0               0.166305     0.000645 ✅ 正常           
================================================================================

Epoch 50, Total Loss: 16.9602, Recover Loss: 1.1207, miRNA CL: 7.9170, Disease CL: 7.5684, Inter-view (est): 3.5736, Recon Loss: 0.0699, Time: 84.52s
[INFO] Hypergraph updated at epoch 100

🔧 Epoch 100 梯度检查:
================================================================================

  参数名称                              梯度范数         梯度均值 状态             
  ----------------------------------------------------------------------
  type_relations                0.000010     0.000000 ✅ 正常           
  exist_relation                0.000123     0.000008 ✅ 正常           
  mi_proj_layer0                0.079273     0.000332 ✅ 正常           
  dis_proj_layer0               0.096705     0.000393 ✅ 正常           
================================================================================

Epoch 100, Total Loss: 15.5878, Recover Loss: 0.9955, miRNA CL: 7.5355, Disease CL: 6.7564, Inter-view (est): 3.2981, Recon Loss: 0.0290, Time: 116.04s
[INFO] Hypergraph updated at epoch 150

🔧 Epoch 150 梯度检查:
================================================================================

  参数名称                              梯度范数         梯度均值 状态             
  ----------------------------------------------------------------------
  type_relations                0.000006     0.000000 ✅ 正常           
  exist_relation                0.000119     0.000008 ✅ 正常           
  mi_proj_layer0                0.087236     0.000368 ✅ 正常           
  dis_proj_layer0               0.095778     0.000395 ✅ 正常           
================================================================================

Epoch 150, Total Loss: 14.8121, Recover Loss: 0.9572, miRNA CL: 7.1062, Disease CL: 6.4568, Inter-view (est): 3.1299, Recon Loss: 0.0278, Time: 145.98s
[INFO] Hypergraph updated at epoch 200

🔧 Epoch 200 梯度检查:
================================================================================

  参数名称                              梯度范数         梯度均值 状态             
  ----------------------------------------------------------------------
  type_relations                0.000005     0.000000 ✅ 正常           
  exist_relation                0.000117     0.000008 ✅ 正常           
  mi_proj_layer0                0.078355     0.000333 ✅ 正常           
  dis_proj_layer0               0.093712     0.000376 ✅ 正常           
================================================================================

Epoch 200, Total Loss: 14.5498, Recover Loss: 0.9358, miRNA CL: 6.9455, Disease CL: 6.3797, Inter-view (est): 3.0750, Recon Loss: 0.0277, Time: 175.55s
[INFO] Hypergraph updated at epoch 250

🔧 Epoch 250 梯度检查:
================================================================================

  参数名称                              梯度范数         梯度均值 状态             
  ----------------------------------------------------------------------
  type_relations                0.000005     0.000000 ✅ 正常           
  exist_relation                0.000116     0.000008 ✅ 正常           
  mi_proj_layer0                0.079213     0.000335 ✅ 正常           
  dis_proj_layer0               0.085871     0.000357 ✅ 正常           
================================================================================

Epoch 250, Total Loss: 14.4066, Recover Loss: 0.9152, miRNA CL: 6.8689, Disease CL: 6.3365, Inter-view (est): 3.0474, Recon Loss: 0.0270, Time: 202.20s
[INFO] Hypergraph updated at epoch 300

🔧 Epoch 300 梯度检查:
================================================================================

  参数名称                              梯度范数         梯度均值 状态             
  ----------------------------------------------------------------------
  type_relations                0.000004     0.000000 ✅ 正常           
  exist_relation                0.000114     0.000008 ✅ 正常           
  mi_proj_layer0                0.076493     0.000324 ✅ 正常           
  dis_proj_layer0               0.086753     0.000363 ✅ 正常           
================================================================================

Epoch 300, Total Loss: 14.2940, Recover Loss: 0.9075, miRNA CL: 6.8039, Disease CL: 6.2990, Inter-view (est): 3.0237, Recon Loss: 0.0266, Time: 231.13s
[INFO] Hypergraph updated at epoch 350

🔧 Epoch 350 梯度检查:
================================================================================

  参数名称                              梯度范数         梯度均值 状态             
  ----------------------------------------------------------------------
  type_relations                0.000004     0.000000 ✅ 正常           
  exist_relation                0.000113     0.000007 ✅ 正常           
  mi_proj_layer0                0.071458     0.000301 ✅ 正常           
  dis_proj_layer0               0.064418     0.000274 ✅ 正常           
================================================================================

Epoch 350, Total Loss: 14.1885, Recover Loss: 0.8960, miRNA CL: 6.7456, Disease CL: 6.2653, Inter-view (est): 3.0025, Recon Loss: 0.0267, Time: 265.52s
[INFO] Hypergraph updated at epoch 400

🔧 Epoch 400 梯度检查:
================================================================================

  参数名称                              梯度范数         梯度均值 状态             
  ----------------------------------------------------------------------
  type_relations                0.000003     0.000000 ✅ 正常           
  exist_relation                0.000111     0.000007 ✅ 正常           
  mi_proj_layer0                0.073913     0.000313 ✅ 正常           
  dis_proj_layer0               0.075144     0.000307 ✅ 正常           
================================================================================

Epoch 400, Total Loss: 14.1056, Recover Loss: 0.8928, miRNA CL: 6.6992, Disease CL: 6.2344, Inter-view (est): 2.9847, Recon Loss: 0.0264, Time: 299.33s
[INFO] Hypergraph updated at epoch 450

🔧 Epoch 450 梯度检查:
================================================================================

  参数名称                              梯度范数         梯度均值 状态             
  ----------------------------------------------------------------------
  type_relations                0.000003     0.000000 ✅ 正常           
  exist_relation                0.000110     0.000007 ✅ 正常           
  mi_proj_layer0                0.072261     0.000309 ✅ 正常           
  dis_proj_layer0               0.074234     0.000312 ✅ 正常           
================================================================================

Epoch 450, Total Loss: 14.0254, Recover Loss: 0.8840, miRNA CL: 6.6556, Disease CL: 6.2094, Inter-view (est): 2.9689, Recon Loss: 0.0253, Time: 333.38s
[INFO] Hypergraph updated at epoch 500

🔧 Epoch 500 梯度检查:
================================================================================

  参数名称                              梯度范数         梯度均值 状态             
  ----------------------------------------------------------------------
  type_relations                0.000002     0.000000 ✅ 正常           
  exist_relation                0.000108     0.000007 ✅ 正常           
  mi_proj_layer0                0.068818     0.000292 ✅ 正常           
  dis_proj_layer0               0.066165     0.000278 ✅ 正常           
================================================================================

Epoch 500, Total Loss: 13.9767, Recover Loss: 0.8786, miRNA CL: 6.6332, Disease CL: 6.1896, Inter-view (est): 2.9591, Recon Loss: 0.0257, Time: 367.02s
[INFO] Hypergraph updated at epoch 550

🔧 Epoch 550 梯度检查:
================================================================================

  参数名称                              梯度范数         梯度均值 状态             
  ----------------------------------------------------------------------
  type_relations                0.000002     0.000000 ✅ 正常           
  exist_relation                0.000107     0.000007 ✅ 正常           
  mi_proj_layer0                0.060563     0.000257 ✅ 正常           
  dis_proj_layer0               0.053757     0.000227 ✅ 正常           
================================================================================

Epoch 550, Total Loss: 13.9253, Recover Loss: 0.8714, miRNA CL: 6.6102, Disease CL: 6.1710, Inter-view (est): 2.9495, Recon Loss: 0.0246, Time: 398.99s
[INFO] Hypergraph updated at epoch 600

🔧 Epoch 600 梯度检查:
================================================================================

  参数名称                              梯度范数         梯度均值 状态             
  ----------------------------------------------------------------------
  type_relations                0.000002     0.000000 ✅ 正常           
  exist_relation                0.000106     0.000007 ✅ 正常           
  mi_proj_layer0                0.061909     0.000264 ✅ 正常           
  dis_proj_layer0               0.066163     0.000270 ✅ 正常           
================================================================================

Epoch 600, Total Loss: 13.8837, Recover Loss: 0.8724, miRNA CL: 6.5867, Disease CL: 6.1533, Inter-view (est): 2.9400, Recon Loss: 0.0246, Time: 431.48s
[INFO] Hypergraph updated at epoch 650

🔧 Epoch 650 梯度检查:
================================================================================

  参数名称                              梯度范数         梯度均值 状态             
  ----------------------------------------------------------------------
  type_relations                0.000002     0.000000 ✅ 正常           
  exist_relation                0.000105     0.000007 ✅ 正常           
  mi_proj_layer0                0.059454     0.000253 ✅ 正常           
  dis_proj_layer0               0.058864     0.000247 ✅ 正常           
================================================================================

Epoch 650, Total Loss: 13.8376, Recover Loss: 0.8657, miRNA CL: 6.5654, Disease CL: 6.1369, Inter-view (est): 2.9313, Recon Loss: 0.0245, Time: 465.23s

================================================================================
Training completed. Running final test...
================================================================================
Fold 1 completed - AUC: 0.9418, Top-1 F1: 0.5705
Fold 1 training time: 466.31 seconds
=== Cross Validation Fold 2/5 ===
Using hidden dimensions: [256, 256] with 4 attention heads
优化模型初始化: miRNA数量 = 495, 疾病数量 = 383
   节点维度: 256 → 128
   类型数量: 4
   Temperature: 2.0 (可学习)
   Loss mode: two_head
   loss_mode=two_head
   exist_weight=0.100, type_weight=0.900

✅ SimplifiedMultiTypeAssociationLoss 初始化 (改进版)
   类别权重 (beta=0.99999): ['0.780', '1.822', '0.977', '0.421']
Original positive index shape: torch.Size([1072, 2])
Original negative index shape: torch.Size([135416, 2])
采样后负样本数量: 10720
[B4 leakage_free] Masked 268 test-positive entries khỏi input association matrix trước khi dựng hypergraph.
🎯 Building TRUE DUAL VIEWS from four different sources...
📊 Data sources loaded:
  Disease semantic: torch.Size([383, 383])
  miRNA functional: torch.Size([495, 495])
  Disease-gene: torch.Size([383, 383])
  miRNA-sequence: torch.Size([495, 495])
🧬 Building miRNA dual-view hypergraphs...
  📊 miRNA View 1 (Sequence): torch.Size([495, 878])
  📊 miRNA View 2 (Function): torch.Size([495, 878])
🦠 Building disease dual-view hypergraphs...
  📊 Disease View 1 (Gene): torch.Size([383, 878])
  📊 Disease View 2 (Semantic): torch.Size([383, 878])
✅ Successfully built TRUE DUAL VIEWS:
   🧬 miRNA: Sequence Features (m_ss.xlsx) vs Functional Similarity (mi_fun_sim_2.0.csv)
   🦠 Disease: Gene Features (d_gs.xlsx) vs Semantic Similarity (dis_sem_sim_2.0.csv)

🔧 Epoch 1 梯度检查:
================================================================================

  参数名称                              梯度范数         梯度均值 状态             
  ----------------------------------------------------------------------
  type_relations                0.000025     0.000001 ✅ 正常           
  exist_relation                0.000142     0.000010 ✅ 正常           
  mi_proj_layer0                0.195764     0.000781 ✅ 正常           
  dis_proj_layer0               0.218995     0.000865 ✅ 正常           
================================================================================

Epoch 1, Total Loss: 20.3242, Recover Loss: 1.3118, miRNA CL: 8.8798, Disease CL: 8.4355, Inter-view (est): 3.9958, Recon Loss: 1.3985, Time: 0.70s
[INFO] Hypergraph updated at epoch 5
[INFO] Hypergraph updated at epoch 10
[INFO] Hypergraph updated at epoch 15
[INFO] Hypergraph updated at epoch 20
[INFO] Hypergraph updated at epoch 25
[INFO] Hypergraph updated at epoch 30
[INFO] Hypergraph updated at epoch 35
[INFO] Hypergraph updated at epoch 40
[INFO] Hypergraph updated at epoch 45
[INFO] Hypergraph updated at epoch 50

🔧 Epoch 50 梯度检查:
================================================================================

  参数名称                              梯度范数         梯度均值 状态             
  ----------------------------------------------------------------------
  type_relations                0.000017     0.000000 ✅ 正常           
  exist_relation                0.000137     0.000010 ✅ 正常           
  mi_proj_layer0                0.110518     0.000443 ✅ 正常           
  dis_proj_layer0               0.160012     0.000611 ✅ 正常           
================================================================================

Epoch 50, Total Loss: 16.9761, Recover Loss: 1.1169, miRNA CL: 7.9185, Disease CL: 7.5940, Inter-view (est): 3.5798, Recon Loss: 0.0626, Time: 79.82s
[INFO] Hypergraph updated at epoch 100

🔧 Epoch 100 梯度检查:
================================================================================

  参数名称                              梯度范数         梯度均值 状态             
  ----------------------------------------------------------------------
  type_relations                0.000009     0.000000 ✅ 正常           
  exist_relation                0.000131     0.000009 ✅ 正常           
  mi_proj_layer0                0.080101     0.000338 ✅ 正常           
  dis_proj_layer0               0.083236     0.000341 ✅ 正常           
================================================================================

Epoch 100, Total Loss: 15.6439, Recover Loss: 1.0016, miRNA CL: 7.5097, Disease CL: 6.8332, Inter-view (est): 3.3099, Recon Loss: 0.0290, Time: 111.41s
[INFO] Hypergraph updated at epoch 150

🔧 Epoch 150 梯度检查:
================================================================================

  参数名称                              梯度范数         梯度均值 状态             
  ----------------------------------------------------------------------
  type_relations                0.000006     0.000000 ✅ 正常           
  exist_relation                0.000127     0.000008 ✅ 正常           
  mi_proj_layer0                0.080729     0.000341 ✅ 正常           
  dis_proj_layer0               0.100017     0.000403 ✅ 正常           
================================================================================

Epoch 150, Total Loss: 14.8597, Recover Loss: 0.9548, miRNA CL: 7.1092, Disease CL: 6.5056, Inter-view (est): 3.1419, Recon Loss: 0.0275, Time: 138.53s
[INFO] Hypergraph updated at epoch 200

🔧 Epoch 200 梯度检查:
================================================================================

  参数名称                              梯度范数         梯度均值 状态             
  ----------------------------------------------------------------------
  type_relations                0.000005     0.000000 ✅ 正常           
  exist_relation                0.000125     0.000008 ✅ 正常           
  mi_proj_layer0                0.068186     0.000290 ✅ 正常           
  dis_proj_layer0               0.078806     0.000324 ✅ 正常           
================================================================================

Epoch 200, Total Loss: 14.5556, Recover Loss: 0.9364, miRNA CL: 6.9188, Disease CL: 6.4141, Inter-view (est): 3.0768, Recon Loss: 0.0268, Time: 169.93s
[INFO] Hypergraph updated at epoch 250

🔧 Epoch 250 梯度检查:
================================================================================

  参数名称                              梯度范数         梯度均值 状态             
  ----------------------------------------------------------------------
  type_relations                0.000005     0.000000 ✅ 正常           
  exist_relation                0.000123     0.000008 ✅ 正常           
  mi_proj_layer0                0.058565     0.000251 ✅ 正常           
  dis_proj_layer0               0.068829     0.000284 ✅ 正常           
================================================================================

Epoch 250, Total Loss: 14.4008, Recover Loss: 0.9226, miRNA CL: 6.8361, Disease CL: 6.3586, Inter-view (est): 3.0449, Recon Loss: 0.0266, Time: 204.90s
[INFO] Hypergraph updated at epoch 300

🔧 Epoch 300 梯度检查:
================================================================================

  参数名称                              梯度范数         梯度均值 状态             
  ----------------------------------------------------------------------
  type_relations                0.000004     0.000000 ✅ 正常           
  exist_relation                0.000122     0.000008 ✅ 正常           
  mi_proj_layer0                0.067564     0.000285 ✅ 正常           
  dis_proj_layer0               0.072304     0.000296 ✅ 正常           
================================================================================

Epoch 300, Total Loss: 14.2899, Recover Loss: 0.9177, miRNA CL: 6.7773, Disease CL: 6.3143, Inter-view (est): 3.0211, Recon Loss: 0.0260, Time: 237.64s
[INFO] Hypergraph updated at epoch 350

🔧 Epoch 350 梯度检查:
================================================================================

  参数名称                              梯度范数         梯度均值 状态             
  ----------------------------------------------------------------------
  type_relations                0.000003     0.000000 ✅ 正常           
  exist_relation                0.000120     0.000008 ✅ 正常           
  mi_proj_layer0                0.074233     0.000315 ✅ 正常           
  dis_proj_layer0               0.077935     0.000326 ✅ 正常           
================================================================================

Epoch 350, Total Loss: 14.1778, Recover Loss: 0.9053, miRNA CL: 6.7235, Disease CL: 6.2707, Inter-view (est): 2.9987, Recon Loss: 0.0261, Time: 271.01s
[INFO] Hypergraph updated at epoch 400

🔧 Epoch 400 梯度检查:
================================================================================

  参数名称                              梯度范数         梯度均值 状态             
  ----------------------------------------------------------------------
  type_relations                0.000003     0.000000 ✅ 正常           
  exist_relation                0.000118     0.000008 ✅ 正常           
  mi_proj_layer0                0.092164     0.000381 ✅ 正常           
  dis_proj_layer0               0.081289     0.000341 ✅ 正常           
================================================================================

Epoch 400, Total Loss: 14.0796, Recover Loss: 0.8952, miRNA CL: 6.6752, Disease CL: 6.2342, Inter-view (est): 2.9791, Recon Loss: 0.0254, Time: 302.21s
[INFO] Hypergraph updated at epoch 450

🔧 Epoch 450 梯度检查:
================================================================================

  参数名称                              梯度范数         梯度均值 状态             
  ----------------------------------------------------------------------
  type_relations                0.000003     0.000000 ✅ 正常           
  exist_relation                0.000116     0.000007 ✅ 正常           
  mi_proj_layer0                0.068851     0.000292 ✅ 正常           
  dis_proj_layer0               0.082399     0.000334 ✅ 正常           
================================================================================

Epoch 450, Total Loss: 13.9990, Recover Loss: 0.8869, miRNA CL: 6.6367, Disease CL: 6.2034, Inter-view (est): 2.9631, Recon Loss: 0.0249, Time: 330.98s
[INFO] Hypergraph updated at epoch 500

🔧 Epoch 500 梯度检查:
================================================================================

  参数名称                              梯度范数         梯度均值 状态             
  ----------------------------------------------------------------------
  type_relations                0.000002     0.000000 ✅ 正常           
  exist_relation                0.000115     0.000007 ✅ 正常           
  mi_proj_layer0                0.063692     0.000271 ✅ 正常           
  dis_proj_layer0               0.075984     0.000315 ✅ 正常           
================================================================================

Epoch 500, Total Loss: 13.9499, Recover Loss: 0.8814, miRNA CL: 6.6118, Disease CL: 6.1861, Inter-view (est): 2.9534, Recon Loss: 0.0250, Time: 360.24s
[INFO] Hypergraph updated at epoch 550

🔧 Epoch 550 梯度检查:
================================================================================

  参数名称                              梯度范数         梯度均值 状态             
  ----------------------------------------------------------------------
  type_relations                0.000002     0.000000 ✅ 正常           
  exist_relation                0.000114     0.000007 ✅ 正常           
  mi_proj_layer0                0.055008     0.000236 ✅ 正常           
  dis_proj_layer0               0.060377     0.000255 ✅ 正常           
================================================================================

Epoch 550, Total Loss: 13.8985, Recover Loss: 0.8719, miRNA CL: 6.5885, Disease CL: 6.1689, Inter-view (est): 2.9440, Recon Loss: 0.0251, Time: 388.91s
[INFO] Hypergraph updated at epoch 600

🔧 Epoch 600 梯度检查:
================================================================================

  参数名称                              梯度范数         梯度均值 状态             
  ----------------------------------------------------------------------
  type_relations                0.000002     0.000000 ✅ 正常           
  exist_relation                0.000113     0.000007 ✅ 正常           
  mi_proj_layer0                0.067763     0.000286 ✅ 正常           
  dis_proj_layer0               0.076299     0.000306 ✅ 正常           
================================================================================

Epoch 600, Total Loss: 13.8527, Recover Loss: 0.8688, miRNA CL: 6.5655, Disease CL: 6.1516, Inter-view (est): 2.9347, Recon Loss: 0.0243, Time: 420.41s
[INFO] Hypergraph updated at epoch 650

🔧 Epoch 650 梯度检查:
================================================================================

  参数名称                              梯度范数         梯度均值 状态             
  ----------------------------------------------------------------------
  type_relations                0.000002     0.000000 ✅ 正常           
  exist_relation                0.000111     0.000007 ✅ 正常           
  mi_proj_layer0                0.066224     0.000272 ✅ 正常           
  dis_proj_layer0               0.055852     0.000230 ✅ 正常           
================================================================================

Epoch 650, Total Loss: 13.8092, Recover Loss: 0.8656, miRNA CL: 6.5436, Disease CL: 6.1349, Inter-view (est): 2.9258, Recon Loss: 0.0242, Time: 451.72s

================================================================================
Training completed. Running final test...
================================================================================
Fold 2 completed - AUC: 0.9371, Top-1 F1: 0.6368
Fold 2 training time: 452.80 seconds
=== Cross Validation Fold 3/5 ===
Using hidden dimensions: [256, 256] with 4 attention heads
优化模型初始化: miRNA数量 = 495, 疾病数量 = 383
   节点维度: 256 → 128
   类型数量: 4
   Temperature: 2.0 (可学习)
   Loss mode: two_head
   loss_mode=two_head
   exist_weight=0.100, type_weight=0.900

✅ SimplifiedMultiTypeAssociationLoss 初始化 (改进版)
   类别权重 (beta=0.99999): ['0.780', '1.822', '0.977', '0.421']
Original positive index shape: torch.Size([1072, 2])
Original negative index shape: torch.Size([135416, 2])
采样后负样本数量: 10720
[B4 leakage_free] Masked 268 test-positive entries khỏi input association matrix trước khi dựng hypergraph.
🎯 Building TRUE DUAL VIEWS from four different sources...
📊 Data sources loaded:
  Disease semantic: torch.Size([383, 383])
  miRNA functional: torch.Size([495, 495])
  Disease-gene: torch.Size([383, 383])
  miRNA-sequence: torch.Size([495, 495])
🧬 Building miRNA dual-view hypergraphs...
  📊 miRNA View 1 (Sequence): torch.Size([495, 878])
  📊 miRNA View 2 (Function): torch.Size([495, 878])
🦠 Building disease dual-view hypergraphs...
  📊 Disease View 1 (Gene): torch.Size([383, 878])
  📊 Disease View 2 (Semantic): torch.Size([383, 878])
✅ Successfully built TRUE DUAL VIEWS:
   🧬 miRNA: Sequence Features (m_ss.xlsx) vs Functional Similarity (mi_fun_sim_2.0.csv)
   🦠 Disease: Gene Features (d_gs.xlsx) vs Semantic Similarity (dis_sem_sim_2.0.csv)

🔧 Epoch 1 梯度检查:
================================================================================

  参数名称                              梯度范数         梯度均值 状态             
  ----------------------------------------------------------------------
  type_relations                0.000025     0.000001 ✅ 正常           
  exist_relation                0.000129     0.000009 ✅ 正常           
  mi_proj_layer0                0.308460     0.001201 ✅ 正常           
  dis_proj_layer0               0.302191     0.001199 ✅ 正常           
================================================================================

Epoch 1, Total Loss: 20.4870, Recover Loss: 1.3236, miRNA CL: 8.9875, Disease CL: 8.4411, Inter-view (est): 4.0220, Recon Loss: 1.4362, Time: 0.61s
[INFO] Hypergraph updated at epoch 5
[INFO] Hypergraph updated at epoch 10
[INFO] Hypergraph updated at epoch 15
[INFO] Hypergraph updated at epoch 20
[INFO] Hypergraph updated at epoch 25
[INFO] Hypergraph updated at epoch 30
[INFO] Hypergraph updated at epoch 35
[INFO] Hypergraph updated at epoch 40
[INFO] Hypergraph updated at epoch 45
[INFO] Hypergraph updated at epoch 50

🔧 Epoch 50 梯度检查:
================================================================================

  参数名称                              梯度范数         梯度均值 状态             
  ----------------------------------------------------------------------
  type_relations                0.000017     0.000000 ✅ 正常           
  exist_relation                0.000125     0.000009 ✅ 正常           
  mi_proj_layer0                0.110108     0.000447 ✅ 正常           
  dis_proj_layer0               0.138163     0.000552 ✅ 正常           
================================================================================

Epoch 50, Total Loss: 17.0964, Recover Loss: 1.1238, miRNA CL: 7.9162, Disease CL: 7.6506, Inter-view (est): 3.5923, Recon Loss: 0.1213, Time: 87.69s
[INFO] Hypergraph updated at epoch 100

🔧 Epoch 100 梯度检查:
================================================================================

  参数名称                              梯度范数         梯度均值 状态             
  ----------------------------------------------------------------------
  type_relations                0.000010     0.000000 ✅ 正常           
  exist_relation                0.000119     0.000008 ✅ 正常           
  mi_proj_layer0                0.089704     0.000359 ✅ 正常           
  dis_proj_layer0               0.109793     0.000451 ✅ 正常           
================================================================================

Epoch 100, Total Loss: 15.7325, Recover Loss: 1.0215, miRNA CL: 7.5430, Disease CL: 6.8667, Inter-view (est): 3.3253, Recon Loss: 0.0302, Time: 126.34s
[INFO] Hypergraph updated at epoch 150

🔧 Epoch 150 梯度检查:
================================================================================

  参数名称                              梯度范数         梯度均值 状态             
  ----------------------------------------------------------------------
  type_relations                0.000007     0.000000 ✅ 正常           
  exist_relation                0.000114     0.000008 ✅ 正常           
  mi_proj_layer0                0.075161     0.000312 ✅ 正常           
  dis_proj_layer0               0.111142     0.000448 ✅ 正常           
================================================================================

Epoch 150, Total Loss: 14.8811, Recover Loss: 0.9739, miRNA CL: 7.0959, Disease CL: 6.5187, Inter-view (est): 3.1418, Recon Loss: 0.0292, Time: 163.02s
[INFO] Hypergraph updated at epoch 200

🔧 Epoch 200 梯度检查:
================================================================================

  参数名称                              梯度范数         梯度均值 状态             
  ----------------------------------------------------------------------
  type_relations                0.000006     0.000000 ✅ 正常           
  exist_relation                0.000112     0.000008 ✅ 正常           
  mi_proj_layer0                0.072829     0.000306 ✅ 正常           
  dis_proj_layer0               0.084871     0.000344 ✅ 正常           
================================================================================

Epoch 200, Total Loss: 14.5472, Recover Loss: 0.9443, miRNA CL: 6.8998, Disease CL: 6.4151, Inter-view (est): 3.0727, Recon Loss: 0.0283, Time: 199.58s
[INFO] Hypergraph updated at epoch 250

🔧 Epoch 250 梯度检查:
================================================================================

  参数名称                              梯度范数         梯度均值 状态             
  ----------------------------------------------------------------------
  type_relations                0.000005     0.000000 ✅ 正常           
  exist_relation                0.000110     0.000007 ✅ 正常           
  mi_proj_layer0                0.087483     0.000363 ✅ 正常           
  dis_proj_layer0               0.078718     0.000330 ✅ 正常           
================================================================================

Epoch 250, Total Loss: 14.3834, Recover Loss: 0.9317, miRNA CL: 6.8116, Disease CL: 6.3561, Inter-view (est): 3.0387, Recon Loss: 0.0271, Time: 233.54s
[INFO] Hypergraph updated at epoch 300

🔧 Epoch 300 梯度检查:
================================================================================

  参数名称                              梯度范数         梯度均值 状态             
  ----------------------------------------------------------------------
  type_relations                0.000004     0.000000 ✅ 正常           
  exist_relation                0.000109     0.000007 ✅ 正常           
  mi_proj_layer0                0.085182     0.000355 ✅ 正常           
  dis_proj_layer0               0.086355     0.000357 ✅ 正常           
================================================================================

Epoch 300, Total Loss: 14.2778, Recover Loss: 0.9204, miRNA CL: 6.7542, Disease CL: 6.3212, Inter-view (est): 3.0174, Recon Loss: 0.0271, Time: 265.58s
[INFO] Hypergraph updated at epoch 350

🔧 Epoch 350 梯度检查:
================================================================================

  参数名称                              梯度范数         梯度均值 状态             
  ----------------------------------------------------------------------
  type_relations                0.000004     0.000000 ✅ 正常           
  exist_relation                0.000107     0.000007 ✅ 正常           
  mi_proj_layer0                0.068263     0.000289 ✅ 正常           
  dis_proj_layer0               0.069132     0.000291 ✅ 正常           
================================================================================

Epoch 350, Total Loss: 14.1698, Recover Loss: 0.9037, miRNA CL: 6.7038, Disease CL: 6.2830, Inter-view (est): 2.9970, Recon Loss: 0.0266, Time: 295.58s
[INFO] Hypergraph updated at epoch 400

🔧 Epoch 400 梯度检查:
================================================================================

  参数名称                              梯度范数         梯度均值 状态             
  ----------------------------------------------------------------------
  type_relations                0.000003     0.000000 ✅ 正常           
  exist_relation                0.000105     0.000007 ✅ 正常           
  mi_proj_layer0                0.077648     0.000329 ✅ 正常           
  dis_proj_layer0               0.078979     0.000328 ✅ 正常           
================================================================================

Epoch 400, Total Loss: 14.0755, Recover Loss: 0.8960, miRNA CL: 6.6576, Disease CL: 6.2455, Inter-view (est): 2.9776, Recon Loss: 0.0263, Time: 324.61s
[INFO] Hypergraph updated at epoch 450

🔧 Epoch 450 梯度检查:
================================================================================

  参数名称                              梯度范数         梯度均值 状态             
  ----------------------------------------------------------------------
  type_relations                0.000003     0.000000 ✅ 正常           
  exist_relation                0.000103     0.000007 ✅ 正常           
  mi_proj_layer0                0.068075     0.000290 ✅ 正常           
  dis_proj_layer0               0.074151     0.000310 ✅ 正常           
================================================================================

Epoch 450, Total Loss: 13.9989, Recover Loss: 0.8861, miRNA CL: 6.6219, Disease CL: 6.2172, Inter-view (est): 2.9629, Recon Loss: 0.0254, Time: 354.02s
[INFO] Hypergraph updated at epoch 500

🔧 Epoch 500 梯度检查:
================================================================================

  参数名称                              梯度范数         梯度均值 状态             
  ----------------------------------------------------------------------
  type_relations                0.000003     0.000000 ✅ 正常           
  exist_relation                0.000102     0.000007 ✅ 正常           
  mi_proj_layer0                0.078575     0.000329 ✅ 正常           
  dis_proj_layer0               0.077292     0.000309 ✅ 正常           
================================================================================

Epoch 500, Total Loss: 13.9506, Recover Loss: 0.8821, miRNA CL: 6.5999, Disease CL: 6.1963, Inter-view (est): 2.9530, Recon Loss: 0.0258, Time: 383.28s
[INFO] Hypergraph updated at epoch 550

🔧 Epoch 550 梯度检查:
================================================================================

  参数名称                              梯度范数         梯度均值 状态             
  ----------------------------------------------------------------------
  type_relations                0.000002     0.000000 ✅ 正常           
  exist_relation                0.000101     0.000006 ✅ 正常           
  mi_proj_layer0                0.063958     0.000273 ✅ 正常           
  dis_proj_layer0               0.054501     0.000230 ✅ 正常           
================================================================================

Epoch 550, Total Loss: 13.8896, Recover Loss: 0.8692, miRNA CL: 6.5730, Disease CL: 6.1772, Inter-view (est): 2.9423, Recon Loss: 0.0252, Time: 412.30s
[INFO] Hypergraph updated at epoch 600

🔧 Epoch 600 梯度检查:
================================================================================

  参数名称                              梯度范数         梯度均值 状态             
  ----------------------------------------------------------------------
  type_relations                0.000002     0.000000 ✅ 正常           
  exist_relation                0.000099     0.000006 ✅ 正常           
  mi_proj_layer0                0.065067     0.000274 ✅ 正常           
  dis_proj_layer0               0.063743     0.000268 ✅ 正常           
================================================================================

Epoch 600, Total Loss: 13.8435, Recover Loss: 0.8669, miRNA CL: 6.5496, Disease CL: 6.1584, Inter-view (est): 2.9326, Recon Loss: 0.0251, Time: 439.64s
[INFO] Hypergraph updated at epoch 650

🔧 Epoch 650 梯度检查:
================================================================================

  参数名称                              梯度范数         梯度均值 状态             
  ----------------------------------------------------------------------
  type_relations                0.000002     0.000000 ✅ 正常           
  exist_relation                0.000098     0.000006 ✅ 正常           
  mi_proj_layer0                0.061902     0.000264 ✅ 正常           
  dis_proj_layer0               0.062854     0.000264 ✅ 正常           
================================================================================

Epoch 650, Total Loss: 13.8016, Recover Loss: 0.8663, miRNA CL: 6.5282, Disease CL: 6.1407, Inter-view (est): 2.9236, Recon Loss: 0.0245, Time: 469.26s

================================================================================
Training completed. Running final test...
================================================================================
Fold 3 completed - AUC: 0.9372, Top-1 F1: 0.6072
Fold 3 training time: 470.55 seconds
=== Cross Validation Fold 4/5 ===
Using hidden dimensions: [256, 256] with 4 attention heads
优化模型初始化: miRNA数量 = 495, 疾病数量 = 383
   节点维度: 256 → 128
   类型数量: 4
   Temperature: 2.0 (可学习)
   Loss mode: two_head
   loss_mode=two_head
   exist_weight=0.100, type_weight=0.900

✅ SimplifiedMultiTypeAssociationLoss 初始化 (改进版)
   类别权重 (beta=0.99999): ['0.780', '1.822', '0.977', '0.421']
Original positive index shape: torch.Size([1072, 2])
Original negative index shape: torch.Size([135416, 2])
采样后负样本数量: 10720
[B4 leakage_free] Masked 268 test-positive entries khỏi input association matrix trước khi dựng hypergraph.
🎯 Building TRUE DUAL VIEWS from four different sources...
📊 Data sources loaded:
  Disease semantic: torch.Size([383, 383])
  miRNA functional: torch.Size([495, 495])
  Disease-gene: torch.Size([383, 383])
  miRNA-sequence: torch.Size([495, 495])
🧬 Building miRNA dual-view hypergraphs...
  📊 miRNA View 1 (Sequence): torch.Size([495, 878])
  📊 miRNA View 2 (Function): torch.Size([495, 878])
🦠 Building disease dual-view hypergraphs...
  📊 Disease View 1 (Gene): torch.Size([383, 878])
  📊 Disease View 2 (Semantic): torch.Size([383, 878])
✅ Successfully built TRUE DUAL VIEWS:
   🧬 miRNA: Sequence Features (m_ss.xlsx) vs Functional Similarity (mi_fun_sim_2.0.csv)
   🦠 Disease: Gene Features (d_gs.xlsx) vs Semantic Similarity (dis_sem_sim_2.0.csv)

🔧 Epoch 1 梯度检查:
================================================================================

  参数名称                              梯度范数         梯度均值 状态             
  ----------------------------------------------------------------------
  type_relations                0.000025     0.000001 ✅ 正常           
  exist_relation                0.000138     0.000010 ✅ 正常           
  mi_proj_layer0                0.355566     0.001347 ✅ 正常           
  dis_proj_layer0               0.360538     0.001419 ✅ 正常           
================================================================================

Epoch 1, Total Loss: 20.2974, Recover Loss: 1.3367, miRNA CL: 8.9090, Disease CL: 8.4241, Inter-view (est): 4.0000, Recon Loss: 1.3286, Time: 0.77s
[INFO] Hypergraph updated at epoch 5
[INFO] Hypergraph updated at epoch 10
[INFO] Hypergraph updated at epoch 15
[INFO] Hypergraph updated at epoch 20
[INFO] Hypergraph updated at epoch 25
[INFO] Hypergraph updated at epoch 30
[INFO] Hypergraph updated at epoch 35
[INFO] Hypergraph updated at epoch 40
[INFO] Hypergraph updated at epoch 45
[INFO] Hypergraph updated at epoch 50

🔧 Epoch 50 梯度检查:
================================================================================

  参数名称                              梯度范数         梯度均值 状态             
  ----------------------------------------------------------------------
  type_relations                0.000017     0.000000 ✅ 正常           
  exist_relation                0.000133     0.000009 ✅ 正常           
  mi_proj_layer0                0.112944     0.000445 ✅ 正常           
  dis_proj_layer0               0.152558     0.000588 ✅ 正常           
================================================================================

Epoch 50, Total Loss: 16.9710, Recover Loss: 1.1205, miRNA CL: 7.9138, Disease CL: 7.5730, Inter-view (est): 3.5739, Recon Loss: 0.0789, Time: 81.66s
[INFO] Hypergraph updated at epoch 100

🔧 Epoch 100 梯度检查:
================================================================================

  参数名称                              梯度范数         梯度均值 状态             
  ----------------------------------------------------------------------
  type_relations                0.000010     0.000000 ✅ 正常           
  exist_relation                0.000127     0.000009 ✅ 正常           
  mi_proj_layer0                0.095259     0.000396 ✅ 正常           
  dis_proj_layer0               0.108845     0.000442 ✅ 正常           
================================================================================

Epoch 100, Total Loss: 15.6350, Recover Loss: 1.0017, miRNA CL: 7.5324, Disease CL: 6.7993, Inter-view (est): 3.3073, Recon Loss: 0.0299, Time: 117.71s
[INFO] Hypergraph updated at epoch 150

🔧 Epoch 150 梯度检查:
================================================================================

  参数名称                              梯度范数         梯度均值 状态             
  ----------------------------------------------------------------------
  type_relations                0.000007     0.000000 ✅ 正常           
  exist_relation                0.000123     0.000008 ✅ 正常           
  mi_proj_layer0                0.091516     0.000383 ✅ 正常           
  dis_proj_layer0               0.100409     0.000412 ✅ 正常           
================================================================================

Epoch 150, Total Loss: 14.8725, Recover Loss: 0.9564, miRNA CL: 7.0908, Disease CL: 6.5330, Inter-view (est): 3.1440, Recon Loss: 0.0282, Time: 151.99s
[INFO] Hypergraph updated at epoch 200

🔧 Epoch 200 梯度检查:
================================================================================

  参数名称                              梯度范数         梯度均值 状态             
  ----------------------------------------------------------------------
  type_relations                0.000005     0.000000 ✅ 正常           
  exist_relation                0.000120     0.000008 ✅ 正常           
  mi_proj_layer0                0.068395     0.000290 ✅ 正常           
  dis_proj_layer0               0.067855     0.000285 ✅ 正常           
================================================================================

Epoch 200, Total Loss: 14.5521, Recover Loss: 0.9277, miRNA CL: 6.9121, Disease CL: 6.4243, Inter-view (est): 3.0776, Recon Loss: 0.0274, Time: 184.22s
[INFO] Hypergraph updated at epoch 250

🔧 Epoch 250 梯度检查:
================================================================================

  参数名称                              梯度范数         梯度均值 状态             
  ----------------------------------------------------------------------
  type_relations                0.000005     0.000000 ✅ 正常           
  exist_relation                0.000119     0.000008 ✅ 正常           
  mi_proj_layer0                0.097820     0.000406 ✅ 正常           
  dis_proj_layer0               0.119085     0.000456 ✅ 正常           
================================================================================

Epoch 250, Total Loss: 14.3804, Recover Loss: 0.9168, miRNA CL: 6.8271, Disease CL: 6.3530, Inter-view (est): 3.0416, Recon Loss: 0.0258, Time: 216.17s
[INFO] Hypergraph updated at epoch 300

🔧 Epoch 300 梯度检查:
================================================================================

  参数名称                              梯度范数         梯度均值 状态             
  ----------------------------------------------------------------------
  type_relations                0.000004     0.000000 ✅ 正常           
  exist_relation                0.000117     0.000008 ✅ 正常           
  mi_proj_layer0                0.077757     0.000325 ✅ 正常           
  dis_proj_layer0               0.086279     0.000356 ✅ 正常           
================================================================================

Epoch 300, Total Loss: 14.2652, Recover Loss: 0.9018, miRNA CL: 6.7706, Disease CL: 6.3107, Inter-view (est): 3.0188, Recon Loss: 0.0262, Time: 247.74s
[INFO] Hypergraph updated at epoch 350

🔧 Epoch 350 梯度检查:
================================================================================

  参数名称                              梯度范数         梯度均值 状态             
  ----------------------------------------------------------------------
  type_relations                0.000004     0.000000 ✅ 正常           
  exist_relation                0.000116     0.000007 ✅ 正常           
  mi_proj_layer0                0.081565     0.000350 ✅ 正常           
  dis_proj_layer0               0.091120     0.000378 ✅ 正常           
================================================================================

Epoch 350, Total Loss: 14.1761, Recover Loss: 0.8991, miRNA CL: 6.7214, Disease CL: 6.2761, Inter-view (est): 2.9994, Recon Loss: 0.0257, Time: 279.16s
[INFO] Hypergraph updated at epoch 400

🔧 Epoch 400 梯度检查:
================================================================================

  参数名称                              梯度范数         梯度均值 状态             
  ----------------------------------------------------------------------
  type_relations                0.000003     0.000000 ✅ 正常           
  exist_relation                0.000114     0.000007 ✅ 正常           
  mi_proj_layer0                0.064747     0.000275 ✅ 正常           
  dis_proj_layer0               0.075934     0.000314 ✅ 正常           
================================================================================

Epoch 400, Total Loss: 14.0816, Recover Loss: 0.8850, miRNA CL: 6.6743, Disease CL: 6.2454, Inter-view (est): 2.9815, Recon Loss: 0.0254, Time: 310.36s
[INFO] Hypergraph updated at epoch 450

🔧 Epoch 450 梯度检查:
================================================================================

  参数名称                              梯度范数         梯度均值 状态             
  ----------------------------------------------------------------------
  type_relations                0.000003     0.000000 ✅ 正常           
  exist_relation                0.000112     0.000007 ✅ 正常           
  mi_proj_layer0                0.077599     0.000327 ✅ 正常           
  dis_proj_layer0               0.083262     0.000344 ✅ 正常           
================================================================================

Epoch 450, Total Loss: 14.0089, Recover Loss: 0.8828, miRNA CL: 6.6348, Disease CL: 6.2166, Inter-view (est): 2.9657, Recon Loss: 0.0252, Time: 340.92s
[INFO] Hypergraph updated at epoch 500

🔧 Epoch 500 梯度检查:
================================================================================

  参数名称                              梯度范数         梯度均值 状态             
  ----------------------------------------------------------------------
  type_relations                0.000002     0.000000 ✅ 正常           
  exist_relation                0.000111     0.000007 ✅ 正常           
  mi_proj_layer0                0.078084     0.000327 ✅ 正常           
  dis_proj_layer0               0.094630     0.000373 ✅ 正常           
================================================================================

Epoch 500, Total Loss: 13.9520, Recover Loss: 0.8741, miRNA CL: 6.6118, Disease CL: 6.1941, Inter-view (est): 2.9552, Recon Loss: 0.0243, Time: 368.78s
[INFO] Hypergraph updated at epoch 550

🔧 Epoch 550 梯度检查:
================================================================================

  参数名称                              梯度范数         梯度均值 状态             
  ----------------------------------------------------------------------
  type_relations                0.000002     0.000000 ✅ 正常           
  exist_relation                0.000110     0.000007 ✅ 正常           
  mi_proj_layer0                0.060074     0.000257 ✅ 正常           
  dis_proj_layer0               0.062976     0.000267 ✅ 正常           
================================================================================

Epoch 550, Total Loss: 13.9027, Recover Loss: 0.8679, miRNA CL: 6.5880, Disease CL: 6.1771, Inter-view (est): 2.9458, Recon Loss: 0.0235, Time: 403.69s
[INFO] Hypergraph updated at epoch 600

🔧 Epoch 600 梯度检查:
================================================================================

  参数名称                              梯度范数         梯度均值 状态             
  ----------------------------------------------------------------------
  type_relations                0.000002     0.000000 ✅ 正常           
  exist_relation                0.000109     0.000007 ✅ 正常           
  mi_proj_layer0                0.058939     0.000249 ✅ 正常           
  dis_proj_layer0               0.068231     0.000286 ✅ 正常           
================================================================================

Epoch 600, Total Loss: 13.8612, Recover Loss: 0.8664, miRNA CL: 6.5630, Disease CL: 6.1629, Inter-view (est): 2.9368, Recon Loss: 0.0238, Time: 438.58s
[INFO] Hypergraph updated at epoch 650

🔧 Epoch 650 梯度检查:
================================================================================

  参数名称                              梯度范数         梯度均值 状态             
  ----------------------------------------------------------------------
  type_relations                0.000002     0.000000 ✅ 正常           
  exist_relation                0.000108     0.000007 ✅ 正常           
  mi_proj_layer0                0.061687     0.000260 ✅ 正常           
  dis_proj_layer0               0.058126     0.000244 ✅ 正常           
================================================================================

Epoch 650, Total Loss: 13.8255, Recover Loss: 0.8648, miRNA CL: 6.5443, Disease CL: 6.1487, Inter-view (est): 2.9291, Recon Loss: 0.0240, Time: 471.93s

================================================================================
Training completed. Running final test...
================================================================================
Fold 4 completed - AUC: 0.9375, Top-1 F1: 0.6392
Fold 4 training time: 473.23 seconds
=== Cross Validation Fold 5/5 ===
Using hidden dimensions: [256, 256] with 4 attention heads
优化模型初始化: miRNA数量 = 495, 疾病数量 = 383
   节点维度: 256 → 128
   类型数量: 4
   Temperature: 2.0 (可学习)
   Loss mode: two_head
   loss_mode=two_head
   exist_weight=0.100, type_weight=0.900

✅ SimplifiedMultiTypeAssociationLoss 初始化 (改进版)
   类别权重 (beta=0.99999): ['0.780', '1.822', '0.977', '0.421']
Original positive index shape: torch.Size([1072, 2])
Original negative index shape: torch.Size([135416, 2])
采样后负样本数量: 10720
[B4 leakage_free] Masked 268 test-positive entries khỏi input association matrix trước khi dựng hypergraph.
🎯 Building TRUE DUAL VIEWS from four different sources...
📊 Data sources loaded:
  Disease semantic: torch.Size([383, 383])
  miRNA functional: torch.Size([495, 495])
  Disease-gene: torch.Size([383, 383])
  miRNA-sequence: torch.Size([495, 495])
🧬 Building miRNA dual-view hypergraphs...
  📊 miRNA View 1 (Sequence): torch.Size([495, 878])
  📊 miRNA View 2 (Function): torch.Size([495, 878])
🦠 Building disease dual-view hypergraphs...
  📊 Disease View 1 (Gene): torch.Size([383, 878])
  📊 Disease View 2 (Semantic): torch.Size([383, 878])
✅ Successfully built TRUE DUAL VIEWS:
   🧬 miRNA: Sequence Features (m_ss.xlsx) vs Functional Similarity (mi_fun_sim_2.0.csv)
   🦠 Disease: Gene Features (d_gs.xlsx) vs Semantic Similarity (dis_sem_sim_2.0.csv)

🔧 Epoch 1 梯度检查:
================================================================================

  参数名称                              梯度范数         梯度均值 状态             
  ----------------------------------------------------------------------
  type_relations                0.000025     0.000001 ✅ 正常           
  exist_relation                0.000132     0.000009 ✅ 正常           
  mi_proj_layer0                0.204161     0.000798 ✅ 正常           
  dis_proj_layer0               0.196375     0.000793 ✅ 正常           
================================================================================

Epoch 1, Total Loss: 20.5960, Recover Loss: 1.3112, miRNA CL: 9.1386, Disease CL: 8.4591, Inter-view (est): 4.0610, Recon Loss: 1.3885, Time: 0.50s
[INFO] Hypergraph updated at epoch 5
[INFO] Hypergraph updated at epoch 10
[INFO] Hypergraph updated at epoch 15
[INFO] Hypergraph updated at epoch 20
[INFO] Hypergraph updated at epoch 25
[INFO] Hypergraph updated at epoch 30
[INFO] Hypergraph updated at epoch 35
[INFO] Hypergraph updated at epoch 40
[INFO] Hypergraph updated at epoch 45
[INFO] Hypergraph updated at epoch 50

🔧 Epoch 50 梯度检查:
================================================================================

  参数名称                              梯度范数         梯度均值 状态             
  ----------------------------------------------------------------------
  type_relations                0.000017     0.000000 ✅ 正常           
  exist_relation                0.000127     0.000009 ✅ 正常           
  mi_proj_layer0                0.112562     0.000448 ✅ 正常           
  dis_proj_layer0               0.129775     0.000521 ✅ 正常           
================================================================================

Epoch 50, Total Loss: 17.0463, Recover Loss: 1.1072, miRNA CL: 7.9395, Disease CL: 7.6434, Inter-view (est): 3.5961, Recon Loss: 0.0722, Time: 80.54s
[INFO] Hypergraph updated at epoch 100

🔧 Epoch 100 梯度检查:
================================================================================

  参数名称                              梯度范数         梯度均值 状态             
  ----------------------------------------------------------------------
  type_relations                0.000009     0.000000 ✅ 正常           
  exist_relation                0.000122     0.000008 ✅ 正常           
  mi_proj_layer0                0.098101     0.000392 ✅ 正常           
  dis_proj_layer0               0.097839     0.000398 ✅ 正常           
================================================================================

Epoch 100, Total Loss: 15.7402, Recover Loss: 1.0021, miRNA CL: 7.5727, Disease CL: 6.8650, Inter-view (est): 3.3318, Recon Loss: 0.0295, Time: 112.92s
[INFO] Hypergraph updated at epoch 150

🔧 Epoch 150 梯度检查:
================================================================================

  参数名称                              梯度范数         梯度均值 状态             
  ----------------------------------------------------------------------
  type_relations                0.000006     0.000000 ✅ 正常           
  exist_relation                0.000118     0.000007 ✅ 正常           
  mi_proj_layer0                0.088546     0.000364 ✅ 正常           
  dis_proj_layer0               0.095664     0.000386 ✅ 正常           
================================================================================

Epoch 150, Total Loss: 14.9060, Recover Loss: 0.9559, miRNA CL: 7.1344, Disease CL: 6.5243, Inter-view (est): 3.1520, Recon Loss: 0.0281, Time: 142.31s
[INFO] Hypergraph updated at epoch 200

🔧 Epoch 200 梯度检查:
================================================================================

  参数名称                              梯度范数         梯度均值 状态             
  ----------------------------------------------------------------------
  type_relations                0.000005     0.000000 ✅ 正常           
  exist_relation                0.000116     0.000007 ✅ 正常           
  mi_proj_layer0                0.079461     0.000339 ✅ 正常           
  dis_proj_layer0               0.078523     0.000326 ✅ 正常           
================================================================================

Epoch 200, Total Loss: 14.6070, Recover Loss: 0.9423, miRNA CL: 6.9501, Disease CL: 6.4270, Inter-view (est): 3.0870, Recon Loss: 0.0270, Time: 171.73s
[INFO] Hypergraph updated at epoch 250

🔧 Epoch 250 梯度检查:
================================================================================

  参数名称                              梯度范数         梯度均值 状态             
  ----------------------------------------------------------------------
  type_relations                0.000005     0.000000 ✅ 正常           
  exist_relation                0.000114     0.000007 ✅ 正常           
  mi_proj_layer0                0.083760     0.000352 ✅ 正常           
  dis_proj_layer0               0.100190     0.000399 ✅ 正常           
================================================================================

Epoch 250, Total Loss: 14.4406, Recover Loss: 0.9305, miRNA CL: 6.8630, Disease CL: 6.3615, Inter-view (est): 3.0518, Recon Loss: 0.0272, Time: 201.79s
[INFO] Hypergraph updated at epoch 300

🔧 Epoch 300 梯度检查:
================================================================================

  参数名称                              梯度范数         梯度均值 状态             
  ----------------------------------------------------------------------
  type_relations                0.000004     0.000000 ✅ 正常           
  exist_relation                0.000113     0.000007 ✅ 正常           
  mi_proj_layer0                0.072152     0.000306 ✅ 正常           
  dis_proj_layer0               0.069336     0.000288 ✅ 正常           
================================================================================

Epoch 300, Total Loss: 14.2922, Recover Loss: 0.9096, miRNA CL: 6.7940, Disease CL: 6.3053, Inter-view (est): 3.0229, Recon Loss: 0.0273, Time: 229.87s
[INFO] Hypergraph updated at epoch 350

🔧 Epoch 350 梯度检查:
================================================================================

  参数名称                              梯度范数         梯度均值 状态             
  ----------------------------------------------------------------------
  type_relations                0.000004     0.000000 ✅ 正常           
  exist_relation                0.000111     0.000007 ✅ 正常           
  mi_proj_layer0                0.066740     0.000283 ✅ 正常           
  dis_proj_layer0               0.077663     0.000315 ✅ 正常           
================================================================================

Epoch 350, Total Loss: 14.1860, Recover Loss: 0.9012, miRNA CL: 6.7393, Disease CL: 6.2647, Inter-view (est): 3.0009, Recon Loss: 0.0270, Time: 256.21s
[INFO] Hypergraph updated at epoch 400

🔧 Epoch 400 梯度检查:
================================================================================

  参数名称                              梯度范数         梯度均值 状态             
  ----------------------------------------------------------------------
  type_relations                0.000003     0.000000 ✅ 正常           
  exist_relation                0.000110     0.000007 ✅ 正常           
  mi_proj_layer0                0.067537     0.000285 ✅ 正常           
  dis_proj_layer0               0.064986     0.000275 ✅ 正常           
================================================================================

Epoch 400, Total Loss: 14.0986, Recover Loss: 0.8918, miRNA CL: 6.6955, Disease CL: 6.2333, Inter-view (est): 2.9836, Recon Loss: 0.0263, Time: 280.93s
[INFO] Hypergraph updated at epoch 450

🔧 Epoch 450 梯度检查:
================================================================================

  参数名称                              梯度范数         梯度均值 状态             
  ----------------------------------------------------------------------
  type_relations                0.000003     0.000000 ✅ 正常           
  exist_relation                0.000108     0.000007 ✅ 正常           
  mi_proj_layer0                0.077413     0.000323 ✅ 正常           
  dis_proj_layer0               0.071497     0.000298 ✅ 正常           
================================================================================

Epoch 450, Total Loss: 14.0180, Recover Loss: 0.8870, miRNA CL: 6.6525, Disease CL: 6.2035, Inter-view (est): 2.9668, Recon Loss: 0.0255, Time: 305.14s
[INFO] Hypergraph updated at epoch 500

🔧 Epoch 500 梯度检查:
================================================================================

  参数名称                              梯度范数         梯度均值 状态             
  ----------------------------------------------------------------------
  type_relations                0.000002     0.000000 ✅ 正常           
  exist_relation                0.000107     0.000006 ✅ 正常           
  mi_proj_layer0                0.070911     0.000301 ✅ 正常           
  dis_proj_layer0               0.066537     0.000276 ✅ 正常           
================================================================================

Epoch 500, Total Loss: 13.9672, Recover Loss: 0.8778, miRNA CL: 6.6378, Disease CL: 6.1794, Inter-view (est): 2.9578, Recon Loss: 0.0246, Time: 329.34s
[INFO] Hypergraph updated at epoch 550

🔧 Epoch 550 梯度检查:
================================================================================

  参数名称                              梯度范数         梯度均值 状态             
  ----------------------------------------------------------------------
  type_relations                0.000002     0.000000 ✅ 正常           
  exist_relation                0.000106     0.000006 ✅ 正常           
  mi_proj_layer0                0.062813     0.000268 ✅ 正常           
  dis_proj_layer0               0.058820     0.000248 ✅ 正常           
================================================================================

Epoch 550, Total Loss: 13.9065, Recover Loss: 0.8709, miRNA CL: 6.5994, Disease CL: 6.1638, Inter-view (est): 2.9453, Recon Loss: 0.0262, Time: 354.15s
[INFO] Hypergraph updated at epoch 600

🔧 Epoch 600 梯度检查:
================================================================================

  参数名称                              梯度范数         梯度均值 状态             
  ----------------------------------------------------------------------
  type_relations                0.000002     0.000000 ✅ 正常           
  exist_relation                0.000104     0.000006 ✅ 正常           
  mi_proj_layer0                0.070651     0.000298 ✅ 正常           
  dis_proj_layer0               0.067243     0.000279 ✅ 正常           
================================================================================

Epoch 600, Total Loss: 13.8606, Recover Loss: 0.8652, miRNA CL: 6.5779, Disease CL: 6.1479, Inter-view (est): 2.9367, Recon Loss: 0.0251, Time: 379.12s
[INFO] Hypergraph updated at epoch 650

🔧 Epoch 650 梯度检查:
================================================================================

  参数名称                              梯度范数         梯度均值 状态             
  ----------------------------------------------------------------------
  type_relations                0.000002     0.000000 ✅ 正常           
  exist_relation                0.000103     0.000006 ✅ 正常           
  mi_proj_layer0                0.068423     0.000287 ✅ 正常           
  dis_proj_layer0               0.074548     0.000310 ✅ 正常           
================================================================================

Epoch 650, Total Loss: 13.8120, Recover Loss: 0.8584, miRNA CL: 6.5539, Disease CL: 6.1321, Inter-view (est): 2.9276, Recon Loss: 0.0245, Time: 403.65s

================================================================================
Training completed. Running final test...
================================================================================
Fold 5 completed - AUC: 0.9475, Top-1 F1: 0.5835
Fold 5 training time: 404.73 seconds
Average binary metrics across folds: [[0.94022834 0.93983516 0.88118166 0.87955224 0.89328358 0.8658209
  0.87034767]]
🎯 Average Top-1 metrics across folds: {'top1_precision': 0.5880597014925373, 'top1_recall': np.float64(0.6290292141993971), 'top1_f1': np.float64(0.6074545744346806)}

📊 CV_type Style Metrics Details:
  AUC            : 0.9402
  AUPR           : 0.9398
  F1             : 0.8812
  Accuracy       : 0.8796
  Recall         : 0.8933
  Specificity    : 0.8658
  Precision      : 0.8703

🎯 Top-1 Metrics Details:
  top1_precision : 0.5881
  top1_recall    : 0.6290
  top1_f1        : 0.6075

Total execution time: 2267.92 seconds

==========================================================================================
🎯 FINAL COMPREHENSIVE RESULTS WITH TOP-1 METRICS
==========================================================================================
📊 Binary Classification Metrics (Original):
  AUC: 0.9402
  AUPR: 0.9398
  F1: 0.8812
  Accuracy: 0.8796
  Recall: 0.8933
  Specificity: 0.8658
  Precision: 0.8703

🎯 CV_type Style Metrics (Enhanced):
  AUC: 0.9402
  AUPR: 0.9398
  F1: 0.8812
  Accuracy: 0.8796
  Recall: 0.8933
  Specificity: 0.8658
  Precision: 0.8703

🏆 Top-1 Metrics (NEW):
  Top-1 Precision: 0.5881
  Top-1 Recall: 0.6290
  Top-1 F1: 0.6075
==========================================================================================
