[CPU] torch.set_num_threads(12), interop=min(4, 12)
Using device: cpu
[INFO] Auto-computed BALANCED class weights (to prevent class collapse):
  Circulation  (  367 samples): 0.780
  Epigenetics  (  157 samples): 1.823
  Target       (  293 samples): 0.977
  Genetics     (  681 samples): 0.420
  [NOTE] Higher weights for minority classes to prevent model from only predicting majority class
[INFO] Using v2.0_495m383D dataset:
  miRNAs: 495
  Diseases: 383
  Expected associations: ~1498
  Types: 4 (Circulation, Epigenetics, Target, Genetics)

================================================================================
Configuration Summary
================================================================================
Dataset: v2.0_495m383D
Data Path: ./
Model: HeterogenousGraphCLAMIR
  - HGT Layers: 2
  - Attention Heads: 4
  - Association Types: 4
  - Inter-view CL: Enabled
    - Weight: 0.3
    - Temperature: 0.5
    - Margin: 0.5

Training:
  - Epochs: 650
  - Learning Rate: 0.0001
  - Dropout: 0.3
  - Weight Decay: 5e-05
  - Focal Loss: Enabled

Evaluation:
  - Cross-Validation Folds: 5
  - Primary Metric: AUPR

Device: cpu
Random Seed: 1234
================================================================================

[SEED] Re-seeded với args.seed = 1234
🚀 Running with comprehensive evaluation including Top-1 metrics...
🎯 Loading dual-view data...
Starting dual-view data preparation with new file format...
Loading all similarity and feature files from v2.0_495m383D...
✅ Loaded disease semantic similarity from D_SSM1.txt: (383, 383)
✅ Loaded miRNA functional similarity from M_FSM.txt: (495, 495)
✅ Loaded multi-type association pairs from ./v2.0_495m383D/multi_all_mirna_disease_pairs_without_negative.csv: (1679, 3)
✅ Created multi-type association matrix: (495, 383)
📊 Multi-type Association Statistics:
   无关联 (No association): 188087 pairs (99.21%)
   循环类型 (Circulation): 367 pairs (0.19%)
   表观遗传学 (Epigenetics): 157 pairs (0.08%)
   靶标类型 (Target): 293 pairs (0.15%)
   遗传学类型 (Genetics): 681 pairs (0.36%)
✅ Created association matrix from CSV: (495, 383)
✅ Loaded disease-gene features from D_SSM2.txt: torch.Size([383, 383])
✅ [B4] Loaded REAL miRNA-sequence similarity from v2.0_495m383D/M_SEQ.txt: torch.Size([495, 495]) (thay GIP M_GSM cho View 1)
Processing integrated similarity matrices...
Loaded similarity matrices from cache
Processing indices...
Loaded indices from cache (seed=1234)
✅ Dual-view data preparation completed in 0.39 seconds

============================================================
🎯 DUAL-VIEW CONFIGURATION SUMMARY (v2.0_495m383D)
============================================================
miRNA Dual Views:
  📊 View 1 (Sequence): M_GSM.txt torch.Size([495, 495])
  📊 View 2 (Function): M_FSM.txt torch.Size([495, 495])

Disease Dual Views:
  📊 View 1 (Gene): D_SSM2.txt torch.Size([383, 383])
  📊 View 2 (Semantic): D_SSM1.txt torch.Size([383, 383])

Association Matrix: torch.Size([495, 383])
Data source: v2.0_495m383D (495 miRNAs × 383 Diseases)
============================================================
Preloading dual-view data to device...
✅ Loaded disease-gene features to device: torch.Size([383, 383])
✅ Loaded miRNA-sequence features to device: torch.Size([495, 495])
✅ Loaded disease semantic similarity to device: torch.Size([383, 383])
✅ Loaded miRNA functional similarity to device: torch.Size([495, 495])
✅ Dual-view data preloading completed in 0.00 seconds
OptimizedDataset initialized with 5 folds
Using device: cpu
=== Cross Validation Fold 1/5 ===
Using hidden dimensions: [256, 256] with 4 attention heads
优化模型初始化: miRNA数量 = 495, 疾病数量 = 383
   节点维度: 256 → 128
   类型数量: 4
   Temperature: 2.0 (可学习)
   Loss mode: two_head
   loss_mode=two_head
   exist_weight=0.100, type_weight=0.900

✅ SimplifiedMultiTypeAssociationLoss 初始化 (改进版)
   类别权重 (beta=0.99999): ['0.780', '1.822', '0.977', '0.421']
Original positive index shape: torch.Size([1072, 2])
Original negative index shape: torch.Size([135416, 2])
采样后负样本数量: 10720
🎯 Building TRUE DUAL VIEWS from four different sources...
📊 Data sources loaded:
  Disease semantic: torch.Size([383, 383])
  miRNA functional: torch.Size([495, 495])
  Disease-gene: torch.Size([383, 383])
  miRNA-sequence: torch.Size([495, 495])
🧬 Building miRNA dual-view hypergraphs...
  📊 miRNA View 1 (Sequence): torch.Size([495, 878])
  📊 miRNA View 2 (Function): torch.Size([495, 878])
🦠 Building disease dual-view hypergraphs...
  📊 Disease View 1 (Gene): torch.Size([383, 878])
  📊 Disease View 2 (Semantic): torch.Size([383, 878])
✅ Successfully built TRUE DUAL VIEWS:
   🧬 miRNA: Sequence Features (m_ss.xlsx) vs Functional Similarity (mi_fun_sim_2.0.csv)
   🦠 Disease: Gene Features (d_gs.xlsx) vs Semantic Similarity (dis_sem_sim_2.0.csv)

🔧 Epoch 1 梯度检查:
================================================================================

  参数名称                              梯度范数         梯度均值 状态             
  ----------------------------------------------------------------------
  type_relations                0.000025     0.000001 ✅ 正常           
  exist_relation                0.000134     0.000010 ✅ 正常           
  mi_proj_layer0                0.491088     0.001847 ✅ 正常           
  dis_proj_layer0               0.509117     0.002025 ✅ 正常           
================================================================================

Epoch 1, Total Loss: 20.2901, Recover Loss: 1.3510, miRNA CL: 8.7614, Disease CL: 8.4440, Inter-view (est): 3.9705, Recon Loss: 1.4351, Time: 0.84s
[INFO] Hypergraph updated at epoch 5
[INFO] Hypergraph updated at epoch 10
[INFO] Hypergraph updated at epoch 15
[INFO] Hypergraph updated at epoch 20
[INFO] Hypergraph updated at epoch 25
[INFO] Hypergraph updated at epoch 30
[INFO] Hypergraph updated at epoch 35
[INFO] Hypergraph updated at epoch 40
[INFO] Hypergraph updated at epoch 45
[INFO] Hypergraph updated at epoch 50

🔧 Epoch 50 梯度检查:
================================================================================

  参数名称                              梯度范数         梯度均值 状态             
  ----------------------------------------------------------------------
  type_relations                0.000017     0.000000 ✅ 正常           
  exist_relation                0.000129     0.000009 ✅ 正常           
  mi_proj_layer0                0.130029     0.000525 ✅ 正常           
  dis_proj_layer0               0.145888     0.000579 ✅ 正常           
================================================================================

Epoch 50, Total Loss: 16.8847, Recover Loss: 1.1058, miRNA CL: 7.8829, Disease CL: 7.5383, Inter-view (est): 3.5587, Recon Loss: 0.0721, Time: 93.37s
[INFO] Hypergraph updated at epoch 100

🔧 Epoch 100 梯度检查:
================================================================================

  参数名称                              梯度范数         梯度均值 状态             
  ----------------------------------------------------------------------
  type_relations                0.000010     0.000000 ✅ 正常           
  exist_relation                0.000124     0.000008 ✅ 正常           
  mi_proj_layer0                0.093940     0.000390 ✅ 正常           
  dis_proj_layer0               0.108285     0.000443 ✅ 正常           
================================================================================

Epoch 100, Total Loss: 15.1652, Recover Loss: 0.9952, miRNA CL: 7.1078, Disease CL: 6.7570, Inter-view (est): 3.1996, Recon Loss: 0.0316, Time: 129.66s
[INFO] Hypergraph updated at epoch 150

🔧 Epoch 150 梯度检查:
================================================================================

  参数名称                              梯度范数         梯度均值 状态             
  ----------------------------------------------------------------------
  type_relations                0.000006     0.000000 ✅ 正常           
  exist_relation                0.000118     0.000008 ✅ 正常           
  mi_proj_layer0                0.093526     0.000389 ✅ 正常           
  dis_proj_layer0               0.109589     0.000456 ✅ 正常           
================================================================================

Epoch 150, Total Loss: 14.3728, Recover Loss: 0.9436, miRNA CL: 6.7323, Disease CL: 6.4023, Inter-view (est): 3.0311, Recon Loss: 0.0299, Time: 165.74s
[INFO] Hypergraph updated at epoch 200

🔧 Epoch 200 梯度检查:
================================================================================

  参数名称                              梯度范数         梯度均值 状态             
  ----------------------------------------------------------------------
  type_relations                0.000004     0.000000 ✅ 正常           
  exist_relation                0.000114     0.000007 ✅ 正常           
  mi_proj_layer0                0.090234     0.000379 ✅ 正常           
  dis_proj_layer0               0.088509     0.000371 ✅ 正常           
================================================================================

Epoch 200, Total Loss: 14.0517, Recover Loss: 0.9099, miRNA CL: 6.5936, Disease CL: 6.2628, Inter-view (est): 2.9668, Recon Loss: 0.0278, Time: 201.16s
[INFO] Hypergraph updated at epoch 250

🔧 Epoch 250 梯度检查:
================================================================================

  参数名称                              梯度范数         梯度均值 状态             
  ----------------------------------------------------------------------
  type_relations                0.000002     0.000000 ✅ 正常           
  exist_relation                0.000109     0.000007 ✅ 正常           
  mi_proj_layer0                0.079331     0.000335 ✅ 正常           
  dis_proj_layer0               0.091057     0.000373 ✅ 正常           
================================================================================

Epoch 250, Total Loss: 13.8452, Recover Loss: 0.8832, miRNA CL: 6.5059, Disease CL: 6.1775, Inter-view (est): 2.9269, Recon Loss: 0.0266, Time: 235.80s
[INFO] Hypergraph updated at epoch 300

🔧 Epoch 300 梯度检查:
================================================================================

  参数名称                              梯度范数         梯度均值 状态             
  ----------------------------------------------------------------------
  type_relations                0.000001     0.000000 ✅ 正常           
  exist_relation                0.000105     0.000007 ✅ 正常           
  mi_proj_layer0                0.066270     0.000278 ✅ 正常           
  dis_proj_layer0               0.079934     0.000335 ✅ 正常           
================================================================================

Epoch 300, Total Loss: 13.7034, Recover Loss: 0.8664, miRNA CL: 6.4441, Disease CL: 6.1192, Inter-view (est): 2.8992, Recon Loss: 0.0263, Time: 269.26s
[INFO] Hypergraph updated at epoch 350

🔧 Epoch 350 梯度检查:
================================================================================
  ⚠️ 警告: type_relations梯度几乎为0 (norm=0.00000088)
     → 类型分类器可能没有学习!

  参数名称                              梯度范数         梯度均值 状态             
  ----------------------------------------------------------------------
  type_relations                0.000001     0.000000 ✅ 正常           
  exist_relation                0.000101     0.000006 ✅ 正常           
  mi_proj_layer0                0.103890     0.000426 ✅ 正常           
  dis_proj_layer0               0.112917     0.000445 ✅ 正常           
================================================================================

Epoch 350, Total Loss: 13.6135, Recover Loss: 0.8665, miRNA CL: 6.3996, Disease CL: 6.0780, Inter-view (est): 2.8794, Recon Loss: 0.0260, Time: 302.98s
[INFO] Hypergraph updated at epoch 400

🔧 Epoch 400 梯度检查:
================================================================================
  ⚠️ 警告: type_relations梯度几乎为0 (norm=0.00000054)
     → 类型分类器可能没有学习!

  参数名称                              梯度范数         梯度均值 状态             
  ----------------------------------------------------------------------
  type_relations                0.000001     0.000000 ✅ 正常           
  exist_relation                0.000098     0.000006 ✅ 正常           
  mi_proj_layer0                0.054356     0.000232 ✅ 正常           
  dis_proj_layer0               0.051893     0.000219 ✅ 正常           
================================================================================

Epoch 400, Total Loss: 13.5219, Recover Loss: 0.8469, miRNA CL: 6.3647, Disease CL: 6.0453, Inter-view (est): 2.8638, Recon Loss: 0.0254, Time: 337.91s
[INFO] Hypergraph updated at epoch 450

🔧 Epoch 450 梯度检查:
================================================================================
  ⚠️ 警告: type_relations梯度几乎为0 (norm=0.00000033)
     → 类型分类器可能没有学习!

  参数名称                              梯度范数         梯度均值 状态             
  ----------------------------------------------------------------------
  type_relations                0.000000     0.000000 ✅ 正常           
  exist_relation                0.000094     0.000006 ✅ 正常           
  mi_proj_layer0                0.062037     0.000262 ✅ 正常           
  dis_proj_layer0               0.080892     0.000331 ✅ 正常           
================================================================================

Epoch 450, Total Loss: 13.4618, Recover Loss: 0.8444, miRNA CL: 6.3372, Disease CL: 6.0188, Inter-view (est): 2.8514, Recon Loss: 0.0249, Time: 372.91s
[INFO] Hypergraph updated at epoch 500

🔧 Epoch 500 梯度检查:
================================================================================
  ⚠️ 警告: type_relations梯度几乎为0 (norm=0.00000020)
     → 类型分类器可能没有学习!

  参数名称                              梯度范数         梯度均值 状态             
  ----------------------------------------------------------------------
  type_relations                0.000000     0.000000 ✅ 正常           
  exist_relation                0.000091     0.000005 ✅ 正常           
  mi_proj_layer0                0.077542     0.000326 ✅ 正常           
  dis_proj_layer0               0.086100     0.000353 ✅ 正常           
================================================================================

Epoch 500, Total Loss: 13.4136, Recover Loss: 0.8438, miRNA CL: 6.3155, Disease CL: 5.9970, Inter-view (est): 2.8413, Recon Loss: 0.0237, Time: 406.27s
[INFO] Hypergraph updated at epoch 550

🔧 Epoch 550 梯度检查:
================================================================================
  ⚠️ 警告: type_relations梯度几乎为0 (norm=0.00000012)
     → 类型分类器可能没有学习!

  参数名称                              梯度范数         梯度均值 状态             
  ----------------------------------------------------------------------
  type_relations                0.000000     0.000000 ✅ 正常           
  exist_relation                0.000087     0.000005 ✅ 正常           
  mi_proj_layer0                0.064796     0.000273 ✅ 正常           
  dis_proj_layer0               0.055843     0.000237 ✅ 正常           
================================================================================

Epoch 550, Total Loss: 13.3662, Recover Loss: 0.8350, miRNA CL: 6.2973, Disease CL: 5.9799, Inter-view (est): 2.8332, Recon Loss: 0.0231, Time: 441.10s
[INFO] Hypergraph updated at epoch 600

🔧 Epoch 600 梯度检查:
================================================================================
  ⚠️ 警告: type_relations梯度几乎为0 (norm=0.00000007)
     → 类型分类器可能没有学习!

  参数名称                              梯度范数         梯度均值 状态             
  ----------------------------------------------------------------------
  type_relations                0.000000     0.000000 ❌ 过小           
  exist_relation                0.000084     0.000005 ✅ 正常           
  mi_proj_layer0                0.059561     0.000253 ✅ 正常           
  dis_proj_layer0               0.060510     0.000243 ✅ 正常           
================================================================================

Epoch 600, Total Loss: 13.3300, Recover Loss: 0.8300, miRNA CL: 6.2826, Disease CL: 5.9665, Inter-view (est): 2.8267, Recon Loss: 0.0226, Time: 474.22s
[INFO] Hypergraph updated at epoch 650

🔧 Epoch 650 梯度检查:
================================================================================
  ⚠️ 警告: type_relations梯度几乎为0 (norm=0.00000004)
     → 类型分类器可能没有学习!

  参数名称                              梯度范数         梯度均值 状态             
  ----------------------------------------------------------------------
  type_relations                0.000000     0.000000 ❌ 过小           
  exist_relation                0.000081     0.000005 ✅ 正常           
  mi_proj_layer0                0.060301     0.000252 ✅ 正常           
  dis_proj_layer0               0.055888     0.000234 ✅ 正常           
================================================================================

Epoch 650, Total Loss: 13.2983, Recover Loss: 0.8260, miRNA CL: 6.2698, Disease CL: 5.9553, Inter-view (est): 2.8212, Recon Loss: 0.0215, Time: 507.37s

================================================================================
Training completed. Running final test...
================================================================================
Fold 1 completed - AUC: 0.9847, Top-1 F1: 0.6720
Fold 1 training time: 508.58 seconds
=== Cross Validation Fold 2/5 ===
Using hidden dimensions: [256, 256] with 4 attention heads
优化模型初始化: miRNA数量 = 495, 疾病数量 = 383
   节点维度: 256 → 128
   类型数量: 4
   Temperature: 2.0 (可学习)
   Loss mode: two_head
   loss_mode=two_head
   exist_weight=0.100, type_weight=0.900

✅ SimplifiedMultiTypeAssociationLoss 初始化 (改进版)
   类别权重 (beta=0.99999): ['0.780', '1.822', '0.977', '0.421']
Original positive index shape: torch.Size([1072, 2])
Original negative index shape: torch.Size([135416, 2])
采样后负样本数量: 10720
🎯 Building TRUE DUAL VIEWS from four different sources...
📊 Data sources loaded:
  Disease semantic: torch.Size([383, 383])
  miRNA functional: torch.Size([495, 495])
  Disease-gene: torch.Size([383, 383])
  miRNA-sequence: torch.Size([495, 495])
🧬 Building miRNA dual-view hypergraphs...
  📊 miRNA View 1 (Sequence): torch.Size([495, 878])
  📊 miRNA View 2 (Function): torch.Size([495, 878])
🦠 Building disease dual-view hypergraphs...
  📊 Disease View 1 (Gene): torch.Size([383, 878])
  📊 Disease View 2 (Semantic): torch.Size([383, 878])
✅ Successfully built TRUE DUAL VIEWS:
   🧬 miRNA: Sequence Features (m_ss.xlsx) vs Functional Similarity (mi_fun_sim_2.0.csv)
   🦠 Disease: Gene Features (d_gs.xlsx) vs Semantic Similarity (dis_sem_sim_2.0.csv)

🔧 Epoch 1 梯度检查:
================================================================================

  参数名称                              梯度范数         梯度均值 状态             
  ----------------------------------------------------------------------
  type_relations                0.000025     0.000001 ✅ 正常           
  exist_relation                0.000155     0.000011 ✅ 正常           
  mi_proj_layer0                0.290261     0.001110 ✅ 正常           
  dis_proj_layer0               0.305840     0.001224 ✅ 正常           
================================================================================

Epoch 1, Total Loss: 20.2722, Recover Loss: 1.3201, miRNA CL: 8.7635, Disease CL: 8.4007, Inter-view (est): 3.9610, Recon Loss: 1.4891, Time: 0.61s
[INFO] Hypergraph updated at epoch 5
[INFO] Hypergraph updated at epoch 10
[INFO] Hypergraph updated at epoch 15
[INFO] Hypergraph updated at epoch 20
[INFO] Hypergraph updated at epoch 25
[INFO] Hypergraph updated at epoch 30
[INFO] Hypergraph updated at epoch 35
[INFO] Hypergraph updated at epoch 40
[INFO] Hypergraph updated at epoch 45
[INFO] Hypergraph updated at epoch 50

🔧 Epoch 50 梯度检查:
================================================================================

  参数名称                              梯度范数         梯度均值 状态             
  ----------------------------------------------------------------------
  type_relations                0.000017     0.000001 ✅ 正常           
  exist_relation                0.000150     0.000011 ✅ 正常           
  mi_proj_layer0                0.123613     0.000478 ✅ 正常           
  dis_proj_layer0               0.138810     0.000553 ✅ 正常           
================================================================================

Epoch 50, Total Loss: 17.0244, Recover Loss: 1.1042, miRNA CL: 7.9596, Disease CL: 7.5643, Inter-view (est): 3.5824, Recon Loss: 0.1104, Time: 94.53s
[INFO] Hypergraph updated at epoch 100

🔧 Epoch 100 梯度检查:
================================================================================

  参数名称                              梯度范数         梯度均值 状态             
  ----------------------------------------------------------------------
  type_relations                0.000010     0.000000 ✅ 正常           
  exist_relation                0.000144     0.000010 ✅ 正常           
  mi_proj_layer0                0.111574     0.000457 ✅ 正常           
  dis_proj_layer0               0.109744     0.000445 ✅ 正常           
================================================================================

Epoch 100, Total Loss: 15.2510, Recover Loss: 0.9961, miRNA CL: 7.1627, Disease CL: 6.7872, Inter-view (est): 3.2192, Recon Loss: 0.0317, Time: 129.24s
[INFO] Hypergraph updated at epoch 150

🔧 Epoch 150 梯度检查:
================================================================================

  参数名称                              梯度范数         梯度均值 状态             
  ----------------------------------------------------------------------
  type_relations                0.000006     0.000000 ✅ 正常           
  exist_relation                0.000139     0.000009 ✅ 正常           
  mi_proj_layer0                0.073839     0.000312 ✅ 正常           
  dis_proj_layer0               0.080086     0.000331 ✅ 正常           
================================================================================

Epoch 150, Total Loss: 14.4208, Recover Loss: 0.9392, miRNA CL: 6.7430, Disease CL: 6.4448, Inter-view (est): 3.0433, Recon Loss: 0.0299, Time: 162.02s
[INFO] Hypergraph updated at epoch 200

🔧 Epoch 200 梯度检查:
================================================================================

  参数名称                              梯度范数         梯度均值 状态             
  ----------------------------------------------------------------------
  type_relations                0.000003     0.000000 ✅ 正常           
  exist_relation                0.000134     0.000009 ✅ 正常           
  mi_proj_layer0                0.084682     0.000356 ✅ 正常           
  dis_proj_layer0               0.100272     0.000401 ✅ 正常           
================================================================================

Epoch 200, Total Loss: 14.0696, Recover Loss: 0.9136, miRNA CL: 6.5918, Disease CL: 6.2788, Inter-view (est): 2.9701, Recon Loss: 0.0289, Time: 196.34s
[INFO] Hypergraph updated at epoch 250

🔧 Epoch 250 梯度检查:
================================================================================

  参数名称                              梯度范数         梯度均值 状态             
  ----------------------------------------------------------------------
  type_relations                0.000002     0.000000 ✅ 正常           
  exist_relation                0.000129     0.000008 ✅ 正常           
  mi_proj_layer0                0.074326     0.000312 ✅ 正常           
  dis_proj_layer0               0.087380     0.000362 ✅ 正常           
================================================================================

Epoch 250, Total Loss: 13.8685, Recover Loss: 0.8945, miRNA CL: 6.5038, Disease CL: 6.1925, Inter-view (est): 2.9299, Recon Loss: 0.0271, Time: 228.94s
[INFO] Hypergraph updated at epoch 300

🔧 Epoch 300 梯度检查:
================================================================================

  参数名称                              梯度范数         梯度均值 状态             
  ----------------------------------------------------------------------
  type_relations                0.000001     0.000000 ✅ 正常           
  exist_relation                0.000125     0.000008 ✅ 正常           
  mi_proj_layer0                0.078536     0.000329 ✅ 正常           
  dis_proj_layer0               0.084280     0.000349 ✅ 正常           
================================================================================

Epoch 300, Total Loss: 13.7274, Recover Loss: 0.8741, miRNA CL: 6.4460, Disease CL: 6.1341, Inter-view (est): 2.9031, Recon Loss: 0.0273, Time: 262.13s
[INFO] Hypergraph updated at epoch 350

🔧 Epoch 350 梯度检查:
================================================================================
  ⚠️ 警告: type_relations梯度几乎为0 (norm=0.00000081)
     → 类型分类器可能没有学习!

  参数名称                              梯度范数         梯度均值 状态             
  ----------------------------------------------------------------------
  type_relations                0.000001     0.000000 ✅ 正常           
  exist_relation                0.000121     0.000008 ✅ 正常           
  mi_proj_layer0                0.061994     0.000262 ✅ 正常           
  dis_proj_layer0               0.068906     0.000289 ✅ 正常           
================================================================================

Epoch 350, Total Loss: 13.6198, Recover Loss: 0.8582, miRNA CL: 6.4033, Disease CL: 6.0903, Inter-view (est): 2.8832, Recon Loss: 0.0263, Time: 296.23s
[INFO] Hypergraph updated at epoch 400

🔧 Epoch 400 梯度检查:
================================================================================
  ⚠️ 警告: type_relations梯度几乎为0 (norm=0.00000051)
     → 类型分类器可能没有学习!

  参数名称                              梯度范数         梯度均值 状态             
  ----------------------------------------------------------------------
  type_relations                0.000001     0.000000 ✅ 正常           
  exist_relation                0.000117     0.000007 ✅ 正常           
  mi_proj_layer0                0.067184     0.000281 ✅ 正常           
  dis_proj_layer0               0.065907     0.000276 ✅ 正常           
================================================================================

Epoch 400, Total Loss: 13.5463, Recover Loss: 0.8557, miRNA CL: 6.3702, Disease CL: 6.0572, Inter-view (est): 2.8679, Recon Loss: 0.0252, Time: 330.30s
[INFO] Hypergraph updated at epoch 450

🔧 Epoch 450 梯度检查:
================================================================================
  ⚠️ 警告: type_relations梯度几乎为0 (norm=0.00000032)
     → 类型分类器可能没有学习!

  参数名称                              梯度范数         梯度均值 状态             
  ----------------------------------------------------------------------
  type_relations                0.000000     0.000000 ✅ 正常           
  exist_relation                0.000114     0.000007 ✅ 正常           
  mi_proj_layer0                0.063894     0.000269 ✅ 正常           
  dis_proj_layer0               0.059236     0.000249 ✅ 正常           
================================================================================

Epoch 450, Total Loss: 13.4817, Recover Loss: 0.8470, miRNA CL: 6.3437, Disease CL: 6.0311, Inter-view (est): 2.8557, Recon Loss: 0.0251, Time: 365.81s
[INFO] Hypergraph updated at epoch 500

🔧 Epoch 500 梯度检查:
================================================================================
  ⚠️ 警告: type_relations梯度几乎为0 (norm=0.00000020)
     → 类型分类器可能没有学习!

  参数名称                              梯度范数         梯度均值 状态             
  ----------------------------------------------------------------------
  type_relations                0.000000     0.000000 ✅ 正常           
  exist_relation                0.000110     0.000007 ✅ 正常           
  mi_proj_layer0                0.065617     0.000277 ✅ 正常           
  dis_proj_layer0               0.069257     0.000283 ✅ 正常           
================================================================================

Epoch 500, Total Loss: 13.4279, Recover Loss: 0.8413, miRNA CL: 6.3222, Disease CL: 6.0089, Inter-view (est): 2.8456, Recon Loss: 0.0236, Time: 399.90s
[INFO] Hypergraph updated at epoch 550

🔧 Epoch 550 梯度检查:
================================================================================
  ⚠️ 警告: type_relations梯度几乎为0 (norm=0.00000012)
     → 类型分类器可能没有学习!

  参数名称                              梯度范数         梯度均值 状态             
  ----------------------------------------------------------------------
  type_relations                0.000000     0.000000 ✅ 正常           
  exist_relation                0.000107     0.000006 ✅ 正常           
  mi_proj_layer0                0.067924     0.000287 ✅ 正常           
  dis_proj_layer0               0.069534     0.000272 ✅ 正常           
================================================================================

Epoch 550, Total Loss: 13.3812, Recover Loss: 0.8364, miRNA CL: 6.3042, Disease CL: 5.9885, Inter-view (est): 2.8368, Recon Loss: 0.0232, Time: 434.08s
[INFO] Hypergraph updated at epoch 600

🔧 Epoch 600 梯度检查:
================================================================================
  ⚠️ 警告: type_relations梯度几乎为0 (norm=0.00000007)
     → 类型分类器可能没有学习!

  参数名称                              梯度范数         梯度均值 状态             
  ----------------------------------------------------------------------
  type_relations                0.000000     0.000000 ❌ 过小           
  exist_relation                0.000104     0.000006 ✅ 正常           
  mi_proj_layer0                0.049519     0.000209 ✅ 正常           
  dis_proj_layer0               0.050240     0.000207 ✅ 正常           
================================================================================

Epoch 600, Total Loss: 13.3416, Recover Loss: 0.8320, miRNA CL: 6.2889, Disease CL: 5.9717, Inter-view (est): 2.8294, Recon Loss: 0.0225, Time: 467.33s
[INFO] Hypergraph updated at epoch 650

🔧 Epoch 650 梯度检查:
================================================================================
  ⚠️ 警告: type_relations梯度几乎为0 (norm=0.00000004)
     → 类型分类器可能没有学习!

  参数名称                              梯度范数         梯度均值 状态             
  ----------------------------------------------------------------------
  type_relations                0.000000     0.000000 ❌ 过小           
  exist_relation                0.000100     0.000006 ✅ 正常           
  mi_proj_layer0                0.061976     0.000257 ✅ 正常           
  dis_proj_layer0               0.061014     0.000244 ✅ 正常           
================================================================================

Epoch 650, Total Loss: 13.3146, Recover Loss: 0.8343, miRNA CL: 6.2754, Disease CL: 5.9587, Inter-view (est): 2.8232, Recon Loss: 0.0223, Time: 507.33s

================================================================================
Training completed. Running final test...
================================================================================
Fold 2 completed - AUC: 0.9821, Top-1 F1: 0.7182
Fold 2 training time: 508.27 seconds
=== Cross Validation Fold 3/5 ===
Using hidden dimensions: [256, 256] with 4 attention heads
优化模型初始化: miRNA数量 = 495, 疾病数量 = 383
   节点维度: 256 → 128
   类型数量: 4
   Temperature: 2.0 (可学习)
   Loss mode: two_head
   loss_mode=two_head
   exist_weight=0.100, type_weight=0.900

✅ SimplifiedMultiTypeAssociationLoss 初始化 (改进版)
   类别权重 (beta=0.99999): ['0.780', '1.822', '0.977', '0.421']
Original positive index shape: torch.Size([1072, 2])
Original negative index shape: torch.Size([135416, 2])
采样后负样本数量: 10720
🎯 Building TRUE DUAL VIEWS from four different sources...
📊 Data sources loaded:
  Disease semantic: torch.Size([383, 383])
  miRNA functional: torch.Size([495, 495])
  Disease-gene: torch.Size([383, 383])
  miRNA-sequence: torch.Size([495, 495])
🧬 Building miRNA dual-view hypergraphs...
  📊 miRNA View 1 (Sequence): torch.Size([495, 878])
  📊 miRNA View 2 (Function): torch.Size([495, 878])
🦠 Building disease dual-view hypergraphs...
  📊 Disease View 1 (Gene): torch.Size([383, 878])
  📊 Disease View 2 (Semantic): torch.Size([383, 878])
✅ Successfully built TRUE DUAL VIEWS:
   🧬 miRNA: Sequence Features (m_ss.xlsx) vs Functional Similarity (mi_fun_sim_2.0.csv)
   🦠 Disease: Gene Features (d_gs.xlsx) vs Semantic Similarity (dis_sem_sim_2.0.csv)

🔧 Epoch 1 梯度检查:
================================================================================

  参数名称                              梯度范数         梯度均值 状态             
  ----------------------------------------------------------------------
  type_relations                0.000025     0.000001 ✅ 正常           
  exist_relation                0.000145     0.000010 ✅ 正常           
  mi_proj_layer0                0.390161     0.001478 ✅ 正常           
  dis_proj_layer0               0.391191     0.001510 ✅ 正常           
================================================================================

Epoch 1, Total Loss: 20.2428, Recover Loss: 1.3221, miRNA CL: 8.7483, Disease CL: 8.4244, Inter-view (est): 3.9629, Recon Loss: 1.4494, Time: 0.87s
[INFO] Hypergraph updated at epoch 5
[INFO] Hypergraph updated at epoch 10
[INFO] Hypergraph updated at epoch 15
[INFO] Hypergraph updated at epoch 20
[INFO] Hypergraph updated at epoch 25
[INFO] Hypergraph updated at epoch 30
[INFO] Hypergraph updated at epoch 35
[INFO] Hypergraph updated at epoch 40
[INFO] Hypergraph updated at epoch 45
[INFO] Hypergraph updated at epoch 50

🔧 Epoch 50 梯度检查:
================================================================================

  参数名称                              梯度范数         梯度均值 状态             
  ----------------------------------------------------------------------
  type_relations                0.000017     0.000001 ✅ 正常           
  exist_relation                0.000140     0.000010 ✅ 正常           
  mi_proj_layer0                0.145803     0.000577 ✅ 正常           
  dis_proj_layer0               0.139737     0.000544 ✅ 正常           
================================================================================

Epoch 50, Total Loss: 16.9598, Recover Loss: 1.1162, miRNA CL: 7.8901, Disease CL: 7.5843, Inter-view (est): 3.5710, Recon Loss: 0.0838, Time: 101.20s
[INFO] Hypergraph updated at epoch 100

🔧 Epoch 100 梯度检查:
================================================================================

  参数名称                              梯度范数         梯度均值 状态             
  ----------------------------------------------------------------------
  type_relations                0.000010     0.000000 ✅ 正常           
  exist_relation                0.000134     0.000009 ✅ 正常           
  mi_proj_layer0                0.092031     0.000386 ✅ 正常           
  dis_proj_layer0               0.101803     0.000417 ✅ 正常           
================================================================================

Epoch 100, Total Loss: 15.2400, Recover Loss: 1.0032, miRNA CL: 7.1256, Disease CL: 6.8070, Inter-view (est): 3.2152, Recon Loss: 0.0318, Time: 139.49s
[INFO] Hypergraph updated at epoch 150

🔧 Epoch 150 梯度检查:
================================================================================

  参数名称                              梯度范数         梯度均值 状态             
  ----------------------------------------------------------------------
  type_relations                0.000006     0.000000 ✅ 正常           
  exist_relation                0.000129     0.000009 ✅ 正常           
  mi_proj_layer0                0.086716     0.000368 ✅ 正常           
  dis_proj_layer0               0.098404     0.000388 ✅ 正常           
================================================================================

Epoch 150, Total Loss: 14.3915, Recover Loss: 0.9393, miRNA CL: 6.7210, Disease CL: 6.4386, Inter-view (est): 3.0368, Recon Loss: 0.0299, Time: 175.68s
[INFO] Hypergraph updated at epoch 200

🔧 Epoch 200 梯度检查:
================================================================================

  参数名称                              梯度范数         梯度均值 状态             
  ----------------------------------------------------------------------
  type_relations                0.000004     0.000000 ✅ 正常           
  exist_relation                0.000124     0.000008 ✅ 正常           
  mi_proj_layer0                0.089541     0.000379 ✅ 正常           
  dis_proj_layer0               0.084347     0.000348 ✅ 正常           
================================================================================

Epoch 200, Total Loss: 14.0594, Recover Loss: 0.9061, miRNA CL: 6.5792, Disease CL: 6.2902, Inter-view (est): 2.9699, Recon Loss: 0.0283, Time: 211.07s
[INFO] Hypergraph updated at epoch 250

🔧 Epoch 250 梯度检查:
================================================================================

  参数名称                              梯度范数         梯度均值 状态             
  ----------------------------------------------------------------------
  type_relations                0.000002     0.000000 ✅ 正常           
  exist_relation                0.000120     0.000008 ✅ 正常           
  mi_proj_layer0                0.078769     0.000331 ✅ 正常           
  dis_proj_layer0               0.068393     0.000282 ✅ 正常           
================================================================================

Epoch 250, Total Loss: 13.8540, Recover Loss: 0.8779, miRNA CL: 6.4947, Disease CL: 6.2043, Inter-view (est): 2.9305, Recon Loss: 0.0274, Time: 244.73s
[INFO] Hypergraph updated at epoch 300

🔧 Epoch 300 梯度检查:
================================================================================

  参数名称                              梯度范数         梯度均值 状态             
  ----------------------------------------------------------------------
  type_relations                0.000002     0.000000 ✅ 正常           
  exist_relation                0.000116     0.000007 ✅ 正常           
  mi_proj_layer0                0.091157     0.000368 ✅ 正常           
  dis_proj_layer0               0.081182     0.000326 ✅ 正常           
================================================================================

Epoch 300, Total Loss: 13.7148, Recover Loss: 0.8637, miRNA CL: 6.4351, Disease CL: 6.1446, Inter-view (est): 2.9030, Recon Loss: 0.0263, Time: 278.33s
[INFO] Hypergraph updated at epoch 350

🔧 Epoch 350 梯度检查:
================================================================================

  参数名称                              梯度范数         梯度均值 状态             
  ----------------------------------------------------------------------
  type_relations                0.000001     0.000000 ✅ 正常           
  exist_relation                0.000112     0.000007 ✅ 正常           
  mi_proj_layer0                0.081722     0.000328 ✅ 正常           
  dis_proj_layer0               0.073168     0.000306 ✅ 正常           
================================================================================

Epoch 350, Total Loss: 13.6206, Recover Loss: 0.8612, miRNA CL: 6.3923, Disease CL: 6.1001, Inter-view (est): 2.8829, Recon Loss: 0.0262, Time: 308.74s
[INFO] Hypergraph updated at epoch 400

🔧 Epoch 400 梯度检查:
================================================================================
  ⚠️ 警告: type_relations梯度几乎为0 (norm=0.00000082)
     → 类型分类器可能没有学习!

  参数名称                              梯度范数         梯度均值 状态             
  ----------------------------------------------------------------------
  type_relations                0.000001     0.000000 ✅ 正常           
  exist_relation                0.000108     0.000007 ✅ 正常           
  mi_proj_layer0                0.080186     0.000325 ✅ 正常           
  dis_proj_layer0               0.077656     0.000315 ✅ 正常           
================================================================================

Epoch 400, Total Loss: 13.5382, Recover Loss: 0.8517, miRNA CL: 6.3602, Disease CL: 6.0642, Inter-view (est): 2.8672, Recon Loss: 0.0251, Time: 340.97s
[INFO] Hypergraph updated at epoch 450

🔧 Epoch 450 梯度检查:
================================================================================
  ⚠️ 警告: type_relations梯度几乎为0 (norm=0.00000059)
     → 类型分类器可能没有学习!

  参数名称                              梯度范数         梯度均值 状态             
  ----------------------------------------------------------------------
  type_relations                0.000001     0.000000 ✅ 正常           
  exist_relation                0.000104     0.000006 ✅ 正常           
  mi_proj_layer0                0.065918     0.000274 ✅ 正常           
  dis_proj_layer0               0.062951     0.000260 ✅ 正常           
================================================================================

Epoch 450, Total Loss: 13.4724, Recover Loss: 0.8444, miRNA CL: 6.3345, Disease CL: 6.0355, Inter-view (est): 2.8546, Recon Loss: 0.0243, Time: 371.90s
[INFO] Hypergraph updated at epoch 500

🔧 Epoch 500 梯度检查:
================================================================================
  ⚠️ 警告: type_relations梯度几乎为0 (norm=0.00000043)
     → 类型分类器可能没有学习!

  参数名称                              梯度范数         梯度均值 状态             
  ----------------------------------------------------------------------
  type_relations                0.000000     0.000000 ✅ 正常           
  exist_relation                0.000101     0.000006 ✅ 正常           
  mi_proj_layer0                0.059755     0.000248 ✅ 正常           
  dis_proj_layer0               0.050135     0.000203 ✅ 正常           
================================================================================

Epoch 500, Total Loss: 13.4173, Recover Loss: 0.8366, miRNA CL: 6.3135, Disease CL: 6.0124, Inter-view (est): 2.8444, Recon Loss: 0.0242, Time: 402.15s
[INFO] Hypergraph updated at epoch 550

🔧 Epoch 550 梯度检查:
================================================================================
  ⚠️ 警告: type_relations梯度几乎为0 (norm=0.00000031)
     → 类型分类器可能没有学习!

  参数名称                              梯度范数         梯度均值 状态             
  ----------------------------------------------------------------------
  type_relations                0.000000     0.000000 ✅ 正常           
  exist_relation                0.000098     0.000006 ✅ 正常           
  mi_proj_layer0                0.080554     0.000329 ✅ 正常           
  dis_proj_layer0               0.085317     0.000337 ✅ 正常           
================================================================================

Epoch 550, Total Loss: 13.3817, Recover Loss: 0.8407, miRNA CL: 6.2960, Disease CL: 5.9934, Inter-view (est): 2.8360, Recon Loss: 0.0238, Time: 435.71s
[INFO] Hypergraph updated at epoch 600

🔧 Epoch 600 梯度检查:
================================================================================
  ⚠️ 警告: type_relations梯度几乎为0 (norm=0.00000022)
     → 类型分类器可能没有学习!

  参数名称                              梯度范数         梯度均值 状态             
  ----------------------------------------------------------------------
  type_relations                0.000000     0.000000 ✅ 正常           
  exist_relation                0.000095     0.000006 ✅ 正常           
  mi_proj_layer0                0.060845     0.000248 ✅ 正常           
  dis_proj_layer0               0.051725     0.000213 ✅ 正常           
================================================================================

Epoch 600, Total Loss: 13.3406, Recover Loss: 0.8348, miRNA CL: 6.2815, Disease CL: 5.9765, Inter-view (est): 2.8288, Recon Loss: 0.0227, Time: 468.60s
[INFO] Hypergraph updated at epoch 650

🔧 Epoch 650 梯度检查:
================================================================================
  ⚠️ 警告: type_relations梯度几乎为0 (norm=0.00000015)
     → 类型分类器可能没有学习!

  参数名称                              梯度范数         梯度均值 状态             
  ----------------------------------------------------------------------
  type_relations                0.000000     0.000000 ✅ 正常           
  exist_relation                0.000091     0.000005 ✅ 正常           
  mi_proj_layer0                0.058209     0.000238 ✅ 正常           
  dis_proj_layer0               0.065164     0.000258 ✅ 正常           
================================================================================

Epoch 650, Total Loss: 13.3078, Recover Loss: 0.8314, miRNA CL: 6.2687, Disease CL: 5.9629, Inter-view (est): 2.8227, Recon Loss: 0.0222, Time: 502.93s

================================================================================
Training completed. Running final test...
================================================================================
Fold 3 completed - AUC: 0.9841, Top-1 F1: 0.6766
Fold 3 training time: 503.69 seconds
=== Cross Validation Fold 4/5 ===
Using hidden dimensions: [256, 256] with 4 attention heads
优化模型初始化: miRNA数量 = 495, 疾病数量 = 383
   节点维度: 256 → 128
   类型数量: 4
   Temperature: 2.0 (可学习)
   Loss mode: two_head
   loss_mode=two_head
   exist_weight=0.100, type_weight=0.900

✅ SimplifiedMultiTypeAssociationLoss 初始化 (改进版)
   类别权重 (beta=0.99999): ['0.780', '1.822', '0.977', '0.421']
Original positive index shape: torch.Size([1072, 2])
Original negative index shape: torch.Size([135416, 2])
采样后负样本数量: 10720
🎯 Building TRUE DUAL VIEWS from four different sources...
📊 Data sources loaded:
  Disease semantic: torch.Size([383, 383])
  miRNA functional: torch.Size([495, 495])
  Disease-gene: torch.Size([383, 383])
  miRNA-sequence: torch.Size([495, 495])
🧬 Building miRNA dual-view hypergraphs...
  📊 miRNA View 1 (Sequence): torch.Size([495, 878])
  📊 miRNA View 2 (Function): torch.Size([495, 878])
🦠 Building disease dual-view hypergraphs...
  📊 Disease View 1 (Gene): torch.Size([383, 878])
  📊 Disease View 2 (Semantic): torch.Size([383, 878])
✅ Successfully built TRUE DUAL VIEWS:
   🧬 miRNA: Sequence Features (m_ss.xlsx) vs Functional Similarity (mi_fun_sim_2.0.csv)
   🦠 Disease: Gene Features (d_gs.xlsx) vs Semantic Similarity (dis_sem_sim_2.0.csv)

🔧 Epoch 1 梯度检查:
================================================================================

  参数名称                              梯度范数         梯度均值 状态             
  ----------------------------------------------------------------------
  type_relations                0.000025     0.000001 ✅ 正常           
  exist_relation                0.000133     0.000010 ✅ 正常           
  mi_proj_layer0                0.421746     0.001571 ✅ 正常           
  dis_proj_layer0               0.413174     0.001565 ✅ 正常           
================================================================================

Epoch 1, Total Loss: 20.2885, Recover Loss: 1.3289, miRNA CL: 8.7620, Disease CL: 8.4310, Inter-view (est): 3.9676, Recon Loss: 1.4677, Time: 0.57s
[INFO] Hypergraph updated at epoch 5
[INFO] Hypergraph updated at epoch 10
[INFO] Hypergraph updated at epoch 15
[INFO] Hypergraph updated at epoch 20
[INFO] Hypergraph updated at epoch 25
[INFO] Hypergraph updated at epoch 30
[INFO] Hypergraph updated at epoch 35
[INFO] Hypergraph updated at epoch 40
[INFO] Hypergraph updated at epoch 45
[INFO] Hypergraph updated at epoch 50

🔧 Epoch 50 梯度检查:
================================================================================

  参数名称                              梯度范数         梯度均值 状态             
  ----------------------------------------------------------------------
  type_relations                0.000017     0.000001 ✅ 正常           
  exist_relation                0.000128     0.000009 ✅ 正常           
  mi_proj_layer0                0.106620     0.000430 ✅ 正常           
  dis_proj_layer0               0.143226     0.000553 ✅ 正常           
================================================================================

Epoch 50, Total Loss: 17.0166, Recover Loss: 1.1103, miRNA CL: 7.9088, Disease CL: 7.5906, Inter-view (est): 3.5768, Recon Loss: 0.1207, Time: 93.53s
[INFO] Hypergraph updated at epoch 100

🔧 Epoch 100 梯度检查:
================================================================================

  参数名称                              梯度范数         梯度均值 状态             
  ----------------------------------------------------------------------
  type_relations                0.000010     0.000000 ✅ 正常           
  exist_relation                0.000122     0.000009 ✅ 正常           
  mi_proj_layer0                0.093368     0.000377 ✅ 正常           
  dis_proj_layer0               0.110471     0.000448 ✅ 正常           
================================================================================

Epoch 100, Total Loss: 15.2552, Recover Loss: 1.0004, miRNA CL: 7.1160, Disease CL: 6.8319, Inter-view (est): 3.2187, Recon Loss: 0.0328, Time: 129.02s
[INFO] Hypergraph updated at epoch 150

🔧 Epoch 150 梯度检查:
================================================================================

  参数名称                              梯度范数         梯度均值 状态             
  ----------------------------------------------------------------------
  type_relations                0.000006     0.000000 ✅ 正常           
  exist_relation                0.000117     0.000008 ✅ 正常           
  mi_proj_layer0                0.079250     0.000332 ✅ 正常           
  dis_proj_layer0               0.096409     0.000395 ✅ 正常           
================================================================================

Epoch 150, Total Loss: 14.4238, Recover Loss: 0.9505, miRNA CL: 6.7454, Disease CL: 6.4324, Inter-view (est): 3.0410, Recon Loss: 0.0307, Time: 163.79s
[INFO] Hypergraph updated at epoch 200

🔧 Epoch 200 梯度检查:
================================================================================

  参数名称                              梯度范数         梯度均值 状态             
  ----------------------------------------------------------------------
  type_relations                0.000004     0.000000 ✅ 正常           
  exist_relation                0.000112     0.000008 ✅ 正常           
  mi_proj_layer0                0.082504     0.000342 ✅ 正常           
  dis_proj_layer0               0.090133     0.000371 ✅ 正常           
================================================================================

Epoch 200, Total Loss: 14.0849, Recover Loss: 0.9185, miRNA CL: 6.5910, Disease CL: 6.2883, Inter-view (est): 2.9721, Recon Loss: 0.0295, Time: 200.10s
[INFO] Hypergraph updated at epoch 250

🔧 Epoch 250 梯度检查:
================================================================================

  参数名称                              梯度范数         梯度均值 状态             
  ----------------------------------------------------------------------
  type_relations                0.000002     0.000000 ✅ 正常           
  exist_relation                0.000107     0.000007 ✅ 正常           
  mi_proj_layer0                0.084654     0.000340 ✅ 正常           
  dis_proj_layer0               0.085350     0.000353 ✅ 正常           
================================================================================

Epoch 250, Total Loss: 13.8806, Recover Loss: 0.8942, miRNA CL: 6.5053, Disease CL: 6.2012, Inter-view (est): 2.9323, Recon Loss: 0.0280, Time: 234.42s
[INFO] Hypergraph updated at epoch 300

🔧 Epoch 300 梯度检查:
================================================================================

  参数名称                              梯度范数         梯度均值 状态             
  ----------------------------------------------------------------------
  type_relations                0.000002     0.000000 ✅ 正常           
  exist_relation                0.000103     0.000007 ✅ 正常           
  mi_proj_layer0                0.080190     0.000328 ✅ 正常           
  dis_proj_layer0               0.069821     0.000288 ✅ 正常           
================================================================================

Epoch 300, Total Loss: 13.7418, Recover Loss: 0.8757, miRNA CL: 6.4462, Disease CL: 6.1450, Inter-view (est): 2.9057, Recon Loss: 0.0277, Time: 267.21s
[INFO] Hypergraph updated at epoch 350

🔧 Epoch 350 梯度检查:
================================================================================
  ⚠️ 警告: type_relations梯度几乎为0 (norm=0.00000098)
     → 类型分类器可能没有学习!

  参数名称                              梯度范数         梯度均值 状态             
  ----------------------------------------------------------------------
  type_relations                0.000001     0.000000 ✅ 正常           
  exist_relation                0.000099     0.000007 ✅ 正常           
  mi_proj_layer0                0.056800     0.000238 ✅ 正常           
  dis_proj_layer0               0.066862     0.000273 ✅ 正常           
================================================================================

Epoch 350, Total Loss: 13.6445, Recover Loss: 0.8685, miRNA CL: 6.4030, Disease CL: 6.1032, Inter-view (est): 2.8861, Recon Loss: 0.0267, Time: 299.66s
[INFO] Hypergraph updated at epoch 400

🔧 Epoch 400 梯度检查:
================================================================================
  ⚠️ 警告: type_relations梯度几乎为0 (norm=0.00000061)
     → 类型分类器可能没有学习!

  参数名称                              梯度范数         梯度均值 状态             
  ----------------------------------------------------------------------
  type_relations                0.000001     0.000000 ✅ 正常           
  exist_relation                0.000095     0.000006 ✅ 正常           
  mi_proj_layer0                0.062199     0.000265 ✅ 正常           
  dis_proj_layer0               0.065985     0.000277 ✅ 正常           
================================================================================

Epoch 400, Total Loss: 13.5659, Recover Loss: 0.8627, miRNA CL: 6.3691, Disease CL: 6.0690, Inter-view (est): 2.8703, Recon Loss: 0.0256, Time: 333.65s
[INFO] Hypergraph updated at epoch 450

🔧 Epoch 450 梯度检查:
================================================================================
  ⚠️ 警告: type_relations梯度几乎为0 (norm=0.00000038)
     → 类型分类器可能没有学习!

  参数名称                              梯度范数         梯度均值 状态             
  ----------------------------------------------------------------------
  type_relations                0.000000     0.000000 ✅ 正常           
  exist_relation                0.000091     0.000006 ✅ 正常           
  mi_proj_layer0                0.065515     0.000268 ✅ 正常           
  dis_proj_layer0               0.063568     0.000258 ✅ 正常           
================================================================================

Epoch 450, Total Loss: 13.4993, Recover Loss: 0.8554, miRNA CL: 6.3413, Disease CL: 6.0417, Inter-view (est): 2.8576, Recon Loss: 0.0246, Time: 366.20s
[INFO] Hypergraph updated at epoch 500

🔧 Epoch 500 梯度检查:
================================================================================
  ⚠️ 警告: type_relations梯度几乎为0 (norm=0.00000023)
     → 类型分类器可能没有学习!

  参数名称                              梯度范数         梯度均值 状态             
  ----------------------------------------------------------------------
  type_relations                0.000000     0.000000 ✅ 正常           
  exist_relation                0.000088     0.000006 ✅ 正常           
  mi_proj_layer0                0.057106     0.000239 ✅ 正常           
  dis_proj_layer0               0.051248     0.000216 ✅ 正常           
================================================================================

Epoch 500, Total Loss: 13.4460, Recover Loss: 0.8499, miRNA CL: 6.3190, Disease CL: 6.0196, Inter-view (est): 2.8474, Recon Loss: 0.0242, Time: 400.43s
[INFO] Hypergraph updated at epoch 550

🔧 Epoch 550 梯度检查:
================================================================================
  ⚠️ 警告: type_relations梯度几乎为0 (norm=0.00000014)
     → 类型分类器可能没有学习!

  参数名称                              梯度范数         梯度均值 状态             
  ----------------------------------------------------------------------
  type_relations                0.000000     0.000000 ✅ 正常           
  exist_relation                0.000084     0.000005 ✅ 正常           
  mi_proj_layer0                0.062979     0.000259 ✅ 正常           
  dis_proj_layer0               0.056544     0.000233 ✅ 正常           
================================================================================

Epoch 550, Total Loss: 13.4005, Recover Loss: 0.8448, miRNA CL: 6.3008, Disease CL: 6.0002, Inter-view (est): 2.8387, Recon Loss: 0.0241, Time: 433.57s
[INFO] Hypergraph updated at epoch 600

🔧 Epoch 600 梯度检查:
================================================================================
  ⚠️ 警告: type_relations梯度几乎为0 (norm=0.00000008)
     → 类型分类器可能没有学习!

  参数名称                              梯度范数         梯度均值 状态             
  ----------------------------------------------------------------------
  type_relations                0.000000     0.000000 ❌ 过小           
  exist_relation                0.000081     0.000005 ✅ 正常           
  mi_proj_layer0                0.057240     0.000240 ✅ 正常           
  dis_proj_layer0               0.055479     0.000227 ✅ 正常           
================================================================================

Epoch 600, Total Loss: 13.3592, Recover Loss: 0.8399, miRNA CL: 6.2857, Disease CL: 5.9819, Inter-view (est): 2.8310, Recon Loss: 0.0236, Time: 466.43s
[INFO] Hypergraph updated at epoch 650

🔧 Epoch 650 梯度检查:
================================================================================
  ⚠️ 警告: type_relations梯度几乎为0 (norm=0.00000005)
     → 类型分类器可能没有学习!

  参数名称                              梯度范数         梯度均值 状态             
  ----------------------------------------------------------------------
  type_relations                0.000000     0.000000 ❌ 过小           
  exist_relation                0.000078     0.000005 ✅ 正常           
  mi_proj_layer0                0.046649     0.000194 ✅ 正常           
  dis_proj_layer0               0.048180     0.000195 ✅ 正常           
================================================================================

Epoch 650, Total Loss: 13.3220, Recover Loss: 0.8333, miRNA CL: 6.2726, Disease CL: 5.9674, Inter-view (est): 2.8246, Recon Loss: 0.0231, Time: 499.39s

================================================================================
Training completed. Running final test...
================================================================================
Fold 4 completed - AUC: 0.9856, Top-1 F1: 0.6749
Fold 4 training time: 500.28 seconds
=== Cross Validation Fold 5/5 ===
Using hidden dimensions: [256, 256] with 4 attention heads
优化模型初始化: miRNA数量 = 495, 疾病数量 = 383
   节点维度: 256 → 128
   类型数量: 4
   Temperature: 2.0 (可学习)
   Loss mode: two_head
   loss_mode=two_head
   exist_weight=0.100, type_weight=0.900

✅ SimplifiedMultiTypeAssociationLoss 初始化 (改进版)
   类别权重 (beta=0.99999): ['0.780', '1.822', '0.977', '0.421']
Original positive index shape: torch.Size([1072, 2])
Original negative index shape: torch.Size([135416, 2])
采样后负样本数量: 10720
🎯 Building TRUE DUAL VIEWS from four different sources...
📊 Data sources loaded:
  Disease semantic: torch.Size([383, 383])
  miRNA functional: torch.Size([495, 495])
  Disease-gene: torch.Size([383, 383])
  miRNA-sequence: torch.Size([495, 495])
🧬 Building miRNA dual-view hypergraphs...
  📊 miRNA View 1 (Sequence): torch.Size([495, 878])
  📊 miRNA View 2 (Function): torch.Size([495, 878])
🦠 Building disease dual-view hypergraphs...
  📊 Disease View 1 (Gene): torch.Size([383, 878])
  📊 Disease View 2 (Semantic): torch.Size([383, 878])
✅ Successfully built TRUE DUAL VIEWS:
   🧬 miRNA: Sequence Features (m_ss.xlsx) vs Functional Similarity (mi_fun_sim_2.0.csv)
   🦠 Disease: Gene Features (d_gs.xlsx) vs Semantic Similarity (dis_sem_sim_2.0.csv)

🔧 Epoch 1 梯度检查:
================================================================================

  参数名称                              梯度范数         梯度均值 状态             
  ----------------------------------------------------------------------
  type_relations                0.000025     0.000001 ✅ 正常           
  exist_relation                0.000151     0.000011 ✅ 正常           
  mi_proj_layer0                0.255174     0.000964 ✅ 正常           
  dis_proj_layer0               0.282547     0.001129 ✅ 正常           
================================================================================

Epoch 1, Total Loss: 20.3462, Recover Loss: 1.3077, miRNA CL: 8.8159, Disease CL: 8.4415, Inter-view (est): 3.9825, Recon Loss: 1.4825, Time: 0.58s
[INFO] Hypergraph updated at epoch 5
[INFO] Hypergraph updated at epoch 10
[INFO] Hypergraph updated at epoch 15
[INFO] Hypergraph updated at epoch 20
[INFO] Hypergraph updated at epoch 25
[INFO] Hypergraph updated at epoch 30
[INFO] Hypergraph updated at epoch 35
[INFO] Hypergraph updated at epoch 40
[INFO] Hypergraph updated at epoch 45
[INFO] Hypergraph updated at epoch 50

🔧 Epoch 50 梯度检查:
================================================================================

  参数名称                              梯度范数         梯度均值 状态             
  ----------------------------------------------------------------------
  type_relations                0.000017     0.000000 ✅ 正常           
  exist_relation                0.000146     0.000010 ✅ 正常           
  mi_proj_layer0                0.141870     0.000549 ✅ 正常           
  dis_proj_layer0               0.138898     0.000561 ✅ 正常           
================================================================================

Epoch 50, Total Loss: 17.0564, Recover Loss: 1.1033, miRNA CL: 7.9366, Disease CL: 7.6512, Inter-view (est): 3.5972, Recon Loss: 0.0794, Time: 84.52s
[INFO] Hypergraph updated at epoch 100

🔧 Epoch 100 梯度检查:
================================================================================

  参数名称                              梯度范数         梯度均值 状态             
  ----------------------------------------------------------------------
  type_relations                0.000010     0.000000 ✅ 正常           
  exist_relation                0.000141     0.000010 ✅ 正常           
  mi_proj_layer0                0.081603     0.000345 ✅ 正常           
  dis_proj_layer0               0.091185     0.000379 ✅ 正常           
================================================================================

Epoch 100, Total Loss: 15.2980, Recover Loss: 0.9859, miRNA CL: 7.1482, Disease CL: 6.8579, Inter-view (est): 3.2322, Recon Loss: 0.0326, Time: 113.15s
[INFO] Hypergraph updated at epoch 150

🔧 Epoch 150 梯度检查:
================================================================================

  参数名称                              梯度范数         梯度均值 状态             
  ----------------------------------------------------------------------
  type_relations                0.000006     0.000000 ✅ 正常           
  exist_relation                0.000135     0.000009 ✅ 正常           
  mi_proj_layer0                0.079012     0.000332 ✅ 正常           
  dis_proj_layer0               0.091945     0.000383 ✅ 正常           
================================================================================

Epoch 150, Total Loss: 14.4545, Recover Loss: 0.9349, miRNA CL: 6.7643, Disease CL: 6.4605, Inter-view (est): 3.0519, Recon Loss: 0.0304, Time: 141.53s
[INFO] Hypergraph updated at epoch 200

🔧 Epoch 200 梯度检查:
================================================================================

  参数名称                              梯度范数         梯度均值 状态             
  ----------------------------------------------------------------------
  type_relations                0.000004     0.000000 ✅ 正常           
  exist_relation                0.000131     0.000009 ✅ 正常           
  mi_proj_layer0                0.095026     0.000391 ✅ 正常           
  dis_proj_layer0               0.091534     0.000379 ✅ 正常           
================================================================================

Epoch 200, Total Loss: 14.1035, Recover Loss: 0.9058, miRNA CL: 6.6113, Disease CL: 6.2995, Inter-view (est): 2.9794, Recon Loss: 0.0298, Time: 169.87s
[INFO] Hypergraph updated at epoch 250

🔧 Epoch 250 梯度检查:
================================================================================

  参数名称                              梯度范数         梯度均值 状态             
  ----------------------------------------------------------------------
  type_relations                0.000003     0.000000 ✅ 正常           
  exist_relation                0.000126     0.000008 ✅ 正常           
  mi_proj_layer0                0.070508     0.000298 ✅ 正常           
  dis_proj_layer0               0.076449     0.000319 ✅ 正常           
================================================================================

Epoch 250, Total Loss: 13.8987, Recover Loss: 0.8870, miRNA CL: 6.5158, Disease CL: 6.2168, Inter-view (est): 2.9383, Recon Loss: 0.0278, Time: 198.58s
[INFO] Hypergraph updated at epoch 300

🔧 Epoch 300 梯度检查:
================================================================================

  参数名称                              梯度范数         梯度均值 状态             
  ----------------------------------------------------------------------
  type_relations                0.000002     0.000000 ✅ 正常           
  exist_relation                0.000122     0.000008 ✅ 正常           
  mi_proj_layer0                0.066641     0.000282 ✅ 正常           
  dis_proj_layer0               0.061596     0.000257 ✅ 正常           
================================================================================

Epoch 300, Total Loss: 13.7530, Recover Loss: 0.8666, miRNA CL: 6.4519, Disease CL: 6.1604, Inter-view (est): 2.9105, Recon Loss: 0.0276, Time: 226.35s
[INFO] Hypergraph updated at epoch 350

🔧 Epoch 350 梯度检查:
================================================================================

  参数名称                              梯度范数         梯度均值 状态             
  ----------------------------------------------------------------------
  type_relations                0.000001     0.000000 ✅ 正常           
  exist_relation                0.000118     0.000007 ✅ 正常           
  mi_proj_layer0                0.063243     0.000266 ✅ 正常           
  dis_proj_layer0               0.051688     0.000217 ✅ 正常           
================================================================================

Epoch 350, Total Loss: 13.6424, Recover Loss: 0.8523, miRNA CL: 6.4055, Disease CL: 6.1151, Inter-view (est): 2.8894, Recon Loss: 0.0271, Time: 254.71s
[INFO] Hypergraph updated at epoch 400

🔧 Epoch 400 梯度检查:
================================================================================
  ⚠️ 警告: type_relations梯度几乎为0 (norm=0.00000071)
     → 类型分类器可能没有学习!

  参数名称                              梯度范数         梯度均值 状态             
  ----------------------------------------------------------------------
  type_relations                0.000001     0.000000 ✅ 正常           
  exist_relation                0.000114     0.000007 ✅ 正常           
  mi_proj_layer0                0.066544     0.000273 ✅ 正常           
  dis_proj_layer0               0.059681     0.000248 ✅ 正常           
================================================================================

Epoch 400, Total Loss: 13.5576, Recover Loss: 0.8461, miRNA CL: 6.3697, Disease CL: 6.0771, Inter-view (est): 2.8723, Recon Loss: 0.0259, Time: 282.94s
[INFO] Hypergraph updated at epoch 450

🔧 Epoch 450 梯度检查:
================================================================================
  ⚠️ 警告: type_relations梯度几乎为0 (norm=0.00000046)
     → 类型分类器可能没有学习!

  参数名称                              梯度范数         梯度均值 状态             
  ----------------------------------------------------------------------
  type_relations                0.000000     0.000000 ✅ 正常           
  exist_relation                0.000111     0.000007 ✅ 正常           
  mi_proj_layer0                0.077416     0.000319 ✅ 正常           
  dis_proj_layer0               0.065362     0.000273 ✅ 正常           
================================================================================

Epoch 450, Total Loss: 13.4971, Recover Loss: 0.8473, miRNA CL: 6.3420, Disease CL: 6.0469, Inter-view (est): 2.8590, Recon Loss: 0.0255, Time: 311.62s
[INFO] Hypergraph updated at epoch 500

🔧 Epoch 500 梯度检查:
================================================================================
  ⚠️ 警告: type_relations梯度几乎为0 (norm=0.00000030)
     → 类型分类器可能没有学习!

  参数名称                              梯度范数         梯度均值 状态             
  ----------------------------------------------------------------------
  type_relations                0.000000     0.000000 ✅ 正常           
  exist_relation                0.000107     0.000007 ✅ 正常           
  mi_proj_layer0                0.056114     0.000237 ✅ 正常           
  dis_proj_layer0               0.055341     0.000234 ✅ 正常           
================================================================================

Epoch 500, Total Loss: 13.4433, Recover Loss: 0.8416, miRNA CL: 6.3196, Disease CL: 6.0245, Inter-view (est): 2.8486, Recon Loss: 0.0253, Time: 340.06s
[INFO] Hypergraph updated at epoch 550

🔧 Epoch 550 梯度检查:
================================================================================
  ⚠️ 警告: type_relations梯度几乎为0 (norm=0.00000019)
     → 类型分类器可能没有学习!

  参数名称                              梯度范数         梯度均值 状态             
  ----------------------------------------------------------------------
  type_relations                0.000000     0.000000 ✅ 正常           
  exist_relation                0.000104     0.000006 ✅ 正常           
  mi_proj_layer0                0.061561     0.000250 ✅ 正常           
  dis_proj_layer0               0.053013     0.000219 ✅ 正常           
================================================================================

Epoch 550, Total Loss: 13.3980, Recover Loss: 0.8373, miRNA CL: 6.3010, Disease CL: 6.0058, Inter-view (est): 2.8400, Recon Loss: 0.0243, Time: 368.30s
[INFO] Hypergraph updated at epoch 600

🔧 Epoch 600 梯度检查:
================================================================================
  ⚠️ 警告: type_relations梯度几乎为0 (norm=0.00000012)
     → 类型分类器可能没有学习!

  参数名称                              梯度范数         梯度均值 状态             
  ----------------------------------------------------------------------
  type_relations                0.000000     0.000000 ✅ 正常           
  exist_relation                0.000101     0.000006 ✅ 正常           
  mi_proj_layer0                0.051452     0.000218 ✅ 正常           
  dis_proj_layer0               0.051338     0.000215 ✅ 正常           
================================================================================

Epoch 600, Total Loss: 13.3628, Recover Loss: 0.8368, miRNA CL: 6.2859, Disease CL: 5.9893, Inter-view (est): 2.8327, Recon Loss: 0.0240, Time: 396.36s
[INFO] Hypergraph updated at epoch 650

🔧 Epoch 650 梯度检查:
================================================================================
  ⚠️ 警告: type_relations梯度几乎为0 (norm=0.00000007)
     → 类型分类器可能没有学习!

  参数名称                              梯度范数         梯度均值 状态             
  ----------------------------------------------------------------------
  type_relations                0.000000     0.000000 ❌ 过小           
  exist_relation                0.000098     0.000006 ✅ 正常           
  mi_proj_layer0                0.041062     0.000176 ✅ 正常           
  dis_proj_layer0               0.037736     0.000158 ✅ 正常           
================================================================================

Epoch 650, Total Loss: 13.3261, Recover Loss: 0.8318, miRNA CL: 6.2728, Disease CL: 5.9739, Inter-view (est): 2.8262, Recon Loss: 0.0231, Time: 425.08s

================================================================================
Training completed. Running final test...
================================================================================
Fold 5 completed - AUC: 0.9896, Top-1 F1: 0.7108
Fold 5 training time: 425.76 seconds
Average binary metrics across folds: [[0.9852016  0.9839709  0.94409715 0.94373134 0.95029851 0.93716418
  0.93847262]]
🎯 Average Top-1 metrics across folds: {'top1_precision': 0.6985074626865673, 'top1_recall': np.float64(0.6828144395687039), 'top1_f1': np.float64(0.6905035077018056)}

📊 CV_type Style Metrics Details:
  AUC            : 0.9852
  AUPR           : 0.9840
  F1             : 0.9441
  Accuracy       : 0.9437
  Recall         : 0.9503
  Specificity    : 0.9372
  Precision      : 0.9385

🎯 Top-1 Metrics Details:
  top1_precision : 0.6985
  top1_recall    : 0.6828
  top1_f1        : 0.6905

Total execution time: 2446.98 seconds

==========================================================================================
🎯 FINAL COMPREHENSIVE RESULTS WITH TOP-1 METRICS
==========================================================================================
📊 Binary Classification Metrics (Original):
  AUC: 0.9852
  AUPR: 0.9840
  F1: 0.9441
  Accuracy: 0.9437
  Recall: 0.9503
  Specificity: 0.9372
  Precision: 0.9385

🎯 CV_type Style Metrics (Enhanced):
  AUC: 0.9852
  AUPR: 0.9840
  F1: 0.9441
  Accuracy: 0.9437
  Recall: 0.9503
  Specificity: 0.9372
  Precision: 0.9385

🏆 Top-1 Metrics (NEW):
  Top-1 Precision: 0.6985
  Top-1 Recall: 0.6828
  Top-1 F1: 0.6905
==========================================================================================
