[CPU] torch.set_num_threads(12), interop=min(4, 12)
Using device: cpu
[INFO] Auto-computed BALANCED class weights (to prevent class collapse):
  Circulation  (  367 samples): 0.780
  Epigenetics  (  157 samples): 1.823
  Target       (  293 samples): 0.977
  Genetics     (  681 samples): 0.420
  [NOTE] Higher weights for minority classes to prevent model from only predicting majority class
[INFO] Using v2.0_495m383D dataset:
  miRNAs: 495
  Diseases: 383
  Expected associations: ~1498
  Types: 4 (Circulation, Epigenetics, Target, Genetics)

================================================================================
Configuration Summary
================================================================================
Dataset: v2.0_495m383D
Data Path: ./
Model: HeterogenousGraphCLAMIR
  - HGT Layers: 2
  - Attention Heads: 4
  - Association Types: 4
  - Inter-view CL: Enabled
    - Weight: 0.3
    - Temperature: 0.5
    - Margin: 0.5

Training:
  - Epochs: 650
  - Learning Rate: 0.0001
  - Dropout: 0.3
  - Weight Decay: 5e-05
  - Focal Loss: Enabled

Evaluation:
  - Cross-Validation Folds: 5
  - Primary Metric: AUPR

Device: cpu
Random Seed: 1234
================================================================================

[SEED] Re-seeded với args.seed = 1234
🚀 Running with comprehensive evaluation including Top-1 metrics...
🎯 Loading dual-view data...
Starting dual-view data preparation with new file format...
Loading all similarity and feature files from v2.0_495m383D...
✅ Loaded disease semantic similarity from D_SSM1.txt: (383, 383)
✅ Loaded miRNA functional similarity from M_FSM.txt: (495, 495)
✅ Loaded multi-type association pairs from ./v2.0_495m383D/multi_all_mirna_disease_pairs_without_negative.csv: (1679, 3)
✅ Created multi-type association matrix: (495, 383)
📊 Multi-type Association Statistics:
   无关联 (No association): 188087 pairs (99.21%)
   循环类型 (Circulation): 367 pairs (0.19%)
   表观遗传学 (Epigenetics): 157 pairs (0.08%)
   靶标类型 (Target): 293 pairs (0.15%)
   遗传学类型 (Genetics): 681 pairs (0.36%)
✅ Created association matrix from CSV: (495, 383)
✅ Loaded disease-gene features from D_SSM2.txt: torch.Size([383, 383])
✅ [B4] Loaded REAL miRNA-sequence similarity from v2.0_495m383D/M_SEQ.txt: torch.Size([495, 495]) (thay GIP M_GSM cho View 1)
Processing integrated similarity matrices...
Loaded similarity matrices from cache
Processing indices...
Loaded indices from cache (seed=1234)
✅ Dual-view data preparation completed in 0.28 seconds

============================================================
🎯 DUAL-VIEW CONFIGURATION SUMMARY (v2.0_495m383D)
============================================================
miRNA Dual Views:
  📊 View 1 (Sequence): M_GSM.txt torch.Size([495, 495])
  📊 View 2 (Function): M_FSM.txt torch.Size([495, 495])

Disease Dual Views:
  📊 View 1 (Gene): D_SSM2.txt torch.Size([383, 383])
  📊 View 2 (Semantic): D_SSM1.txt torch.Size([383, 383])

Association Matrix: torch.Size([495, 383])
Data source: v2.0_495m383D (495 miRNAs × 383 Diseases)
============================================================
Preloading dual-view data to device...
✅ Loaded disease-gene features to device: torch.Size([383, 383])
✅ Loaded miRNA-sequence features to device: torch.Size([495, 495])
✅ Loaded disease semantic similarity to device: torch.Size([383, 383])
✅ Loaded miRNA functional similarity to device: torch.Size([495, 495])
✅ Dual-view data preloading completed in 0.00 seconds
OptimizedDataset initialized with 5 folds
Using device: cpu
=== Cross Validation Fold 1/5 ===
Using hidden dimensions: [256, 256] with 4 attention heads
优化模型初始化: miRNA数量 = 495, 疾病数量 = 383
   节点维度: 256 → 128
   类型数量: 4
   Temperature: 2.0 (可学习)
   Loss mode: two_head
   loss_mode=two_head
   exist_weight=0.100, type_weight=0.900

✅ SimplifiedMultiTypeAssociationLoss 初始化 (改进版)
   类别权重 (beta=0.99999): ['0.780', '1.822', '0.977', '0.421']
Original positive index shape: torch.Size([1072, 2])
Original negative index shape: torch.Size([135416, 2])
采样后负样本数量: 10720
[B4 leakage_free] Masked 268 test-positive entries khỏi input association matrix trước khi dựng hypergraph.
🎯 Building TRUE DUAL VIEWS from four different sources...
📊 Data sources loaded:
  Disease semantic: torch.Size([383, 383])
  miRNA functional: torch.Size([495, 495])
  Disease-gene: torch.Size([383, 383])
  miRNA-sequence: torch.Size([495, 495])
🧬 Building miRNA dual-view hypergraphs...
  📊 miRNA View 1 (Sequence): torch.Size([495, 878])
  📊 miRNA View 2 (Function): torch.Size([495, 878])
🦠 Building disease dual-view hypergraphs...
  📊 Disease View 1 (Gene): torch.Size([383, 878])
  📊 Disease View 2 (Semantic): torch.Size([383, 878])
✅ Successfully built TRUE DUAL VIEWS:
   🧬 miRNA: Sequence Features (m_ss.xlsx) vs Functional Similarity (mi_fun_sim_2.0.csv)
   🦠 Disease: Gene Features (d_gs.xlsx) vs Semantic Similarity (dis_sem_sim_2.0.csv)

🔧 Epoch 1 梯度检查:
================================================================================

  参数名称                              梯度范数         梯度均值 状态             
  ----------------------------------------------------------------------
  type_relations                0.000025     0.000001 ✅ 正常           
  exist_relation                0.000134     0.000010 ✅ 正常           
  mi_proj_layer0                0.502651     0.001875 ✅ 正常           
  dis_proj_layer0               0.517675     0.002060 ✅ 正常           
================================================================================

Epoch 1, Total Loss: 20.3335, Recover Loss: 1.3519, miRNA CL: 8.7665, Disease CL: 8.4506, Inter-view (est): 3.9732, Recon Loss: 1.4659, Time: 0.58s
[INFO] Hypergraph updated at epoch 5
[INFO] Hypergraph updated at epoch 10
[INFO] Hypergraph updated at epoch 15
[INFO] Hypergraph updated at epoch 20
[INFO] Hypergraph updated at epoch 25
[INFO] Hypergraph updated at epoch 30
[INFO] Hypergraph updated at epoch 35
[INFO] Hypergraph updated at epoch 40
[INFO] Hypergraph updated at epoch 45
[INFO] Hypergraph updated at epoch 50

🔧 Epoch 50 梯度检查:
================================================================================

  参数名称                              梯度范数         梯度均值 状态             
  ----------------------------------------------------------------------
  type_relations                0.000017     0.000000 ✅ 正常           
  exist_relation                0.000129     0.000009 ✅ 正常           
  mi_proj_layer0                0.158666     0.000611 ✅ 正常           
  dis_proj_layer0               0.164334     0.000630 ✅ 正常           
================================================================================

Epoch 50, Total Loss: 16.9945, Recover Loss: 1.1254, miRNA CL: 7.9340, Disease CL: 7.5738, Inter-view (est): 3.5787, Recon Loss: 0.0761, Time: 67.52s
[INFO] Hypergraph updated at epoch 100

🔧 Epoch 100 梯度检查:
================================================================================

  参数名称                              梯度范数         梯度均值 状态             
  ----------------------------------------------------------------------
  type_relations                0.000010     0.000000 ✅ 正常           
  exist_relation                0.000124     0.000008 ✅ 正常           
  mi_proj_layer0                0.096435     0.000401 ✅ 正常           
  dis_proj_layer0               0.111670     0.000446 ✅ 正常           
================================================================================

Epoch 100, Total Loss: 15.2325, Recover Loss: 1.0050, miRNA CL: 7.1373, Disease CL: 6.7846, Inter-view (est): 3.2128, Recon Loss: 0.0325, Time: 90.85s
[INFO] Hypergraph updated at epoch 150

🔧 Epoch 150 梯度检查:
================================================================================

  参数名称                              梯度范数         梯度均值 状态             
  ----------------------------------------------------------------------
  type_relations                0.000006     0.000000 ✅ 正常           
  exist_relation                0.000118     0.000008 ✅ 正常           
  mi_proj_layer0                0.110615     0.000447 ✅ 正常           
  dis_proj_layer0               0.104887     0.000426 ✅ 正常           
================================================================================

Epoch 150, Total Loss: 14.4273, Recover Loss: 0.9437, miRNA CL: 6.7706, Disease CL: 6.4198, Inter-view (est): 3.0439, Recon Loss: 0.0295, Time: 114.51s
[INFO] Hypergraph updated at epoch 200

🔧 Epoch 200 梯度检查:
================================================================================

  参数名称                              梯度范数         梯度均值 状态             
  ----------------------------------------------------------------------
  type_relations                0.000004     0.000000 ✅ 正常           
  exist_relation                0.000113     0.000007 ✅ 正常           
  mi_proj_layer0                0.080015     0.000338 ✅ 正常           
  dis_proj_layer0               0.087979     0.000364 ✅ 正常           
================================================================================

Epoch 200, Total Loss: 14.1071, Recover Loss: 0.9147, miRNA CL: 6.6246, Disease CL: 6.2826, Inter-view (est): 2.9786, Recon Loss: 0.0287, Time: 139.83s
[INFO] Hypergraph updated at epoch 250

🔧 Epoch 250 梯度检查:
================================================================================

  参数名称                              梯度范数         梯度均值 状态             
  ----------------------------------------------------------------------
  type_relations                0.000002     0.000000 ✅ 正常           
  exist_relation                0.000109     0.000007 ✅ 正常           
  mi_proj_layer0                0.070671     0.000295 ✅ 正常           
  dis_proj_layer0               0.062411     0.000264 ✅ 正常           
================================================================================

Epoch 250, Total Loss: 13.8938, Recover Loss: 0.8862, miRNA CL: 6.5301, Disease CL: 6.1989, Inter-view (est): 2.9374, Recon Loss: 0.0278, Time: 164.77s
[INFO] Hypergraph updated at epoch 300

🔧 Epoch 300 梯度检查:
================================================================================

  参数名称                              梯度范数         梯度均值 状态             
  ----------------------------------------------------------------------
  type_relations                0.000001     0.000000 ✅ 正常           
  exist_relation                0.000105     0.000007 ✅ 正常           
  mi_proj_layer0                0.114133     0.000469 ✅ 正常           
  dis_proj_layer0               0.130854     0.000534 ✅ 正常           
================================================================================

Epoch 300, Total Loss: 13.7541, Recover Loss: 0.8841, miRNA CL: 6.4606, Disease CL: 6.1362, Inter-view (est): 2.9070, Recon Loss: 0.0272, Time: 189.24s
[INFO] Hypergraph updated at epoch 350

🔧 Epoch 350 梯度检查:
================================================================================
  ⚠️ 警告: type_relations梯度几乎为0 (norm=0.00000085)
     → 类型分类器可能没有学习!

  参数名称                              梯度范数         梯度均值 状态             
  ----------------------------------------------------------------------
  type_relations                0.000001     0.000000 ✅ 正常           
  exist_relation                0.000101     0.000006 ✅ 正常           
  mi_proj_layer0                0.067071     0.000279 ✅ 正常           
  dis_proj_layer0               0.064156     0.000267 ✅ 正常           
================================================================================

Epoch 350, Total Loss: 13.6366, Recover Loss: 0.8660, miRNA CL: 6.4106, Disease CL: 6.0920, Inter-view (est): 2.8852, Recon Loss: 0.0261, Time: 214.21s
[INFO] Hypergraph updated at epoch 400

🔧 Epoch 400 梯度检查:
================================================================================
  ⚠️ 警告: type_relations梯度几乎为0 (norm=0.00000053)
     → 类型分类器可能没有学习!

  参数名称                              梯度范数         梯度均值 状态             
  ----------------------------------------------------------------------
  type_relations                0.000001     0.000000 ✅ 正常           
  exist_relation                0.000097     0.000006 ✅ 正常           
  mi_proj_layer0                0.060699     0.000258 ✅ 正常           
  dis_proj_layer0               0.067554     0.000272 ✅ 正常           
================================================================================

Epoch 400, Total Loss: 13.5545, Recover Loss: 0.8601, miRNA CL: 6.3728, Disease CL: 6.0577, Inter-view (est): 2.8686, Recon Loss: 0.0256, Time: 238.49s
[INFO] Hypergraph updated at epoch 450

🔧 Epoch 450 梯度检查:
================================================================================
  ⚠️ 警告: type_relations梯度几乎为0 (norm=0.00000032)
     → 类型分类器可能没有学习!

  参数名称                              梯度范数         梯度均值 状态             
  ----------------------------------------------------------------------
  type_relations                0.000000     0.000000 ✅ 正常           
  exist_relation                0.000094     0.000006 ✅ 正常           
  mi_proj_layer0                0.061660     0.000259 ✅ 正常           
  dis_proj_layer0               0.064894     0.000268 ✅ 正常           
================================================================================

Epoch 450, Total Loss: 13.4890, Recover Loss: 0.8553, miRNA CL: 6.3439, Disease CL: 6.0307, Inter-view (est): 2.8557, Recon Loss: 0.0241, Time: 263.76s
[INFO] Hypergraph updated at epoch 500

🔧 Epoch 500 梯度检查:
================================================================================
  ⚠️ 警告: type_relations梯度几乎为0 (norm=0.00000019)
     → 类型分类器可能没有学习!

  参数名称                              梯度范数         梯度均值 状态             
  ----------------------------------------------------------------------
  type_relations                0.000000     0.000000 ✅ 正常           
  exist_relation                0.000091     0.000005 ✅ 正常           
  mi_proj_layer0                0.046421     0.000197 ✅ 正常           
  dis_proj_layer0               0.050810     0.000206 ✅ 正常           
================================================================================

Epoch 500, Total Loss: 13.4327, Recover Loss: 0.8468, miRNA CL: 6.3214, Disease CL: 6.0086, Inter-view (est): 2.8454, Recon Loss: 0.0238, Time: 288.97s
[INFO] Hypergraph updated at epoch 550

🔧 Epoch 550 梯度检查:
================================================================================
  ⚠️ 警告: type_relations梯度几乎为0 (norm=0.00000011)
     → 类型分类器可能没有学习!

  参数名称                              梯度范数         梯度均值 状态             
  ----------------------------------------------------------------------
  type_relations                0.000000     0.000000 ✅ 正常           
  exist_relation                0.000087     0.000005 ✅ 正常           
  mi_proj_layer0                0.058540     0.000246 ✅ 正常           
  dis_proj_layer0               0.061052     0.000251 ✅ 正常           
================================================================================

Epoch 550, Total Loss: 13.3938, Recover Loss: 0.8492, miRNA CL: 6.3029, Disease CL: 5.9886, Inter-view (est): 2.8365, Recon Loss: 0.0239, Time: 313.88s
[INFO] Hypergraph updated at epoch 600

🔧 Epoch 600 梯度检查:
================================================================================
  ⚠️ 警告: type_relations梯度几乎为0 (norm=0.00000006)
     → 类型分类器可能没有学习!

  参数名称                              梯度范数         梯度均值 状态             
  ----------------------------------------------------------------------
  type_relations                0.000000     0.000000 ❌ 过小           
  exist_relation                0.000084     0.000005 ✅ 正常           
  mi_proj_layer0                0.043251     0.000183 ✅ 正常           
  dis_proj_layer0               0.045706     0.000189 ✅ 正常           
================================================================================

Epoch 600, Total Loss: 13.3517, Recover Loss: 0.8431, miRNA CL: 6.2874, Disease CL: 5.9721, Inter-view (est): 2.8291, Recon Loss: 0.0226, Time: 338.32s
[INFO] Hypergraph updated at epoch 650

🔧 Epoch 650 梯度检查:
================================================================================
  ⚠️ 警告: type_relations梯度几乎为0 (norm=0.00000004)
     → 类型分类器可能没有学习!

  参数名称                              梯度范数         梯度均值 状态             
  ----------------------------------------------------------------------
  type_relations                0.000000     0.000000 ❌ 过小           
  exist_relation                0.000081     0.000005 ✅ 正常           
  mi_proj_layer0                0.040233     0.000170 ✅ 正常           
  dis_proj_layer0               0.042160     0.000178 ✅ 正常           
================================================================================

Epoch 650, Total Loss: 13.3153, Recover Loss: 0.8369, miRNA CL: 6.2736, Disease CL: 5.9588, Inter-view (est): 2.8229, Recon Loss: 0.0221, Time: 363.26s

================================================================================
Training completed. Running final test...
================================================================================
Fold 1 completed - AUC: 0.9351, Top-1 F1: 0.5979
Fold 1 training time: 364.20 seconds
=== Cross Validation Fold 2/5 ===
Using hidden dimensions: [256, 256] with 4 attention heads
优化模型初始化: miRNA数量 = 495, 疾病数量 = 383
   节点维度: 256 → 128
   类型数量: 4
   Temperature: 2.0 (可学习)
   Loss mode: two_head
   loss_mode=two_head
   exist_weight=0.100, type_weight=0.900

✅ SimplifiedMultiTypeAssociationLoss 初始化 (改进版)
   类别权重 (beta=0.99999): ['0.780', '1.822', '0.977', '0.421']
Original positive index shape: torch.Size([1072, 2])
Original negative index shape: torch.Size([135416, 2])
采样后负样本数量: 10720
[B4 leakage_free] Masked 268 test-positive entries khỏi input association matrix trước khi dựng hypergraph.
🎯 Building TRUE DUAL VIEWS from four different sources...
📊 Data sources loaded:
  Disease semantic: torch.Size([383, 383])
  miRNA functional: torch.Size([495, 495])
  Disease-gene: torch.Size([383, 383])
  miRNA-sequence: torch.Size([495, 495])
🧬 Building miRNA dual-view hypergraphs...
  📊 miRNA View 1 (Sequence): torch.Size([495, 878])
  📊 miRNA View 2 (Function): torch.Size([495, 878])
🦠 Building disease dual-view hypergraphs...
  📊 Disease View 1 (Gene): torch.Size([383, 878])
  📊 Disease View 2 (Semantic): torch.Size([383, 878])
✅ Successfully built TRUE DUAL VIEWS:
   🧬 miRNA: Sequence Features (m_ss.xlsx) vs Functional Similarity (mi_fun_sim_2.0.csv)
   🦠 Disease: Gene Features (d_gs.xlsx) vs Semantic Similarity (dis_sem_sim_2.0.csv)

🔧 Epoch 1 梯度检查:
================================================================================

  参数名称                              梯度范数         梯度均值 状态             
  ----------------------------------------------------------------------
  type_relations                0.000025     0.000001 ✅ 正常           
  exist_relation                0.000142     0.000010 ✅ 正常           
  mi_proj_layer0                0.205417     0.000821 ✅ 正常           
  dis_proj_layer0               0.239079     0.000946 ✅ 正常           
================================================================================

Epoch 1, Total Loss: 20.2429, Recover Loss: 1.3154, miRNA CL: 8.7446, Disease CL: 8.4400, Inter-view (est): 3.9657, Recon Loss: 1.4443, Time: 0.51s
[INFO] Hypergraph updated at epoch 5
[INFO] Hypergraph updated at epoch 10
[INFO] Hypergraph updated at epoch 15
[INFO] Hypergraph updated at epoch 20
[INFO] Hypergraph updated at epoch 25
[INFO] Hypergraph updated at epoch 30
[INFO] Hypergraph updated at epoch 35
[INFO] Hypergraph updated at epoch 40
[INFO] Hypergraph updated at epoch 45
[INFO] Hypergraph updated at epoch 50

🔧 Epoch 50 梯度检查:
================================================================================

  参数名称                              梯度范数         梯度均值 状态             
  ----------------------------------------------------------------------
  type_relations                0.000017     0.000001 ✅ 正常           
  exist_relation                0.000137     0.000010 ✅ 正常           
  mi_proj_layer0                0.130074     0.000502 ✅ 正常           
  dis_proj_layer0               0.168363     0.000628 ✅ 正常           
================================================================================

Epoch 50, Total Loss: 16.9946, Recover Loss: 1.1151, miRNA CL: 7.9472, Disease CL: 7.5799, Inter-view (est): 3.5832, Recon Loss: 0.0673, Time: 70.07s
[INFO] Hypergraph updated at epoch 100

🔧 Epoch 100 梯度检查:
================================================================================

  参数名称                              梯度范数         梯度均值 状态             
  ----------------------------------------------------------------------
  type_relations                0.000010     0.000000 ✅ 正常           
  exist_relation                0.000131     0.000009 ✅ 正常           
  mi_proj_layer0                0.091741     0.000377 ✅ 正常           
  dis_proj_layer0               0.092602     0.000376 ✅ 正常           
================================================================================

Epoch 100, Total Loss: 15.3081, Recover Loss: 0.9940, miRNA CL: 7.1643, Disease CL: 6.8461, Inter-view (est): 3.2332, Recon Loss: 0.0316, Time: 95.59s
[INFO] Hypergraph updated at epoch 150

🔧 Epoch 150 梯度检查:
================================================================================

  参数名称                              梯度范数         梯度均值 状态             
  ----------------------------------------------------------------------
  type_relations                0.000006     0.000000 ✅ 正常           
  exist_relation                0.000126     0.000008 ✅ 正常           
  mi_proj_layer0                0.093496     0.000388 ✅ 正常           
  dis_proj_layer0               0.092119     0.000364 ✅ 正常           
================================================================================

Epoch 150, Total Loss: 14.4632, Recover Loss: 0.9428, miRNA CL: 6.7652, Disease CL: 6.4620, Inter-view (est): 3.0524, Recon Loss: 0.0303, Time: 120.55s
[INFO] Hypergraph updated at epoch 200

🔧 Epoch 200 梯度检查:
================================================================================

  参数名称                              梯度范数         梯度均值 状态             
  ----------------------------------------------------------------------
  type_relations                0.000004     0.000000 ✅ 正常           
  exist_relation                0.000122     0.000008 ✅ 正常           
  mi_proj_layer0                0.087220     0.000357 ✅ 正常           
  dis_proj_layer0               0.093177     0.000380 ✅ 正常           
================================================================================

Epoch 200, Total Loss: 14.1334, Recover Loss: 0.9141, miRNA CL: 6.6291, Disease CL: 6.3060, Inter-view (est): 2.9850, Recon Loss: 0.0283, Time: 145.48s
[INFO] Hypergraph updated at epoch 250

🔧 Epoch 250 梯度检查:
================================================================================

  参数名称                              梯度范数         梯度均值 状态             
  ----------------------------------------------------------------------
  type_relations                0.000002     0.000000 ✅ 正常           
  exist_relation                0.000117     0.000008 ✅ 正常           
  mi_proj_layer0                0.073794     0.000311 ✅ 正常           
  dis_proj_layer0               0.084736     0.000340 ✅ 正常           
================================================================================

Epoch 250, Total Loss: 13.9271, Recover Loss: 0.8904, miRNA CL: 6.5441, Disease CL: 6.2153, Inter-view (est): 2.9445, Recon Loss: 0.0274, Time: 170.64s
[INFO] Hypergraph updated at epoch 300

🔧 Epoch 300 梯度检查:
================================================================================

  参数名称                              梯度范数         梯度均值 状态             
  ----------------------------------------------------------------------
  type_relations                0.000002     0.000000 ✅ 正常           
  exist_relation                0.000113     0.000007 ✅ 正常           
  mi_proj_layer0                0.068647     0.000290 ✅ 正常           
  dis_proj_layer0               0.064540     0.000269 ✅ 正常           
================================================================================

Epoch 300, Total Loss: 13.7818, Recover Loss: 0.8751, miRNA CL: 6.4827, Disease CL: 6.1528, Inter-view (est): 2.9159, Recon Loss: 0.0261, Time: 195.80s
[INFO] Hypergraph updated at epoch 350

🔧 Epoch 350 梯度检查:
================================================================================

  参数名称                              梯度范数         梯度均值 状态             
  ----------------------------------------------------------------------
  type_relations                0.000001     0.000000 ✅ 正常           
  exist_relation                0.000110     0.000007 ✅ 正常           
  mi_proj_layer0                0.052773     0.000222 ✅ 正常           
  dis_proj_layer0               0.063950     0.000265 ✅ 正常           
================================================================================

Epoch 350, Total Loss: 13.6676, Recover Loss: 0.8605, miRNA CL: 6.4339, Disease CL: 6.1063, Inter-view (est): 2.8939, Recon Loss: 0.0259, Time: 220.40s
[INFO] Hypergraph updated at epoch 400

🔧 Epoch 400 梯度检查:
================================================================================
  ⚠️ 警告: type_relations梯度几乎为0 (norm=0.00000069)
     → 类型分类器可能没有学习!

  参数名称                              梯度范数         梯度均值 状态             
  ----------------------------------------------------------------------
  type_relations                0.000001     0.000000 ✅ 正常           
  exist_relation                0.000106     0.000006 ✅ 正常           
  mi_proj_layer0                0.063471     0.000270 ✅ 正常           
  dis_proj_layer0               0.066667     0.000274 ✅ 正常           
================================================================================

Epoch 400, Total Loss: 13.5830, Recover Loss: 0.8550, miRNA CL: 6.3953, Disease CL: 6.0703, Inter-view (est): 2.8767, Recon Loss: 0.0253, Time: 245.19s
[INFO] Hypergraph updated at epoch 450

🔧 Epoch 450 梯度检查:
================================================================================
  ⚠️ 警告: type_relations梯度几乎为0 (norm=0.00000045)
     → 类型分类器可能没有学习!

  参数名称                              梯度范数         梯度均值 状态             
  ----------------------------------------------------------------------
  type_relations                0.000000     0.000000 ✅ 正常           
  exist_relation                0.000103     0.000006 ✅ 正常           
  mi_proj_layer0                0.088764     0.000368 ✅ 正常           
  dis_proj_layer0               0.099620     0.000402 ✅ 正常           
================================================================================

Epoch 450, Total Loss: 13.5191, Recover Loss: 0.8545, miRNA CL: 6.3646, Disease CL: 6.0422, Inter-view (est): 2.8631, Recon Loss: 0.0239, Time: 270.21s
[INFO] Hypergraph updated at epoch 500

🔧 Epoch 500 梯度检查:
================================================================================
  ⚠️ 警告: type_relations梯度几乎为0 (norm=0.00000028)
     → 类型分类器可能没有学习!

  参数名称                              梯度范数         梯度均值 状态             
  ----------------------------------------------------------------------
  type_relations                0.000000     0.000000 ✅ 正常           
  exist_relation                0.000099     0.000006 ✅ 正常           
  mi_proj_layer0                0.047123     0.000200 ✅ 正常           
  dis_proj_layer0               0.046551     0.000194 ✅ 正常           
================================================================================

Epoch 500, Total Loss: 13.4551, Recover Loss: 0.8418, miRNA CL: 6.3402, Disease CL: 6.0187, Inter-view (est): 2.8520, Recon Loss: 0.0238, Time: 295.33s
[INFO] Hypergraph updated at epoch 550

🔧 Epoch 550 梯度检查:
================================================================================
  ⚠️ 警告: type_relations梯度几乎为0 (norm=0.00000018)
     → 类型分类器可能没有学习!

  参数名称                              梯度范数         梯度均值 状态             
  ----------------------------------------------------------------------
  type_relations                0.000000     0.000000 ✅ 正常           
  exist_relation                0.000096     0.000006 ✅ 正常           
  mi_proj_layer0                0.068736     0.000288 ✅ 正常           
  dis_proj_layer0               0.063757     0.000266 ✅ 正常           
================================================================================

Epoch 550, Total Loss: 13.4098, Recover Loss: 0.8409, miRNA CL: 6.3197, Disease CL: 5.9981, Inter-view (est): 2.8426, Recon Loss: 0.0231, Time: 320.30s
[INFO] Hypergraph updated at epoch 600

🔧 Epoch 600 梯度检查:
================================================================================
  ⚠️ 警告: type_relations梯度几乎为0 (norm=0.00000011)
     → 类型分类器可能没有学习!

  参数名称                              梯度范数         梯度均值 状态             
  ----------------------------------------------------------------------
  type_relations                0.000000     0.000000 ✅ 正常           
  exist_relation                0.000093     0.000005 ✅ 正常           
  mi_proj_layer0                0.056396     0.000239 ✅ 正常           
  dis_proj_layer0               0.070031     0.000286 ✅ 正常           
================================================================================

Epoch 600, Total Loss: 13.3679, Recover Loss: 0.8360, miRNA CL: 6.3026, Disease CL: 5.9818, Inter-view (est): 2.8349, Recon Loss: 0.0223, Time: 345.60s
[INFO] Hypergraph updated at epoch 650

🔧 Epoch 650 梯度检查:
================================================================================
  ⚠️ 警告: type_relations梯度几乎为0 (norm=0.00000006)
     → 类型分类器可能没有学习!

  参数名称                              梯度范数         梯度均值 状态             
  ----------------------------------------------------------------------
  type_relations                0.000000     0.000000 ❌ 过小           
  exist_relation                0.000090     0.000005 ✅ 正常           
  mi_proj_layer0                0.069353     0.000284 ✅ 正常           
  dis_proj_layer0               0.051793     0.000216 ✅ 正常           
================================================================================

Epoch 650, Total Loss: 13.3361, Recover Loss: 0.8349, miRNA CL: 6.2881, Disease CL: 5.9685, Inter-view (est): 2.8285, Recon Loss: 0.0220, Time: 371.04s

================================================================================
Training completed. Running final test...
================================================================================
Fold 2 completed - AUC: 0.9320, Top-1 F1: 0.6213
Fold 2 training time: 371.85 seconds
=== Cross Validation Fold 3/5 ===
Using hidden dimensions: [256, 256] with 4 attention heads
优化模型初始化: miRNA数量 = 495, 疾病数量 = 383
   节点维度: 256 → 128
   类型数量: 4
   Temperature: 2.0 (可学习)
   Loss mode: two_head
   loss_mode=two_head
   exist_weight=0.100, type_weight=0.900

✅ SimplifiedMultiTypeAssociationLoss 初始化 (改进版)
   类别权重 (beta=0.99999): ['0.780', '1.822', '0.977', '0.421']
Original positive index shape: torch.Size([1072, 2])
Original negative index shape: torch.Size([135416, 2])
采样后负样本数量: 10720
[B4 leakage_free] Masked 268 test-positive entries khỏi input association matrix trước khi dựng hypergraph.
🎯 Building TRUE DUAL VIEWS from four different sources...
📊 Data sources loaded:
  Disease semantic: torch.Size([383, 383])
  miRNA functional: torch.Size([495, 495])
  Disease-gene: torch.Size([383, 383])
  miRNA-sequence: torch.Size([495, 495])
🧬 Building miRNA dual-view hypergraphs...
  📊 miRNA View 1 (Sequence): torch.Size([495, 878])
  📊 miRNA View 2 (Function): torch.Size([495, 878])
🦠 Building disease dual-view hypergraphs...
  📊 Disease View 1 (Gene): torch.Size([383, 878])
  📊 Disease View 2 (Semantic): torch.Size([383, 878])
✅ Successfully built TRUE DUAL VIEWS:
   🧬 miRNA: Sequence Features (m_ss.xlsx) vs Functional Similarity (mi_fun_sim_2.0.csv)
   🦠 Disease: Gene Features (d_gs.xlsx) vs Semantic Similarity (dis_sem_sim_2.0.csv)

🔧 Epoch 1 梯度检查:
================================================================================

  参数名称                              梯度范数         梯度均值 状态             
  ----------------------------------------------------------------------
  type_relations                0.000025     0.000001 ✅ 正常           
  exist_relation                0.000129     0.000009 ✅ 正常           
  mi_proj_layer0                0.314780     0.001232 ✅ 正常           
  dis_proj_layer0               0.307658     0.001210 ✅ 正常           
================================================================================

Epoch 1, Total Loss: 20.3147, Recover Loss: 1.3242, miRNA CL: 8.7821, Disease CL: 8.4408, Inter-view (est): 3.9745, Recon Loss: 1.4690, Time: 0.49s
[INFO] Hypergraph updated at epoch 5
[INFO] Hypergraph updated at epoch 10
[INFO] Hypergraph updated at epoch 15
[INFO] Hypergraph updated at epoch 20
[INFO] Hypergraph updated at epoch 25
[INFO] Hypergraph updated at epoch 30
[INFO] Hypergraph updated at epoch 35
[INFO] Hypergraph updated at epoch 40
[INFO] Hypergraph updated at epoch 45
[INFO] Hypergraph updated at epoch 50

🔧 Epoch 50 梯度检查:
================================================================================

  参数名称                              梯度范数         梯度均值 状态             
  ----------------------------------------------------------------------
  type_relations                0.000017     0.000000 ✅ 正常           
  exist_relation                0.000125     0.000009 ✅ 正常           
  mi_proj_layer0                0.119975     0.000471 ✅ 正常           
  dis_proj_layer0               0.151297     0.000603 ✅ 正常           
================================================================================

Epoch 50, Total Loss: 17.1907, Recover Loss: 1.1236, miRNA CL: 8.0124, Disease CL: 7.6368, Inter-view (est): 3.6113, Recon Loss: 0.1326, Time: 80.91s
[INFO] Hypergraph updated at epoch 100

🔧 Epoch 100 梯度检查:
================================================================================

  参数名称                              梯度范数         梯度均值 状态             
  ----------------------------------------------------------------------
  type_relations                0.000011     0.000000 ✅ 正常           
  exist_relation                0.000119     0.000008 ✅ 正常           
  mi_proj_layer0                0.083481     0.000343 ✅ 正常           
  dis_proj_layer0               0.103313     0.000425 ✅ 正常           
================================================================================

Epoch 100, Total Loss: 15.4057, Recover Loss: 1.0181, miRNA CL: 7.1909, Disease CL: 6.8920, Inter-view (est): 3.2499, Recon Loss: 0.0319, Time: 106.85s
[INFO] Hypergraph updated at epoch 150

🔧 Epoch 150 梯度检查:
================================================================================

  参数名称                              梯度范数         梯度均值 状态             
  ----------------------------------------------------------------------
  type_relations                0.000007     0.000000 ✅ 正常           
  exist_relation                0.000114     0.000008 ✅ 正常           
  mi_proj_layer0                0.085058     0.000348 ✅ 正常           
  dis_proj_layer0               0.118700     0.000452 ✅ 正常           
================================================================================

Epoch 150, Total Loss: 14.4956, Recover Loss: 0.9582, miRNA CL: 6.7672, Disease CL: 6.4768, Inter-view (est): 3.0563, Recon Loss: 0.0299, Time: 130.98s
[INFO] Hypergraph updated at epoch 200

🔧 Epoch 200 梯度检查:
================================================================================

  参数名称                              梯度范数         梯度均值 状态             
  ----------------------------------------------------------------------
  type_relations                0.000004     0.000000 ✅ 正常           
  exist_relation                0.000109     0.000007 ✅ 正常           
  mi_proj_layer0                0.074716     0.000314 ✅ 正常           
  dis_proj_layer0               0.079785     0.000330 ✅ 正常           
================================================================================

Epoch 200, Total Loss: 14.1362, Recover Loss: 0.9193, miRNA CL: 6.6118, Disease CL: 6.3192, Inter-view (est): 2.9841, Recon Loss: 0.0296, Time: 155.60s
[INFO] Hypergraph updated at epoch 250

🔧 Epoch 250 梯度检查:
================================================================================

  参数名称                              梯度范数         梯度均值 状态             
  ----------------------------------------------------------------------
  type_relations                0.000003     0.000000 ✅ 正常           
  exist_relation                0.000104     0.000007 ✅ 正常           
  mi_proj_layer0                0.079347     0.000330 ✅ 正常           
  dis_proj_layer0               0.063692     0.000266 ✅ 正常           
================================================================================

Epoch 250, Total Loss: 13.9252, Recover Loss: 0.8959, miRNA CL: 6.5205, Disease CL: 6.2301, Inter-view (est): 2.9424, Recon Loss: 0.0281, Time: 179.74s
[INFO] Hypergraph updated at epoch 300

🔧 Epoch 300 梯度检查:
================================================================================

  参数名称                              梯度范数         梯度均值 状态             
  ----------------------------------------------------------------------
  type_relations                0.000002     0.000000 ✅ 正常           
  exist_relation                0.000100     0.000006 ✅ 正常           
  mi_proj_layer0                0.062235     0.000264 ✅ 正常           
  dis_proj_layer0               0.059993     0.000252 ✅ 正常           
================================================================================

Epoch 300, Total Loss: 13.7720, Recover Loss: 0.8782, miRNA CL: 6.4565, Disease CL: 6.1647, Inter-view (est): 2.9126, Recon Loss: 0.0267, Time: 204.54s
[INFO] Hypergraph updated at epoch 350

🔧 Epoch 350 梯度检查:
================================================================================

  参数名称                              梯度范数         梯度均值 状态             
  ----------------------------------------------------------------------
  type_relations                0.000001     0.000000 ✅ 正常           
  exist_relation                0.000096     0.000006 ✅ 正常           
  mi_proj_layer0                0.061517     0.000262 ✅ 正常           
  dis_proj_layer0               0.061592     0.000247 ✅ 正常           
================================================================================

Epoch 350, Total Loss: 13.6614, Recover Loss: 0.8701, miRNA CL: 6.4098, Disease CL: 6.1142, Inter-view (est): 2.8901, Recon Loss: 0.0255, Time: 229.37s
[INFO] Hypergraph updated at epoch 400

🔧 Epoch 400 梯度检查:
================================================================================
  ⚠️ 警告: type_relations梯度几乎为0 (norm=0.00000087)
     → 类型分类器可能没有学习!

  参数名称                              梯度范数         梯度均值 状态             
  ----------------------------------------------------------------------
  type_relations                0.000001     0.000000 ✅ 正常           
  exist_relation                0.000093     0.000006 ✅ 正常           
  mi_proj_layer0                0.057607     0.000245 ✅ 正常           
  dis_proj_layer0               0.054848     0.000231 ✅ 正常           
================================================================================

Epoch 400, Total Loss: 13.5778, Recover Loss: 0.8635, miRNA CL: 6.3745, Disease CL: 6.0766, Inter-view (est): 2.8733, Recon Loss: 0.0248, Time: 253.55s
[INFO] Hypergraph updated at epoch 450

🔧 Epoch 450 梯度检查:
================================================================================
  ⚠️ 警告: type_relations梯度几乎为0 (norm=0.00000059)
     → 类型分类器可能没有学习!

  参数名称                              梯度范数         梯度均值 状态             
  ----------------------------------------------------------------------
  type_relations                0.000001     0.000000 ✅ 正常           
  exist_relation                0.000089     0.000005 ✅ 正常           
  mi_proj_layer0                0.050551     0.000214 ✅ 正常           
  dis_proj_layer0               0.050844     0.000212 ✅ 正常           
================================================================================

Epoch 450, Total Loss: 13.5071, Recover Loss: 0.8551, miRNA CL: 6.3463, Disease CL: 6.0465, Inter-view (est): 2.8599, Recon Loss: 0.0241, Time: 278.07s
[INFO] Hypergraph updated at epoch 500

🔧 Epoch 500 梯度检查:
================================================================================
  ⚠️ 警告: type_relations梯度几乎为0 (norm=0.00000040)
     → 类型分类器可能没有学习!

  参数名称                              梯度范数         梯度均值 状态             
  ----------------------------------------------------------------------
  type_relations                0.000000     0.000000 ✅ 正常           
  exist_relation                0.000086     0.000005 ✅ 正常           
  mi_proj_layer0                0.069979     0.000285 ✅ 正常           
  dis_proj_layer0               0.062582     0.000255 ✅ 正常           
================================================================================

Epoch 500, Total Loss: 13.4531, Recover Loss: 0.8505, miRNA CL: 6.3241, Disease CL: 6.0221, Inter-view (est): 2.8491, Recon Loss: 0.0241, Time: 302.89s
[INFO] Hypergraph updated at epoch 550

🔧 Epoch 550 梯度检查:
================================================================================
  ⚠️ 警告: type_relations梯度几乎为0 (norm=0.00000027)
     → 类型分类器可能没有学习!

  参数名称                              梯度范数         梯度均值 状态             
  ----------------------------------------------------------------------
  type_relations                0.000000     0.000000 ✅ 正常           
  exist_relation                0.000083     0.000005 ✅ 正常           
  mi_proj_layer0                0.066892     0.000276 ✅ 正常           
  dis_proj_layer0               0.060713     0.000245 ✅ 正常           
================================================================================

Epoch 550, Total Loss: 13.4044, Recover Loss: 0.8445, miRNA CL: 6.3057, Disease CL: 6.0013, Inter-view (est): 2.8401, Recon Loss: 0.0232, Time: 327.81s
[INFO] Hypergraph updated at epoch 600

🔧 Epoch 600 梯度检查:
================================================================================
  ⚠️ 警告: type_relations梯度几乎为0 (norm=0.00000018)
     → 类型分类器可能没有学习!

  参数名称                              梯度范数         梯度均值 状态             
  ----------------------------------------------------------------------
  type_relations                0.000000     0.000000 ✅ 正常           
  exist_relation                0.000080     0.000005 ✅ 正常           
  mi_proj_layer0                0.057057     0.000243 ✅ 正常           
  dis_proj_layer0               0.064182     0.000263 ✅ 正常           
================================================================================

Epoch 600, Total Loss: 13.3670, Recover Loss: 0.8447, miRNA CL: 6.2900, Disease CL: 5.9822, Inter-view (est): 2.8321, Recon Loss: 0.0230, Time: 352.51s
[INFO] Hypergraph updated at epoch 650

🔧 Epoch 650 梯度检查:
================================================================================
  ⚠️ 警告: type_relations梯度几乎为0 (norm=0.00000012)
     → 类型分类器可能没有学习!

  参数名称                              梯度范数         梯度均值 状态             
  ----------------------------------------------------------------------
  type_relations                0.000000     0.000000 ✅ 正常           
  exist_relation                0.000077     0.000004 ✅ 正常           
  mi_proj_layer0                0.068917     0.000284 ✅ 正常           
  dis_proj_layer0               0.062504     0.000261 ✅ 正常           
================================================================================

Epoch 650, Total Loss: 13.3292, Recover Loss: 0.8389, miRNA CL: 6.2764, Disease CL: 5.9664, Inter-view (est): 2.8253, Recon Loss: 0.0227, Time: 377.30s

================================================================================
Training completed. Running final test...
================================================================================
Fold 3 completed - AUC: 0.9348, Top-1 F1: 0.5866
Fold 3 training time: 378.18 seconds
=== Cross Validation Fold 4/5 ===
Using hidden dimensions: [256, 256] with 4 attention heads
优化模型初始化: miRNA数量 = 495, 疾病数量 = 383
   节点维度: 256 → 128
   类型数量: 4
   Temperature: 2.0 (可学习)
   Loss mode: two_head
   loss_mode=two_head
   exist_weight=0.100, type_weight=0.900

✅ SimplifiedMultiTypeAssociationLoss 初始化 (改进版)
   类别权重 (beta=0.99999): ['0.780', '1.822', '0.977', '0.421']
Original positive index shape: torch.Size([1072, 2])
Original negative index shape: torch.Size([135416, 2])
采样后负样本数量: 10720
[B4 leakage_free] Masked 268 test-positive entries khỏi input association matrix trước khi dựng hypergraph.
🎯 Building TRUE DUAL VIEWS from four different sources...
📊 Data sources loaded:
  Disease semantic: torch.Size([383, 383])
  miRNA functional: torch.Size([495, 495])
  Disease-gene: torch.Size([383, 383])
  miRNA-sequence: torch.Size([495, 495])
🧬 Building miRNA dual-view hypergraphs...
  📊 miRNA View 1 (Sequence): torch.Size([495, 878])
  📊 miRNA View 2 (Function): torch.Size([495, 878])
🦠 Building disease dual-view hypergraphs...
  📊 Disease View 1 (Gene): torch.Size([383, 878])
  📊 Disease View 2 (Semantic): torch.Size([383, 878])
✅ Successfully built TRUE DUAL VIEWS:
   🧬 miRNA: Sequence Features (m_ss.xlsx) vs Functional Similarity (mi_fun_sim_2.0.csv)
   🦠 Disease: Gene Features (d_gs.xlsx) vs Semantic Similarity (dis_sem_sim_2.0.csv)

🔧 Epoch 1 梯度检查:
================================================================================

  参数名称                              梯度范数         梯度均值 状态             
  ----------------------------------------------------------------------
  type_relations                0.000025     0.000001 ✅ 正常           
  exist_relation                0.000138     0.000010 ✅ 正常           
  mi_proj_layer0                0.359058     0.001374 ✅ 正常           
  dis_proj_layer0               0.371989     0.001464 ✅ 正常           
================================================================================

Epoch 1, Total Loss: 20.2071, Recover Loss: 1.3388, miRNA CL: 8.7510, Disease CL: 8.4274, Inter-view (est): 3.9643, Recon Loss: 1.3908, Time: 0.50s
[INFO] Hypergraph updated at epoch 5
[INFO] Hypergraph updated at epoch 10
[INFO] Hypergraph updated at epoch 15
[INFO] Hypergraph updated at epoch 20
[INFO] Hypergraph updated at epoch 25
[INFO] Hypergraph updated at epoch 30
[INFO] Hypergraph updated at epoch 35
[INFO] Hypergraph updated at epoch 40
[INFO] Hypergraph updated at epoch 45
[INFO] Hypergraph updated at epoch 50

🔧 Epoch 50 梯度检查:
================================================================================

  参数名称                              梯度范数         梯度均值 状态             
  ----------------------------------------------------------------------
  type_relations                0.000017     0.000000 ✅ 正常           
  exist_relation                0.000133     0.000009 ✅ 正常           
  mi_proj_layer0                0.117230     0.000466 ✅ 正常           
  dis_proj_layer0               0.157940     0.000626 ✅ 正常           
================================================================================

Epoch 50, Total Loss: 17.0009, Recover Loss: 1.1179, miRNA CL: 7.9463, Disease CL: 7.5660, Inter-view (est): 3.5798, Recon Loss: 0.0852, Time: 68.84s
[INFO] Hypergraph updated at epoch 100

🔧 Epoch 100 梯度检查:
================================================================================

  参数名称                              梯度范数         梯度均值 状态             
  ----------------------------------------------------------------------
  type_relations                0.000010     0.000000 ✅ 正常           
  exist_relation                0.000127     0.000009 ✅ 正常           
  mi_proj_layer0                0.087832     0.000366 ✅ 正常           
  dis_proj_layer0               0.110338     0.000440 ✅ 正常           
================================================================================

Epoch 100, Total Loss: 15.2779, Recover Loss: 0.9969, miRNA CL: 7.1545, Disease CL: 6.8214, Inter-view (est): 3.2252, Recon Loss: 0.0319, Time: 94.00s
[INFO] Hypergraph updated at epoch 150

🔧 Epoch 150 梯度检查:
================================================================================

  参数名称                              梯度范数         梯度均值 状态             
  ----------------------------------------------------------------------
  type_relations                0.000006     0.000000 ✅ 正常           
  exist_relation                0.000122     0.000008 ✅ 正常           
  mi_proj_layer0                0.077789     0.000324 ✅ 正常           
  dis_proj_layer0               0.091766     0.000365 ✅ 正常           
================================================================================

Epoch 150, Total Loss: 14.5268, Recover Loss: 0.9445, miRNA CL: 6.7928, Disease CL: 6.4961, Inter-view (est): 3.0667, Recon Loss: 0.0294, Time: 118.72s
[INFO] Hypergraph updated at epoch 200

🔧 Epoch 200 梯度检查:
================================================================================

  参数名称                              梯度范数         梯度均值 状态             
  ----------------------------------------------------------------------
  type_relations                0.000004     0.000000 ✅ 正常           
  exist_relation                0.000117     0.000008 ✅ 正常           
  mi_proj_layer0                0.089009     0.000364 ✅ 正常           
  dis_proj_layer0               0.087850     0.000357 ✅ 正常           
================================================================================

Epoch 200, Total Loss: 14.1465, Recover Loss: 0.9071, miRNA CL: 6.6349, Disease CL: 6.3195, Inter-view (est): 2.9895, Recon Loss: 0.0282, Time: 143.11s
[INFO] Hypergraph updated at epoch 250

🔧 Epoch 250 梯度检查:
================================================================================

  参数名称                              梯度范数         梯度均值 状态             
  ----------------------------------------------------------------------
  type_relations                0.000002     0.000000 ✅ 正常           
  exist_relation                0.000113     0.000007 ✅ 正常           
  mi_proj_layer0                0.086129     0.000360 ✅ 正常           
  dis_proj_layer0               0.091901     0.000376 ✅ 正常           
================================================================================

Epoch 250, Total Loss: 13.9342, Recover Loss: 0.8874, miRNA CL: 6.5447, Disease CL: 6.2241, Inter-view (est): 2.9467, Recon Loss: 0.0268, Time: 167.98s
[INFO] Hypergraph updated at epoch 300

🔧 Epoch 300 梯度检查:
================================================================================

  参数名称                              梯度范数         梯度均值 状态             
  ----------------------------------------------------------------------
  type_relations                0.000001     0.000000 ✅ 正常           
  exist_relation                0.000109     0.000007 ✅ 正常           
  mi_proj_layer0                0.086292     0.000352 ✅ 正常           
  dis_proj_layer0               0.088189     0.000346 ✅ 正常           
================================================================================

Epoch 300, Total Loss: 13.7883, Recover Loss: 0.8733, miRNA CL: 6.4814, Disease CL: 6.1615, Inter-view (est): 2.9176, Recon Loss: 0.0258, Time: 192.42s
[INFO] Hypergraph updated at epoch 350

🔧 Epoch 350 梯度检查:
================================================================================
  ⚠️ 警告: type_relations梯度几乎为0 (norm=0.00000091)
     → 类型分类器可能没有学习!

  参数名称                              梯度范数         梯度均值 状态             
  ----------------------------------------------------------------------
  type_relations                0.000001     0.000000 ✅ 正常           
  exist_relation                0.000105     0.000006 ✅ 正常           
  mi_proj_layer0                0.064339     0.000273 ✅ 正常           
  dis_proj_layer0               0.067931     0.000281 ✅ 正常           
================================================================================

Epoch 350, Total Loss: 13.6794, Recover Loss: 0.8652, miRNA CL: 6.4322, Disease CL: 6.1144, Inter-view (est): 2.8954, Recon Loss: 0.0254, Time: 216.74s
[INFO] Hypergraph updated at epoch 400

🔧 Epoch 400 梯度检查:
================================================================================
  ⚠️ 警告: type_relations梯度几乎为0 (norm=0.00000054)
     → 类型分类器可能没有学习!

  参数名称                              梯度范数         梯度均值 状态             
  ----------------------------------------------------------------------
  type_relations                0.000001     0.000000 ✅ 正常           
  exist_relation                0.000102     0.000006 ✅ 正常           
  mi_proj_layer0                0.075910     0.000315 ✅ 正常           
  dis_proj_layer0               0.082784     0.000332 ✅ 正常           
================================================================================

Epoch 400, Total Loss: 13.5947, Recover Loss: 0.8597, miRNA CL: 6.3934, Disease CL: 6.0792, Inter-view (est): 2.8783, Recon Loss: 0.0240, Time: 241.27s
[INFO] Hypergraph updated at epoch 450

🔧 Epoch 450 梯度检查:
================================================================================
  ⚠️ 警告: type_relations梯度几乎为0 (norm=0.00000032)
     → 类型分类器可能没有学习!

  参数名称                              梯度范数         梯度均值 状态             
  ----------------------------------------------------------------------
  type_relations                0.000000     0.000000 ✅ 正常           
  exist_relation                0.000098     0.000006 ✅ 正常           
  mi_proj_layer0                0.070192     0.000294 ✅ 正常           
  dis_proj_layer0               0.076663     0.000316 ✅ 正常           
================================================================================

Epoch 450, Total Loss: 13.5239, Recover Loss: 0.8509, miRNA CL: 6.3628, Disease CL: 6.0518, Inter-view (est): 2.8649, Recon Loss: 0.0232, Time: 265.94s
[INFO] Hypergraph updated at epoch 500

🔧 Epoch 500 梯度检查:
================================================================================
  ⚠️ 警告: type_relations梯度几乎为0 (norm=0.00000018)
     → 类型分类器可能没有学习!

  参数名称                              梯度范数         梯度均值 状态             
  ----------------------------------------------------------------------
  type_relations                0.000000     0.000000 ✅ 正常           
  exist_relation                0.000095     0.000005 ✅ 正常           
  mi_proj_layer0                0.048996     0.000206 ✅ 正常           
  dis_proj_layer0               0.041730     0.000177 ✅ 正常           
================================================================================

Epoch 500, Total Loss: 13.4627, Recover Loss: 0.8425, miRNA CL: 6.3382, Disease CL: 6.0280, Inter-view (est): 2.8537, Recon Loss: 0.0218, Time: 290.81s
[INFO] Hypergraph updated at epoch 550

🔧 Epoch 550 梯度检查:
================================================================================
  ⚠️ 警告: type_relations梯度几乎为0 (norm=0.00000010)
     → 类型分类器可能没有学习!

  参数名称                              梯度范数         梯度均值 状态             
  ----------------------------------------------------------------------
  type_relations                0.000000     0.000000 ✅ 正常           
  exist_relation                0.000092     0.000005 ✅ 正常           
  mi_proj_layer0                0.062716     0.000263 ✅ 正常           
  dis_proj_layer0               0.060614     0.000251 ✅ 正常           
================================================================================

Epoch 550, Total Loss: 13.4145, Recover Loss: 0.8400, miRNA CL: 6.3180, Disease CL: 6.0058, Inter-view (est): 2.8440, Recon Loss: 0.0213, Time: 315.46s
[INFO] Hypergraph updated at epoch 600

🔧 Epoch 600 梯度检查:
================================================================================
  ⚠️ 警告: type_relations梯度几乎为0 (norm=0.00000006)
     → 类型分类器可能没有学习!

  参数名称                              梯度范数         梯度均值 状态             
  ----------------------------------------------------------------------
  type_relations                0.000000     0.000000 ❌ 过小           
  exist_relation                0.000089     0.000005 ✅ 正常           
  mi_proj_layer0                0.048954     0.000207 ✅ 正常           
  dis_proj_layer0               0.046696     0.000195 ✅ 正常           
================================================================================

Epoch 600, Total Loss: 13.3724, Recover Loss: 0.8366, miRNA CL: 6.3008, Disease CL: 5.9875, Inter-view (est): 2.8358, Recon Loss: 0.0207, Time: 340.56s
[INFO] Hypergraph updated at epoch 650

🔧 Epoch 650 梯度检查:
================================================================================
  ⚠️ 警告: type_relations梯度几乎为0 (norm=0.00000003)
     → 类型分类器可能没有学习!

  参数名称                              梯度范数         梯度均值 状态             
  ----------------------------------------------------------------------
  type_relations                0.000000     0.000000 ❌ 过小           
  exist_relation                0.000086     0.000005 ✅ 正常           
  mi_proj_layer0                0.046775     0.000195 ✅ 正常           
  dis_proj_layer0               0.048250     0.000193 ✅ 正常           
================================================================================

Epoch 650, Total Loss: 13.3359, Recover Loss: 0.8328, miRNA CL: 6.2858, Disease CL: 5.9728, Inter-view (est): 2.8289, Recon Loss: 0.0204, Time: 365.91s

================================================================================
Training completed. Running final test...
================================================================================
Fold 4 completed - AUC: 0.9366, Top-1 F1: 0.6007
Fold 4 training time: 366.75 seconds
=== Cross Validation Fold 5/5 ===
Using hidden dimensions: [256, 256] with 4 attention heads
优化模型初始化: miRNA数量 = 495, 疾病数量 = 383
   节点维度: 256 → 128
   类型数量: 4
   Temperature: 2.0 (可学习)
   Loss mode: two_head
   loss_mode=two_head
   exist_weight=0.100, type_weight=0.900

✅ SimplifiedMultiTypeAssociationLoss 初始化 (改进版)
   类别权重 (beta=0.99999): ['0.780', '1.822', '0.977', '0.421']
Original positive index shape: torch.Size([1072, 2])
Original negative index shape: torch.Size([135416, 2])
采样后负样本数量: 10720
[B4 leakage_free] Masked 268 test-positive entries khỏi input association matrix trước khi dựng hypergraph.
🎯 Building TRUE DUAL VIEWS from four different sources...
📊 Data sources loaded:
  Disease semantic: torch.Size([383, 383])
  miRNA functional: torch.Size([495, 495])
  Disease-gene: torch.Size([383, 383])
  miRNA-sequence: torch.Size([495, 495])
🧬 Building miRNA dual-view hypergraphs...
  📊 miRNA View 1 (Sequence): torch.Size([495, 878])
  📊 miRNA View 2 (Function): torch.Size([495, 878])
🦠 Building disease dual-view hypergraphs...
  📊 Disease View 1 (Gene): torch.Size([383, 878])
  📊 Disease View 2 (Semantic): torch.Size([383, 878])
✅ Successfully built TRUE DUAL VIEWS:
   🧬 miRNA: Sequence Features (m_ss.xlsx) vs Functional Similarity (mi_fun_sim_2.0.csv)
   🦠 Disease: Gene Features (d_gs.xlsx) vs Semantic Similarity (dis_sem_sim_2.0.csv)

🔧 Epoch 1 梯度检查:
================================================================================

  参数名称                              梯度范数         梯度均值 状态             
  ----------------------------------------------------------------------
  type_relations                0.000025     0.000001 ✅ 正常           
  exist_relation                0.000132     0.000009 ✅ 正常           
  mi_proj_layer0                0.237330     0.000920 ✅ 正常           
  dis_proj_layer0               0.218024     0.000877 ✅ 正常           
================================================================================

Epoch 1, Total Loss: 20.3037, Recover Loss: 1.3148, miRNA CL: 8.7622, Disease CL: 8.4578, Inter-view (est): 3.9739, Recon Loss: 1.4703, Time: 0.51s
[INFO] Hypergraph updated at epoch 5
[INFO] Hypergraph updated at epoch 10
[INFO] Hypergraph updated at epoch 15
[INFO] Hypergraph updated at epoch 20
[INFO] Hypergraph updated at epoch 25
[INFO] Hypergraph updated at epoch 30
[INFO] Hypergraph updated at epoch 35
[INFO] Hypergraph updated at epoch 40
[INFO] Hypergraph updated at epoch 45
[INFO] Hypergraph updated at epoch 50

🔧 Epoch 50 梯度检查:
================================================================================

  参数名称                              梯度范数         梯度均值 状态             
  ----------------------------------------------------------------------
  type_relations                0.000017     0.000000 ✅ 正常           
  exist_relation                0.000128     0.000009 ✅ 正常           
  mi_proj_layer0                0.117990     0.000467 ✅ 正常           
  dis_proj_layer0               0.136733     0.000547 ✅ 正常           
================================================================================

Epoch 50, Total Loss: 17.1170, Recover Loss: 1.1132, miRNA CL: 7.9820, Disease CL: 7.6554, Inter-view (est): 3.6086, Recon Loss: 0.0812, Time: 72.67s
[INFO] Hypergraph updated at epoch 100

🔧 Epoch 100 梯度检查:
================================================================================

  参数名称                              梯度范数         梯度均值 状态             
  ----------------------------------------------------------------------
  type_relations                0.000010     0.000000 ✅ 正常           
  exist_relation                0.000122     0.000008 ✅ 正常           
  mi_proj_layer0                0.086276     0.000354 ✅ 正常           
  dis_proj_layer0               0.090492     0.000370 ✅ 正常           
================================================================================

Epoch 100, Total Loss: 15.3923, Recover Loss: 1.0013, miRNA CL: 7.2056, Disease CL: 6.8809, Inter-view (est): 3.2507, Recon Loss: 0.0318, Time: 98.05s
[INFO] Hypergraph updated at epoch 150

🔧 Epoch 150 梯度检查:
================================================================================

  参数名称                              梯度范数         梯度均值 状态             
  ----------------------------------------------------------------------
  type_relations                0.000006     0.000000 ✅ 正常           
  exist_relation                0.000117     0.000007 ✅ 正常           
  mi_proj_layer0                0.085827     0.000356 ✅ 正常           
  dis_proj_layer0               0.092382     0.000371 ✅ 正常           
================================================================================

Epoch 150, Total Loss: 14.4935, Recover Loss: 0.9413, miRNA CL: 6.7745, Disease CL: 6.4834, Inter-view (est): 3.0595, Recon Loss: 0.0302, Time: 122.99s
[INFO] Hypergraph updated at epoch 200

🔧 Epoch 200 梯度检查:
================================================================================

  参数名称                              梯度范数         梯度均值 状态             
  ----------------------------------------------------------------------
  type_relations                0.000004     0.000000 ✅ 正常           
  exist_relation                0.000113     0.000007 ✅ 正常           
  mi_proj_layer0                0.065956     0.000279 ✅ 正常           
  dis_proj_layer0               0.068944     0.000289 ✅ 正常           
================================================================================

Epoch 200, Total Loss: 14.1232, Recover Loss: 0.9071, miRNA CL: 6.6288, Disease CL: 6.3012, Inter-view (est): 2.9839, Recon Loss: 0.0289, Time: 148.44s
[INFO] Hypergraph updated at epoch 250

🔧 Epoch 250 梯度检查:
================================================================================

  参数名称                              梯度范数         梯度均值 状态             
  ----------------------------------------------------------------------
  type_relations                0.000003     0.000000 ✅ 正常           
  exist_relation                0.000109     0.000007 ✅ 正常           
  mi_proj_layer0                0.067000     0.000285 ✅ 正常           
  dis_proj_layer0               0.068369     0.000285 ✅ 正常           
================================================================================

Epoch 250, Total Loss: 13.9093, Recover Loss: 0.8856, miRNA CL: 6.5348, Disease CL: 6.2096, Inter-view (est): 2.9410, Recon Loss: 0.0277, Time: 173.65s
[INFO] Hypergraph updated at epoch 300

🔧 Epoch 300 梯度检查:
================================================================================

  参数名称                              梯度范数         梯度均值 状态             
  ----------------------------------------------------------------------
  type_relations                0.000002     0.000000 ✅ 正常           
  exist_relation                0.000105     0.000006 ✅ 正常           
  mi_proj_layer0                0.073605     0.000308 ✅ 正常           
  dis_proj_layer0               0.070305     0.000293 ✅ 正常           
================================================================================

Epoch 300, Total Loss: 13.7634, Recover Loss: 0.8687, miRNA CL: 6.4710, Disease CL: 6.1504, Inter-view (est): 2.9126, Recon Loss: 0.0264, Time: 197.92s
[INFO] Hypergraph updated at epoch 350

🔧 Epoch 350 梯度检查:
================================================================================

  参数名称                              梯度范数         梯度均值 状态             
  ----------------------------------------------------------------------
  type_relations                0.000001     0.000000 ✅ 正常           
  exist_relation                0.000101     0.000006 ✅ 正常           
  mi_proj_layer0                0.062256     0.000265 ✅ 正常           
  dis_proj_layer0               0.065966     0.000273 ✅ 正常           
================================================================================

Epoch 350, Total Loss: 13.6588, Recover Loss: 0.8589, miRNA CL: 6.4221, Disease CL: 6.1095, Inter-view (est): 2.8919, Recon Loss: 0.0254, Time: 222.53s
[INFO] Hypergraph updated at epoch 400

🔧 Epoch 400 梯度检查:
================================================================================
  ⚠️ 警告: type_relations梯度几乎为0 (norm=0.00000079)
     → 类型分类器可能没有学习!

  参数名称                              梯度范数         梯度均值 状态             
  ----------------------------------------------------------------------
  type_relations                0.000001     0.000000 ✅ 正常           
  exist_relation                0.000098     0.000006 ✅ 正常           
  mi_proj_layer0                0.065180     0.000276 ✅ 正常           
  dis_proj_layer0               0.056362     0.000238 ✅ 正常           
================================================================================

Epoch 400, Total Loss: 13.5755, Recover Loss: 0.8498, miRNA CL: 6.3853, Disease CL: 6.0763, Inter-view (est): 2.8757, Recon Loss: 0.0250, Time: 247.97s
[INFO] Hypergraph updated at epoch 450

🔧 Epoch 450 梯度检查:
================================================================================
  ⚠️ 警告: type_relations梯度几乎为0 (norm=0.00000053)
     → 类型分类器可能没有学习!

  参数名称                              梯度范数         梯度均值 状态             
  ----------------------------------------------------------------------
  type_relations                0.000001     0.000000 ✅ 正常           
  exist_relation                0.000095     0.000005 ✅ 正常           
  mi_proj_layer0                0.059393     0.000249 ✅ 正常           
  dis_proj_layer0               0.066359     0.000265 ✅ 正常           
================================================================================

Epoch 450, Total Loss: 13.5134, Recover Loss: 0.8478, miRNA CL: 6.3571, Disease CL: 6.0482, Inter-view (est): 2.8628, Recon Loss: 0.0243, Time: 272.71s
[INFO] Hypergraph updated at epoch 500

🔧 Epoch 500 梯度检查:
================================================================================
  ⚠️ 警告: type_relations梯度几乎为0 (norm=0.00000035)
     → 类型分类器可能没有学习!

  参数名称                              梯度范数         梯度均值 状态             
  ----------------------------------------------------------------------
  type_relations                0.000000     0.000000 ✅ 正常           
  exist_relation                0.000092     0.000005 ✅ 正常           
  mi_proj_layer0                0.054793     0.000227 ✅ 正常           
  dis_proj_layer0               0.052309     0.000216 ✅ 正常           
================================================================================

Epoch 500, Total Loss: 13.4536, Recover Loss: 0.8379, miRNA CL: 6.3346, Disease CL: 6.0248, Inter-view (est): 2.8522, Recon Loss: 0.0234, Time: 297.00s
[INFO] Hypergraph updated at epoch 550

🔧 Epoch 550 梯度检查:
================================================================================
  ⚠️ 警告: type_relations梯度几乎为0 (norm=0.00000023)
     → 类型分类器可能没有学习!

  参数名称                              梯度范数         梯度均值 状态             
  ----------------------------------------------------------------------
  type_relations                0.000000     0.000000 ✅ 正常           
  exist_relation                0.000089     0.000005 ✅ 正常           
  mi_proj_layer0                0.054663     0.000229 ✅ 正常           
  dis_proj_layer0               0.050373     0.000208 ✅ 正常           
================================================================================

Epoch 550, Total Loss: 13.4093, Recover Loss: 0.8345, miRNA CL: 6.3154, Disease CL: 6.0053, Inter-view (est): 2.8432, Recon Loss: 0.0240, Time: 321.84s
[INFO] Hypergraph updated at epoch 600

🔧 Epoch 600 梯度检查:
================================================================================
  ⚠️ 警告: type_relations梯度几乎为0 (norm=0.00000014)
     → 类型分类器可能没有学习!

  参数名称                              梯度范数         梯度均值 状态             
  ----------------------------------------------------------------------
  type_relations                0.000000     0.000000 ✅ 正常           
  exist_relation                0.000086     0.000005 ✅ 正常           
  mi_proj_layer0                0.061618     0.000256 ✅ 正常           
  dis_proj_layer0               0.064151     0.000260 ✅ 正常           
================================================================================

Epoch 600, Total Loss: 13.3709, Recover Loss: 0.8327, miRNA CL: 6.2990, Disease CL: 5.9888, Inter-view (est): 2.8356, Recon Loss: 0.0230, Time: 347.59s
[INFO] Hypergraph updated at epoch 650

🔧 Epoch 650 梯度检查:
================================================================================
  ⚠️ 警告: type_relations梯度几乎为0 (norm=0.00000009)
     → 类型分类器可能没有学习!

  参数名称                              梯度范数         梯度均值 状态             
  ----------------------------------------------------------------------
  type_relations                0.000000     0.000000 ❌ 过小           
  exist_relation                0.000083     0.000004 ✅ 正常           
  mi_proj_layer0                0.063027     0.000260 ✅ 正常           
  dis_proj_layer0               0.066835     0.000261 ✅ 正常           
================================================================================

Epoch 650, Total Loss: 13.3331, Recover Loss: 0.8285, miRNA CL: 6.2848, Disease CL: 5.9730, Inter-view (est): 2.8287, Recon Loss: 0.0217, Time: 372.84s

================================================================================
Training completed. Running final test...
================================================================================
Fold 5 completed - AUC: 0.9363, Top-1 F1: 0.5542
Fold 5 training time: 373.67 seconds
Average binary metrics across folds: [[0.93495489 0.93638685 0.86855199 0.86425373 0.8961194  0.83238806
  0.8435145 ]]
🎯 Average Top-1 metrics across folds: {'top1_precision': 0.5738805970149254, 'top1_recall': np.float64(0.6123952842635461), 'top1_f1': np.float64(0.5921285078102227)}

📊 CV_type Style Metrics Details:
  AUC            : 0.9350
  AUPR           : 0.9364
  F1             : 0.8686
  Accuracy       : 0.8643
  Recall         : 0.8961
  Specificity    : 0.8324
  Precision      : 0.8435

🎯 Top-1 Metrics Details:
  top1_precision : 0.5739
  top1_recall    : 0.6124
  top1_f1        : 0.5921

Total execution time: 1854.92 seconds

==========================================================================================
🎯 FINAL COMPREHENSIVE RESULTS WITH TOP-1 METRICS
==========================================================================================
📊 Binary Classification Metrics (Original):
  AUC: 0.9350
  AUPR: 0.9364
  F1: 0.8686
  Accuracy: 0.8643
  Recall: 0.8961
  Specificity: 0.8324
  Precision: 0.8435

🎯 CV_type Style Metrics (Enhanced):
  AUC: 0.9350
  AUPR: 0.9364
  F1: 0.8686
  Accuracy: 0.8643
  Recall: 0.8961
  Specificity: 0.8324
  Precision: 0.8435

🏆 Top-1 Metrics (NEW):
  Top-1 Precision: 0.5739
  Top-1 Recall: 0.6124
  Top-1 F1: 0.5921
==========================================================================================
