[CPU] torch.set_num_threads(14), interop=min(4, 14)
Using device: cpu
[INFO] Auto-computed BALANCED class weights (to prevent class collapse):
  Circulation  (  367 samples): 0.780
  Epigenetics  (  157 samples): 1.823
  Target       (  293 samples): 0.977
  Genetics     (  681 samples): 0.420
  [NOTE] Higher weights for minority classes to prevent model from only predicting majority class
[INFO] Using v2.0_495m383D dataset:
  miRNAs: 495
  Diseases: 383
  Expected associations: ~1498
  Types: 4 (Circulation, Epigenetics, Target, Genetics)

================================================================================
Configuration Summary
================================================================================
Dataset: v2.0_495m383D
Data Path: ./
Model: HeterogenousGraphCLAMIR
  - HGT Layers: 2
  - Attention Heads: 4
  - Association Types: 4
  - Inter-view CL: Enabled
    - Weight: 0.3
    - Temperature: 0.5
    - Margin: 0.5

Training:
  - Epochs: 650
  - Learning Rate: 0.0001
  - Dropout: 0.3
  - Weight Decay: 5e-05
  - Focal Loss: Enabled

Evaluation:
  - Cross-Validation Folds: 5
  - Primary Metric: AUPR

Device: cpu
Random Seed: 1234
================================================================================

[SEED] Re-seeded với args.seed = 1234
🚀 Running with comprehensive evaluation including Top-1 metrics...
🎯 Loading dual-view data...
Starting dual-view data preparation with new file format...
Loading all similarity and feature files from v2.0_495m383D...
✅ Loaded disease semantic similarity from D_SSM1.txt: (383, 383)
✅ Loaded miRNA functional similarity from M_FSM.txt: (495, 495)
✅ Loaded multi-type association pairs from ./v2.0_495m383D\multi_all_mirna_disease_pairs_without_negative.csv: (1679, 3)
✅ Created multi-type association matrix: (495, 383)
📊 Multi-type Association Statistics:
   无关联 (No association): 188087 pairs (99.21%)
   循环类型 (Circulation): 367 pairs (0.19%)
   表观遗传学 (Epigenetics): 157 pairs (0.08%)
   靶标类型 (Target): 293 pairs (0.15%)
   遗传学类型 (Genetics): 681 pairs (0.36%)
✅ Created association matrix from CSV: (495, 383)
✅ Loaded disease-gene features from D_SSM2.txt: torch.Size([383, 383])
✅ Loaded miRNA-sequence features from M_GSM.txt: torch.Size([495, 495])
Processing integrated similarity matrices...
Loaded similarity matrices from cache
Processing indices...
Loaded indices from cache (seed=1234)
✅ Dual-view data preparation completed in 0.50 seconds

============================================================
🎯 DUAL-VIEW CONFIGURATION SUMMARY (v2.0_495m383D)
============================================================
miRNA Dual Views:
  📊 View 1 (Sequence): M_GSM.txt torch.Size([495, 495])
  📊 View 2 (Function): M_FSM.txt torch.Size([495, 495])

Disease Dual Views:
  📊 View 1 (Gene): D_SSM2.txt torch.Size([383, 383])
  📊 View 2 (Semantic): D_SSM1.txt torch.Size([383, 383])

Association Matrix: torch.Size([495, 383])
Data source: v2.0_495m383D (495 miRNAs × 383 Diseases)
============================================================
Preloading dual-view data to device...
✅ Loaded disease-gene features to device: torch.Size([383, 383])
✅ Loaded miRNA-sequence features to device: torch.Size([495, 495])
✅ Loaded disease semantic similarity to device: torch.Size([383, 383])
✅ Loaded miRNA functional similarity to device: torch.Size([495, 495])
✅ Dual-view data preloading completed in 0.00 seconds
OptimizedDataset initialized with 5 folds
Using device: cpu
=== Cross Validation Fold 1/5 ===
Using hidden dimensions: [256, 256] with 4 attention heads
优化模型初始化: miRNA数量 = 495, 疾病数量 = 383
   节点维度: 256 → 128
   类型数量: 4
   Temperature: 2.0 (可学习)
   Loss mode: paper_literal
   [Plan F paper_literal] OVERRIDE: uniform class_weights, focal_gamma=0, label_smoothing=0, exist_weight=0 → plain CE cho type only
   loss_mode=paper_literal
   [paper_literal] exist_weight=0.0, type_weight=1.0, plain CE, no focal/CW/LS

✅ SimplifiedMultiTypeAssociationLoss 初始化 (改进版)
   类别权重 (beta=0.99999): ['0.780', '1.822', '0.977', '0.421']
Original positive index shape: torch.Size([1072, 2])
Original negative index shape: torch.Size([135416, 2])
采样后负样本数量: 10720
🎯 Building TRUE DUAL VIEWS from four different sources...
📊 Data sources loaded:
  Disease semantic: torch.Size([383, 383])
  miRNA functional: torch.Size([495, 495])
  Disease-gene: torch.Size([383, 383])
  miRNA-sequence: torch.Size([495, 495])
🧬 Building miRNA dual-view hypergraphs...
  📊 miRNA View 1 (Sequence): torch.Size([495, 878])
  📊 miRNA View 2 (Function): torch.Size([495, 878])
🦠 Building disease dual-view hypergraphs...
  📊 Disease View 1 (Gene): torch.Size([383, 878])
  📊 Disease View 2 (Semantic): torch.Size([383, 878])
✅ Successfully built TRUE DUAL VIEWS:
   🧬 miRNA: Sequence Features (m_ss.xlsx) vs Functional Similarity (mi_fun_sim_2.0.csv)
   🦠 Disease: Gene Features (d_gs.xlsx) vs Semantic Similarity (dis_sem_sim_2.0.csv)

🔧 Epoch 1 梯度检查:
================================================================================

  参数名称                              梯度范数         梯度均值 状态             
  ----------------------------------------------------------------------
  type_relations                0.181354     0.004805 ✅ 正常           
  exist_relation                0.000133     0.000009 ✅ 正常           
  mi_proj_layer0                0.059191     0.000185 ✅ 正常           
  dis_proj_layer0               0.065731     0.000182 ✅ 正常           
================================================================================

Epoch 1, Total Loss: 20.6286, Recover Loss: 1.3867, miRNA CL: 8.9735, Disease CL: 8.4526, Inter-view (est): 4.0214, Recon Loss: 1.5178, Time: 0.73s
[INFO] Hypergraph updated at epoch 5
[INFO] Hypergraph updated at epoch 10
[INFO] Hypergraph updated at epoch 15
[INFO] Hypergraph updated at epoch 20
[INFO] Hypergraph updated at epoch 25
[INFO] Hypergraph updated at epoch 30
[INFO] Hypergraph updated at epoch 35
[INFO] Hypergraph updated at epoch 40
[INFO] Hypergraph updated at epoch 45
[INFO] Hypergraph updated at epoch 50

🔧 Epoch 50 梯度检查:
================================================================================

  参数名称                              梯度范数         梯度均值 状态             
  ----------------------------------------------------------------------
  type_relations                0.535043     0.006013 ✅ 正常           
  exist_relation                0.000129     0.000009 ✅ 正常           
  mi_proj_layer0                0.037738     0.000088 ✅ 正常           
  dis_proj_layer0               0.039484     0.000106 ✅ 正常           
================================================================================

Epoch 50, Total Loss: 17.4057, Recover Loss: 1.3014, miRNA CL: 8.0220, Disease CL: 7.6956, Inter-view (est): 3.6271, Recon Loss: 0.1071, Time: 101.41s
[INFO] Hypergraph updated at epoch 100

🔧 Epoch 100 梯度检查:
================================================================================

  参数名称                              梯度范数         梯度均值 状态             
  ----------------------------------------------------------------------
  type_relations                0.405985     0.005022 ✅ 正常           
  exist_relation                0.000123     0.000008 ✅ 正常           
  mi_proj_layer0                0.026518     0.000068 ✅ 正常           
  dis_proj_layer0               0.024744     0.000069 ✅ 正常           
================================================================================

Epoch 100, Total Loss: 16.2390, Recover Loss: 1.2688, miRNA CL: 7.7475, Disease CL: 6.9324, Inter-view (est): 3.3877, Recon Loss: 0.0314, Time: 138.92s
[INFO] Hypergraph updated at epoch 150

🔧 Epoch 150 梯度检查:
================================================================================

  参数名称                              梯度范数         梯度均值 状态             
  ----------------------------------------------------------------------
  type_relations                0.243654     0.003013 ✅ 正常           
  exist_relation                0.000118     0.000008 ✅ 正常           
  mi_proj_layer0                0.017350     0.000047 ✅ 正常           
  dis_proj_layer0               0.021336     0.000055 ✅ 正常           
================================================================================

Epoch 150, Total Loss: 15.6057, Recover Loss: 1.2424, miRNA CL: 7.5506, Disease CL: 6.5382, Inter-view (est): 3.2513, Recon Loss: 0.0304, Time: 175.02s
[INFO] Hypergraph updated at epoch 200

🔧 Epoch 200 梯度检查:
================================================================================

  参数名称                              梯度范数         梯度均值 状态             
  ----------------------------------------------------------------------
  type_relations                0.184564     0.002581 ✅ 正常           
  exist_relation                0.000115     0.000007 ✅ 正常           
  mi_proj_layer0                0.029556     0.000068 ✅ 正常           
  dis_proj_layer0               0.027051     0.000068 ✅ 正常           
================================================================================

Epoch 200, Total Loss: 15.2277, Recover Loss: 1.2408, miRNA CL: 7.3235, Disease CL: 6.3993, Inter-view (est): 3.1668, Recon Loss: 0.0289, Time: 211.12s
[INFO] Hypergraph updated at epoch 250

🔧 Epoch 250 梯度检查:
================================================================================

  参数名称                              梯度范数         梯度均值 状态             
  ----------------------------------------------------------------------
  type_relations                0.203959     0.003314 ✅ 正常           
  exist_relation                0.000112     0.000007 ✅ 正常           
  mi_proj_layer0                0.029559     0.000077 ✅ 正常           
  dis_proj_layer0               0.030369     0.000080 ✅ 正常           
================================================================================

Epoch 250, Total Loss: 14.9604, Recover Loss: 1.2022, miRNA CL: 7.1720, Disease CL: 6.3291, Inter-view (est): 3.1156, Recon Loss: 0.0281, Time: 246.81s
[INFO] Hypergraph updated at epoch 300

🔧 Epoch 300 梯度检查:
================================================================================

  参数名称                              梯度范数         梯度均值 状态             
  ----------------------------------------------------------------------
  type_relations                0.257975     0.003843 ✅ 正常           
  exist_relation                0.000109     0.000007 ✅ 正常           
  mi_proj_layer0                0.045866     0.000105 ✅ 正常           
  dis_proj_layer0               0.047117     0.000111 ✅ 正常           
================================================================================

Epoch 300, Total Loss: 14.7508, Recover Loss: 1.1651, miRNA CL: 7.0630, Disease CL: 6.2710, Inter-view (est): 3.0771, Recon Loss: 0.0277, Time: 282.69s
[INFO] Hypergraph updated at epoch 350

🔧 Epoch 350 梯度检查:
================================================================================

  参数名称                              梯度范数         梯度均值 状态             
  ----------------------------------------------------------------------
  type_relations                0.237196     0.003679 ✅ 正常           
  exist_relation                0.000106     0.000007 ✅ 正常           
  mi_proj_layer0                0.030707     0.000075 ✅ 正常           
  dis_proj_layer0               0.032079     0.000086 ✅ 正常           
================================================================================

Epoch 350, Total Loss: 14.5618, Recover Loss: 1.1113, miRNA CL: 6.9769, Disease CL: 6.2254, Inter-view (est): 3.0467, Recon Loss: 0.0281, Time: 318.65s
[INFO] Hypergraph updated at epoch 400

🔧 Epoch 400 梯度检查:
================================================================================

  参数名称                              梯度范数         梯度均值 状态             
  ----------------------------------------------------------------------
  type_relations                0.180772     0.002823 ✅ 正常           
  exist_relation                0.000104     0.000006 ✅ 正常           
  mi_proj_layer0                0.025288     0.000063 ✅ 正常           
  dis_proj_layer0               0.031649     0.000079 ✅ 正常           
================================================================================

Epoch 400, Total Loss: 14.4086, Recover Loss: 1.0937, miRNA CL: 6.8804, Disease CL: 6.1906, Inter-view (est): 3.0164, Recon Loss: 0.0270, Time: 355.43s
[INFO] Hypergraph updated at epoch 450

🔧 Epoch 450 梯度检查:
================================================================================

  参数名称                              梯度范数         梯度均值 状态             
  ----------------------------------------------------------------------
  type_relations                0.179728     0.002760 ✅ 正常           
  exist_relation                0.000102     0.000006 ✅ 正常           
  mi_proj_layer0                0.040233     0.000090 ✅ 正常           
  dis_proj_layer0               0.032915     0.000078 ✅ 正常           
================================================================================

Epoch 450, Total Loss: 14.3015, Recover Loss: 1.0878, miRNA CL: 6.7966, Disease CL: 6.1748, Inter-view (est): 2.9934, Recon Loss: 0.0271, Time: 390.68s
[INFO] Hypergraph updated at epoch 500

🔧 Epoch 500 梯度检查:
================================================================================

  参数名称                              梯度范数         梯度均值 状态             
  ----------------------------------------------------------------------
  type_relations                0.164571     0.002585 ✅ 正常           
  exist_relation                0.000102     0.000006 ✅ 正常           
  mi_proj_layer0                0.028169     0.000068 ✅ 正常           
  dis_proj_layer0               0.029048     0.000074 ✅ 正常           
================================================================================

Epoch 500, Total Loss: 14.2454, Recover Loss: 1.0713, miRNA CL: 6.7644, Disease CL: 6.1680, Inter-view (est): 2.9844, Recon Loss: 0.0272, Time: 427.05s
[INFO] Hypergraph updated at epoch 550

🔧 Epoch 550 梯度检查:
================================================================================

  参数名称                              梯度范数         梯度均值 状态             
  ----------------------------------------------------------------------
  type_relations                0.145679     0.002332 ✅ 正常           
  exist_relation                0.000101     0.000006 ✅ 正常           
  mi_proj_layer0                0.029600     0.000069 ✅ 正常           
  dis_proj_layer0               0.028871     0.000068 ✅ 正常           
================================================================================

Epoch 550, Total Loss: 14.2177, Recover Loss: 1.0713, miRNA CL: 6.7440, Disease CL: 6.1622, Inter-view (est): 2.9784, Recon Loss: 0.0265, Time: 462.38s
[INFO] Hypergraph updated at epoch 600

🔧 Epoch 600 梯度检查:
================================================================================

  参数名称                              梯度范数         梯度均值 状态             
  ----------------------------------------------------------------------
  type_relations                0.149831     0.002453 ✅ 正常           
  exist_relation                0.000101     0.000006 ✅ 正常           
  mi_proj_layer0                0.029134     0.000067 ✅ 正常           
  dis_proj_layer0               0.026193     0.000065 ✅ 正常           
================================================================================

Epoch 600, Total Loss: 14.1849, Recover Loss: 1.0604, miRNA CL: 6.7283, Disease CL: 6.1570, Inter-view (est): 2.9735, Recon Loss: 0.0262, Time: 498.69s
[INFO] Hypergraph updated at epoch 650

🔧 Epoch 650 梯度检查:
================================================================================

  参数名称                              梯度范数         梯度均值 状态             
  ----------------------------------------------------------------------
  type_relations                0.159395     0.002553 ✅ 正常           
  exist_relation                0.000100     0.000006 ✅ 正常           
  mi_proj_layer0                0.036455     0.000084 ✅ 正常           
  dis_proj_layer0               0.038594     0.000090 ✅ 正常           
================================================================================

Epoch 650, Total Loss: 14.1643, Recover Loss: 1.0715, miRNA CL: 6.7030, Disease CL: 6.1511, Inter-view (est): 2.9663, Recon Loss: 0.0264, Time: 534.33s

================================================================================
Training completed. Running final test...
================================================================================
Fold 1 completed - AUC: 0.6686, Top-1 F1: 0.5011
Fold 1 training time: 535.40 seconds
=== Cross Validation Fold 2/5 ===
Using hidden dimensions: [256, 256] with 4 attention heads
优化模型初始化: miRNA数量 = 495, 疾病数量 = 383
   节点维度: 256 → 128
   类型数量: 4
   Temperature: 2.0 (可学习)
   Loss mode: paper_literal
   [Plan F paper_literal] OVERRIDE: uniform class_weights, focal_gamma=0, label_smoothing=0, exist_weight=0 → plain CE cho type only
   loss_mode=paper_literal
   [paper_literal] exist_weight=0.0, type_weight=1.0, plain CE, no focal/CW/LS

✅ SimplifiedMultiTypeAssociationLoss 初始化 (改进版)
   类别权重 (beta=0.99999): ['0.780', '1.822', '0.977', '0.421']
Original positive index shape: torch.Size([1072, 2])
Original negative index shape: torch.Size([135416, 2])
采样后负样本数量: 10720
🎯 Building TRUE DUAL VIEWS from four different sources...
📊 Data sources loaded:
  Disease semantic: torch.Size([383, 383])
  miRNA functional: torch.Size([495, 495])
  Disease-gene: torch.Size([383, 383])
  miRNA-sequence: torch.Size([495, 495])
🧬 Building miRNA dual-view hypergraphs...
  📊 miRNA View 1 (Sequence): torch.Size([495, 878])
  📊 miRNA View 2 (Function): torch.Size([495, 878])
🦠 Building disease dual-view hypergraphs...
  📊 Disease View 1 (Gene): torch.Size([383, 878])
  📊 Disease View 2 (Semantic): torch.Size([383, 878])
✅ Successfully built TRUE DUAL VIEWS:
   🧬 miRNA: Sequence Features (m_ss.xlsx) vs Functional Similarity (mi_fun_sim_2.0.csv)
   🦠 Disease: Gene Features (d_gs.xlsx) vs Semantic Similarity (dis_sem_sim_2.0.csv)

🔧 Epoch 1 梯度检查:
================================================================================

  参数名称                              梯度范数         梯度均值 状态             
  ----------------------------------------------------------------------
  type_relations                0.166469     0.004386 ✅ 正常           
  exist_relation                0.000146     0.000011 ✅ 正常           
  mi_proj_layer0                0.054939     0.000168 ✅ 正常           
  dis_proj_layer0               0.054479     0.000157 ✅ 正常           
================================================================================

Epoch 1, Total Loss: 20.5188, Recover Loss: 1.3878, miRNA CL: 8.8626, Disease CL: 8.4379, Inter-view (est): 3.9924, Recon Loss: 1.5322, Time: 0.70s
[INFO] Hypergraph updated at epoch 5
[INFO] Hypergraph updated at epoch 10
[INFO] Hypergraph updated at epoch 15
[INFO] Hypergraph updated at epoch 20
[INFO] Hypergraph updated at epoch 25
[INFO] Hypergraph updated at epoch 30
[INFO] Hypergraph updated at epoch 35
[INFO] Hypergraph updated at epoch 40
[INFO] Hypergraph updated at epoch 45
[INFO] Hypergraph updated at epoch 50

🔧 Epoch 50 梯度检查:
================================================================================

  参数名称                              梯度范数         梯度均值 状态             
  ----------------------------------------------------------------------
  type_relations                0.393014     0.005293 ✅ 正常           
  exist_relation                0.000141     0.000010 ✅ 正常           
  mi_proj_layer0                0.034339     0.000084 ✅ 正常           
  dis_proj_layer0               0.031659     0.000087 ✅ 正常           
================================================================================

Epoch 50, Total Loss: 17.4209, Recover Loss: 1.3032, miRNA CL: 7.9965, Disease CL: 7.6912, Inter-view (est): 3.6202, Recon Loss: 0.1501, Time: 104.41s
[INFO] Hypergraph updated at epoch 100

🔧 Epoch 100 梯度检查:
================================================================================

  参数名称                              梯度范数         梯度均值 状态             
  ----------------------------------------------------------------------
  type_relations                0.312945     0.003862 ✅ 正常           
  exist_relation                0.000135     0.000010 ✅ 正常           
  mi_proj_layer0                0.022000     0.000060 ✅ 正常           
  dis_proj_layer0               0.025175     0.000063 ✅ 正常           
================================================================================

Epoch 100, Total Loss: 16.2783, Recover Loss: 1.2574, miRNA CL: 7.7331, Disease CL: 6.9982, Inter-view (est): 3.3995, Recon Loss: 0.0302, Time: 143.40s
[INFO] Hypergraph updated at epoch 150

🔧 Epoch 150 梯度检查:
================================================================================

  参数名称                              梯度范数         梯度均值 状态             
  ----------------------------------------------------------------------
  type_relations                0.228020     0.002880 ✅ 正常           
  exist_relation                0.000130     0.000009 ✅ 正常           
  mi_proj_layer0                0.023258     0.000056 ✅ 正常           
  dis_proj_layer0               0.024641     0.000060 ✅ 正常           
================================================================================

Epoch 150, Total Loss: 15.6534, Recover Loss: 1.2340, miRNA CL: 7.4907, Disease CL: 6.6533, Inter-view (est): 3.2640, Recon Loss: 0.0303, Time: 179.09s
[INFO] Hypergraph updated at epoch 200

🔧 Epoch 200 梯度检查:
================================================================================

  参数名称                              梯度范数         梯度均值 状态             
  ----------------------------------------------------------------------
  type_relations                0.226526     0.003293 ✅ 正常           
  exist_relation                0.000126     0.000009 ✅ 正常           
  mi_proj_layer0                0.022786     0.000062 ✅ 正常           
  dis_proj_layer0               0.032082     0.000080 ✅ 正常           
================================================================================

Epoch 200, Total Loss: 15.2649, Recover Loss: 1.2156, miRNA CL: 7.2854, Disease CL: 6.4967, Inter-view (est): 3.1805, Recon Loss: 0.0293, Time: 214.12s
[INFO] Hypergraph updated at epoch 250

🔧 Epoch 250 梯度检查:
================================================================================

  参数名称                              梯度范数         梯度均值 状态             
  ----------------------------------------------------------------------
  type_relations                0.204944     0.003128 ✅ 正常           
  exist_relation                0.000124     0.000009 ✅ 正常           
  mi_proj_layer0                0.025076     0.000062 ✅ 正常           
  dis_proj_layer0               0.026501     0.000074 ✅ 正常           
================================================================================

Epoch 250, Total Loss: 15.0284, Recover Loss: 1.1993, miRNA CL: 7.1644, Disease CL: 6.4039, Inter-view (est): 3.1312, Recon Loss: 0.0283, Time: 249.18s
[INFO] Hypergraph updated at epoch 300

🔧 Epoch 300 梯度检查:
================================================================================

  参数名称                              梯度范数         梯度均值 状态             
  ----------------------------------------------------------------------
  type_relations                0.215364     0.003419 ✅ 正常           
  exist_relation                0.000121     0.000008 ✅ 正常           
  mi_proj_layer0                0.026775     0.000068 ✅ 正常           
  dis_proj_layer0               0.032374     0.000089 ✅ 正常           
================================================================================

Epoch 300, Total Loss: 14.8364, Recover Loss: 1.1736, miRNA CL: 7.0761, Disease CL: 6.3311, Inter-view (est): 3.0940, Recon Loss: 0.0276, Time: 284.17s
[INFO] Hypergraph updated at epoch 350

🔧 Epoch 350 梯度检查:
================================================================================

  参数名称                              梯度范数         梯度均值 状态             
  ----------------------------------------------------------------------
  type_relations                0.172064     0.002596 ✅ 正常           
  exist_relation                0.000118     0.000008 ✅ 正常           
  mi_proj_layer0                0.026563     0.000063 ✅ 正常           
  dis_proj_layer0               0.031847     0.000086 ✅ 正常           
================================================================================

Epoch 350, Total Loss: 14.6831, Recover Loss: 1.1472, miRNA CL: 7.0026, Disease CL: 6.2819, Inter-view (est): 3.0657, Recon Loss: 0.0276, Time: 319.15s
[INFO] Hypergraph updated at epoch 400

🔧 Epoch 400 梯度检查:
================================================================================

  参数名称                              梯度范数         梯度均值 状态             
  ----------------------------------------------------------------------
  type_relations                0.143878     0.002223 ✅ 正常           
  exist_relation                0.000116     0.000008 ✅ 正常           
  mi_proj_layer0                0.023732     0.000056 ✅ 正常           
  dis_proj_layer0               0.030039     0.000074 ✅ 正常           
================================================================================

Epoch 400, Total Loss: 14.5764, Recover Loss: 1.1360, miRNA CL: 6.9436, Disease CL: 6.2487, Inter-view (est): 3.0444, Recon Loss: 0.0271, Time: 354.44s
[INFO] Hypergraph updated at epoch 450

🔧 Epoch 450 梯度检查:
================================================================================

  参数名称                              梯度范数         梯度均值 状态             
  ----------------------------------------------------------------------
  type_relations                0.177768     0.002769 ✅ 正常           
  exist_relation                0.000114     0.000008 ✅ 正常           
  mi_proj_layer0                0.034692     0.000077 ✅ 正常           
  dis_proj_layer0               0.038207     0.000088 ✅ 正常           
================================================================================

Epoch 450, Total Loss: 14.4660, Recover Loss: 1.1290, miRNA CL: 6.8673, Disease CL: 6.2239, Inter-view (est): 3.0210, Recon Loss: 0.0273, Time: 389.63s
[INFO] Hypergraph updated at epoch 500

🔧 Epoch 500 梯度检查:
================================================================================

  参数名称                              梯度范数         梯度均值 状态             
  ----------------------------------------------------------------------
  type_relations                0.163253     0.002537 ✅ 正常           
  exist_relation                0.000113     0.000008 ✅ 正常           
  mi_proj_layer0                0.027480     0.000066 ✅ 正常           
  dis_proj_layer0               0.030038     0.000082 ✅ 正常           
================================================================================

Epoch 500, Total Loss: 14.3746, Recover Loss: 1.1154, miRNA CL: 6.8064, Disease CL: 6.2087, Inter-view (est): 3.0035, Recon Loss: 0.0269, Time: 425.39s
[INFO] Hypergraph updated at epoch 550

🔧 Epoch 550 梯度检查:
================================================================================

  参数名称                              梯度范数         梯度均值 状态             
  ----------------------------------------------------------------------
  type_relations                0.158621     0.002466 ✅ 正常           
  exist_relation                0.000112     0.000008 ✅ 正常           
  mi_proj_layer0                0.033463     0.000072 ✅ 正常           
  dis_proj_layer0               0.035947     0.000093 ✅ 正常           
================================================================================

Epoch 550, Total Loss: 14.3083, Recover Loss: 1.1005, miRNA CL: 6.7672, Disease CL: 6.1983, Inter-view (est): 2.9920, Recon Loss: 0.0262, Time: 460.03s
[INFO] Hypergraph updated at epoch 600

🔧 Epoch 600 梯度检查:
================================================================================

  参数名称                              梯度范数         梯度均值 状态             
  ----------------------------------------------------------------------
  type_relations                0.158627     0.002445 ✅ 正常           
  exist_relation                0.000112     0.000007 ✅ 正常           
  mi_proj_layer0                0.024928     0.000061 ✅ 正常           
  dis_proj_layer0               0.030587     0.000080 ✅ 正常           
================================================================================

Epoch 600, Total Loss: 14.2587, Recover Loss: 1.0881, miRNA CL: 6.7390, Disease CL: 6.1890, Inter-view (est): 2.9834, Recon Loss: 0.0273, Time: 495.46s
[INFO] Hypergraph updated at epoch 650

🔧 Epoch 650 梯度检查:
================================================================================

  参数名称                              梯度范数         梯度均值 状态             
  ----------------------------------------------------------------------
  type_relations                0.153113     0.002449 ✅ 正常           
  exist_relation                0.000111     0.000007 ✅ 正常           
  mi_proj_layer0                0.025058     0.000062 ✅ 正常           
  dis_proj_layer0               0.035875     0.000092 ✅ 正常           
================================================================================

Epoch 650, Total Loss: 14.2171, Recover Loss: 1.0852, miRNA CL: 6.7108, Disease CL: 6.1795, Inter-view (est): 2.9747, Recon Loss: 0.0272, Time: 530.38s

================================================================================
Training completed. Running final test...
================================================================================
Fold 2 completed - AUC: 0.3245, Top-1 F1: 0.5108
Fold 2 training time: 531.26 seconds
=== Cross Validation Fold 3/5 ===
Using hidden dimensions: [256, 256] with 4 attention heads
优化模型初始化: miRNA数量 = 495, 疾病数量 = 383
   节点维度: 256 → 128
   类型数量: 4
   Temperature: 2.0 (可学习)
   Loss mode: paper_literal
   [Plan F paper_literal] OVERRIDE: uniform class_weights, focal_gamma=0, label_smoothing=0, exist_weight=0 → plain CE cho type only
   loss_mode=paper_literal
   [paper_literal] exist_weight=0.0, type_weight=1.0, plain CE, no focal/CW/LS

✅ SimplifiedMultiTypeAssociationLoss 初始化 (改进版)
   类别权重 (beta=0.99999): ['0.780', '1.822', '0.977', '0.421']
Original positive index shape: torch.Size([1072, 2])
Original negative index shape: torch.Size([135416, 2])
采样后负样本数量: 10720
🎯 Building TRUE DUAL VIEWS from four different sources...
📊 Data sources loaded:
  Disease semantic: torch.Size([383, 383])
  miRNA functional: torch.Size([495, 495])
  Disease-gene: torch.Size([383, 383])
  miRNA-sequence: torch.Size([495, 495])
🧬 Building miRNA dual-view hypergraphs...
  📊 miRNA View 1 (Sequence): torch.Size([495, 878])
  📊 miRNA View 2 (Function): torch.Size([495, 878])
🦠 Building disease dual-view hypergraphs...
  📊 Disease View 1 (Gene): torch.Size([383, 878])
  📊 Disease View 2 (Semantic): torch.Size([383, 878])
✅ Successfully built TRUE DUAL VIEWS:
   🧬 miRNA: Sequence Features (m_ss.xlsx) vs Functional Similarity (mi_fun_sim_2.0.csv)
   🦠 Disease: Gene Features (d_gs.xlsx) vs Semantic Similarity (dis_sem_sim_2.0.csv)

🔧 Epoch 1 梯度检查:
================================================================================

  参数名称                              梯度范数         梯度均值 状态             
  ----------------------------------------------------------------------
  type_relations                0.182227     0.004842 ✅ 正常           
  exist_relation                0.000145     0.000010 ✅ 正常           
  mi_proj_layer0                0.055977     0.000184 ✅ 正常           
  dis_proj_layer0               0.053752     0.000175 ✅ 正常           
================================================================================

Epoch 1, Total Loss: 20.5692, Recover Loss: 1.3852, miRNA CL: 8.9437, Disease CL: 8.4171, Inter-view (est): 4.0063, Recon Loss: 1.5255, Time: 0.76s
[INFO] Hypergraph updated at epoch 5
[INFO] Hypergraph updated at epoch 10
[INFO] Hypergraph updated at epoch 15
[INFO] Hypergraph updated at epoch 20
[INFO] Hypergraph updated at epoch 25
[INFO] Hypergraph updated at epoch 30
[INFO] Hypergraph updated at epoch 35
[INFO] Hypergraph updated at epoch 40
[INFO] Hypergraph updated at epoch 45
[INFO] Hypergraph updated at epoch 50

🔧 Epoch 50 梯度检查:
================================================================================

  参数名称                              梯度范数         梯度均值 状态             
  ----------------------------------------------------------------------
  type_relations                0.451337     0.006025 ✅ 正常           
  exist_relation                0.000140     0.000010 ✅ 正常           
  mi_proj_layer0                0.029282     0.000083 ✅ 正常           
  dis_proj_layer0               0.031354     0.000086 ✅ 正常           
================================================================================

Epoch 50, Total Loss: 17.4700, Recover Loss: 1.2978, miRNA CL: 8.0045, Disease CL: 7.6945, Inter-view (est): 3.6228, Recon Loss: 0.1940, Time: 104.85s
[INFO] Hypergraph updated at epoch 100

🔧 Epoch 100 梯度检查:
================================================================================

  参数名称                              梯度范数         梯度均值 状态             
  ----------------------------------------------------------------------
  type_relations                0.334794     0.004267 ✅ 正常           
  exist_relation                0.000134     0.000009 ✅ 正常           
  mi_proj_layer0                0.026667     0.000065 ✅ 正常           
  dis_proj_layer0               0.025217     0.000067 ✅ 正常           
================================================================================

Epoch 100, Total Loss: 16.3567, Recover Loss: 1.2599, miRNA CL: 7.7468, Disease CL: 7.0599, Inter-view (est): 3.4169, Recon Loss: 0.0316, Time: 144.53s
[INFO] Hypergraph updated at epoch 150

🔧 Epoch 150 梯度检查:
================================================================================

  参数名称                              梯度范数         梯度均值 状态             
  ----------------------------------------------------------------------
  type_relations                0.247451     0.003044 ✅ 正常           
  exist_relation                0.000129     0.000009 ✅ 正常           
  mi_proj_layer0                0.022771     0.000056 ✅ 正常           
  dis_proj_layer0               0.026263     0.000069 ✅ 正常           
================================================================================

Epoch 150, Total Loss: 15.7771, Recover Loss: 1.2350, miRNA CL: 7.5626, Disease CL: 6.7063, Inter-view (est): 3.2928, Recon Loss: 0.0298, Time: 179.13s
[INFO] Hypergraph updated at epoch 200

🔧 Epoch 200 梯度检查:
================================================================================

  参数名称                              梯度范数         梯度均值 状态             
  ----------------------------------------------------------------------
  type_relations                0.192686     0.002965 ✅ 正常           
  exist_relation                0.000125     0.000008 ✅ 正常           
  mi_proj_layer0                0.020986     0.000056 ✅ 正常           
  dis_proj_layer0               0.026952     0.000072 ✅ 正常           
================================================================================

Epoch 200, Total Loss: 15.2776, Recover Loss: 1.2130, miRNA CL: 7.2806, Disease CL: 6.5208, Inter-view (est): 3.1849, Recon Loss: 0.0295, Time: 215.16s
[INFO] Hypergraph updated at epoch 250

🔧 Epoch 250 梯度检查:
================================================================================

  参数名称                              梯度范数         梯度均值 状态             
  ----------------------------------------------------------------------
  type_relations                0.212429     0.003679 ✅ 正常           
  exist_relation                0.000123     0.000008 ✅ 正常           
  mi_proj_layer0                0.024411     0.000068 ✅ 正常           
  dis_proj_layer0               0.029618     0.000081 ✅ 正常           
================================================================================

Epoch 250, Total Loss: 15.0191, Recover Loss: 1.1888, miRNA CL: 7.1467, Disease CL: 6.4268, Inter-view (est): 3.1324, Recon Loss: 0.0283, Time: 250.24s
[INFO] Hypergraph updated at epoch 300

🔧 Epoch 300 梯度检查:
================================================================================

  参数名称                              梯度范数         梯度均值 状态             
  ----------------------------------------------------------------------
  type_relations                0.222197     0.003580 ✅ 正常           
  exist_relation                0.000120     0.000008 ✅ 正常           
  mi_proj_layer0                0.025353     0.000068 ✅ 正常           
  dis_proj_layer0               0.030093     0.000081 ✅ 正常           
================================================================================

Epoch 300, Total Loss: 14.8260, Recover Loss: 1.1609, miRNA CL: 7.0603, Disease CL: 6.3533, Inter-view (est): 3.0954, Recon Loss: 0.0276, Time: 285.62s
[INFO] Hypergraph updated at epoch 350

🔧 Epoch 350 梯度检查:
================================================================================

  参数名称                              梯度范数         梯度均值 状态             
  ----------------------------------------------------------------------
  type_relations                0.172267     0.002800 ✅ 正常           
  exist_relation                0.000118     0.000007 ✅ 正常           
  mi_proj_layer0                0.026471     0.000067 ✅ 正常           
  dis_proj_layer0               0.036807     0.000091 ✅ 正常           
================================================================================

Epoch 350, Total Loss: 14.6786, Recover Loss: 1.1419, miRNA CL: 6.9879, Disease CL: 6.3015, Inter-view (est): 3.0668, Recon Loss: 0.0272, Time: 320.56s
[INFO] Hypergraph updated at epoch 400

🔧 Epoch 400 梯度检查:
================================================================================

  参数名称                              梯度范数         梯度均值 状态             
  ----------------------------------------------------------------------
  type_relations                0.177305     0.002673 ✅ 正常           
  exist_relation                0.000115     0.000007 ✅ 正常           
  mi_proj_layer0                0.026104     0.000063 ✅ 正常           
  dis_proj_layer0               0.033610     0.000083 ✅ 正常           
================================================================================

Epoch 400, Total Loss: 14.5521, Recover Loss: 1.1225, miRNA CL: 6.9240, Disease CL: 6.2619, Inter-view (est): 3.0429, Recon Loss: 0.0269, Time: 355.34s
[INFO] Hypergraph updated at epoch 450

🔧 Epoch 450 梯度检查:
================================================================================

  参数名称                              梯度范数         梯度均值 状态             
  ----------------------------------------------------------------------
  type_relations                0.184149     0.002965 ✅ 正常           
  exist_relation                0.000114     0.000007 ✅ 正常           
  mi_proj_layer0                0.028337     0.000071 ✅ 正常           
  dis_proj_layer0               0.034829     0.000093 ✅ 正常           
================================================================================

Epoch 450, Total Loss: 14.4551, Recover Loss: 1.1143, miRNA CL: 6.8607, Disease CL: 6.2385, Inter-view (est): 3.0229, Recon Loss: 0.0266, Time: 390.21s
[INFO] Hypergraph updated at epoch 500

🔧 Epoch 500 梯度检查:
================================================================================

  参数名称                              梯度范数         梯度均值 状态             
  ----------------------------------------------------------------------
  type_relations                0.184748     0.003049 ✅ 正常           
  exist_relation                0.000113     0.000007 ✅ 正常           
  mi_proj_layer0                0.033015     0.000077 ✅ 正常           
  dis_proj_layer0               0.036623     0.000100 ✅ 正常           
================================================================================

Epoch 500, Total Loss: 14.3811, Recover Loss: 1.0991, miRNA CL: 6.8158, Disease CL: 6.2257, Inter-view (est): 3.0096, Recon Loss: 0.0266, Time: 425.47s
[INFO] Hypergraph updated at epoch 550

🔧 Epoch 550 梯度检查:
================================================================================

  参数名称                              梯度范数         梯度均值 状态             
  ----------------------------------------------------------------------
  type_relations                0.170001     0.002875 ✅ 正常           
  exist_relation                0.000112     0.000007 ✅ 正常           
  mi_proj_layer0                0.028414     0.000069 ✅ 正常           
  dis_proj_layer0               0.036893     0.000094 ✅ 正常           
================================================================================

Epoch 550, Total Loss: 14.3224, Recover Loss: 1.0821, miRNA CL: 6.7845, Disease CL: 6.2163, Inter-view (est): 3.0002, Recon Loss: 0.0265, Time: 460.98s
[INFO] Hypergraph updated at epoch 600

🔧 Epoch 600 梯度检查:
================================================================================

  参数名称                              梯度范数         梯度均值 状态             
  ----------------------------------------------------------------------
  type_relations                0.182290     0.002960 ✅ 正常           
  exist_relation                0.000112     0.000007 ✅ 正常           
  mi_proj_layer0                0.025664     0.000065 ✅ 正常           
  dis_proj_layer0               0.033136     0.000085 ✅ 正常           
================================================================================

Epoch 600, Total Loss: 14.2814, Recover Loss: 1.0740, miRNA CL: 6.7616, Disease CL: 6.2073, Inter-view (est): 2.9928, Recon Loss: 0.0262, Time: 495.94s
[INFO] Hypergraph updated at epoch 650

🔧 Epoch 650 梯度检查:
================================================================================

  参数名称                              梯度范数         梯度均值 状态             
  ----------------------------------------------------------------------
  type_relations                0.164853     0.002629 ✅ 正常           
  exist_relation                0.000111     0.000007 ✅ 正常           
  mi_proj_layer0                0.030399     0.000071 ✅ 正常           
  dis_proj_layer0               0.030558     0.000079 ✅ 正常           
================================================================================

Epoch 650, Total Loss: 14.2332, Recover Loss: 1.0572, miRNA CL: 6.7400, Disease CL: 6.1983, Inter-view (est): 2.9858, Recon Loss: 0.0261, Time: 531.72s

================================================================================
Training completed. Running final test...
================================================================================
Fold 3 completed - AUC: 0.2390, Top-1 F1: 0.5745
Fold 3 training time: 532.53 seconds
=== Cross Validation Fold 4/5 ===
Using hidden dimensions: [256, 256] with 4 attention heads
优化模型初始化: miRNA数量 = 495, 疾病数量 = 383
   节点维度: 256 → 128
   类型数量: 4
   Temperature: 2.0 (可学习)
   Loss mode: paper_literal
   [Plan F paper_literal] OVERRIDE: uniform class_weights, focal_gamma=0, label_smoothing=0, exist_weight=0 → plain CE cho type only
   loss_mode=paper_literal
   [paper_literal] exist_weight=0.0, type_weight=1.0, plain CE, no focal/CW/LS

✅ SimplifiedMultiTypeAssociationLoss 初始化 (改进版)
   类别权重 (beta=0.99999): ['0.780', '1.822', '0.977', '0.421']
Original positive index shape: torch.Size([1072, 2])
Original negative index shape: torch.Size([135416, 2])
采样后负样本数量: 10720
🎯 Building TRUE DUAL VIEWS from four different sources...
📊 Data sources loaded:
  Disease semantic: torch.Size([383, 383])
  miRNA functional: torch.Size([495, 495])
  Disease-gene: torch.Size([383, 383])
  miRNA-sequence: torch.Size([495, 495])
🧬 Building miRNA dual-view hypergraphs...
  📊 miRNA View 1 (Sequence): torch.Size([495, 878])
  📊 miRNA View 2 (Function): torch.Size([495, 878])
🦠 Building disease dual-view hypergraphs...
  📊 Disease View 1 (Gene): torch.Size([383, 878])
  📊 Disease View 2 (Semantic): torch.Size([383, 878])
✅ Successfully built TRUE DUAL VIEWS:
   🧬 miRNA: Sequence Features (m_ss.xlsx) vs Functional Similarity (mi_fun_sim_2.0.csv)
   🦠 Disease: Gene Features (d_gs.xlsx) vs Semantic Similarity (dis_sem_sim_2.0.csv)

🔧 Epoch 1 梯度检查:
================================================================================

  参数名称                              梯度范数         梯度均值 状态             
  ----------------------------------------------------------------------
  type_relations                0.184060     0.005076 ✅ 正常           
  exist_relation                0.000139     0.000010 ✅ 正常           
  mi_proj_layer0                0.050814     0.000158 ✅ 正常           
  dis_proj_layer0               0.067370     0.000185 ✅ 正常           
================================================================================

Epoch 1, Total Loss: 20.5586, Recover Loss: 1.3842, miRNA CL: 8.9423, Disease CL: 8.4508, Inter-view (est): 4.0138, Recon Loss: 1.4830, Time: 0.72s
[INFO] Hypergraph updated at epoch 5
[INFO] Hypergraph updated at epoch 10
[INFO] Hypergraph updated at epoch 15
[INFO] Hypergraph updated at epoch 20
[INFO] Hypergraph updated at epoch 25
[INFO] Hypergraph updated at epoch 30
[INFO] Hypergraph updated at epoch 35
[INFO] Hypergraph updated at epoch 40
[INFO] Hypergraph updated at epoch 45
[INFO] Hypergraph updated at epoch 50

🔧 Epoch 50 梯度检查:
================================================================================

  参数名称                              梯度范数         梯度均值 状态             
  ----------------------------------------------------------------------
  type_relations                0.571809     0.005619 ✅ 正常           
  exist_relation                0.000134     0.000009 ✅ 正常           
  mi_proj_layer0                0.029113     0.000077 ✅ 正常           
  dis_proj_layer0               0.031461     0.000091 ✅ 正常           
================================================================================

Epoch 50, Total Loss: 17.4826, Recover Loss: 1.2853, miRNA CL: 7.9975, Disease CL: 7.7319, Inter-view (est): 3.6298, Recon Loss: 0.1882, Time: 96.43s
[INFO] Hypergraph updated at epoch 100

🔧 Epoch 100 梯度检查:
================================================================================

  参数名称                              梯度范数         梯度均值 状态             
  ----------------------------------------------------------------------
  type_relations                0.304270     0.004177 ✅ 正常           
  exist_relation                0.000129     0.000009 ✅ 正常           
  mi_proj_layer0                0.027952     0.000071 ✅ 正常           
  dis_proj_layer0               0.028761     0.000077 ✅ 正常           
================================================================================

Epoch 100, Total Loss: 16.3499, Recover Loss: 1.2652, miRNA CL: 7.7369, Disease CL: 7.0564, Inter-view (est): 3.4138, Recon Loss: 0.0320, Time: 135.98s
[INFO] Hypergraph updated at epoch 150

🔧 Epoch 150 梯度检查:
================================================================================

  参数名称                              梯度范数         梯度均值 状态             
  ----------------------------------------------------------------------
  type_relations                0.244070     0.003267 ✅ 正常           
  exist_relation                0.000123     0.000008 ✅ 正常           
  mi_proj_layer0                0.022740     0.000054 ✅ 正常           
  dis_proj_layer0               0.025313     0.000065 ✅ 正常           
================================================================================

Epoch 150, Total Loss: 15.6635, Recover Loss: 1.2392, miRNA CL: 7.4915, Disease CL: 6.6572, Inter-view (est): 3.2651, Recon Loss: 0.0309, Time: 170.96s
[INFO] Hypergraph updated at epoch 200

🔧 Epoch 200 梯度检查:
================================================================================

  参数名称                              梯度范数         梯度均值 状态             
  ----------------------------------------------------------------------
  type_relations                0.208944     0.003114 ✅ 正常           
  exist_relation                0.000119     0.000008 ✅ 正常           
  mi_proj_layer0                0.026832     0.000064 ✅ 正常           
  dis_proj_layer0               0.028697     0.000076 ✅ 正常           
================================================================================

Epoch 200, Total Loss: 15.1461, Recover Loss: 1.2119, miRNA CL: 7.2172, Disease CL: 6.4521, Inter-view (est): 3.1544, Recon Loss: 0.0299, Time: 206.20s
[INFO] Hypergraph updated at epoch 250

🔧 Epoch 250 梯度检查:
================================================================================

  参数名称                              梯度范数         梯度均值 状态             
  ----------------------------------------------------------------------
  type_relations                0.187455     0.002829 ✅ 正常           
  exist_relation                0.000117     0.000007 ✅ 正常           
  mi_proj_layer0                0.020224     0.000055 ✅ 正常           
  dis_proj_layer0               0.027756     0.000074 ✅ 正常           
================================================================================

Epoch 250, Total Loss: 14.9426, Recover Loss: 1.1962, miRNA CL: 7.1105, Disease CL: 6.3774, Inter-view (est): 3.1126, Recon Loss: 0.0289, Time: 241.92s
[INFO] Hypergraph updated at epoch 300

🔧 Epoch 300 梯度检查:
================================================================================

  参数名称                              梯度范数         梯度均值 状态             
  ----------------------------------------------------------------------
  type_relations                0.221706     0.003355 ✅ 正常           
  exist_relation                0.000114     0.000007 ✅ 正常           
  mi_proj_layer0                0.025697     0.000064 ✅ 正常           
  dis_proj_layer0               0.033294     0.000087 ✅ 正常           
================================================================================

Epoch 300, Total Loss: 14.7741, Recover Loss: 1.1650, miRNA CL: 7.0335, Disease CL: 6.3221, Inter-view (est): 3.0821, Recon Loss: 0.0282, Time: 277.46s
[INFO] Hypergraph updated at epoch 350

🔧 Epoch 350 梯度检查:
================================================================================

  参数名称                              梯度范数         梯度均值 状态             
  ----------------------------------------------------------------------
  type_relations                0.220613     0.003316 ✅ 正常           
  exist_relation                0.000112     0.000007 ✅ 正常           
  mi_proj_layer0                0.028645     0.000069 ✅ 正常           
  dis_proj_layer0               0.033255     0.000085 ✅ 正常           
================================================================================

Epoch 350, Total Loss: 14.6331, Recover Loss: 1.1317, miRNA CL: 6.9743, Disease CL: 6.2776, Inter-view (est): 3.0581, Recon Loss: 0.0274, Time: 314.45s
[INFO] Hypergraph updated at epoch 400

🔧 Epoch 400 梯度检查:
================================================================================

  参数名称                              梯度范数         梯度均值 状态             
  ----------------------------------------------------------------------
  type_relations                0.185610     0.002812 ✅ 正常           
  exist_relation                0.000110     0.000007 ✅ 正常           
  mi_proj_layer0                0.032133     0.000071 ✅ 正常           
  dis_proj_layer0               0.028782     0.000074 ✅ 正常           
================================================================================

Epoch 400, Total Loss: 14.5136, Recover Loss: 1.1204, miRNA CL: 6.9058, Disease CL: 6.2401, Inter-view (est): 3.0337, Recon Loss: 0.0281, Time: 349.25s
[INFO] Hypergraph updated at epoch 450

🔧 Epoch 450 梯度检查:
================================================================================

  参数名称                              梯度范数         梯度均值 状态             
  ----------------------------------------------------------------------
  type_relations                0.175345     0.002625 ✅ 正常           
  exist_relation                0.000109     0.000007 ✅ 正常           
  mi_proj_layer0                0.026455     0.000063 ✅ 正常           
  dis_proj_layer0               0.033281     0.000086 ✅ 正常           
================================================================================

Epoch 450, Total Loss: 14.3869, Recover Loss: 1.1011, miRNA CL: 6.8248, Disease CL: 6.2155, Inter-view (est): 3.0093, Recon Loss: 0.0282, Time: 384.84s
[INFO] Hypergraph updated at epoch 500

🔧 Epoch 500 梯度检查:
================================================================================

  参数名称                              梯度范数         梯度均值 状态             
  ----------------------------------------------------------------------
  type_relations                0.151151     0.002366 ✅ 正常           
  exist_relation                0.000108     0.000006 ✅ 正常           
  mi_proj_layer0                0.026019     0.000063 ✅ 正常           
  dis_proj_layer0               0.030196     0.000076 ✅ 正常           
================================================================================

Epoch 500, Total Loss: 14.3235, Recover Loss: 1.0997, miRNA CL: 6.7798, Disease CL: 6.2010, Inter-view (est): 2.9956, Recon Loss: 0.0270, Time: 419.26s
[INFO] Hypergraph updated at epoch 550

🔧 Epoch 550 梯度检查:
================================================================================

  参数名称                              梯度范数         梯度均值 状态             
  ----------------------------------------------------------------------
  type_relations                0.177416     0.002783 ✅ 正常           
  exist_relation                0.000107     0.000006 ✅ 正常           
  mi_proj_layer0                0.028382     0.000068 ✅ 正常           
  dis_proj_layer0               0.032863     0.000082 ✅ 正常           
================================================================================

Epoch 550, Total Loss: 14.2745, Recover Loss: 1.0856, miRNA CL: 6.7544, Disease CL: 6.1923, Inter-view (est): 2.9877, Recon Loss: 0.0270, Time: 454.40s
[INFO] Hypergraph updated at epoch 600

🔧 Epoch 600 梯度检查:
================================================================================

  参数名称                              梯度范数         梯度均值 状态             
  ----------------------------------------------------------------------
  type_relations                0.148231     0.002338 ✅ 正常           
  exist_relation                0.000107     0.000006 ✅ 正常           
  mi_proj_layer0                0.027585     0.000066 ✅ 正常           
  dis_proj_layer0               0.030545     0.000074 ✅ 正常           
================================================================================

Epoch 600, Total Loss: 14.2325, Recover Loss: 1.0761, miRNA CL: 6.7301, Disease CL: 6.1848, Inter-view (est): 2.9804, Recon Loss: 0.0270, Time: 489.45s
[INFO] Hypergraph updated at epoch 650

🔧 Epoch 650 梯度检查:
================================================================================

  参数名称                              梯度范数         梯度均值 状态             
  ----------------------------------------------------------------------
  type_relations                0.146541     0.002244 ✅ 正常           
  exist_relation                0.000106     0.000006 ✅ 正常           
  mi_proj_layer0                0.046619     0.000100 ✅ 正常           
  dis_proj_layer0               0.048528     0.000110 ✅ 正常           
================================================================================

Epoch 650, Total Loss: 14.2035, Recover Loss: 1.0769, miRNA CL: 6.7090, Disease CL: 6.1774, Inter-view (est): 2.9738, Recon Loss: 0.0266, Time: 524.23s

================================================================================
Training completed. Running final test...
================================================================================
Fold 4 completed - AUC: 0.3589, Top-1 F1: 0.5724
Fold 4 training time: 525.05 seconds
=== Cross Validation Fold 5/5 ===
Using hidden dimensions: [256, 256] with 4 attention heads
优化模型初始化: miRNA数量 = 495, 疾病数量 = 383
   节点维度: 256 → 128
   类型数量: 4
   Temperature: 2.0 (可学习)
   Loss mode: paper_literal
   [Plan F paper_literal] OVERRIDE: uniform class_weights, focal_gamma=0, label_smoothing=0, exist_weight=0 → plain CE cho type only
   loss_mode=paper_literal
   [paper_literal] exist_weight=0.0, type_weight=1.0, plain CE, no focal/CW/LS

✅ SimplifiedMultiTypeAssociationLoss 初始化 (改进版)
   类别权重 (beta=0.99999): ['0.780', '1.822', '0.977', '0.421']
Original positive index shape: torch.Size([1072, 2])
Original negative index shape: torch.Size([135416, 2])
采样后负样本数量: 10720
🎯 Building TRUE DUAL VIEWS from four different sources...
📊 Data sources loaded:
  Disease semantic: torch.Size([383, 383])
  miRNA functional: torch.Size([495, 495])
  Disease-gene: torch.Size([383, 383])
  miRNA-sequence: torch.Size([495, 495])
🧬 Building miRNA dual-view hypergraphs...
  📊 miRNA View 1 (Sequence): torch.Size([495, 878])
  📊 miRNA View 2 (Function): torch.Size([495, 878])
🦠 Building disease dual-view hypergraphs...
  📊 Disease View 1 (Gene): torch.Size([383, 878])
  📊 Disease View 2 (Semantic): torch.Size([383, 878])
✅ Successfully built TRUE DUAL VIEWS:
   🧬 miRNA: Sequence Features (m_ss.xlsx) vs Functional Similarity (mi_fun_sim_2.0.csv)
   🦠 Disease: Gene Features (d_gs.xlsx) vs Semantic Similarity (dis_sem_sim_2.0.csv)

🔧 Epoch 1 梯度检查:
================================================================================

  参数名称                              梯度范数         梯度均值 状态             
  ----------------------------------------------------------------------
  type_relations                0.145322     0.004181 ✅ 正常           
  exist_relation                0.000139     0.000010 ✅ 正常           
  mi_proj_layer0                0.057573     0.000180 ✅ 正常           
  dis_proj_layer0               0.057571     0.000165 ✅ 正常           
================================================================================

Epoch 1, Total Loss: 20.5642, Recover Loss: 1.3855, miRNA CL: 8.9262, Disease CL: 8.4225, Inter-view (est): 4.0035, Recon Loss: 1.5320, Time: 0.70s
[INFO] Hypergraph updated at epoch 5
[INFO] Hypergraph updated at epoch 10
[INFO] Hypergraph updated at epoch 15
[INFO] Hypergraph updated at epoch 20
[INFO] Hypergraph updated at epoch 25
[INFO] Hypergraph updated at epoch 30
[INFO] Hypergraph updated at epoch 35
[INFO] Hypergraph updated at epoch 40
[INFO] Hypergraph updated at epoch 45
[INFO] Hypergraph updated at epoch 50

🔧 Epoch 50 梯度检查:
================================================================================

  参数名称                              梯度范数         梯度均值 状态             
  ----------------------------------------------------------------------
  type_relations                0.551402     0.005588 ✅ 正常           
  exist_relation                0.000134     0.000009 ✅ 正常           
  mi_proj_layer0                0.034645     0.000089 ✅ 正常           
  dis_proj_layer0               0.039880     0.000107 ✅ 正常           
================================================================================

Epoch 50, Total Loss: 17.4634, Recover Loss: 1.2973, miRNA CL: 8.0532, Disease CL: 7.7261, Inter-view (est): 3.6414, Recon Loss: 0.1068, Time: 100.11s
[INFO] Hypergraph updated at epoch 100

🔧 Epoch 100 梯度检查:
================================================================================

  参数名称                              梯度范数         梯度均值 状态             
  ----------------------------------------------------------------------
  type_relations                0.360288     0.004407 ✅ 正常           
  exist_relation                0.000128     0.000009 ✅ 正常           
  mi_proj_layer0                0.023476     0.000062 ✅ 正常           
  dis_proj_layer0               0.025134     0.000066 ✅ 正常           
================================================================================

Epoch 100, Total Loss: 16.3433, Recover Loss: 1.2486, miRNA CL: 7.7507, Disease CL: 7.0525, Inter-view (est): 3.4161, Recon Loss: 0.0318, Time: 137.08s
[INFO] Hypergraph updated at epoch 150

🔧 Epoch 150 梯度检查:
================================================================================

  参数名称                              梯度范数         梯度均值 状态             
  ----------------------------------------------------------------------
  type_relations                0.203315     0.002900 ✅ 正常           
  exist_relation                0.000123     0.000008 ✅ 正常           
  mi_proj_layer0                0.023292     0.000056 ✅ 正常           
  dis_proj_layer0               0.024432     0.000064 ✅ 正常           
================================================================================

Epoch 150, Total Loss: 15.7582, Recover Loss: 1.2370, miRNA CL: 7.5794, Disease CL: 6.6666, Inter-view (est): 3.2875, Recon Loss: 0.0301, Time: 172.61s
[INFO] Hypergraph updated at epoch 200

🔧 Epoch 200 梯度检查:
================================================================================

  参数名称                              梯度范数         梯度均值 状态             
  ----------------------------------------------------------------------
  type_relations                0.229590     0.003172 ✅ 正常           
  exist_relation                0.000119     0.000008 ✅ 正常           
  mi_proj_layer0                0.025017     0.000062 ✅ 正常           
  dis_proj_layer0               0.030672     0.000081 ✅ 正常           
================================================================================

Epoch 200, Total Loss: 15.2362, Recover Loss: 1.2127, miRNA CL: 7.3190, Disease CL: 6.4398, Inter-view (est): 3.1751, Recon Loss: 0.0294, Time: 208.07s
[INFO] Hypergraph updated at epoch 250

🔧 Epoch 250 梯度检查:
================================================================================

  参数名称                              梯度范数         梯度均值 状态             
  ----------------------------------------------------------------------
  type_relations                0.259341     0.003713 ✅ 正常           
  exist_relation                0.000116     0.000007 ✅ 正常           
  mi_proj_layer0                0.027627     0.000073 ✅ 正常           
  dis_proj_layer0               0.038849     0.000101 ✅ 正常           
================================================================================

Epoch 250, Total Loss: 14.9590, Recover Loss: 1.1878, miRNA CL: 7.1525, Disease CL: 6.3600, Inter-view (est): 3.1183, Recon Loss: 0.0287, Time: 243.06s
[INFO] Hypergraph updated at epoch 300

🔧 Epoch 300 梯度检查:
================================================================================

  参数名称                              梯度范数         梯度均值 状态             
  ----------------------------------------------------------------------
  type_relations                0.218952     0.003150 ✅ 正常           
  exist_relation                0.000113     0.000007 ✅ 正常           
  mi_proj_layer0                0.025428     0.000066 ✅ 正常           
  dis_proj_layer0               0.035452     0.000093 ✅ 正常           
================================================================================

Epoch 300, Total Loss: 14.7826, Recover Loss: 1.1580, miRNA CL: 7.0609, Disease CL: 6.3102, Inter-view (est): 3.0856, Recon Loss: 0.0278, Time: 277.77s
[INFO] Hypergraph updated at epoch 350

🔧 Epoch 350 梯度检查:
================================================================================

  参数名称                              梯度范数         梯度均值 状态             
  ----------------------------------------------------------------------
  type_relations                0.192481     0.002889 ✅ 正常           
  exist_relation                0.000111     0.000007 ✅ 正常           
  mi_proj_layer0                0.029620     0.000070 ✅ 正常           
  dis_proj_layer0               0.036109     0.000089 ✅ 正常           
================================================================================

Epoch 350, Total Loss: 14.6584, Recover Loss: 1.1421, miRNA CL: 6.9958, Disease CL: 6.2710, Inter-view (est): 3.0616, Recon Loss: 0.0273, Time: 312.23s
[INFO] Hypergraph updated at epoch 400

🔧 Epoch 400 梯度检查:
================================================================================

  参数名称                              梯度范数         梯度均值 状态             
  ----------------------------------------------------------------------
  type_relations                0.176469     0.002731 ✅ 正常           
  exist_relation                0.000108     0.000007 ✅ 正常           
  mi_proj_layer0                0.024656     0.000063 ✅ 正常           
  dis_proj_layer0               0.033475     0.000085 ✅ 正常           
================================================================================

Epoch 400, Total Loss: 14.5004, Recover Loss: 1.1112, miRNA CL: 6.9147, Disease CL: 6.2289, Inter-view (est): 3.0331, Recon Loss: 0.0273, Time: 347.40s
[INFO] Hypergraph updated at epoch 450

🔧 Epoch 450 梯度检查:
================================================================================

  参数名称                              梯度范数         梯度均值 状态             
  ----------------------------------------------------------------------
  type_relations                0.139438     0.002195 ✅ 正常           
  exist_relation                0.000106     0.000006 ✅ 正常           
  mi_proj_layer0                0.029280     0.000073 ✅ 正常           
  dis_proj_layer0               0.036901     0.000091 ✅ 正常           
================================================================================

Epoch 450, Total Loss: 14.3728, Recover Loss: 1.0901, miRNA CL: 6.8391, Disease CL: 6.2004, Inter-view (est): 3.0091, Recon Loss: 0.0274, Time: 382.73s
[INFO] Hypergraph updated at epoch 500

🔧 Epoch 500 梯度检查:
================================================================================

  参数名称                              梯度范数         梯度均值 状态             
  ----------------------------------------------------------------------
  type_relations                0.137911     0.002224 ✅ 正常           
  exist_relation                0.000105     0.000006 ✅ 正常           
  mi_proj_layer0                0.029165     0.000068 ✅ 正常           
  dis_proj_layer0               0.036740     0.000093 ✅ 正常           
================================================================================

Epoch 500, Total Loss: 14.2881, Recover Loss: 1.0726, miRNA CL: 6.7880, Disease CL: 6.1862, Inter-view (est): 2.9941, Recon Loss: 0.0269, Time: 418.13s
[INFO] Hypergraph updated at epoch 550

🔧 Epoch 550 梯度检查:
================================================================================

  参数名称                              梯度范数         梯度均值 状态             
  ----------------------------------------------------------------------
  type_relations                0.125498     0.001940 ✅ 正常           
  exist_relation                0.000104     0.000006 ✅ 正常           
  mi_proj_layer0                0.024685     0.000059 ✅ 正常           
  dis_proj_layer0               0.026228     0.000067 ✅ 正常           
================================================================================

Epoch 550, Total Loss: 14.2335, Recover Loss: 1.0596, miRNA CL: 6.7552, Disease CL: 6.1785, Inter-view (est): 2.9847, Recon Loss: 0.0266, Time: 453.54s
[INFO] Hypergraph updated at epoch 600

🔧 Epoch 600 梯度检查:
================================================================================

  参数名称                              梯度范数         梯度均值 状态             
  ----------------------------------------------------------------------
  type_relations                0.135488     0.002150 ✅ 正常           
  exist_relation                0.000104     0.000006 ✅ 正常           
  mi_proj_layer0                0.025982     0.000063 ✅ 正常           
  dis_proj_layer0               0.025779     0.000065 ✅ 正常           
================================================================================

Epoch 600, Total Loss: 14.2104, Recover Loss: 1.0611, miRNA CL: 6.7384, Disease CL: 6.1713, Inter-view (est): 2.9792, Recon Loss: 0.0268, Time: 487.96s
[INFO] Hypergraph updated at epoch 650

🔧 Epoch 650 梯度检查:
================================================================================

  参数名称                              梯度范数         梯度均值 状态             
  ----------------------------------------------------------------------
  type_relations                0.142747     0.002263 ✅ 正常           
  exist_relation                0.000103     0.000006 ✅ 正常           
  mi_proj_layer0                0.033815     0.000079 ✅ 正常           
  dis_proj_layer0               0.034423     0.000083 ✅ 正常           
================================================================================

Epoch 650, Total Loss: 14.1832, Recover Loss: 1.0577, miRNA CL: 6.7212, Disease CL: 6.1649, Inter-view (est): 2.9737, Recon Loss: 0.0271, Time: 523.15s

================================================================================
Training completed. Running final test...
================================================================================
Fold 5 completed - AUC: 0.4017, Top-1 F1: 0.4917
Fold 5 training time: 524.03 seconds
Average binary metrics across folds: [[0.39853921 0.47675861 0.66869664 0.50492537 0.99910448 0.01074627
  0.50253779]]
🎯 Average Top-1 metrics across folds: {'top1_precision': 0.6179104477611941, 'top1_recall': np.float64(0.46449635123699623), 'top1_f1': np.float64(0.5301092029989063)}

📊 CV_type Style Metrics Details:
  AUC            : 0.3985
  AUPR           : 0.4768
  F1             : 0.6687
  Accuracy       : 0.5049
  Recall         : 0.9991
  Specificity    : 0.0107
  Precision      : 0.5025

🎯 Top-1 Metrics Details:
  top1_precision : 0.6179
  top1_recall    : 0.4645
  top1_f1        : 0.5301

Total execution time: 2648.80 seconds

==========================================================================================
🎯 FINAL COMPREHENSIVE RESULTS WITH TOP-1 METRICS
==========================================================================================
📊 Binary Classification Metrics (Original):
  AUC: 0.3985
  AUPR: 0.4768
  F1: 0.6687
  Accuracy: 0.5049
  Recall: 0.9991
  Specificity: 0.0107
  Precision: 0.5025

🎯 CV_type Style Metrics (Enhanced):
  AUC: 0.3985
  AUPR: 0.4768
  F1: 0.6687
  Accuracy: 0.5049
  Recall: 0.9991
  Specificity: 0.0107
  Precision: 0.5025

🏆 Top-1 Metrics (NEW):
  Top-1 Precision: 0.6179
  Top-1 Recall: 0.4645
  Top-1 F1: 0.5301
==========================================================================================
