[CPU] torch.set_num_threads(16), interop=min(4, 16)
Using device: cpu
[INFO] Auto-computed BALANCED class weights (to prevent class collapse):
  Circulation  (  367 samples): 0.780
  Epigenetics  (  157 samples): 1.823
  Target       (  293 samples): 0.977
  Genetics     (  681 samples): 0.420
  [NOTE] Higher weights for minority classes to prevent model from only predicting majority class
[INFO] Using v3.2_wang dataset (Wang MeSH semantic + functional sim):
  miRNAs: 713
  Diseases: 447
  Expected associations: ~16,341 (TDRC preprocessing)
  Types: 5 (Circulation, Epigenetics, Target, Genetics, Tissue)

================================================================================
Configuration Summary
================================================================================
Dataset: v3.2_wang
Data Path: ./
Model: HeterogenousGraphCLAMIR
  - HGT Layers: 2
  - Attention Heads: 4
  - Association Types: 5
  - Inter-view CL: Enabled
    - Weight: 0.3
    - Temperature: 0.5
    - Margin: 0.5

Training:
  - Epochs: 300
  - Learning Rate: 0.0001
  - Dropout: 0.3
  - Weight Decay: 5e-05
  - Focal Loss: Enabled

Evaluation:
  - Cross-Validation Folds: 5
  - Primary Metric: AUPR

Device: cpu
Random Seed: 1234
================================================================================

[SEED] Re-seeded với args.seed = 1234
🚀 Running with comprehensive evaluation including Top-1 metrics...
🎯 Loading dual-view data...
Starting dual-view data preparation with new file format...
Loading all similarity and feature files from v3.2_wang...
✅ Loaded disease semantic similarity from D_SSM1.txt: (447, 447)
✅ Loaded miRNA functional similarity from M_FSM.txt: (713, 713)
✅ Loaded multi-type association pairs from ./v3.2_wang/multi_all_mirna_disease_pairs_without_negative.csv: (12534, 3)
✅ Created multi-type association matrix: (713, 447)
📊 Multi-type Association Statistics:
   无关联 (No association): 306177 pairs (96.07%)
   循环类型 (Circulation): 3310 pairs (1.04%)
   表观遗传学 (Epigenetics): 411 pairs (0.13%)
   靶标类型 (Target): 4810 pairs (1.51%)
   遗传学类型 (Genetics): 850 pairs (0.27%)
   组织表达 (Tissue): 3153 pairs (0.99%)
✅ Created association matrix from CSV: (713, 447)
✅ Loaded disease-gene features from D_SSM2.txt: torch.Size([447, 447])
✅ Loaded miRNA-sequence features from M_GSM.txt: torch.Size([713, 713])
Processing integrated similarity matrices...
Loaded similarity matrices from cache
Processing indices...
Computing indices (seed=1234)...
Indices computed in 1.05 seconds
✅ Dual-view data preparation completed in 1.56 seconds

============================================================
🎯 DUAL-VIEW CONFIGURATION SUMMARY (v3.2_wang)
============================================================
miRNA Dual Views:
  📊 View 1 (Sequence): M_GSM.txt torch.Size([713, 713])
  📊 View 2 (Function): M_FSM.txt torch.Size([713, 713])

Disease Dual Views:
  📊 View 1 (Gene): D_SSM2.txt torch.Size([447, 447])
  📊 View 2 (Semantic): D_SSM1.txt torch.Size([447, 447])

Association Matrix: torch.Size([713, 447])
Data source: v3.2_wang (713 miRNAs × 447 Diseases)
============================================================
Preloading dual-view data to device...
✅ Loaded disease-gene features to device: torch.Size([447, 447])
✅ Loaded miRNA-sequence features to device: torch.Size([713, 713])
✅ Loaded disease semantic similarity to device: torch.Size([447, 447])
✅ Loaded miRNA functional similarity to device: torch.Size([713, 713])
✅ Dual-view data preloading completed in 0.00 seconds
OptimizedDataset initialized with 5 folds
Using device: cpu
=== Cross Validation Fold 1/5 ===
Using hidden dimensions: [256, 256] with 4 attention heads
优化模型初始化: miRNA数量 = 713, 疾病数量 = 447
   节点维度: 256 → 128
   类型数量: 5
   Temperature: 2.0 (可学习)
   Loss mode: two_head
   loss_mode=two_head
   exist_weight=0.100, type_weight=0.900

✅ SimplifiedMultiTypeAssociationLoss 初始化 (改进版)
   类别权重 (beta=0.99999): ['0.344', '2.732', '0.239', '1.324', '0.361']
Original positive index shape: torch.Size([9020, 2])
Original negative index shape: torch.Size([220440, 2])
采样后负样本数量: 90200
🎯 Building TRUE DUAL VIEWS from four different sources...
📊 Data sources loaded:
  Disease semantic: torch.Size([447, 447])
  miRNA functional: torch.Size([713, 713])
  Disease-gene: torch.Size([447, 447])
  miRNA-sequence: torch.Size([713, 713])
🧬 Building miRNA dual-view hypergraphs...
  📊 miRNA View 1 (Sequence): torch.Size([713, 1160])
  📊 miRNA View 2 (Function): torch.Size([713, 1160])
🦠 Building disease dual-view hypergraphs...
  📊 Disease View 1 (Gene): torch.Size([447, 1160])
  📊 Disease View 2 (Semantic): torch.Size([447, 1160])
✅ Successfully built TRUE DUAL VIEWS:
   🧬 miRNA: Sequence Features (m_ss.xlsx) vs Functional Similarity (mi_fun_sim_2.0.csv)
   🦠 Disease: Gene Features (d_gs.xlsx) vs Semantic Similarity (dis_sem_sim_2.0.csv)

🔧 Epoch 1 梯度检查:
================================================================================

  参数名称                              梯度范数         梯度均值 状态             
  ----------------------------------------------------------------------
  type_relations                0.000028     0.000001 ✅ 正常           
  exist_relation                0.000142     0.000010 ✅ 正常           
  mi_proj_layer0                0.404809     0.001465 ✅ 正常           
  dis_proj_layer0               0.499441     0.001843 ✅ 正常           
================================================================================

Epoch 1, Total Loss: 21.0034, Recover Loss: 1.6743, miRNA CL: 9.2200, Disease CL: 8.6334, Inter-view (est): 4.1200, Recon Loss: 1.1584, Time: 3.78s
[INFO] Hypergraph updated at epoch 5
[INFO] Hypergraph updated at epoch 10
[INFO] Hypergraph updated at epoch 15
[INFO] Hypergraph updated at epoch 20
[INFO] Hypergraph updated at epoch 25
[INFO] Hypergraph updated at epoch 30
[INFO] Hypergraph updated at epoch 35
[INFO] Hypergraph updated at epoch 40
[INFO] Hypergraph updated at epoch 45
[INFO] Hypergraph updated at epoch 50

🔧 Epoch 50 梯度检查:
================================================================================

  参数名称                              梯度范数         梯度均值 状态             
  ----------------------------------------------------------------------
  type_relations                0.000019     0.000000 ✅ 正常           
  exist_relation                0.000137     0.000009 ✅ 正常           
  mi_proj_layer0                0.072564     0.000256 ✅ 正常           
  dis_proj_layer0               0.077303     0.000269 ✅ 正常           
================================================================================

Epoch 50, Total Loss: 17.7807, Recover Loss: 1.5333, miRNA CL: 8.0442, Disease CL: 7.8200, Inter-view (est): 3.6610, Recon Loss: 0.0787, Time: 273.60s
[INFO] Hypergraph updated at epoch 100

🔧 Epoch 100 梯度检查:
================================================================================

  参数名称                              梯度范数         梯度均值 状态             
  ----------------------------------------------------------------------
  type_relations                0.000011     0.000000 ✅ 正常           
  exist_relation                0.000132     0.000009 ✅ 正常           
  mi_proj_layer0                0.073313     0.000263 ✅ 正常           
  dis_proj_layer0               0.059799     0.000226 ✅ 正常           
================================================================================

Epoch 100, Total Loss: 16.3540, Recover Loss: 1.4945, miRNA CL: 7.4783, Disease CL: 7.0596, Inter-view (est): 3.3549, Recon Loss: 0.0300, Time: 472.78s
[INFO] Hypergraph updated at epoch 150

🔧 Epoch 150 梯度检查:
================================================================================

  参数名称                              梯度范数         梯度均值 状态             
  ----------------------------------------------------------------------
  type_relations                0.000007     0.000000 ✅ 正常           
  exist_relation                0.000127     0.000008 ✅ 正常           
  mi_proj_layer0                0.046687     0.000179 ✅ 正常           
  dis_proj_layer0               0.052101     0.000195 ✅ 正常           
================================================================================

Epoch 150, Total Loss: 15.6327, Recover Loss: 1.4732, miRNA CL: 7.1314, Disease CL: 6.7200, Inter-view (est): 3.1965, Recon Loss: 0.0267, Time: 681.58s
[INFO] Hypergraph updated at epoch 200

🔧 Epoch 200 梯度检查:
================================================================================

  参数名称                              梯度范数         梯度均值 状态             
  ----------------------------------------------------------------------
  type_relations                0.000004     0.000000 ✅ 正常           
  exist_relation                0.000122     0.000008 ✅ 正常           
  mi_proj_layer0                0.050373     0.000192 ✅ 正常           
  dis_proj_layer0               0.065970     0.000240 ✅ 正常           
================================================================================

Epoch 200, Total Loss: 15.3874, Recover Loss: 1.4603, miRNA CL: 7.0341, Disease CL: 6.5939, Inter-view (est): 3.1449, Recon Loss: 0.0260, Time: 878.84s
[INFO] Hypergraph updated at epoch 250

🔧 Epoch 250 梯度检查:
================================================================================

  参数名称                              梯度范数         梯度均值 状态             
  ----------------------------------------------------------------------
  type_relations                0.000003     0.000000 ✅ 正常           
  exist_relation                0.000118     0.000007 ✅ 正常           
  mi_proj_layer0                0.042726     0.000175 ✅ 正常           
  dis_proj_layer0               0.045434     0.000176 ✅ 正常           
================================================================================

Epoch 250, Total Loss: 15.2300, Recover Loss: 1.4415, miRNA CL: 6.9782, Disease CL: 6.5195, Inter-view (est): 3.1149, Recon Loss: 0.0242, Time: 1072.44s
[INFO] Hypergraph updated at epoch 300

🔧 Epoch 300 梯度检查:
================================================================================

  参数名称                              梯度范数         梯度均值 状态             
  ----------------------------------------------------------------------
  type_relations                0.000002     0.000000 ✅ 正常           
  exist_relation                0.000114     0.000007 ✅ 正常           
  mi_proj_layer0                0.039703     0.000162 ✅ 正常           
  dis_proj_layer0               0.048976     0.000191 ✅ 正常           
================================================================================

Epoch 300, Total Loss: 15.1231, Recover Loss: 1.4221, miRNA CL: 6.9424, Disease CL: 6.4749, Inter-view (est): 3.0963, Recon Loss: 0.0231, Time: 1263.91s

================================================================================
Training completed. Running final test...
================================================================================
[dump_scores] fold0: 2255 positive test pairs -> results/conformal/v32_dump/
Fold 1 completed - AUC: 0.8965, Top-1 F1: 0.0000
Fold 1 training time: 1266.40 seconds
=== Cross Validation Fold 2/5 ===
Using hidden dimensions: [256, 256] with 4 attention heads
优化模型初始化: miRNA数量 = 713, 疾病数量 = 447
   节点维度: 256 → 128
   类型数量: 5
   Temperature: 2.0 (可学习)
   Loss mode: two_head
   loss_mode=two_head
   exist_weight=0.100, type_weight=0.900

✅ SimplifiedMultiTypeAssociationLoss 初始化 (改进版)
   类别权重 (beta=0.99999): ['0.344', '2.732', '0.239', '1.324', '0.361']
Original positive index shape: torch.Size([9020, 2])
Original negative index shape: torch.Size([220440, 2])
采样后负样本数量: 90200
🎯 Building TRUE DUAL VIEWS from four different sources...
📊 Data sources loaded:
  Disease semantic: torch.Size([447, 447])
  miRNA functional: torch.Size([713, 713])
  Disease-gene: torch.Size([447, 447])
  miRNA-sequence: torch.Size([713, 713])
🧬 Building miRNA dual-view hypergraphs...
  📊 miRNA View 1 (Sequence): torch.Size([713, 1160])
  📊 miRNA View 2 (Function): torch.Size([713, 1160])
🦠 Building disease dual-view hypergraphs...
  📊 Disease View 1 (Gene): torch.Size([447, 1160])
  📊 Disease View 2 (Semantic): torch.Size([447, 1160])
✅ Successfully built TRUE DUAL VIEWS:
   🧬 miRNA: Sequence Features (m_ss.xlsx) vs Functional Similarity (mi_fun_sim_2.0.csv)
   🦠 Disease: Gene Features (d_gs.xlsx) vs Semantic Similarity (dis_sem_sim_2.0.csv)

🔧 Epoch 1 梯度检查:
================================================================================

  参数名称                              梯度范数         梯度均值 状态             
  ----------------------------------------------------------------------
  type_relations                0.000028     0.000001 ✅ 正常           
  exist_relation                0.000151     0.000010 ✅ 正常           
  mi_proj_layer0                0.597171     0.002163 ✅ 正常           
  dis_proj_layer0               0.504718     0.001870 ✅ 正常           
================================================================================

Epoch 1, Total Loss: 21.0217, Recover Loss: 1.6913, miRNA CL: 9.2498, Disease CL: 8.6342, Inter-view (est): 4.1271, Recon Loss: 1.1287, Time: 3.47s
[INFO] Hypergraph updated at epoch 5
[INFO] Hypergraph updated at epoch 10
[INFO] Hypergraph updated at epoch 15
[INFO] Hypergraph updated at epoch 20
[INFO] Hypergraph updated at epoch 25
[INFO] Hypergraph updated at epoch 30
[INFO] Hypergraph updated at epoch 35
[INFO] Hypergraph updated at epoch 40
[INFO] Hypergraph updated at epoch 45
[INFO] Hypergraph updated at epoch 50

🔧 Epoch 50 梯度检查:
================================================================================

  参数名称                              梯度范数         梯度均值 状态             
  ----------------------------------------------------------------------
  type_relations                0.000019     0.000000 ✅ 正常           
  exist_relation                0.000146     0.000010 ✅ 正常           
  mi_proj_layer0                0.079116     0.000285 ✅ 正常           
  dis_proj_layer0               0.075786     0.000273 ✅ 正常           
================================================================================

Epoch 50, Total Loss: 17.7931, Recover Loss: 1.5334, miRNA CL: 8.0682, Disease CL: 7.8209, Inter-view (est): 3.6667, Recon Loss: 0.0660, Time: 245.60s
[INFO] Hypergraph updated at epoch 100

🔧 Epoch 100 梯度检查:
================================================================================

  参数名称                              梯度范数         梯度均值 状态             
  ----------------------------------------------------------------------
  type_relations                0.000012     0.000000 ✅ 正常           
  exist_relation                0.000141     0.000009 ✅ 正常           
  mi_proj_layer0                0.079256     0.000296 ✅ 正常           
  dis_proj_layer0               0.072437     0.000264 ✅ 正常           
================================================================================

Epoch 100, Total Loss: 16.3827, Recover Loss: 1.5021, miRNA CL: 7.4877, Disease CL: 7.0718, Inter-view (est): 3.3599, Recon Loss: 0.0293, Time: 430.81s
[INFO] Hypergraph updated at epoch 150

🔧 Epoch 150 梯度检查:
================================================================================

  参数名称                              梯度范数         梯度均值 状态             
  ----------------------------------------------------------------------
  type_relations                0.000008     0.000000 ✅ 正常           
  exist_relation                0.000136     0.000009 ✅ 正常           
  mi_proj_layer0                0.053760     0.000210 ✅ 正常           
  dis_proj_layer0               0.053610     0.000198 ✅ 正常           
================================================================================

Epoch 150, Total Loss: 15.6290, Recover Loss: 1.4754, miRNA CL: 7.1253, Disease CL: 6.7196, Inter-view (est): 3.1950, Recon Loss: 0.0264, Time: 633.01s
[INFO] Hypergraph updated at epoch 200

🔧 Epoch 200 梯度检查:
================================================================================

  参数名称                              梯度范数         梯度均值 状态             
  ----------------------------------------------------------------------
  type_relations                0.000005     0.000000 ✅ 正常           
  exist_relation                0.000131     0.000008 ✅ 正常           
  mi_proj_layer0                0.039680     0.000165 ✅ 正常           
  dis_proj_layer0               0.044545     0.000181 ✅ 正常           
================================================================================

Epoch 200, Total Loss: 15.3753, Recover Loss: 1.4586, miRNA CL: 7.0301, Disease CL: 6.5873, Inter-view (est): 3.1425, Recon Loss: 0.0248, Time: 840.57s
[INFO] Hypergraph updated at epoch 250

🔧 Epoch 250 梯度检查:
================================================================================

  参数名称                              梯度范数         梯度均值 状态             
  ----------------------------------------------------------------------
  type_relations                0.000004     0.000000 ✅ 正常           
  exist_relation                0.000127     0.000008 ✅ 正常           
  mi_proj_layer0                0.062859     0.000246 ✅ 正常           
  dis_proj_layer0               0.077326     0.000291 ✅ 正常           
================================================================================

Epoch 250, Total Loss: 15.2228, Recover Loss: 1.4372, miRNA CL: 6.9759, Disease CL: 6.5182, Inter-view (est): 3.1140, Recon Loss: 0.0237, Time: 1048.74s
[INFO] Hypergraph updated at epoch 300

🔧 Epoch 300 梯度检查:
================================================================================

  参数名称                              梯度范数         梯度均值 状态             
  ----------------------------------------------------------------------
  type_relations                0.000002     0.000000 ✅ 正常           
  exist_relation                0.000123     0.000008 ✅ 正常           
  mi_proj_layer0                0.042508     0.000175 ✅ 正常           
  dis_proj_layer0               0.044400     0.000182 ✅ 正常           
================================================================================

Epoch 300, Total Loss: 15.1186, Recover Loss: 1.4176, miRNA CL: 6.9404, Disease CL: 6.4757, Inter-view (est): 3.0960, Recon Loss: 0.0229, Time: 1260.08s

================================================================================
Training completed. Running final test...
================================================================================
[dump_scores] fold1: 2255 positive test pairs -> results/conformal/v32_dump/
Fold 2 completed - AUC: 0.8974, Top-1 F1: 0.0000
Fold 2 training time: 1262.48 seconds
=== Cross Validation Fold 3/5 ===
Using hidden dimensions: [256, 256] with 4 attention heads
优化模型初始化: miRNA数量 = 713, 疾病数量 = 447
   节点维度: 256 → 128
   类型数量: 5
   Temperature: 2.0 (可学习)
   Loss mode: two_head
   loss_mode=two_head
   exist_weight=0.100, type_weight=0.900

✅ SimplifiedMultiTypeAssociationLoss 初始化 (改进版)
   类别权重 (beta=0.99999): ['0.344', '2.732', '0.239', '1.324', '0.361']
Original positive index shape: torch.Size([9020, 2])
Original negative index shape: torch.Size([220440, 2])
采样后负样本数量: 90200
🎯 Building TRUE DUAL VIEWS from four different sources...
📊 Data sources loaded:
  Disease semantic: torch.Size([447, 447])
  miRNA functional: torch.Size([713, 713])
  Disease-gene: torch.Size([447, 447])
  miRNA-sequence: torch.Size([713, 713])
🧬 Building miRNA dual-view hypergraphs...
  📊 miRNA View 1 (Sequence): torch.Size([713, 1160])
  📊 miRNA View 2 (Function): torch.Size([713, 1160])
🦠 Building disease dual-view hypergraphs...
  📊 Disease View 1 (Gene): torch.Size([447, 1160])
  📊 Disease View 2 (Semantic): torch.Size([447, 1160])
✅ Successfully built TRUE DUAL VIEWS:
   🧬 miRNA: Sequence Features (m_ss.xlsx) vs Functional Similarity (mi_fun_sim_2.0.csv)
   🦠 Disease: Gene Features (d_gs.xlsx) vs Semantic Similarity (dis_sem_sim_2.0.csv)

🔧 Epoch 1 梯度检查:
================================================================================

  参数名称                              梯度范数         梯度均值 状态             
  ----------------------------------------------------------------------
  type_relations                0.000028     0.000001 ✅ 正常           
  exist_relation                0.000126     0.000009 ✅ 正常           
  mi_proj_layer0                0.378612     0.001378 ✅ 正常           
  dis_proj_layer0               0.511257     0.001953 ✅ 正常           
================================================================================

Epoch 1, Total Loss: 21.0359, Recover Loss: 1.6665, miRNA CL: 9.3140, Disease CL: 8.6153, Inter-view (est): 4.1375, Recon Loss: 1.1226, Time: 3.79s
[INFO] Hypergraph updated at epoch 5
[INFO] Hypergraph updated at epoch 10
[INFO] Hypergraph updated at epoch 15
[INFO] Hypergraph updated at epoch 20
[INFO] Hypergraph updated at epoch 25
[INFO] Hypergraph updated at epoch 30
[INFO] Hypergraph updated at epoch 35
[INFO] Hypergraph updated at epoch 40
[INFO] Hypergraph updated at epoch 45
[INFO] Hypergraph updated at epoch 50

🔧 Epoch 50 梯度检查:
================================================================================

  参数名称                              梯度范数         梯度均值 状态             
  ----------------------------------------------------------------------
  type_relations                0.000019     0.000000 ✅ 正常           
  exist_relation                0.000121     0.000009 ✅ 正常           
  mi_proj_layer0                0.065034     0.000231 ✅ 正常           
  dis_proj_layer0               0.066781     0.000241 ✅ 正常           
================================================================================

Epoch 50, Total Loss: 17.7579, Recover Loss: 1.5310, miRNA CL: 8.0689, Disease CL: 7.7931, Inter-view (est): 3.6605, Recon Loss: 0.0608, Time: 279.43s
[INFO] Hypergraph updated at epoch 100

🔧 Epoch 100 梯度检查:
================================================================================

  参数名称                              梯度范数         梯度均值 状态             
  ----------------------------------------------------------------------
  type_relations                0.000011     0.000000 ✅ 正常           
  exist_relation                0.000115     0.000008 ✅ 正常           
  mi_proj_layer0                0.059301     0.000216 ✅ 正常           
  dis_proj_layer0               0.059265     0.000218 ✅ 正常           
================================================================================

Epoch 100, Total Loss: 16.4060, Recover Loss: 1.4998, miRNA CL: 7.5497, Disease CL: 7.0369, Inter-view (est): 3.3661, Recon Loss: 0.0288, Time: 490.36s
[INFO] Hypergraph updated at epoch 150

🔧 Epoch 150 梯度检查:
================================================================================

  参数名称                              梯度范数         梯度均值 状态             
  ----------------------------------------------------------------------
  type_relations                0.000007     0.000000 ✅ 正常           
  exist_relation                0.000110     0.000008 ✅ 正常           
  mi_proj_layer0                0.045959     0.000180 ✅ 正常           
  dis_proj_layer0               0.052539     0.000194 ✅ 正常           
================================================================================

Epoch 150, Total Loss: 15.6648, Recover Loss: 1.4798, miRNA CL: 7.1577, Disease CL: 6.7197, Inter-view (est): 3.2025, Recon Loss: 0.0264, Time: 701.10s
[INFO] Hypergraph updated at epoch 200

🔧 Epoch 200 梯度检查:
================================================================================

  参数名称                              梯度范数         梯度均值 状态             
  ----------------------------------------------------------------------
  type_relations                0.000004     0.000000 ✅ 正常           
  exist_relation                0.000106     0.000007 ✅ 正常           
  mi_proj_layer0                0.034922     0.000144 ✅ 正常           
  dis_proj_layer0               0.044618     0.000173 ✅ 正常           
================================================================================

Epoch 200, Total Loss: 15.3932, Recover Loss: 1.4511, miRNA CL: 7.0368, Disease CL: 6.6064, Inter-view (est): 3.1484, Recon Loss: 0.0253, Time: 905.54s
[INFO] Hypergraph updated at epoch 250

🔧 Epoch 250 梯度检查:
================================================================================

  参数名称                              梯度范数         梯度均值 状态             
  ----------------------------------------------------------------------
  type_relations                0.000003     0.000000 ✅ 正常           
  exist_relation                0.000101     0.000007 ✅ 正常           
  mi_proj_layer0                0.045866     0.000181 ✅ 正常           
  dis_proj_layer0               0.049487     0.000197 ✅ 正常           
================================================================================

Epoch 250, Total Loss: 15.2297, Recover Loss: 1.4335, miRNA CL: 6.9738, Disease CL: 6.5311, Inter-view (est): 3.1165, Recon Loss: 0.0239, Time: 1110.25s
[INFO] Hypergraph updated at epoch 300

🔧 Epoch 300 梯度检查:
================================================================================

  参数名称                              梯度范数         梯度均值 状态             
  ----------------------------------------------------------------------
  type_relations                0.000002     0.000000 ✅ 正常           
  exist_relation                0.000097     0.000006 ✅ 正常           
  mi_proj_layer0                0.047855     0.000192 ✅ 正常           
  dis_proj_layer0               0.057716     0.000221 ✅ 正常           
================================================================================

Epoch 300, Total Loss: 15.1320, Recover Loss: 1.4232, miRNA CL: 6.9398, Disease CL: 6.4842, Inter-view (est): 3.0978, Recon Loss: 0.0229, Time: 1306.32s

================================================================================
Training completed. Running final test...
================================================================================
[dump_scores] fold2: 2255 positive test pairs -> results/conformal/v32_dump/
Fold 3 completed - AUC: 0.9124, Top-1 F1: 0.0000
Fold 3 training time: 1308.43 seconds
=== Cross Validation Fold 4/5 ===
Using hidden dimensions: [256, 256] with 4 attention heads
优化模型初始化: miRNA数量 = 713, 疾病数量 = 447
   节点维度: 256 → 128
   类型数量: 5
   Temperature: 2.0 (可学习)
   Loss mode: two_head
   loss_mode=two_head
   exist_weight=0.100, type_weight=0.900

✅ SimplifiedMultiTypeAssociationLoss 初始化 (改进版)
   类别权重 (beta=0.99999): ['0.344', '2.732', '0.239', '1.324', '0.361']
Original positive index shape: torch.Size([9020, 2])
Original negative index shape: torch.Size([220440, 2])
采样后负样本数量: 90200
🎯 Building TRUE DUAL VIEWS from four different sources...
📊 Data sources loaded:
  Disease semantic: torch.Size([447, 447])
  miRNA functional: torch.Size([713, 713])
  Disease-gene: torch.Size([447, 447])
  miRNA-sequence: torch.Size([713, 713])
🧬 Building miRNA dual-view hypergraphs...
  📊 miRNA View 1 (Sequence): torch.Size([713, 1160])
  📊 miRNA View 2 (Function): torch.Size([713, 1160])
🦠 Building disease dual-view hypergraphs...
  📊 Disease View 1 (Gene): torch.Size([447, 1160])
  📊 Disease View 2 (Semantic): torch.Size([447, 1160])
✅ Successfully built TRUE DUAL VIEWS:
   🧬 miRNA: Sequence Features (m_ss.xlsx) vs Functional Similarity (mi_fun_sim_2.0.csv)
   🦠 Disease: Gene Features (d_gs.xlsx) vs Semantic Similarity (dis_sem_sim_2.0.csv)

🔧 Epoch 1 梯度检查:
================================================================================

  参数名称                              梯度范数         梯度均值 状态             
  ----------------------------------------------------------------------
  type_relations                0.000028     0.000001 ✅ 正常           
  exist_relation                0.000150     0.000011 ✅ 正常           
  mi_proj_layer0                0.277225     0.001018 ✅ 正常           
  dis_proj_layer0               0.373265     0.001388 ✅ 正常           
================================================================================

Epoch 1, Total Loss: 21.0300, Recover Loss: 1.6670, miRNA CL: 9.3071, Disease CL: 8.6242, Inter-view (est): 4.1380, Recon Loss: 1.1143, Time: 3.41s
[INFO] Hypergraph updated at epoch 5
[INFO] Hypergraph updated at epoch 10
[INFO] Hypergraph updated at epoch 15
[INFO] Hypergraph updated at epoch 20
[INFO] Hypergraph updated at epoch 25
[INFO] Hypergraph updated at epoch 30
[INFO] Hypergraph updated at epoch 35
[INFO] Hypergraph updated at epoch 40
[INFO] Hypergraph updated at epoch 45
[INFO] Hypergraph updated at epoch 50

🔧 Epoch 50 梯度检查:
================================================================================

  参数名称                              梯度范数         梯度均值 状态             
  ----------------------------------------------------------------------
  type_relations                0.000019     0.000000 ✅ 正常           
  exist_relation                0.000145     0.000010 ✅ 正常           
  mi_proj_layer0                0.071546     0.000251 ✅ 正常           
  dis_proj_layer0               0.075335     0.000263 ✅ 正常           
================================================================================

Epoch 50, Total Loss: 17.7765, Recover Loss: 1.5303, miRNA CL: 8.0311, Disease CL: 7.8406, Inter-view (est): 3.6627, Recon Loss: 0.0703, Time: 251.29s
[INFO] Hypergraph updated at epoch 100

🔧 Epoch 100 梯度检查:
================================================================================

  参数名称                              梯度范数         梯度均值 状态             
  ----------------------------------------------------------------------
  type_relations                0.000012     0.000000 ✅ 正常           
  exist_relation                0.000140     0.000009 ✅ 正常           
  mi_proj_layer0                0.063353     0.000231 ✅ 正常           
  dis_proj_layer0               0.065814     0.000241 ✅ 正常           
================================================================================

Epoch 100, Total Loss: 16.4066, Recover Loss: 1.4975, miRNA CL: 7.5014, Disease CL: 7.0869, Inter-view (est): 3.3665, Recon Loss: 0.0294, Time: 451.80s
[INFO] Hypergraph updated at epoch 150

🔧 Epoch 150 梯度检查:
================================================================================

  参数名称                              梯度范数         梯度均值 状态             
  ----------------------------------------------------------------------
  type_relations                0.000007     0.000000 ✅ 正常           
  exist_relation                0.000135     0.000009 ✅ 正常           
  mi_proj_layer0                0.046540     0.000185 ✅ 正常           
  dis_proj_layer0               0.057519     0.000212 ✅ 正常           
================================================================================

Epoch 150, Total Loss: 15.6691, Recover Loss: 1.4827, miRNA CL: 7.1386, Disease CL: 6.7394, Inter-view (est): 3.2026, Recon Loss: 0.0267, Time: 663.91s
[INFO] Hypergraph updated at epoch 200

🔧 Epoch 200 梯度检查:
================================================================================

  参数名称                              梯度范数         梯度均值 状态             
  ----------------------------------------------------------------------
  type_relations                0.000005     0.000000 ✅ 正常           
  exist_relation                0.000130     0.000008 ✅ 正常           
  mi_proj_layer0                0.042764     0.000175 ✅ 正常           
  dis_proj_layer0               0.049856     0.000199 ✅ 正常           
================================================================================

Epoch 200, Total Loss: 15.4043, Recover Loss: 1.4584, miRNA CL: 7.0432, Disease CL: 6.6039, Inter-view (est): 3.1493, Recon Loss: 0.0250, Time: 872.77s
[INFO] Hypergraph updated at epoch 250

🔧 Epoch 250 梯度检查:
================================================================================

  参数名称                              梯度范数         梯度均值 状态             
  ----------------------------------------------------------------------
  type_relations                0.000003     0.000000 ✅ 正常           
  exist_relation                0.000126     0.000008 ✅ 正常           
  mi_proj_layer0                0.053731     0.000218 ✅ 正常           
  dis_proj_layer0               0.056390     0.000220 ✅ 正常           
================================================================================

Epoch 250, Total Loss: 15.2471, Recover Loss: 1.4343, miRNA CL: 6.9937, Disease CL: 6.5284, Inter-view (est): 3.1205, Recon Loss: 0.0237, Time: 1081.71s
[INFO] Hypergraph updated at epoch 300

🔧 Epoch 300 梯度检查:
================================================================================

  参数名称                              梯度范数         梯度均值 状态             
  ----------------------------------------------------------------------
  type_relations                0.000002     0.000000 ✅ 正常           
  exist_relation                0.000123     0.000008 ✅ 正常           
  mi_proj_layer0                0.062923     0.000254 ✅ 正常           
  dis_proj_layer0               0.073711     0.000283 ✅ 正常           
================================================================================

Epoch 300, Total Loss: 15.1512, Recover Loss: 1.4244, miRNA CL: 6.9606, Disease CL: 6.4820, Inter-view (est): 3.1021, Recon Loss: 0.0227, Time: 1288.41s

================================================================================
Training completed. Running final test...
================================================================================
[dump_scores] fold3: 2255 positive test pairs -> results/conformal/v32_dump/
Fold 4 completed - AUC: 0.9068, Top-1 F1: 0.0000
Fold 4 training time: 1290.89 seconds
=== Cross Validation Fold 5/5 ===
Using hidden dimensions: [256, 256] with 4 attention heads
优化模型初始化: miRNA数量 = 713, 疾病数量 = 447
   节点维度: 256 → 128
   类型数量: 5
   Temperature: 2.0 (可学习)
   Loss mode: two_head
   loss_mode=two_head
   exist_weight=0.100, type_weight=0.900

✅ SimplifiedMultiTypeAssociationLoss 初始化 (改进版)
   类别权重 (beta=0.99999): ['0.344', '2.732', '0.239', '1.324', '0.361']
Original positive index shape: torch.Size([9020, 2])
Original negative index shape: torch.Size([220440, 2])
采样后负样本数量: 90200
🎯 Building TRUE DUAL VIEWS from four different sources...
📊 Data sources loaded:
  Disease semantic: torch.Size([447, 447])
  miRNA functional: torch.Size([713, 713])
  Disease-gene: torch.Size([447, 447])
  miRNA-sequence: torch.Size([713, 713])
🧬 Building miRNA dual-view hypergraphs...
  📊 miRNA View 1 (Sequence): torch.Size([713, 1160])
  📊 miRNA View 2 (Function): torch.Size([713, 1160])
🦠 Building disease dual-view hypergraphs...
  📊 Disease View 1 (Gene): torch.Size([447, 1160])
  📊 Disease View 2 (Semantic): torch.Size([447, 1160])
✅ Successfully built TRUE DUAL VIEWS:
   🧬 miRNA: Sequence Features (m_ss.xlsx) vs Functional Similarity (mi_fun_sim_2.0.csv)
   🦠 Disease: Gene Features (d_gs.xlsx) vs Semantic Similarity (dis_sem_sim_2.0.csv)

🔧 Epoch 1 梯度检查:
================================================================================

  参数名称                              梯度范数         梯度均值 状态             
  ----------------------------------------------------------------------
  type_relations                0.000028     0.000001 ✅ 正常           
  exist_relation                0.000156     0.000011 ✅ 正常           
  mi_proj_layer0                0.541265     0.001973 ✅ 正常           
  dis_proj_layer0               0.552747     0.002069 ✅ 正常           
================================================================================

Epoch 1, Total Loss: 21.0681, Recover Loss: 1.6929, miRNA CL: 9.2614, Disease CL: 8.6340, Inter-view (est): 4.1297, Recon Loss: 1.1625, Time: 3.75s
[INFO] Hypergraph updated at epoch 5
[INFO] Hypergraph updated at epoch 10
[INFO] Hypergraph updated at epoch 15
[INFO] Hypergraph updated at epoch 20
[INFO] Hypergraph updated at epoch 25
[INFO] Hypergraph updated at epoch 30
[INFO] Hypergraph updated at epoch 35
[INFO] Hypergraph updated at epoch 40
[INFO] Hypergraph updated at epoch 45
[INFO] Hypergraph updated at epoch 50

🔧 Epoch 50 梯度检查:
================================================================================

  参数名称                              梯度范数         梯度均值 状态             
  ----------------------------------------------------------------------
  type_relations                0.000019     0.000000 ✅ 正常           
  exist_relation                0.000151     0.000010 ✅ 正常           
  mi_proj_layer0                0.082946     0.000285 ✅ 正常           
  dis_proj_layer0               0.066742     0.000241 ✅ 正常           
================================================================================

Epoch 50, Total Loss: 17.7831, Recover Loss: 1.5344, miRNA CL: 8.0344, Disease CL: 7.8393, Inter-view (est): 3.6632, Recon Loss: 0.0710, Time: 266.17s
[INFO] Hypergraph updated at epoch 100

🔧 Epoch 100 梯度检查:
================================================================================

  参数名称                              梯度范数         梯度均值 状态             
  ----------------------------------------------------------------------
  type_relations                0.000011     0.000000 ✅ 正常           
  exist_relation                0.000146     0.000010 ✅ 正常           
  mi_proj_layer0                0.055313     0.000196 ✅ 正常           
  dis_proj_layer0               0.044227     0.000165 ✅ 正常           
================================================================================

Epoch 100, Total Loss: 16.3061, Recover Loss: 1.4999, miRNA CL: 7.4195, Disease CL: 7.0669, Inter-view (est): 3.3430, Recon Loss: 0.0293, Time: 453.65s
[INFO] Hypergraph updated at epoch 150

🔧 Epoch 150 梯度检查:
================================================================================

  参数名称                              梯度范数         梯度均值 状态             
  ----------------------------------------------------------------------
  type_relations                0.000007     0.000000 ✅ 正常           
  exist_relation                0.000141     0.000009 ✅ 正常           
  mi_proj_layer0                0.044912     0.000179 ✅ 正常           
  dis_proj_layer0               0.044797     0.000173 ✅ 正常           
================================================================================

Epoch 150, Total Loss: 15.6419, Recover Loss: 1.4815, miRNA CL: 7.1282, Disease CL: 6.7256, Inter-view (est): 3.1970, Recon Loss: 0.0265, Time: 654.96s
[INFO] Hypergraph updated at epoch 200

🔧 Epoch 200 梯度检查:
================================================================================

  参数名称                              梯度范数         梯度均值 状态             
  ----------------------------------------------------------------------
  type_relations                0.000004     0.000000 ✅ 正常           
  exist_relation                0.000136     0.000009 ✅ 正常           
  mi_proj_layer0                0.044553     0.000173 ✅ 正常           
  dis_proj_layer0               0.049476     0.000189 ✅ 正常           
================================================================================

Epoch 200, Total Loss: 15.3807, Recover Loss: 1.4587, miRNA CL: 7.0271, Disease CL: 6.5976, Inter-view (est): 3.1442, Recon Loss: 0.0254, Time: 859.54s
[INFO] Hypergraph updated at epoch 250

🔧 Epoch 250 梯度检查:
================================================================================

  参数名称                              梯度范数         梯度均值 状态             
  ----------------------------------------------------------------------
  type_relations                0.000003     0.000000 ✅ 正常           
  exist_relation                0.000132     0.000008 ✅ 正常           
  mi_proj_layer0                0.041468     0.000167 ✅ 正常           
  dis_proj_layer0               0.054893     0.000219 ✅ 正常           
================================================================================

Epoch 250, Total Loss: 15.2188, Recover Loss: 1.4350, miRNA CL: 6.9718, Disease CL: 6.5225, Inter-view (est): 3.1141, Recon Loss: 0.0240, Time: 1057.82s
[INFO] Hypergraph updated at epoch 300

🔧 Epoch 300 梯度检查:
================================================================================

  参数名称                              梯度范数         梯度均值 状态             
  ----------------------------------------------------------------------
  type_relations                0.000002     0.000000 ✅ 正常           
  exist_relation                0.000128     0.000008 ✅ 正常           
  mi_proj_layer0                0.052453     0.000211 ✅ 正常           
  dis_proj_layer0               0.066713     0.000267 ✅ 正常           
================================================================================

Epoch 300, Total Loss: 15.1131, Recover Loss: 1.4140, miRNA CL: 6.9383, Disease CL: 6.4776, Inter-view (est): 3.0960, Recon Loss: 0.0233, Time: 1257.87s

================================================================================
Training completed. Running final test...
================================================================================
[dump_scores] fold4: 2255 positive test pairs -> results/conformal/v32_dump/
Fold 5 completed - AUC: 0.9049, Top-1 F1: 0.0000
Fold 5 training time: 1260.20 seconds
Average binary metrics across folds: [[0.9035969  0.9034347  0.82747387 0.81601774 0.88216408 0.7498714
  0.77929103]]
🎯 Average Top-1 metrics across folds: {'top1_precision': 0.0, 'top1_recall': 0.0, 'top1_f1': 0.0}

📊 CV_type Style Metrics Details:
  AUC            : 0.9036
  AUPR           : 0.9034
  F1             : 0.8275
  Accuracy       : 0.8160
  Recall         : 0.8822
  Specificity    : 0.7499
  Precision      : 0.7793

🎯 Top-1 Metrics Details:
  top1_precision : 0.0000
  top1_recall    : 0.0000
  top1_f1        : 0.0000

Total execution time: 6389.96 seconds

==========================================================================================
🎯 FINAL COMPREHENSIVE RESULTS WITH TOP-1 METRICS
==========================================================================================
📊 Binary Classification Metrics (Original):
  AUC: 0.9036
  AUPR: 0.9034
  F1: 0.8275
  Accuracy: 0.8160
  Recall: 0.8822
  Specificity: 0.7499
  Precision: 0.7793

🎯 CV_type Style Metrics (Enhanced):
  AUC: 0.9036
  AUPR: 0.9034
  F1: 0.8275
  Accuracy: 0.8160
  Recall: 0.8822
  Specificity: 0.7499
  Precision: 0.7793

🏆 Top-1 Metrics (NEW):
  Top-1 Precision: 0.0000
  Top-1 Recall: 0.0000
  Top-1 F1: 0.0000
==========================================================================================
