[CPU] torch.set_num_threads(8), interop=min(4, 8)
Using device: cpu
[INFO] Auto-computed BALANCED class weights (to prevent class collapse):
  Circulation  (  367 samples): 0.780
  Epigenetics  (  157 samples): 1.823
  Target       (  293 samples): 0.977
  Genetics     (  681 samples): 0.420
  [NOTE] Higher weights for minority classes to prevent model from only predicting majority class
[INFO] Using v2.0_495m383D dataset:
  miRNAs: 495
  Diseases: 383
  Expected associations: ~1498
  Types: 4 (Circulation, Epigenetics, Target, Genetics)

================================================================================
Configuration Summary
================================================================================
Dataset: v2.0_495m383D
Data Path: ./
Model: HeterogenousGraphCLAMIR
  - HGT Layers: 2
  - Attention Heads: 4
  - Association Types: 4
  - Inter-view CL: Enabled
    - Weight: 0.3
    - Temperature: 0.5
    - Margin: 0.5

Training:
  - Epochs: 650
  - Learning Rate: 0.0001
  - Dropout: 0.3
  - Weight Decay: 5e-05
  - Focal Loss: Enabled

Evaluation:
  - Cross-Validation Folds: 5
  - Primary Metric: AUPR

Device: cpu
Random Seed: 0
================================================================================

[SEED] Re-seeded với args.seed = 0
🚀 Running with comprehensive evaluation including Top-1 metrics...
🎯 Loading dual-view data...
Starting dual-view data preparation with new file format...
Loading all similarity and feature files from v2.0_495m383D...
✅ Loaded disease semantic similarity from D_SSM1.txt: (383, 383)
✅ Loaded miRNA functional similarity from M_FSM.txt: (495, 495)
✅ Loaded multi-type association pairs from ./v2.0_495m383D/multi_all_mirna_disease_pairs_without_negative.csv: (1679, 3)
✅ Created multi-type association matrix: (495, 383)
📊 Multi-type Association Statistics:
   无关联 (No association): 188087 pairs (99.21%)
   循环类型 (Circulation): 367 pairs (0.19%)
   表观遗传学 (Epigenetics): 157 pairs (0.08%)
   靶标类型 (Target): 293 pairs (0.15%)
   遗传学类型 (Genetics): 681 pairs (0.36%)
✅ Created association matrix from CSV: (495, 383)
✅ Loaded disease-gene features from D_SSM2.txt: torch.Size([383, 383])
✅ Loaded miRNA-sequence features from M_GSM.txt: torch.Size([495, 495])
Processing integrated similarity matrices...
Loaded similarity matrices from cache
Processing indices...
Computing indices (seed=0)...
Indices computed in 0.75 seconds
✅ Dual-view data preparation completed in 1.06 seconds

============================================================
🎯 DUAL-VIEW CONFIGURATION SUMMARY (v2.0_495m383D)
============================================================
miRNA Dual Views:
  📊 View 1 (Sequence): M_GSM.txt torch.Size([495, 495])
  📊 View 2 (Function): M_FSM.txt torch.Size([495, 495])

Disease Dual Views:
  📊 View 1 (Gene): D_SSM2.txt torch.Size([383, 383])
  📊 View 2 (Semantic): D_SSM1.txt torch.Size([383, 383])

Association Matrix: torch.Size([495, 383])
Data source: v2.0_495m383D (495 miRNAs × 383 Diseases)
============================================================
Preloading dual-view data to device...
✅ Loaded disease-gene features to device: torch.Size([383, 383])
✅ Loaded miRNA-sequence features to device: torch.Size([495, 495])
✅ Loaded disease semantic similarity to device: torch.Size([383, 383])
✅ Loaded miRNA functional similarity to device: torch.Size([495, 495])
✅ Dual-view data preloading completed in 0.00 seconds
OptimizedDataset initialized with 5 folds
Using device: cpu
=== Cross Validation Fold 1/5 ===
Using hidden dimensions: [256, 256] with 4 attention heads
优化模型初始化: miRNA数量 = 495, 疾病数量 = 383
   节点维度: 256 → 128
   类型数量: 4
   Temperature: 2.0 (可学习)
   Loss mode: two_head
   loss_mode=two_head
   exist_weight=0.100, type_weight=0.900

✅ SimplifiedMultiTypeAssociationLoss 初始化 (改进版)
   类别权重 (beta=0.99999): ['0.780', '1.822', '0.977', '0.421']
Original positive index shape: torch.Size([1072, 2])
Original negative index shape: torch.Size([135416, 2])
采样后负样本数量: 10720
🎯 Building TRUE DUAL VIEWS from four different sources...
📊 Data sources loaded:
  Disease semantic: torch.Size([383, 383])
  miRNA functional: torch.Size([495, 495])
  Disease-gene: torch.Size([383, 383])
  miRNA-sequence: torch.Size([495, 495])
🧬 Building miRNA dual-view hypergraphs...
  📊 miRNA View 1 (Sequence): torch.Size([495, 878])
  📊 miRNA View 2 (Function): torch.Size([495, 878])
🦠 Building disease dual-view hypergraphs...
  📊 Disease View 1 (Gene): torch.Size([383, 878])
  📊 Disease View 2 (Semantic): torch.Size([383, 878])
✅ Successfully built TRUE DUAL VIEWS:
   🧬 miRNA: Sequence Features (m_ss.xlsx) vs Functional Similarity (mi_fun_sim_2.0.csv)
   🦠 Disease: Gene Features (d_gs.xlsx) vs Semantic Similarity (dis_sem_sim_2.0.csv)

🔧 Epoch 1 梯度检查:
================================================================================

  参数名称                              梯度范数         梯度均值 状态             
  ----------------------------------------------------------------------
  type_relations                0.000025     0.000001 ✅ 正常           
  exist_relation                0.000145     0.000010 ✅ 正常           
  mi_proj_layer0                0.336384     0.001233 ✅ 正常           
  dis_proj_layer0               0.324896     0.001257 ✅ 正常           
================================================================================

Epoch 1, Total Loss: 20.4944, Recover Loss: 1.3266, miRNA CL: 8.8736, Disease CL: 8.4648, Inter-view (est): 4.0012, Recon Loss: 1.5310, Time: 0.87s
[INFO] Hypergraph updated at epoch 5
[INFO] Hypergraph updated at epoch 10
[INFO] Hypergraph updated at epoch 15
[INFO] Hypergraph updated at epoch 20
[INFO] Hypergraph updated at epoch 25
[INFO] Hypergraph updated at epoch 30
[INFO] Hypergraph updated at epoch 35
[INFO] Hypergraph updated at epoch 40
[INFO] Hypergraph updated at epoch 45
[INFO] Hypergraph updated at epoch 50

🔧 Epoch 50 梯度检查:
================================================================================

  参数名称                              梯度范数         梯度均值 状态             
  ----------------------------------------------------------------------
  type_relations                0.000017     0.000000 ✅ 正常           
  exist_relation                0.000140     0.000010 ✅ 正常           
  mi_proj_layer0                0.164339     0.000619 ✅ 正常           
  dis_proj_layer0               0.127369     0.000478 ✅ 正常           
================================================================================

Epoch 50, Total Loss: 17.4138, Recover Loss: 1.2065, miRNA CL: 8.0047, Disease CL: 7.7788, Inter-view (est): 3.6423, Recon Loss: 0.1394, Time: 108.93s
[INFO] Hypergraph updated at epoch 100

🔧 Epoch 100 梯度检查:
================================================================================

  参数名称                              梯度范数         梯度均值 状态             
  ----------------------------------------------------------------------
  type_relations                0.000010     0.000000 ✅ 正常           
  exist_relation                0.000134     0.000009 ✅ 正常           
  mi_proj_layer0                0.132864     0.000511 ✅ 正常           
  dis_proj_layer0               0.128491     0.000500 ✅ 正常           
================================================================================

Epoch 100, Total Loss: 16.2671, Recover Loss: 1.1328, miRNA CL: 7.7441, Disease CL: 7.0885, Inter-view (est): 3.4229, Recon Loss: 0.0312, Time: 153.52s
[INFO] Hypergraph updated at epoch 150

🔧 Epoch 150 梯度检查:
================================================================================

  参数名称                              梯度范数         梯度均值 状态             
  ----------------------------------------------------------------------
  type_relations                0.000006     0.000000 ✅ 正常           
  exist_relation                0.000129     0.000009 ✅ 正常           
  mi_proj_layer0                0.116838     0.000462 ✅ 正常           
  dis_proj_layer0               0.128768     0.000498 ✅ 正常           
================================================================================

Epoch 150, Total Loss: 15.6881, Recover Loss: 1.0805, miRNA CL: 7.5804, Disease CL: 6.7365, Inter-view (est): 3.3039, Recon Loss: 0.0293, Time: 196.86s
[INFO] Hypergraph updated at epoch 200

🔧 Epoch 200 梯度检查:
================================================================================

  参数名称                              梯度范数         梯度均值 状态             
  ----------------------------------------------------------------------
  type_relations                0.000004     0.000000 ✅ 正常           
  exist_relation                0.000124     0.000008 ✅ 正常           
  mi_proj_layer0                0.075850     0.000318 ✅ 正常           
  dis_proj_layer0               0.070024     0.000286 ✅ 正常           
================================================================================

Epoch 200, Total Loss: 15.1597, Recover Loss: 1.0438, miRNA CL: 7.3260, Disease CL: 6.5042, Inter-view (est): 3.1916, Recon Loss: 0.0303, Time: 236.70s
[INFO] Hypergraph updated at epoch 250

🔧 Epoch 250 梯度检查:
================================================================================

  参数名称                              梯度范数         梯度均值 状态             
  ----------------------------------------------------------------------
  type_relations                0.000003     0.000000 ✅ 正常           
  exist_relation                0.000121     0.000008 ✅ 正常           
  mi_proj_layer0                0.115091     0.000472 ✅ 正常           
  dis_proj_layer0               0.145411     0.000539 ✅ 正常           
================================================================================

Epoch 250, Total Loss: 14.9020, Recover Loss: 1.0322, miRNA CL: 7.1623, Disease CL: 6.4267, Inter-view (est): 3.1359, Recon Loss: 0.0291, Time: 269.00s
[INFO] Hypergraph updated at epoch 300

🔧 Epoch 300 梯度检查:
================================================================================

  参数名称                              梯度范数         梯度均值 状态             
  ----------------------------------------------------------------------
  type_relations                0.000002     0.000000 ✅ 正常           
  exist_relation                0.000119     0.000008 ✅ 正常           
  mi_proj_layer0                0.087780     0.000359 ✅ 正常           
  dis_proj_layer0               0.084198     0.000338 ✅ 正常           
================================================================================

Epoch 300, Total Loss: 14.7810, Recover Loss: 1.0098, miRNA CL: 7.0997, Disease CL: 6.3937, Inter-view (est): 3.1138, Recon Loss: 0.0282, Time: 302.09s
[INFO] Hypergraph updated at epoch 350

🔧 Epoch 350 梯度检查:
================================================================================

  参数名称                              梯度范数         梯度均值 状态             
  ----------------------------------------------------------------------
  type_relations                0.000002     0.000000 ✅ 正常           
  exist_relation                0.000117     0.000008 ✅ 正常           
  mi_proj_layer0                0.078265     0.000332 ✅ 正常           
  dis_proj_layer0               0.088787     0.000364 ✅ 正常           
================================================================================

Epoch 350, Total Loss: 14.6780, Recover Loss: 1.0019, miRNA CL: 7.0445, Disease CL: 6.3558, Inter-view (est): 3.0924, Recon Loss: 0.0283, Time: 333.57s
[INFO] Hypergraph updated at epoch 400

🔧 Epoch 400 梯度检查:
================================================================================

  参数名称                              梯度范数         梯度均值 状态             
  ----------------------------------------------------------------------
  type_relations                0.000001     0.000000 ✅ 正常           
  exist_relation                0.000115     0.000007 ✅ 正常           
  mi_proj_layer0                0.078293     0.000325 ✅ 正常           
  dis_proj_layer0               0.079827     0.000330 ✅ 正常           
================================================================================

Epoch 400, Total Loss: 14.5592, Recover Loss: 0.9826, miRNA CL: 6.9916, Disease CL: 6.3113, Inter-view (est): 3.0699, Recon Loss: 0.0281, Time: 365.46s
[INFO] Hypergraph updated at epoch 450

🔧 Epoch 450 梯度检查:
================================================================================

  参数名称                              梯度范数         梯度均值 状态             
  ----------------------------------------------------------------------
  type_relations                0.000001     0.000000 ✅ 正常           
  exist_relation                0.000114     0.000007 ✅ 正常           
  mi_proj_layer0                0.070010     0.000295 ✅ 正常           
  dis_proj_layer0               0.061868     0.000257 ✅ 正常           
================================================================================

Epoch 450, Total Loss: 14.4341, Recover Loss: 0.9691, miRNA CL: 6.9251, Disease CL: 6.2682, Inter-view (est): 3.0446, Recon Loss: 0.0277, Time: 397.50s
[INFO] Hypergraph updated at epoch 500

🔧 Epoch 500 梯度检查:
================================================================================
  ⚠️ 警告: type_relations梯度几乎为0 (norm=0.00000087)
     → 类型分类器可能没有学习!

  参数名称                              梯度范数         梯度均值 状态             
  ----------------------------------------------------------------------
  type_relations                0.000001     0.000000 ✅ 正常           
  exist_relation                0.000112     0.000007 ✅ 正常           
  mi_proj_layer0                0.081010     0.000341 ✅ 正常           
  dis_proj_layer0               0.079945     0.000329 ✅ 正常           
================================================================================

Epoch 500, Total Loss: 14.3361, Recover Loss: 0.9627, miRNA CL: 6.8605, Disease CL: 6.2429, Inter-view (est): 3.0239, Recon Loss: 0.0273, Time: 428.82s
[INFO] Hypergraph updated at epoch 550

🔧 Epoch 550 梯度检查:
================================================================================
  ⚠️ 警告: type_relations梯度几乎为0 (norm=0.00000077)
     → 类型分类器可能没有学习!

  参数名称                              梯度范数         梯度均值 状态             
  ----------------------------------------------------------------------
  type_relations                0.000001     0.000000 ✅ 正常           
  exist_relation                0.000111     0.000007 ✅ 正常           
  mi_proj_layer0                0.063194     0.000267 ✅ 正常           
  dis_proj_layer0               0.059840     0.000250 ✅ 正常           
================================================================================

Epoch 550, Total Loss: 14.2527, Recover Loss: 0.9437, miRNA CL: 6.8114, Disease CL: 6.2276, Inter-view (est): 3.0090, Recon Loss: 0.0282, Time: 461.63s
[INFO] Hypergraph updated at epoch 600

🔧 Epoch 600 梯度检查:
================================================================================
  ⚠️ 警告: type_relations梯度几乎为0 (norm=0.00000072)
     → 类型分类器可能没有学习!

  参数名称                              梯度范数         梯度均值 状态             
  ----------------------------------------------------------------------
  type_relations                0.000001     0.000000 ✅ 正常           
  exist_relation                0.000110     0.000007 ✅ 正常           
  mi_proj_layer0                0.071139     0.000299 ✅ 正常           
  dis_proj_layer0               0.064754     0.000268 ✅ 正常           
================================================================================

Epoch 600, Total Loss: 14.2162, Recover Loss: 0.9420, miRNA CL: 6.7869, Disease CL: 6.2186, Inter-view (est): 3.0013, Recon Loss: 0.0273, Time: 493.86s
[INFO] Hypergraph updated at epoch 650

🔧 Epoch 650 梯度检查:
================================================================================
  ⚠️ 警告: type_relations梯度几乎为0 (norm=0.00000067)
     → 类型分类器可能没有学习!

  参数名称                              梯度范数         梯度均值 状态             
  ----------------------------------------------------------------------
  type_relations                0.000001     0.000000 ✅ 正常           
  exist_relation                0.000110     0.000007 ✅ 正常           
  mi_proj_layer0                0.077839     0.000318 ✅ 正常           
  dis_proj_layer0               0.071710     0.000300 ✅ 正常           
================================================================================

Epoch 650, Total Loss: 14.2177, Recover Loss: 0.9421, miRNA CL: 6.7980, Disease CL: 6.2097, Inter-view (est): 3.0018, Recon Loss: 0.0270, Time: 527.11s

================================================================================
Training completed. Running final test...
================================================================================
Fold 1 completed - AUC: 0.9785, Top-1 F1: 0.6562
Fold 1 training time: 528.22 seconds
=== Cross Validation Fold 2/5 ===
Using hidden dimensions: [256, 256] with 4 attention heads
优化模型初始化: miRNA数量 = 495, 疾病数量 = 383
   节点维度: 256 → 128
   类型数量: 4
   Temperature: 2.0 (可学习)
   Loss mode: two_head
   loss_mode=two_head
   exist_weight=0.100, type_weight=0.900

✅ SimplifiedMultiTypeAssociationLoss 初始化 (改进版)
   类别权重 (beta=0.99999): ['0.780', '1.822', '0.977', '0.421']
Original positive index shape: torch.Size([1072, 2])
Original negative index shape: torch.Size([135416, 2])
采样后负样本数量: 10720
🎯 Building TRUE DUAL VIEWS from four different sources...
📊 Data sources loaded:
  Disease semantic: torch.Size([383, 383])
  miRNA functional: torch.Size([495, 495])
  Disease-gene: torch.Size([383, 383])
  miRNA-sequence: torch.Size([495, 495])
🧬 Building miRNA dual-view hypergraphs...
  📊 miRNA View 1 (Sequence): torch.Size([495, 878])
  📊 miRNA View 2 (Function): torch.Size([495, 878])
🦠 Building disease dual-view hypergraphs...
  📊 Disease View 1 (Gene): torch.Size([383, 878])
  📊 Disease View 2 (Semantic): torch.Size([383, 878])
✅ Successfully built TRUE DUAL VIEWS:
   🧬 miRNA: Sequence Features (m_ss.xlsx) vs Functional Similarity (mi_fun_sim_2.0.csv)
   🦠 Disease: Gene Features (d_gs.xlsx) vs Semantic Similarity (dis_sem_sim_2.0.csv)

🔧 Epoch 1 梯度检查:
================================================================================

  参数名称                              梯度范数         梯度均值 状态             
  ----------------------------------------------------------------------
  type_relations                0.000025     0.000001 ✅ 正常           
  exist_relation                0.000140     0.000010 ✅ 正常           
  mi_proj_layer0                0.308716     0.001168 ✅ 正常           
  dis_proj_layer0               0.258294     0.000995 ✅ 正常           
================================================================================

Epoch 1, Total Loss: 20.5710, Recover Loss: 1.3269, miRNA CL: 8.9573, Disease CL: 8.4400, Inter-view (est): 4.0148, Recon Loss: 1.5482, Time: 0.56s
[INFO] Hypergraph updated at epoch 5
[INFO] Hypergraph updated at epoch 10
[INFO] Hypergraph updated at epoch 15
[INFO] Hypergraph updated at epoch 20
[INFO] Hypergraph updated at epoch 25
[INFO] Hypergraph updated at epoch 30
[INFO] Hypergraph updated at epoch 35
[INFO] Hypergraph updated at epoch 40
[INFO] Hypergraph updated at epoch 45
[INFO] Hypergraph updated at epoch 50

🔧 Epoch 50 梯度检查:
================================================================================

  参数名称                              梯度范数         梯度均值 状态             
  ----------------------------------------------------------------------
  type_relations                0.000017     0.000000 ✅ 正常           
  exist_relation                0.000135     0.000010 ✅ 正常           
  mi_proj_layer0                0.199311     0.000748 ✅ 正常           
  dis_proj_layer0               0.180164     0.000663 ✅ 正常           
================================================================================

Epoch 50, Total Loss: 17.4154, Recover Loss: 1.2095, miRNA CL: 8.0440, Disease CL: 7.7575, Inter-view (est): 3.6465, Recon Loss: 0.1198, Time: 94.03s
[INFO] Hypergraph updated at epoch 100

🔧 Epoch 100 梯度检查:
================================================================================

  参数名称                              梯度范数         梯度均值 状态             
  ----------------------------------------------------------------------
  type_relations                0.000010     0.000000 ✅ 正常           
  exist_relation                0.000129     0.000009 ✅ 正常           
  mi_proj_layer0                0.132912     0.000516 ✅ 正常           
  dis_proj_layer0               0.131959     0.000513 ✅ 正常           
================================================================================

Epoch 100, Total Loss: 16.2687, Recover Loss: 1.1412, miRNA CL: 7.7639, Disease CL: 7.0612, Inter-view (est): 3.4212, Recon Loss: 0.0317, Time: 140.78s
[INFO] Hypergraph updated at epoch 150

🔧 Epoch 150 梯度检查:
================================================================================

  参数名称                              梯度范数         梯度均值 状态             
  ----------------------------------------------------------------------
  type_relations                0.000006     0.000000 ✅ 正常           
  exist_relation                0.000124     0.000008 ✅ 正常           
  mi_proj_layer0                0.109609     0.000426 ✅ 正常           
  dis_proj_layer0               0.093669     0.000375 ✅ 正常           
================================================================================

Epoch 150, Total Loss: 15.6839, Recover Loss: 1.0802, miRNA CL: 7.6260, Disease CL: 6.6868, Inter-view (est): 3.3030, Recon Loss: 0.0298, Time: 185.97s
[INFO] Hypergraph updated at epoch 200

🔧 Epoch 200 梯度检查:
================================================================================

  参数名称                              梯度范数         梯度均值 状态             
  ----------------------------------------------------------------------
  type_relations                0.000004     0.000000 ✅ 正常           
  exist_relation                0.000119     0.000008 ✅ 正常           
  mi_proj_layer0                0.099160     0.000400 ✅ 正常           
  dis_proj_layer0               0.101927     0.000402 ✅ 正常           
================================================================================

Epoch 200, Total Loss: 15.2049, Recover Loss: 1.0472, miRNA CL: 7.3807, Disease CL: 6.4928, Inter-view (est): 3.2016, Recon Loss: 0.0295, Time: 227.14s
[INFO] Hypergraph updated at epoch 250

🔧 Epoch 250 梯度检查:
================================================================================

  参数名称                              梯度范数         梯度均值 状态             
  ----------------------------------------------------------------------
  type_relations                0.000002     0.000000 ✅ 正常           
  exist_relation                0.000115     0.000008 ✅ 正常           
  mi_proj_layer0                0.110930     0.000451 ✅ 正常           
  dis_proj_layer0               0.095027     0.000380 ✅ 正常           
================================================================================

Epoch 250, Total Loss: 14.8716, Recover Loss: 1.0108, miRNA CL: 7.1748, Disease CL: 6.4065, Inter-view (est): 3.1342, Recon Loss: 0.0293, Time: 262.06s
[INFO] Hypergraph updated at epoch 300

🔧 Epoch 300 梯度检查:
================================================================================

  参数名称                              梯度范数         梯度均值 状态             
  ----------------------------------------------------------------------
  type_relations                0.000002     0.000000 ✅ 正常           
  exist_relation                0.000112     0.000007 ✅ 正常           
  mi_proj_layer0                0.119282     0.000482 ✅ 正常           
  dis_proj_layer0               0.099702     0.000406 ✅ 正常           
================================================================================

Epoch 300, Total Loss: 14.6587, Recover Loss: 0.9826, miRNA CL: 7.0714, Disease CL: 6.3294, Inter-view (est): 3.0925, Recon Loss: 0.0282, Time: 295.58s
[INFO] Hypergraph updated at epoch 350

🔧 Epoch 350 梯度检查:
================================================================================

  参数名称                              梯度范数         梯度均值 状态             
  ----------------------------------------------------------------------
  type_relations                0.000001     0.000000 ✅ 正常           
  exist_relation                0.000110     0.000007 ✅ 正常           
  mi_proj_layer0                0.113761     0.000465 ✅ 正常           
  dis_proj_layer0               0.144946     0.000550 ✅ 正常           
================================================================================

Epoch 350, Total Loss: 14.5222, Recover Loss: 0.9668, miRNA CL: 6.9951, Disease CL: 6.2880, Inter-view (est): 3.0653, Recon Loss: 0.0278, Time: 329.89s
[INFO] Hypergraph updated at epoch 400

🔧 Epoch 400 梯度检查:
================================================================================
  ⚠️ 警告: type_relations梯度几乎为0 (norm=0.00000091)
     → 类型分类器可能没有学习!

  参数名称                              梯度范数         梯度均值 状态             
  ----------------------------------------------------------------------
  type_relations                0.000001     0.000000 ✅ 正常           
  exist_relation                0.000107     0.000007 ✅ 正常           
  mi_proj_layer0                0.105526     0.000438 ✅ 正常           
  dis_proj_layer0               0.098918     0.000393 ✅ 正常           
================================================================================

Epoch 400, Total Loss: 14.4033, Recover Loss: 0.9562, miRNA CL: 6.9218, Disease CL: 6.2554, Inter-view (est): 3.0409, Recon Loss: 0.0276, Time: 363.73s
[INFO] Hypergraph updated at epoch 450

🔧 Epoch 450 梯度检查:
================================================================================
  ⚠️ 警告: type_relations梯度几乎为0 (norm=0.00000077)
     → 类型分类器可能没有学习!

  参数名称                              梯度范数         梯度均值 状态             
  ----------------------------------------------------------------------
  type_relations                0.000001     0.000000 ✅ 正常           
  exist_relation                0.000106     0.000007 ✅ 正常           
  mi_proj_layer0                0.080959     0.000339 ✅ 正常           
  dis_proj_layer0               0.067760     0.000281 ✅ 正常           
================================================================================

Epoch 450, Total Loss: 14.3007, Recover Loss: 0.9393, miRNA CL: 6.8567, Disease CL: 6.2367, Inter-view (est): 3.0215, Recon Loss: 0.0268, Time: 396.96s
[INFO] Hypergraph updated at epoch 500

🔧 Epoch 500 梯度检查:
================================================================================
  ⚠️ 警告: type_relations梯度几乎为0 (norm=0.00000070)
     → 类型分类器可能没有学习!

  参数名称                              梯度范数         梯度均值 状态             
  ----------------------------------------------------------------------
  type_relations                0.000001     0.000000 ✅ 正常           
  exist_relation                0.000105     0.000007 ✅ 正常           
  mi_proj_layer0                0.081934     0.000338 ✅ 正常           
  dis_proj_layer0               0.089118     0.000368 ✅ 正常           
================================================================================

Epoch 500, Total Loss: 14.2603, Recover Loss: 0.9462, miRNA CL: 6.8201, Disease CL: 6.2266, Inter-view (est): 3.0108, Recon Loss: 0.0270, Time: 429.63s
[INFO] Hypergraph updated at epoch 550

🔧 Epoch 550 梯度检查:
================================================================================
  ⚠️ 警告: type_relations梯度几乎为0 (norm=0.00000064)
     → 类型分类器可能没有学习!

  参数名称                              梯度范数         梯度均值 状态             
  ----------------------------------------------------------------------
  type_relations                0.000001     0.000000 ✅ 正常           
  exist_relation                0.000105     0.000007 ✅ 正常           
  mi_proj_layer0                0.095358     0.000398 ✅ 正常           
  dis_proj_layer0               0.124996     0.000465 ✅ 正常           
================================================================================

Epoch 550, Total Loss: 14.2163, Recover Loss: 0.9358, miRNA CL: 6.7966, Disease CL: 6.2172, Inter-view (est): 3.0032, Recon Loss: 0.0268, Time: 462.26s
[INFO] Hypergraph updated at epoch 600

🔧 Epoch 600 梯度检查:
================================================================================
  ⚠️ 警告: type_relations梯度几乎为0 (norm=0.00000060)
     → 类型分类器可能没有学习!

  参数名称                              梯度范数         梯度均值 状态             
  ----------------------------------------------------------------------
  type_relations                0.000001     0.000000 ✅ 正常           
  exist_relation                0.000104     0.000006 ✅ 正常           
  mi_proj_layer0                0.083261     0.000348 ✅ 正常           
  dis_proj_layer0               0.075400     0.000312 ✅ 正常           
================================================================================

Epoch 600, Total Loss: 14.1781, Recover Loss: 0.9278, miRNA CL: 6.7750, Disease CL: 6.2085, Inter-view (est): 2.9962, Recon Loss: 0.0274, Time: 494.70s
[INFO] Hypergraph updated at epoch 650

🔧 Epoch 650 梯度检查:
================================================================================
  ⚠️ 警告: type_relations梯度几乎为0 (norm=0.00000056)
     → 类型分类器可能没有学习!

  参数名称                              梯度范数         梯度均值 状态             
  ----------------------------------------------------------------------
  type_relations                0.000001     0.000000 ✅ 正常           
  exist_relation                0.000103     0.000006 ✅ 正常           
  mi_proj_layer0                0.078318     0.000329 ✅ 正常           
  dis_proj_layer0               0.089215     0.000363 ✅ 正常           
================================================================================

Epoch 650, Total Loss: 14.1526, Recover Loss: 0.9291, miRNA CL: 6.7575, Disease CL: 6.2003, Inter-view (est): 2.9903, Recon Loss: 0.0267, Time: 527.17s

================================================================================
Training completed. Running final test...
================================================================================
Fold 2 completed - AUC: 0.9759, Top-1 F1: 0.6701
Fold 2 training time: 527.91 seconds
=== Cross Validation Fold 3/5 ===
Using hidden dimensions: [256, 256] with 4 attention heads
优化模型初始化: miRNA数量 = 495, 疾病数量 = 383
   节点维度: 256 → 128
   类型数量: 4
   Temperature: 2.0 (可学习)
   Loss mode: two_head
   loss_mode=two_head
   exist_weight=0.100, type_weight=0.900

✅ SimplifiedMultiTypeAssociationLoss 初始化 (改进版)
   类别权重 (beta=0.99999): ['0.780', '1.822', '0.977', '0.421']
Original positive index shape: torch.Size([1072, 2])
Original negative index shape: torch.Size([135416, 2])
采样后负样本数量: 10720
🎯 Building TRUE DUAL VIEWS from four different sources...
📊 Data sources loaded:
  Disease semantic: torch.Size([383, 383])
  miRNA functional: torch.Size([495, 495])
  Disease-gene: torch.Size([383, 383])
  miRNA-sequence: torch.Size([495, 495])
🧬 Building miRNA dual-view hypergraphs...
  📊 miRNA View 1 (Sequence): torch.Size([495, 878])
  📊 miRNA View 2 (Function): torch.Size([495, 878])
🦠 Building disease dual-view hypergraphs...
  📊 Disease View 1 (Gene): torch.Size([383, 878])
  📊 Disease View 2 (Semantic): torch.Size([383, 878])
✅ Successfully built TRUE DUAL VIEWS:
   🧬 miRNA: Sequence Features (m_ss.xlsx) vs Functional Similarity (mi_fun_sim_2.0.csv)
   🦠 Disease: Gene Features (d_gs.xlsx) vs Semantic Similarity (dis_sem_sim_2.0.csv)

🔧 Epoch 1 梯度检查:
================================================================================

  参数名称                              梯度范数         梯度均值 状态             
  ----------------------------------------------------------------------
  type_relations                0.000025     0.000001 ✅ 正常           
  exist_relation                0.000149     0.000011 ✅ 正常           
  mi_proj_layer0                0.471205     0.001743 ✅ 正常           
  dis_proj_layer0               0.523206     0.001979 ✅ 正常           
================================================================================

Epoch 1, Total Loss: 20.4861, Recover Loss: 1.3337, miRNA CL: 8.9130, Disease CL: 8.4219, Inter-view (est): 4.0004, Recon Loss: 1.5189, Time: 0.58s
[INFO] Hypergraph updated at epoch 5
[INFO] Hypergraph updated at epoch 10
[INFO] Hypergraph updated at epoch 15
[INFO] Hypergraph updated at epoch 20
[INFO] Hypergraph updated at epoch 25
[INFO] Hypergraph updated at epoch 30
[INFO] Hypergraph updated at epoch 35
[INFO] Hypergraph updated at epoch 40
[INFO] Hypergraph updated at epoch 45
[INFO] Hypergraph updated at epoch 50

🔧 Epoch 50 梯度检查:
================================================================================

  参数名称                              梯度范数         梯度均值 状态             
  ----------------------------------------------------------------------
  type_relations                0.000017     0.000000 ✅ 正常           
  exist_relation                0.000144     0.000010 ✅ 正常           
  mi_proj_layer0                0.186180     0.000694 ✅ 正常           
  dis_proj_layer0               0.177127     0.000661 ✅ 正常           
================================================================================

Epoch 50, Total Loss: 17.4092, Recover Loss: 1.1985, miRNA CL: 8.0759, Disease CL: 7.7088, Inter-view (est): 3.6426, Recon Loss: 0.1416, Time: 99.33s
[INFO] Hypergraph updated at epoch 100

🔧 Epoch 100 梯度检查:
================================================================================

  参数名称                              梯度范数         梯度均值 状态             
  ----------------------------------------------------------------------
  type_relations                0.000010     0.000000 ✅ 正常           
  exist_relation                0.000138     0.000010 ✅ 正常           
  mi_proj_layer0                0.115612     0.000462 ✅ 正常           
  dis_proj_layer0               0.131159     0.000507 ✅ 正常           
================================================================================

Epoch 100, Total Loss: 16.1973, Recover Loss: 1.1306, miRNA CL: 7.7602, Disease CL: 7.0037, Inter-view (est): 3.4070, Recon Loss: 0.0324, Time: 138.06s
[INFO] Hypergraph updated at epoch 150

🔧 Epoch 150 梯度检查:
================================================================================

  参数名称                              梯度范数         梯度均值 状态             
  ----------------------------------------------------------------------
  type_relations                0.000006     0.000000 ✅ 正常           
  exist_relation                0.000132     0.000009 ✅ 正常           
  mi_proj_layer0                0.111841     0.000451 ✅ 正常           
  dis_proj_layer0               0.126679     0.000494 ✅ 正常           
================================================================================

Epoch 150, Total Loss: 15.6308, Recover Loss: 1.0766, miRNA CL: 7.5853, Disease CL: 6.6780, Inter-view (est): 3.2915, Recon Loss: 0.0300, Time: 182.66s
[INFO] Hypergraph updated at epoch 200

🔧 Epoch 200 梯度检查:
================================================================================

  参数名称                              梯度范数         梯度均值 状态             
  ----------------------------------------------------------------------
  type_relations                0.000004     0.000000 ✅ 正常           
  exist_relation                0.000128     0.000009 ✅ 正常           
  mi_proj_layer0                0.124453     0.000497 ✅ 正常           
  dis_proj_layer0               0.116870     0.000457 ✅ 正常           
================================================================================

Epoch 200, Total Loss: 15.1231, Recover Loss: 1.0350, miRNA CL: 7.3101, Disease CL: 6.4938, Inter-view (est): 3.1855, Recon Loss: 0.0292, Time: 225.58s
[INFO] Hypergraph updated at epoch 250

🔧 Epoch 250 梯度检查:
================================================================================

  参数名称                              梯度范数         梯度均值 状态             
  ----------------------------------------------------------------------
  type_relations                0.000003     0.000000 ✅ 正常           
  exist_relation                0.000124     0.000009 ✅ 正常           
  mi_proj_layer0                0.111478     0.000438 ✅ 正常           
  dis_proj_layer0               0.095616     0.000385 ✅ 正常           
================================================================================

Epoch 250, Total Loss: 14.8543, Recover Loss: 0.9991, miRNA CL: 7.1879, Disease CL: 6.3870, Inter-view (est): 3.1327, Recon Loss: 0.0288, Time: 261.45s
[INFO] Hypergraph updated at epoch 300

🔧 Epoch 300 梯度检查:
================================================================================

  参数名称                              梯度范数         梯度均值 状态             
  ----------------------------------------------------------------------
  type_relations                0.000002     0.000000 ✅ 正常           
  exist_relation                0.000121     0.000008 ✅ 正常           
  mi_proj_layer0                0.082699     0.000345 ✅ 正常           
  dis_proj_layer0               0.075113     0.000312 ✅ 正常           
================================================================================

Epoch 300, Total Loss: 14.6426, Recover Loss: 0.9744, miRNA CL: 7.0870, Disease CL: 6.3043, Inter-view (est): 3.0903, Recon Loss: 0.0288, Time: 294.24s
[INFO] Hypergraph updated at epoch 350

🔧 Epoch 350 梯度检查:
================================================================================

  参数名称                              梯度范数         梯度均值 状态             
  ----------------------------------------------------------------------
  type_relations                0.000002     0.000000 ✅ 正常           
  exist_relation                0.000119     0.000008 ✅ 正常           
  mi_proj_layer0                0.079089     0.000334 ✅ 正常           
  dis_proj_layer0               0.074065     0.000308 ✅ 正常           
================================================================================

Epoch 350, Total Loss: 14.5274, Recover Loss: 0.9583, miRNA CL: 7.0271, Disease CL: 6.2679, Inter-view (est): 3.0681, Recon Loss: 0.0282, Time: 326.93s
[INFO] Hypergraph updated at epoch 400

🔧 Epoch 400 梯度检查:
================================================================================

  参数名称                              梯度范数         梯度均值 状态             
  ----------------------------------------------------------------------
  type_relations                0.000002     0.000000 ✅ 正常           
  exist_relation                0.000116     0.000008 ✅ 正常           
  mi_proj_layer0                0.104733     0.000433 ✅ 正常           
  dis_proj_layer0               0.098269     0.000399 ✅ 正常           
================================================================================

Epoch 400, Total Loss: 14.4318, Recover Loss: 0.9427, miRNA CL: 6.9775, Disease CL: 6.2402, Inter-view (est): 3.0502, Recon Loss: 0.0275, Time: 358.99s
[INFO] Hypergraph updated at epoch 450

🔧 Epoch 450 梯度检查:
================================================================================

  参数名称                              梯度范数         梯度均值 状态             
  ----------------------------------------------------------------------
  type_relations                0.000001     0.000000 ✅ 正常           
  exist_relation                0.000114     0.000008 ✅ 正常           
  mi_proj_layer0                0.074490     0.000316 ✅ 正常           
  dis_proj_layer0               0.082164     0.000338 ✅ 正常           
================================================================================

Epoch 450, Total Loss: 14.3440, Recover Loss: 0.9315, miRNA CL: 6.9273, Disease CL: 6.2158, Inter-view (est): 3.0330, Recon Loss: 0.0271, Time: 393.15s
[INFO] Hypergraph updated at epoch 500

🔧 Epoch 500 梯度检查:
================================================================================

  参数名称                              梯度范数         梯度均值 状态             
  ----------------------------------------------------------------------
  type_relations                0.000001     0.000000 ✅ 正常           
  exist_relation                0.000112     0.000007 ✅ 正常           
  mi_proj_layer0                0.092730     0.000394 ✅ 正常           
  dis_proj_layer0               0.097128     0.000398 ✅ 正常           
================================================================================

Epoch 500, Total Loss: 14.2486, Recover Loss: 0.9270, miRNA CL: 6.8558, Disease CL: 6.1975, Inter-view (est): 3.0123, Recon Loss: 0.0273, Time: 425.88s
[INFO] Hypergraph updated at epoch 550

🔧 Epoch 550 梯度检查:
================================================================================

  参数名称                              梯度范数         梯度均值 状态             
  ----------------------------------------------------------------------
  type_relations                0.000001     0.000000 ✅ 正常           
  exist_relation                0.000112     0.000007 ✅ 正常           
  mi_proj_layer0                0.073899     0.000313 ✅ 正常           
  dis_proj_layer0               0.071462     0.000291 ✅ 正常           
================================================================================

Epoch 550, Total Loss: 14.1897, Recover Loss: 0.9100, miRNA CL: 6.8243, Disease CL: 6.1880, Inter-view (est): 3.0028, Recon Loss: 0.0271, Time: 458.86s
[INFO] Hypergraph updated at epoch 600

🔧 Epoch 600 梯度检查:
================================================================================

  参数名称                              梯度范数         梯度均值 状态             
  ----------------------------------------------------------------------
  type_relations                0.000001     0.000000 ✅ 正常           
  exist_relation                0.000111     0.000007 ✅ 正常           
  mi_proj_layer0                0.084601     0.000358 ✅ 正常           
  dis_proj_layer0               0.091752     0.000373 ✅ 正常           
================================================================================

Epoch 600, Total Loss: 14.1637, Recover Loss: 0.9198, miRNA CL: 6.7951, Disease CL: 6.1823, Inter-view (est): 2.9948, Recon Loss: 0.0266, Time: 492.57s
[INFO] Hypergraph updated at epoch 650

🔧 Epoch 650 梯度检查:
================================================================================

  参数名称                              梯度范数         梯度均值 状态             
  ----------------------------------------------------------------------
  type_relations                0.000001     0.000000 ✅ 正常           
  exist_relation                0.000110     0.000007 ✅ 正常           
  mi_proj_layer0                0.070992     0.000299 ✅ 正常           
  dis_proj_layer0               0.061200     0.000255 ✅ 正常           
================================================================================

Epoch 650, Total Loss: 14.1278, Recover Loss: 0.9114, miRNA CL: 6.7734, Disease CL: 6.1770, Inter-view (est): 2.9886, Recon Loss: 0.0265, Time: 525.43s

================================================================================
Training completed. Running final test...
================================================================================
Fold 3 completed - AUC: 0.9773, Top-1 F1: 0.6742
Fold 3 training time: 526.17 seconds
=== Cross Validation Fold 4/5 ===
Using hidden dimensions: [256, 256] with 4 attention heads
优化模型初始化: miRNA数量 = 495, 疾病数量 = 383
   节点维度: 256 → 128
   类型数量: 4
   Temperature: 2.0 (可学习)
   Loss mode: two_head
   loss_mode=two_head
   exist_weight=0.100, type_weight=0.900

✅ SimplifiedMultiTypeAssociationLoss 初始化 (改进版)
   类别权重 (beta=0.99999): ['0.780', '1.822', '0.977', '0.421']
Original positive index shape: torch.Size([1072, 2])
Original negative index shape: torch.Size([135416, 2])
采样后负样本数量: 10720
🎯 Building TRUE DUAL VIEWS from four different sources...
📊 Data sources loaded:
  Disease semantic: torch.Size([383, 383])
  miRNA functional: torch.Size([495, 495])
  Disease-gene: torch.Size([383, 383])
  miRNA-sequence: torch.Size([495, 495])
🧬 Building miRNA dual-view hypergraphs...
  📊 miRNA View 1 (Sequence): torch.Size([495, 878])
  📊 miRNA View 2 (Function): torch.Size([495, 878])
🦠 Building disease dual-view hypergraphs...
  📊 Disease View 1 (Gene): torch.Size([383, 878])
  📊 Disease View 2 (Semantic): torch.Size([383, 878])
✅ Successfully built TRUE DUAL VIEWS:
   🧬 miRNA: Sequence Features (m_ss.xlsx) vs Functional Similarity (mi_fun_sim_2.0.csv)
   🦠 Disease: Gene Features (d_gs.xlsx) vs Semantic Similarity (dis_sem_sim_2.0.csv)

🔧 Epoch 1 梯度检查:
================================================================================

  参数名称                              梯度范数         梯度均值 状态             
  ----------------------------------------------------------------------
  type_relations                0.000025     0.000001 ✅ 正常           
  exist_relation                0.000156     0.000011 ✅ 正常           
  mi_proj_layer0                0.459874     0.001763 ✅ 正常           
  dis_proj_layer0               0.455739     0.001727 ✅ 正常           
================================================================================

Epoch 1, Total Loss: 20.6170, Recover Loss: 1.3378, miRNA CL: 8.9850, Disease CL: 8.4576, Inter-view (est): 4.0252, Recon Loss: 1.5381, Time: 0.64s
[INFO] Hypergraph updated at epoch 5
[INFO] Hypergraph updated at epoch 10
[INFO] Hypergraph updated at epoch 15
[INFO] Hypergraph updated at epoch 20
[INFO] Hypergraph updated at epoch 25
[INFO] Hypergraph updated at epoch 30
[INFO] Hypergraph updated at epoch 35
[INFO] Hypergraph updated at epoch 40
[INFO] Hypergraph updated at epoch 45
[INFO] Hypergraph updated at epoch 50

🔧 Epoch 50 梯度检查:
================================================================================

  参数名称                              梯度范数         梯度均值 状态             
  ----------------------------------------------------------------------
  type_relations                0.000017     0.000001 ✅ 正常           
  exist_relation                0.000152     0.000011 ✅ 正常           
  mi_proj_layer0                0.165657     0.000612 ✅ 正常           
  dis_proj_layer0               0.136285     0.000527 ✅ 正常           
================================================================================

Epoch 50, Total Loss: 17.3112, Recover Loss: 1.2009, miRNA CL: 8.0258, Disease CL: 7.6935, Inter-view (est): 3.6275, Recon Loss: 0.1063, Time: 104.53s
[INFO] Hypergraph updated at epoch 100

🔧 Epoch 100 梯度检查:
================================================================================

  参数名称                              梯度范数         梯度均值 状态             
  ----------------------------------------------------------------------
  type_relations                0.000009     0.000000 ✅ 正常           
  exist_relation                0.000146     0.000010 ✅ 正常           
  mi_proj_layer0                0.119484     0.000466 ✅ 正常           
  dis_proj_layer0               0.138008     0.000533 ✅ 正常           
================================================================================

Epoch 100, Total Loss: 16.1828, Recover Loss: 1.1273, miRNA CL: 7.7434, Disease CL: 7.0107, Inter-view (est): 3.4048, Recon Loss: 0.0305, Time: 140.48s
[INFO] Hypergraph updated at epoch 150

🔧 Epoch 150 梯度检查:
================================================================================

  参数名称                              梯度范数         梯度均值 状态             
  ----------------------------------------------------------------------
  type_relations                0.000006     0.000000 ✅ 正常           
  exist_relation                0.000140     0.000009 ✅ 正常           
  mi_proj_layer0                0.097768     0.000400 ✅ 正常           
  dis_proj_layer0               0.098373     0.000393 ✅ 正常           
================================================================================

Epoch 150, Total Loss: 15.5425, Recover Loss: 1.0683, miRNA CL: 7.5259, Disease CL: 6.6562, Inter-view (est): 3.2728, Recon Loss: 0.0302, Time: 186.68s
[INFO] Hypergraph updated at epoch 200

🔧 Epoch 200 梯度检查:
================================================================================

  参数名称                              梯度范数         梯度均值 状态             
  ----------------------------------------------------------------------
  type_relations                0.000004     0.000000 ✅ 正常           
  exist_relation                0.000137     0.000009 ✅ 正常           
  mi_proj_layer0                0.076886     0.000318 ✅ 正常           
  dis_proj_layer0               0.074390     0.000301 ✅ 正常           
================================================================================

Epoch 200, Total Loss: 15.1513, Recover Loss: 1.0311, miRNA CL: 7.3213, Disease CL: 6.5122, Inter-view (est): 3.1923, Recon Loss: 0.0291, Time: 228.39s
[INFO] Hypergraph updated at epoch 250

🔧 Epoch 250 梯度检查:
================================================================================

  参数名称                              梯度范数         梯度均值 状态             
  ----------------------------------------------------------------------
  type_relations                0.000003     0.000000 ✅ 正常           
  exist_relation                0.000135     0.000009 ✅ 正常           
  mi_proj_layer0                0.090136     0.000375 ✅ 正常           
  dis_proj_layer0               0.090463     0.000367 ✅ 正常           
================================================================================

Epoch 250, Total Loss: 14.9668, Recover Loss: 1.0201, miRNA CL: 7.2224, Disease CL: 6.4410, Inter-view (est): 3.1531, Recon Loss: 0.0287, Time: 263.98s
[INFO] Hypergraph updated at epoch 300

🔧 Epoch 300 梯度检查:
================================================================================

  参数名称                              梯度范数         梯度均值 状态             
  ----------------------------------------------------------------------
  type_relations                0.000002     0.000000 ✅ 正常           
  exist_relation                0.000132     0.000008 ✅ 正常           
  mi_proj_layer0                0.089754     0.000372 ✅ 正常           
  dis_proj_layer0               0.088451     0.000362 ✅ 正常           
================================================================================

Epoch 300, Total Loss: 14.7453, Recover Loss: 0.9933, miRNA CL: 7.1111, Disease CL: 6.3622, Inter-view (est): 3.1092, Recon Loss: 0.0282, Time: 296.91s
[INFO] Hypergraph updated at epoch 350

🔧 Epoch 350 梯度检查:
================================================================================

  参数名称                              梯度范数         梯度均值 状态             
  ----------------------------------------------------------------------
  type_relations                0.000001     0.000000 ✅ 正常           
  exist_relation                0.000128     0.000008 ✅ 正常           
  mi_proj_layer0                0.097666     0.000403 ✅ 正常           
  dis_proj_layer0               0.082811     0.000342 ✅ 正常           
================================================================================

Epoch 350, Total Loss: 14.5531, Recover Loss: 0.9693, miRNA CL: 7.0163, Disease CL: 6.2920, Inter-view (est): 3.0711, Recon Loss: 0.0286, Time: 329.91s
[INFO] Hypergraph updated at epoch 400

🔧 Epoch 400 梯度检查:
================================================================================

  参数名称                              梯度范数         梯度均值 状态             
  ----------------------------------------------------------------------
  type_relations                0.000001     0.000000 ✅ 正常           
  exist_relation                0.000125     0.000008 ✅ 正常           
  mi_proj_layer0                0.104290     0.000434 ✅ 正常           
  dis_proj_layer0               0.111860     0.000448 ✅ 正常           
================================================================================

Epoch 400, Total Loss: 14.4070, Recover Loss: 0.9414, miRNA CL: 6.9475, Disease CL: 6.2464, Inter-view (est): 3.0447, Recon Loss: 0.0274, Time: 362.61s
[INFO] Hypergraph updated at epoch 450

🔧 Epoch 450 梯度检查:
================================================================================
  ⚠️ 警告: type_relations梯度几乎为0 (norm=0.00000083)
     → 类型分类器可能没有学习!

  参数名称                              梯度范数         梯度均值 状态             
  ----------------------------------------------------------------------
  type_relations                0.000001     0.000000 ✅ 正常           
  exist_relation                0.000123     0.000008 ✅ 正常           
  mi_proj_layer0                0.087811     0.000365 ✅ 正常           
  dis_proj_layer0               0.094229     0.000396 ✅ 正常           
================================================================================

Epoch 450, Total Loss: 14.2998, Recover Loss: 0.9342, miRNA CL: 6.8729, Disease CL: 6.2225, Inter-view (est): 3.0220, Recon Loss: 0.0272, Time: 395.93s
[INFO] Hypergraph updated at epoch 500

🔧 Epoch 500 梯度检查:
================================================================================
  ⚠️ 警告: type_relations梯度几乎为0 (norm=0.00000073)
     → 类型分类器可能没有学习!

  参数名称                              梯度范数         梯度均值 状态             
  ----------------------------------------------------------------------
  type_relations                0.000001     0.000000 ✅ 正常           
  exist_relation                0.000122     0.000008 ✅ 正常           
  mi_proj_layer0                0.111608     0.000451 ✅ 正常           
  dis_proj_layer0               0.100341     0.000405 ✅ 正常           
================================================================================

Epoch 500, Total Loss: 14.2293, Recover Loss: 0.9298, miRNA CL: 6.8214, Disease CL: 6.2096, Inter-view (est): 3.0072, Recon Loss: 0.0264, Time: 428.79s
[INFO] Hypergraph updated at epoch 550

🔧 Epoch 550 梯度检查:
================================================================================
  ⚠️ 警告: type_relations梯度几乎为0 (norm=0.00000068)
     → 类型分类器可能没有学习!

  参数名称                              梯度范数         梯度均值 状态             
  ----------------------------------------------------------------------
  type_relations                0.000001     0.000000 ✅ 正常           
  exist_relation                0.000122     0.000008 ✅ 正常           
  mi_proj_layer0                0.081653     0.000335 ✅ 正常           
  dis_proj_layer0               0.080753     0.000331 ✅ 正常           
================================================================================

Epoch 550, Total Loss: 14.1949, Recover Loss: 0.9248, miRNA CL: 6.7990, Disease CL: 6.2028, Inter-view (est): 3.0004, Recon Loss: 0.0267, Time: 462.57s
[INFO] Hypergraph updated at epoch 600

🔧 Epoch 600 梯度检查:
================================================================================
  ⚠️ 警告: type_relations梯度几乎为0 (norm=0.00000064)
     → 类型分类器可能没有学习!

  参数名称                              梯度范数         梯度均值 状态             
  ----------------------------------------------------------------------
  type_relations                0.000001     0.000000 ✅ 正常           
  exist_relation                0.000121     0.000008 ✅ 正常           
  mi_proj_layer0                0.087608     0.000363 ✅ 正常           
  dis_proj_layer0               0.095345     0.000392 ✅ 正常           
================================================================================

Epoch 600, Total Loss: 14.1636, Recover Loss: 0.9238, miRNA CL: 6.7753, Disease CL: 6.1972, Inter-view (est): 2.9937, Recon Loss: 0.0260, Time: 495.44s
[INFO] Hypergraph updated at epoch 650

🔧 Epoch 650 梯度检查:
================================================================================
  ⚠️ 警告: type_relations梯度几乎为0 (norm=0.00000061)
     → 类型分类器可能没有学习!

  参数名称                              梯度范数         梯度均值 状态             
  ----------------------------------------------------------------------
  type_relations                0.000001     0.000000 ✅ 正常           
  exist_relation                0.000121     0.000007 ✅ 正常           
  mi_proj_layer0                0.078735     0.000328 ✅ 正常           
  dis_proj_layer0               0.066760     0.000282 ✅ 正常           
================================================================================

Epoch 650, Total Loss: 14.1370, Recover Loss: 0.9184, miRNA CL: 6.7604, Disease CL: 6.1915, Inter-view (est): 2.9889, Recon Loss: 0.0258, Time: 528.74s

================================================================================
Training completed. Running final test...
================================================================================
Fold 4 completed - AUC: 0.9720, Top-1 F1: 0.6442
Fold 4 training time: 529.58 seconds
=== Cross Validation Fold 5/5 ===
Using hidden dimensions: [256, 256] with 4 attention heads
优化模型初始化: miRNA数量 = 495, 疾病数量 = 383
   节点维度: 256 → 128
   类型数量: 4
   Temperature: 2.0 (可学习)
   Loss mode: two_head
   loss_mode=two_head
   exist_weight=0.100, type_weight=0.900

✅ SimplifiedMultiTypeAssociationLoss 初始化 (改进版)
   类别权重 (beta=0.99999): ['0.780', '1.822', '0.977', '0.421']
Original positive index shape: torch.Size([1072, 2])
Original negative index shape: torch.Size([135416, 2])
采样后负样本数量: 10720
🎯 Building TRUE DUAL VIEWS from four different sources...
📊 Data sources loaded:
  Disease semantic: torch.Size([383, 383])
  miRNA functional: torch.Size([495, 495])
  Disease-gene: torch.Size([383, 383])
  miRNA-sequence: torch.Size([495, 495])
🧬 Building miRNA dual-view hypergraphs...
  📊 miRNA View 1 (Sequence): torch.Size([495, 878])
  📊 miRNA View 2 (Function): torch.Size([495, 878])
🦠 Building disease dual-view hypergraphs...
  📊 Disease View 1 (Gene): torch.Size([383, 878])
  📊 Disease View 2 (Semantic): torch.Size([383, 878])
✅ Successfully built TRUE DUAL VIEWS:
   🧬 miRNA: Sequence Features (m_ss.xlsx) vs Functional Similarity (mi_fun_sim_2.0.csv)
   🦠 Disease: Gene Features (d_gs.xlsx) vs Semantic Similarity (dis_sem_sim_2.0.csv)

🔧 Epoch 1 梯度检查:
================================================================================

  参数名称                              梯度范数         梯度均值 状态             
  ----------------------------------------------------------------------
  type_relations                0.000025     0.000001 ✅ 正常           
  exist_relation                0.000139     0.000010 ✅ 正常           
  mi_proj_layer0                0.355748     0.001312 ✅ 正常           
  dis_proj_layer0               0.330944     0.001260 ✅ 正常           
================================================================================

Epoch 1, Total Loss: 20.6239, Recover Loss: 1.3265, miRNA CL: 9.0022, Disease CL: 8.4797, Inter-view (est): 4.0343, Recon Loss: 1.5172, Time: 0.71s
[INFO] Hypergraph updated at epoch 5
[INFO] Hypergraph updated at epoch 10
[INFO] Hypergraph updated at epoch 15
[INFO] Hypergraph updated at epoch 20
[INFO] Hypergraph updated at epoch 25
[INFO] Hypergraph updated at epoch 30
[INFO] Hypergraph updated at epoch 35
[INFO] Hypergraph updated at epoch 40
[INFO] Hypergraph updated at epoch 45
[INFO] Hypergraph updated at epoch 50

🔧 Epoch 50 梯度检查:
================================================================================

  参数名称                              梯度范数         梯度均值 状态             
  ----------------------------------------------------------------------
  type_relations                0.000017     0.000001 ✅ 正常           
  exist_relation                0.000134     0.000009 ✅ 正常           
  mi_proj_layer0                0.149933     0.000567 ✅ 正常           
  dis_proj_layer0               0.115690     0.000459 ✅ 正常           
================================================================================

Epoch 50, Total Loss: 17.4777, Recover Loss: 1.1889, miRNA CL: 8.0620, Disease CL: 7.8077, Inter-view (est): 3.6622, Recon Loss: 0.1353, Time: 103.17s
[INFO] Hypergraph updated at epoch 100

🔧 Epoch 100 梯度检查:
================================================================================

  参数名称                              梯度范数         梯度均值 状态             
  ----------------------------------------------------------------------
  type_relations                0.000010     0.000000 ✅ 正常           
  exist_relation                0.000128     0.000009 ✅ 正常           
  mi_proj_layer0                0.126137     0.000491 ✅ 正常           
  dis_proj_layer0               0.104328     0.000415 ✅ 正常           
================================================================================

Epoch 100, Total Loss: 16.2845, Recover Loss: 1.1303, miRNA CL: 7.7629, Disease CL: 7.0898, Inter-view (est): 3.4275, Recon Loss: 0.0319, Time: 139.27s
[INFO] Hypergraph updated at epoch 150

🔧 Epoch 150 梯度检查:
================================================================================

  参数名称                              梯度范数         梯度均值 状态             
  ----------------------------------------------------------------------
  type_relations                0.000006     0.000000 ✅ 正常           
  exist_relation                0.000123     0.000008 ✅ 正常           
  mi_proj_layer0                0.133797     0.000522 ✅ 正常           
  dis_proj_layer0               0.094134     0.000378 ✅ 正常           
================================================================================

Epoch 150, Total Loss: 15.6509, Recover Loss: 1.0869, miRNA CL: 7.5648, Disease CL: 6.7088, Inter-view (est): 3.2939, Recon Loss: 0.0303, Time: 185.37s
[INFO] Hypergraph updated at epoch 200

🔧 Epoch 200 梯度检查:
================================================================================

  参数名称                              梯度范数         梯度均值 状态             
  ----------------------------------------------------------------------
  type_relations                0.000004     0.000000 ✅ 正常           
  exist_relation                0.000119     0.000008 ✅ 正常           
  mi_proj_layer0                0.108784     0.000435 ✅ 正常           
  dis_proj_layer0               0.090159     0.000354 ✅ 正常           
================================================================================

Epoch 200, Total Loss: 15.1423, Recover Loss: 1.0493, miRNA CL: 7.2837, Disease CL: 6.5242, Inter-view (est): 3.1865, Recon Loss: 0.0306, Time: 226.04s
[INFO] Hypergraph updated at epoch 250

🔧 Epoch 250 梯度检查:
================================================================================

  参数名称                              梯度范数         梯度均值 状态             
  ----------------------------------------------------------------------
  type_relations                0.000004     0.000000 ✅ 正常           
  exist_relation                0.000117     0.000008 ✅ 正常           
  mi_proj_layer0                0.094502     0.000391 ✅ 正常           
  dis_proj_layer0               0.067383     0.000273 ✅ 正常           
================================================================================

Epoch 250, Total Loss: 14.9274, Recover Loss: 1.0192, miRNA CL: 7.1750, Disease CL: 6.4528, Inter-view (est): 3.1449, Recon Loss: 0.0292, Time: 262.21s
[INFO] Hypergraph updated at epoch 300

🔧 Epoch 300 梯度检查:
================================================================================

  参数名称                              梯度范数         梯度均值 状态             
  ----------------------------------------------------------------------
  type_relations                0.000003     0.000000 ✅ 正常           
  exist_relation                0.000114     0.000007 ✅ 正常           
  mi_proj_layer0                0.084093     0.000345 ✅ 正常           
  dis_proj_layer0               0.056104     0.000229 ✅ 正常           
================================================================================

Epoch 300, Total Loss: 14.7834, Recover Loss: 1.0013, miRNA CL: 7.1047, Disease CL: 6.4008, Inter-view (est): 3.1167, Recon Loss: 0.0280, Time: 296.76s
[INFO] Hypergraph updated at epoch 350

🔧 Epoch 350 梯度检查:
================================================================================

  参数名称                              梯度范数         梯度均值 状态             
  ----------------------------------------------------------------------
  type_relations                0.000003     0.000000 ✅ 正常           
  exist_relation                0.000112     0.000007 ✅ 正常           
  mi_proj_layer0                0.100130     0.000417 ✅ 正常           
  dis_proj_layer0               0.069863     0.000288 ✅ 正常           
================================================================================

Epoch 350, Total Loss: 14.6605, Recover Loss: 0.9895, miRNA CL: 7.0400, Disease CL: 6.3559, Inter-view (est): 3.0914, Recon Loss: 0.0290, Time: 329.77s
[INFO] Hypergraph updated at epoch 400

🔧 Epoch 400 梯度检查:
================================================================================

  参数名称                              梯度范数         梯度均值 状态             
  ----------------------------------------------------------------------
  type_relations                0.000002     0.000000 ✅ 正常           
  exist_relation                0.000110     0.000007 ✅ 正常           
  mi_proj_layer0                0.100856     0.000414 ✅ 正常           
  dis_proj_layer0               0.092986     0.000377 ✅ 正常           
================================================================================

Epoch 400, Total Loss: 14.5363, Recover Loss: 0.9805, miRNA CL: 6.9678, Disease CL: 6.3156, Inter-view (est): 3.0654, Recon Loss: 0.0288, Time: 362.87s
[INFO] Hypergraph updated at epoch 450

🔧 Epoch 450 梯度检查:
================================================================================

  参数名称                              梯度范数         梯度均值 状态             
  ----------------------------------------------------------------------
  type_relations                0.000002     0.000000 ✅ 正常           
  exist_relation                0.000108     0.000007 ✅ 正常           
  mi_proj_layer0                0.077469     0.000325 ✅ 正常           
  dis_proj_layer0               0.066696     0.000275 ✅ 正常           
================================================================================

Epoch 450, Total Loss: 14.3913, Recover Loss: 0.9690, miRNA CL: 6.8685, Disease CL: 6.2849, Inter-view (est): 3.0354, Recon Loss: 0.0274, Time: 396.73s
[INFO] Hypergraph updated at epoch 500

🔧 Epoch 500 梯度检查:
================================================================================

  参数名称                              梯度范数         梯度均值 状态             
  ----------------------------------------------------------------------
  type_relations                0.000002     0.000000 ✅ 正常           
  exist_relation                0.000107     0.000007 ✅ 正常           
  mi_proj_layer0                0.078272     0.000328 ✅ 正常           
  dis_proj_layer0               0.087248     0.000344 ✅ 正常           
================================================================================

Epoch 500, Total Loss: 14.3298, Recover Loss: 0.9643, miRNA CL: 6.8245, Disease CL: 6.2731, Inter-view (est): 3.0225, Recon Loss: 0.0271, Time: 431.14s
[INFO] Hypergraph updated at epoch 550

🔧 Epoch 550 梯度检查:
================================================================================

  参数名称                              梯度范数         梯度均值 状态             
  ----------------------------------------------------------------------
  type_relations                0.000002     0.000000 ✅ 正常           
  exist_relation                0.000106     0.000007 ✅ 正常           
  mi_proj_layer0                0.067050     0.000280 ✅ 正常           
  dis_proj_layer0               0.062284     0.000257 ✅ 正常           
================================================================================

Epoch 550, Total Loss: 14.2829, Recover Loss: 0.9531, miRNA CL: 6.7978, Disease CL: 6.2651, Inter-view (est): 3.0145, Recon Loss: 0.0266, Time: 463.41s
[INFO] Hypergraph updated at epoch 600

🔧 Epoch 600 梯度检查:
================================================================================

  参数名称                              梯度范数         梯度均值 状态             
  ----------------------------------------------------------------------
  type_relations                0.000002     0.000000 ✅ 正常           
  exist_relation                0.000106     0.000007 ✅ 正常           
  mi_proj_layer0                0.066827     0.000284 ✅ 正常           
  dis_proj_layer0               0.057341     0.000243 ✅ 正常           
================================================================================

Epoch 600, Total Loss: 14.2490, Recover Loss: 0.9493, miRNA CL: 6.7765, Disease CL: 6.2565, Inter-view (est): 3.0076, Recon Loss: 0.0269, Time: 495.86s
[INFO] Hypergraph updated at epoch 650

🔧 Epoch 650 梯度检查:
================================================================================

  参数名称                              梯度范数         梯度均值 状态             
  ----------------------------------------------------------------------
  type_relations                0.000001     0.000000 ✅ 正常           
  exist_relation                0.000105     0.000006 ✅ 正常           
  mi_proj_layer0                0.074865     0.000309 ✅ 正常           
  dis_proj_layer0               0.065163     0.000266 ✅ 正常           
================================================================================

Epoch 650, Total Loss: 14.2184, Recover Loss: 0.9470, miRNA CL: 6.7582, Disease CL: 6.2472, Inter-view (est): 3.0012, Recon Loss: 0.0268, Time: 529.67s

================================================================================
Training completed. Running final test...
================================================================================
Fold 5 completed - AUC: 0.9809, Top-1 F1: 0.6213
Fold 5 training time: 530.44 seconds
Average binary metrics across folds: [[0.97689909 0.97282299 0.93017706 0.92813433 0.95701493 0.89925373
  0.90538995]]
🎯 Average Top-1 metrics across folds: {'top1_precision': 0.646268656716418, 'top1_recall': np.float64(0.6605466891432338), 'top1_f1': np.float64(0.6532016217335568)}

📊 CV_type Style Metrics Details:
  AUC            : 0.9769
  AUPR           : 0.9728
  F1             : 0.9302
  Accuracy       : 0.9281
  Recall         : 0.9570
  Specificity    : 0.8993
  Precision      : 0.9054

🎯 Top-1 Metrics Details:
  top1_precision : 0.6463
  top1_recall    : 0.6605
  top1_f1        : 0.6532

Total execution time: 2643.38 seconds

==========================================================================================
🎯 FINAL COMPREHENSIVE RESULTS WITH TOP-1 METRICS
==========================================================================================
📊 Binary Classification Metrics (Original):
  AUC: 0.9769
  AUPR: 0.9728
  F1: 0.9302
  Accuracy: 0.9281
  Recall: 0.9570
  Specificity: 0.8993
  Precision: 0.9054

🎯 CV_type Style Metrics (Enhanced):
  AUC: 0.9769
  AUPR: 0.9728
  F1: 0.9302
  Accuracy: 0.9281
  Recall: 0.9570
  Specificity: 0.8993
  Precision: 0.9054

🏆 Top-1 Metrics (NEW):
  Top-1 Precision: 0.6463
  Top-1 Recall: 0.6605
  Top-1 F1: 0.6532
==========================================================================================
