[CPU] torch.set_num_threads(8), interop=min(4, 8)
Using device: cpu
[INFO] Auto-computed BALANCED class weights (to prevent class collapse):
  Circulation  (  367 samples): 0.780
  Epigenetics  (  157 samples): 1.823
  Target       (  293 samples): 0.977
  Genetics     (  681 samples): 0.420
  [NOTE] Higher weights for minority classes to prevent model from only predicting majority class
[INFO] Using v2.0_495m383D dataset:
  miRNAs: 495
  Diseases: 383
  Expected associations: ~1498
  Types: 4 (Circulation, Epigenetics, Target, Genetics)

================================================================================
Configuration Summary
================================================================================
Dataset: v2.0_495m383D
Data Path: ./
Model: HeterogenousGraphCLAMIR
  - HGT Layers: 2
  - Attention Heads: 4
  - Association Types: 4
  - Inter-view CL: Enabled
    - Weight: 0.3
    - Temperature: 0.5
    - Margin: 0.5

Training:
  - Epochs: 650
  - Learning Rate: 0.0001
  - Dropout: 0.3
  - Weight Decay: 5e-05
  - Focal Loss: Enabled

Evaluation:
  - Cross-Validation Folds: 5
  - Primary Metric: AUPR

Device: cpu
Random Seed: 1234
================================================================================

[SEED] Re-seeded với args.seed = 1234
🚀 Running with comprehensive evaluation including Top-1 metrics...
🎯 Loading dual-view data...
Starting dual-view data preparation with new file format...
Loading all similarity and feature files from v2.0_495m383D...
✅ Loaded disease semantic similarity from D_SSM1.txt: (383, 383)
✅ Loaded miRNA functional similarity from M_FSM.txt: (495, 495)
✅ Loaded multi-type association pairs from ./v2.0_495m383D/multi_all_mirna_disease_pairs_without_negative.csv: (1679, 3)
✅ Created multi-type association matrix: (495, 383)
📊 Multi-type Association Statistics:
   无关联 (No association): 188087 pairs (99.21%)
   循环类型 (Circulation): 367 pairs (0.19%)
   表观遗传学 (Epigenetics): 157 pairs (0.08%)
   靶标类型 (Target): 293 pairs (0.15%)
   遗传学类型 (Genetics): 681 pairs (0.36%)
✅ Created association matrix from CSV: (495, 383)
✅ Loaded disease-gene features from D_SSM2.txt: torch.Size([383, 383])
✅ Loaded miRNA-sequence features from M_GSM.txt: torch.Size([495, 495])
Processing integrated similarity matrices...
Loaded similarity matrices from cache
Processing indices...
Loaded indices from cache (seed=1234)
✅ Dual-view data preparation completed in 0.48 seconds

============================================================
🎯 DUAL-VIEW CONFIGURATION SUMMARY (v2.0_495m383D)
============================================================
miRNA Dual Views:
  📊 View 1 (Sequence): M_GSM.txt torch.Size([495, 495])
  📊 View 2 (Function): M_FSM.txt torch.Size([495, 495])

Disease Dual Views:
  📊 View 1 (Gene): D_SSM2.txt torch.Size([383, 383])
  📊 View 2 (Semantic): D_SSM1.txt torch.Size([383, 383])

Association Matrix: torch.Size([495, 383])
Data source: v2.0_495m383D (495 miRNAs × 383 Diseases)
============================================================
Preloading dual-view data to device...
✅ Loaded disease-gene features to device: torch.Size([383, 383])
✅ Loaded miRNA-sequence features to device: torch.Size([495, 495])
✅ Loaded disease semantic similarity to device: torch.Size([383, 383])
✅ Loaded miRNA functional similarity to device: torch.Size([495, 495])
✅ Dual-view data preloading completed in 0.00 seconds
OptimizedDataset initialized with 5 folds
Using device: cpu
=== Cross Validation Fold 1/5 ===
Using hidden dimensions: [256, 256] with 4 attention heads
优化模型初始化: miRNA数量 = 495, 疾病数量 = 383
   节点维度: 256 → 128
   类型数量: 4
   Temperature: 2.0 (可学习)
   Loss mode: softmax_5class
   loss_mode=softmax_5class
   class_weights_5 (neg+4types): ['0.026', '0.970', '2.266', '1.215', '0.524']

✅ SimplifiedMultiTypeAssociationLoss 初始化 (改进版)
   类别权重 (beta=0.99999): ['0.780', '1.822', '0.977', '0.421']
Original positive index shape: torch.Size([1072, 2])
Original negative index shape: torch.Size([135416, 2])
采样后负样本数量: 10720
🎯 Building TRUE DUAL VIEWS from four different sources...
📊 Data sources loaded:
  Disease semantic: torch.Size([383, 383])
  miRNA functional: torch.Size([495, 495])
  Disease-gene: torch.Size([383, 383])
  miRNA-sequence: torch.Size([495, 495])
🧬 Building miRNA dual-view hypergraphs...
  📊 miRNA View 1 (Sequence): torch.Size([495, 878])
  📊 miRNA View 2 (Function): torch.Size([495, 878])
🦠 Building disease dual-view hypergraphs...
  📊 Disease View 1 (Gene): torch.Size([383, 878])
  📊 Disease View 2 (Semantic): torch.Size([383, 878])
✅ Successfully built TRUE DUAL VIEWS:
   🧬 miRNA: Sequence Features (m_ss.xlsx) vs Functional Similarity (mi_fun_sim_2.0.csv)
   🦠 Disease: Gene Features (d_gs.xlsx) vs Semantic Similarity (dis_sem_sim_2.0.csv)

🔧 Epoch 1 梯度检查:
================================================================================

  参数名称                              梯度范数         梯度均值 状态             
  ----------------------------------------------------------------------
  type_relations                0.000025     0.000001 ✅ 正常           
  exist_relation                0.000134     0.000010 ✅ 正常           
  mi_proj_layer0                1.814155     0.006737 ✅ 正常           
  dis_proj_layer0               1.978556     0.007558 ✅ 正常           
================================================================================

Epoch 1, Total Loss: 22.4214, Recover Loss: 3.1757, miRNA CL: 8.9735, Disease CL: 8.4526, Inter-view (est): 4.0214, Recon Loss: 1.5211, Time: 0.88s
[INFO] Hypergraph updated at epoch 5
[INFO] Hypergraph updated at epoch 10
[INFO] Hypergraph updated at epoch 15
[INFO] Hypergraph updated at epoch 20
[INFO] Hypergraph updated at epoch 25
[INFO] Hypergraph updated at epoch 30
[INFO] Hypergraph updated at epoch 35
[INFO] Hypergraph updated at epoch 40
[INFO] Hypergraph updated at epoch 45
[INFO] Hypergraph updated at epoch 50

🔧 Epoch 50 梯度检查:
================================================================================

  参数名称                              梯度范数         梯度均值 状态             
  ----------------------------------------------------------------------
  type_relations                0.000017     0.000000 ✅ 正常           
  exist_relation                0.000129     0.000009 ✅ 正常           
  mi_proj_layer0                0.399692     0.001495 ✅ 正常           
  dis_proj_layer0               0.350127     0.001340 ✅ 正常           
================================================================================

Epoch 50, Total Loss: 18.8368, Recover Loss: 2.6894, miRNA CL: 8.0328, Disease CL: 7.7195, Inter-view (est): 3.6351, Recon Loss: 0.1078, Time: 134.03s
[INFO] Hypergraph updated at epoch 100

🔧 Epoch 100 梯度检查:
================================================================================

  参数名称                              梯度范数         梯度均值 状态             
  ----------------------------------------------------------------------
  type_relations                0.000011     0.000000 ✅ 正常           
  exist_relation                0.000124     0.000009 ✅ 正常           
  mi_proj_layer0                0.271538     0.001043 ✅ 正常           
  dis_proj_layer0               0.298221     0.001158 ✅ 正常           
================================================================================

Epoch 100, Total Loss: 17.6894, Recover Loss: 2.5855, miRNA CL: 7.7865, Disease CL: 7.0088, Inter-view (est): 3.4143, Recon Loss: 0.0316, Time: 182.22s
[INFO] Hypergraph updated at epoch 150

🔧 Epoch 150 梯度检查:
================================================================================

  参数名称                              梯度范数         梯度均值 状态             
  ----------------------------------------------------------------------
  type_relations                0.000007     0.000000 ✅ 正常           
  exist_relation                0.000119     0.000008 ✅ 正常           
  mi_proj_layer0                0.307673     0.001134 ✅ 正常           
  dis_proj_layer0               0.364107     0.001354 ✅ 正常           
================================================================================

Epoch 150, Total Loss: 17.0356, Recover Loss: 2.5022, miRNA CL: 7.6364, Disease CL: 6.5972, Inter-view (est): 3.2847, Recon Loss: 0.0303, Time: 226.34s
[INFO] Hypergraph updated at epoch 200

🔧 Epoch 200 梯度检查:
================================================================================

  参数名称                              梯度范数         梯度均值 状态             
  ----------------------------------------------------------------------
  type_relations                0.000004     0.000000 ✅ 正常           
  exist_relation                0.000115     0.000008 ✅ 正常           
  mi_proj_layer0                0.177705     0.000738 ✅ 正常           
  dis_proj_layer0               0.216854     0.000876 ✅ 正常           
================================================================================

Epoch 200, Total Loss: 16.4698, Recover Loss: 2.3692, miRNA CL: 7.3787, Disease CL: 6.4288, Inter-view (est): 3.1864, Recon Loss: 0.0295, Time: 268.58s
[INFO] Hypergraph updated at epoch 250

🔧 Epoch 250 梯度检查:
================================================================================

  参数名称                              梯度范数         梯度均值 状态             
  ----------------------------------------------------------------------
  type_relations                0.000003     0.000000 ✅ 正常           
  exist_relation                0.000111     0.000007 ✅ 正常           
  mi_proj_layer0                0.182987     0.000757 ✅ 正常           
  dis_proj_layer0               0.211823     0.000849 ✅ 正常           
================================================================================

Epoch 250, Total Loss: 16.1528, Recover Loss: 2.3127, miRNA CL: 7.2077, Disease CL: 6.3443, Inter-view (est): 3.1274, Recon Loss: 0.0285, Time: 310.19s
[INFO] Hypergraph updated at epoch 300

🔧 Epoch 300 梯度检查:
================================================================================

  参数名称                              梯度范数         梯度均值 状态             
  ----------------------------------------------------------------------
  type_relations                0.000002     0.000000 ✅ 正常           
  exist_relation                0.000107     0.000007 ✅ 正常           
  mi_proj_layer0                0.166561     0.000699 ✅ 正常           
  dis_proj_layer0               0.155425     0.000654 ✅ 正常           
================================================================================

Epoch 300, Total Loss: 15.9101, Recover Loss: 2.2483, miRNA CL: 7.0957, Disease CL: 6.2815, Inter-view (est): 3.0870, Recon Loss: 0.0282, Time: 352.04s
[INFO] Hypergraph updated at epoch 350

🔧 Epoch 350 梯度检查:
================================================================================

  参数名称                              梯度范数         梯度均值 状态             
  ----------------------------------------------------------------------
  type_relations                0.000001     0.000000 ✅ 正常           
  exist_relation                0.000103     0.000007 ✅ 正常           
  mi_proj_layer0                0.145195     0.000616 ✅ 正常           
  dis_proj_layer0               0.149039     0.000623 ✅ 正常           
================================================================================

Epoch 350, Total Loss: 15.7105, Recover Loss: 2.2020, miRNA CL: 6.9946, Disease CL: 6.2322, Inter-view (est): 3.0523, Recon Loss: 0.0279, Time: 392.28s
[INFO] Hypergraph updated at epoch 400

🔧 Epoch 400 梯度检查:
================================================================================
  ⚠️ 警告: type_relations梯度几乎为0 (norm=0.00000090)
     → 类型分类器可能没有学习!

  参数名称                              梯度范数         梯度均值 状态             
  ----------------------------------------------------------------------
  type_relations                0.000001     0.000000 ✅ 正常           
  exist_relation                0.000100     0.000006 ✅ 正常           
  mi_proj_layer0                0.141520     0.000597 ✅ 正常           
  dis_proj_layer0               0.133641     0.000561 ✅ 正常           
================================================================================

Epoch 400, Total Loss: 15.5198, Recover Loss: 2.1588, miRNA CL: 6.8811, Disease CL: 6.2002, Inter-view (est): 3.0188, Recon Loss: 0.0277, Time: 435.70s
[INFO] Hypergraph updated at epoch 450

🔧 Epoch 450 梯度检查:
================================================================================
  ⚠️ 警告: type_relations梯度几乎为0 (norm=0.00000078)
     → 类型分类器可能没有学习!

  参数名称                              梯度范数         梯度均值 状态             
  ----------------------------------------------------------------------
  type_relations                0.000001     0.000000 ✅ 正常           
  exist_relation                0.000099     0.000006 ✅ 正常           
  mi_proj_layer0                0.130888     0.000557 ✅ 正常           
  dis_proj_layer0               0.126296     0.000538 ✅ 正常           
================================================================================

Epoch 450, Total Loss: 15.4387, Recover Loss: 2.1438, miRNA CL: 6.8289, Disease CL: 6.1878, Inter-view (est): 3.0039, Recon Loss: 0.0271, Time: 482.03s
[INFO] Hypergraph updated at epoch 500

🔧 Epoch 500 梯度检查:
================================================================================
  ⚠️ 警告: type_relations梯度几乎为0 (norm=0.00000071)
     → 类型分类器可能没有学习!

  参数名称                              梯度范数         梯度均值 状态             
  ----------------------------------------------------------------------
  type_relations                0.000001     0.000000 ✅ 正常           
  exist_relation                0.000098     0.000006 ✅ 正常           
  mi_proj_layer0                0.127361     0.000543 ✅ 正常           
  dis_proj_layer0               0.133878     0.000569 ✅ 正常           
================================================================================

Epoch 500, Total Loss: 15.3962, Recover Loss: 2.1345, miRNA CL: 6.8051, Disease CL: 6.1793, Inter-view (est): 2.9964, Recon Loss: 0.0268, Time: 525.43s
[INFO] Hypergraph updated at epoch 550

🔧 Epoch 550 梯度检查:
================================================================================
  ⚠️ 警告: type_relations梯度几乎为0 (norm=0.00000065)
     → 类型分类器可能没有学习!

  参数名称                              梯度范数         梯度均值 状态             
  ----------------------------------------------------------------------
  type_relations                0.000001     0.000000 ✅ 正常           
  exist_relation                0.000098     0.000006 ✅ 正常           
  mi_proj_layer0                0.127483     0.000543 ✅ 正常           
  dis_proj_layer0               0.140914     0.000587 ✅ 正常           
================================================================================

Epoch 550, Total Loss: 15.3635, Recover Loss: 2.1287, miRNA CL: 6.7858, Disease CL: 6.1728, Inter-view (est): 2.9904, Recon Loss: 0.0261, Time: 566.44s
[INFO] Hypergraph updated at epoch 600

🔧 Epoch 600 梯度检查:
================================================================================
  ⚠️ 警告: type_relations梯度几乎为0 (norm=0.00000060)
     → 类型分类器可能没有学习!

  参数名称                              梯度范数         梯度均值 状态             
  ----------------------------------------------------------------------
  type_relations                0.000001     0.000000 ✅ 正常           
  exist_relation                0.000097     0.000006 ✅ 正常           
  mi_proj_layer0                0.126789     0.000543 ✅ 正常           
  dis_proj_layer0               0.136536     0.000581 ✅ 正常           
================================================================================

Epoch 600, Total Loss: 15.3310, Recover Loss: 2.1235, miRNA CL: 6.7655, Disease CL: 6.1660, Inter-view (est): 2.9842, Recon Loss: 0.0263, Time: 608.11s
[INFO] Hypergraph updated at epoch 650

🔧 Epoch 650 梯度检查:
================================================================================
  ⚠️ 警告: type_relations梯度几乎为0 (norm=0.00000056)
     → 类型分类器可能没有学习!

  参数名称                              梯度范数         梯度均值 状态             
  ----------------------------------------------------------------------
  type_relations                0.000001     0.000000 ✅ 正常           
  exist_relation                0.000096     0.000006 ✅ 正常           
  mi_proj_layer0                0.122488     0.000521 ✅ 正常           
  dis_proj_layer0               0.119925     0.000510 ✅ 正常           
================================================================================

Epoch 650, Total Loss: 15.2874, Recover Loss: 2.1005, miRNA CL: 6.7518, Disease CL: 6.1588, Inter-view (est): 2.9794, Recon Loss: 0.0270, Time: 649.99s

================================================================================
Training completed. Running final test...
================================================================================
Fold 1 completed - AUC: 0.9861, Top-1 F1: 0.6291
Fold 1 training time: 651.40 seconds
=== Cross Validation Fold 2/5 ===
Using hidden dimensions: [256, 256] with 4 attention heads
优化模型初始化: miRNA数量 = 495, 疾病数量 = 383
   节点维度: 256 → 128
   类型数量: 4
   Temperature: 2.0 (可学习)
   Loss mode: softmax_5class
   loss_mode=softmax_5class
   class_weights_5 (neg+4types): ['0.026', '0.970', '2.266', '1.215', '0.524']

✅ SimplifiedMultiTypeAssociationLoss 初始化 (改进版)
   类别权重 (beta=0.99999): ['0.780', '1.822', '0.977', '0.421']
Original positive index shape: torch.Size([1072, 2])
Original negative index shape: torch.Size([135416, 2])
采样后负样本数量: 10720
🎯 Building TRUE DUAL VIEWS from four different sources...
📊 Data sources loaded:
  Disease semantic: torch.Size([383, 383])
  miRNA functional: torch.Size([495, 495])
  Disease-gene: torch.Size([383, 383])
  miRNA-sequence: torch.Size([495, 495])
🧬 Building miRNA dual-view hypergraphs...
  📊 miRNA View 1 (Sequence): torch.Size([495, 878])
  📊 miRNA View 2 (Function): torch.Size([495, 878])
🦠 Building disease dual-view hypergraphs...
  📊 Disease View 1 (Gene): torch.Size([383, 878])
  📊 Disease View 2 (Semantic): torch.Size([383, 878])
✅ Successfully built TRUE DUAL VIEWS:
   🧬 miRNA: Sequence Features (m_ss.xlsx) vs Functional Similarity (mi_fun_sim_2.0.csv)
   🦠 Disease: Gene Features (d_gs.xlsx) vs Semantic Similarity (dis_sem_sim_2.0.csv)

🔧 Epoch 1 梯度检查:
================================================================================

  参数名称                              梯度范数         梯度均值 状态             
  ----------------------------------------------------------------------
  type_relations                0.000025     0.000001 ✅ 正常           
  exist_relation                0.000155     0.000011 ✅ 正常           
  mi_proj_layer0                2.424233     0.009482 ✅ 正常           
  dis_proj_layer0               2.402724     0.009059 ✅ 正常           
================================================================================

Epoch 1, Total Loss: 22.4749, Recover Loss: 3.2585, miRNA CL: 8.9095, Disease CL: 8.4135, Inter-view (est): 3.9976, Recon Loss: 1.5947, Time: 0.71s
[INFO] Hypergraph updated at epoch 5
[INFO] Hypergraph updated at epoch 10
[INFO] Hypergraph updated at epoch 15
[INFO] Hypergraph updated at epoch 20
[INFO] Hypergraph updated at epoch 25
[INFO] Hypergraph updated at epoch 30
[INFO] Hypergraph updated at epoch 35
[INFO] Hypergraph updated at epoch 40
[INFO] Hypergraph updated at epoch 45
[INFO] Hypergraph updated at epoch 50

🔧 Epoch 50 梯度检查:
================================================================================

  参数名称                              梯度范数         梯度均值 状态             
  ----------------------------------------------------------------------
  type_relations                0.000017     0.000001 ✅ 正常           
  exist_relation                0.000150     0.000010 ✅ 正常           
  mi_proj_layer0                0.303636     0.001176 ✅ 正常           
  dis_proj_layer0               0.290315     0.001131 ✅ 正常           
================================================================================

Epoch 50, Total Loss: 18.8817, Recover Loss: 2.6535, miRNA CL: 8.0389, Disease CL: 7.7163, Inter-view (est): 3.6358, Recon Loss: 0.1858, Time: 126.32s
[INFO] Hypergraph updated at epoch 100

🔧 Epoch 100 梯度检查:
================================================================================

  参数名称                              梯度范数         梯度均值 状态             
  ----------------------------------------------------------------------
  type_relations                0.000010     0.000000 ✅ 正常           
  exist_relation                0.000144     0.000010 ✅ 正常           
  mi_proj_layer0                0.257125     0.001015 ✅ 正常           
  dis_proj_layer0               0.266909     0.001061 ✅ 正常           
================================================================================

Epoch 100, Total Loss: 17.6909, Recover Loss: 2.5733, miRNA CL: 7.7808, Disease CL: 7.0282, Inter-view (est): 3.4175, Recon Loss: 0.0317, Time: 177.77s
[INFO] Hypergraph updated at epoch 150

🔧 Epoch 150 梯度检查:
================================================================================

  参数名称                              梯度范数         梯度均值 状态             
  ----------------------------------------------------------------------
  type_relations                0.000006     0.000000 ✅ 正常           
  exist_relation                0.000139     0.000009 ✅ 正常           
  mi_proj_layer0                0.232948     0.000921 ✅ 正常           
  dis_proj_layer0               0.236659     0.000940 ✅ 正常           
================================================================================

Epoch 150, Total Loss: 17.0694, Recover Loss: 2.4897, miRNA CL: 7.6511, Disease CL: 6.6301, Inter-view (est): 3.2957, Recon Loss: 0.0290, Time: 221.13s
[INFO] Hypergraph updated at epoch 200

🔧 Epoch 200 梯度检查:
================================================================================

  参数名称                              梯度范数         梯度均值 状态             
  ----------------------------------------------------------------------
  type_relations                0.000004     0.000000 ✅ 正常           
  exist_relation                0.000135     0.000009 ✅ 正常           
  mi_proj_layer0                0.228652     0.000927 ✅ 正常           
  dis_proj_layer0               0.275436     0.001063 ✅ 正常           
================================================================================

Epoch 200, Total Loss: 16.5654, Recover Loss: 2.4046, miRNA CL: 7.3990, Disease CL: 6.4688, Inter-view (est): 3.2003, Recon Loss: 0.0290, Time: 262.98s
[INFO] Hypergraph updated at epoch 250

🔧 Epoch 250 梯度检查:
================================================================================

  参数名称                              梯度范数         梯度均值 状态             
  ----------------------------------------------------------------------
  type_relations                0.000003     0.000000 ✅ 正常           
  exist_relation                0.000130     0.000009 ✅ 正常           
  mi_proj_layer0                0.178208     0.000740 ✅ 正常           
  dis_proj_layer0               0.210875     0.000853 ✅ 正常           
================================================================================

Epoch 250, Total Loss: 16.1559, Recover Loss: 2.3155, miRNA CL: 7.1876, Disease CL: 6.3638, Inter-view (est): 3.1272, Recon Loss: 0.0293, Time: 303.44s
[INFO] Hypergraph updated at epoch 300

🔧 Epoch 300 梯度检查:
================================================================================

  参数名称                              梯度范数         梯度均值 状态             
  ----------------------------------------------------------------------
  type_relations                0.000002     0.000000 ✅ 正常           
  exist_relation                0.000126     0.000008 ✅ 正常           
  mi_proj_layer0                0.166672     0.000695 ✅ 正常           
  dis_proj_layer0               0.165981     0.000685 ✅ 正常           
================================================================================

Epoch 300, Total Loss: 15.9028, Recover Loss: 2.2424, miRNA CL: 7.0757, Disease CL: 6.2999, Inter-view (est): 3.0867, Recon Loss: 0.0284, Time: 344.30s
[INFO] Hypergraph updated at epoch 350

🔧 Epoch 350 梯度检查:
================================================================================

  参数名称                              梯度范数         梯度均值 状态             
  ----------------------------------------------------------------------
  type_relations                0.000001     0.000000 ✅ 正常           
  exist_relation                0.000123     0.000008 ✅ 正常           
  mi_proj_layer0                0.146465     0.000618 ✅ 正常           
  dis_proj_layer0               0.153465     0.000643 ✅ 正常           
================================================================================

Epoch 350, Total Loss: 15.7588, Recover Loss: 2.2120, miRNA CL: 7.0084, Disease CL: 6.2564, Inter-view (est): 3.0611, Recon Loss: 0.0281, Time: 385.25s
[INFO] Hypergraph updated at epoch 400

🔧 Epoch 400 梯度检查:
================================================================================
  ⚠️ 警告: type_relations梯度几乎为0 (norm=0.00000076)
     → 类型分类器可能没有学习!

  参数名称                              梯度范数         梯度均值 状态             
  ----------------------------------------------------------------------
  type_relations                0.000001     0.000000 ✅ 正常           
  exist_relation                0.000120     0.000008 ✅ 正常           
  mi_proj_layer0                0.153054     0.000644 ✅ 正常           
  dis_proj_layer0               0.164845     0.000681 ✅ 正常           
================================================================================

Epoch 400, Total Loss: 15.5946, Recover Loss: 2.1725, miRNA CL: 6.9209, Disease CL: 6.2218, Inter-view (est): 3.0329, Recon Loss: 0.0274, Time: 426.41s
[INFO] Hypergraph updated at epoch 450

🔧 Epoch 450 梯度检查:
================================================================================
  ⚠️ 警告: type_relations梯度几乎为0 (norm=0.00000059)
     → 类型分类器可能没有学习!

  参数名称                              梯度范数         梯度均值 状态             
  ----------------------------------------------------------------------
  type_relations                0.000001     0.000000 ✅ 正常           
  exist_relation                0.000117     0.000007 ✅ 正常           
  mi_proj_layer0                0.130095     0.000551 ✅ 正常           
  dis_proj_layer0               0.127362     0.000532 ✅ 正常           
================================================================================

Epoch 450, Total Loss: 15.4621, Recover Loss: 2.1411, miRNA CL: 6.8470, Disease CL: 6.1965, Inter-view (est): 3.0101, Recon Loss: 0.0267, Time: 470.59s
[INFO] Hypergraph updated at epoch 500

🔧 Epoch 500 梯度检查:
================================================================================
  ⚠️ 警告: type_relations梯度几乎为0 (norm=0.00000050)
     → 类型分类器可能没有学习!

  参数名称                              梯度范数         梯度均值 状态             
  ----------------------------------------------------------------------
  type_relations                0.000000     0.000000 ✅ 正常           
  exist_relation                0.000116     0.000007 ✅ 正常           
  mi_proj_layer0                0.129512     0.000550 ✅ 正常           
  dis_proj_layer0               0.122413     0.000517 ✅ 正常           
================================================================================

Epoch 500, Total Loss: 15.3849, Recover Loss: 2.1291, miRNA CL: 6.8002, Disease CL: 6.1797, Inter-view (est): 2.9954, Recon Loss: 0.0259, Time: 515.66s
[INFO] Hypergraph updated at epoch 550

🔧 Epoch 550 梯度检查:
================================================================================
  ⚠️ 警告: type_relations梯度几乎为0 (norm=0.00000044)
     → 类型分类器可能没有学习!

  参数名称                              梯度范数         梯度均值 状态             
  ----------------------------------------------------------------------
  type_relations                0.000000     0.000000 ✅ 正常           
  exist_relation                0.000115     0.000007 ✅ 正常           
  mi_proj_layer0                0.126695     0.000540 ✅ 正常           
  dis_proj_layer0               0.123335     0.000516 ✅ 正常           
================================================================================

Epoch 550, Total Loss: 15.3368, Recover Loss: 2.1056, miRNA CL: 6.7881, Disease CL: 6.1675, Inter-view (est): 2.9898, Recon Loss: 0.0263, Time: 558.29s
[INFO] Hypergraph updated at epoch 600

🔧 Epoch 600 梯度检查:
================================================================================
  ⚠️ 警告: type_relations梯度几乎为0 (norm=0.00000040)
     → 类型分类器可能没有学习!

  参数名称                              梯度范数         梯度均值 状态             
  ----------------------------------------------------------------------
  type_relations                0.000000     0.000000 ✅ 正常           
  exist_relation                0.000114     0.000007 ✅ 正常           
  mi_proj_layer0                0.122490     0.000522 ✅ 正常           
  dis_proj_layer0               0.120463     0.000512 ✅ 正常           
================================================================================

Epoch 600, Total Loss: 15.3009, Recover Loss: 2.1050, miRNA CL: 6.7615, Disease CL: 6.1589, Inter-view (est): 2.9816, Recon Loss: 0.0266, Time: 599.43s
[INFO] Hypergraph updated at epoch 650

🔧 Epoch 650 梯度检查:
================================================================================
  ⚠️ 警告: type_relations梯度几乎为0 (norm=0.00000036)
     → 类型分类器可能没有学习!

  参数名称                              梯度范数         梯度均值 状态             
  ----------------------------------------------------------------------
  type_relations                0.000000     0.000000 ✅ 正常           
  exist_relation                0.000113     0.000007 ✅ 正常           
  mi_proj_layer0                0.129626     0.000550 ✅ 正常           
  dis_proj_layer0               0.121023     0.000506 ✅ 正常           
================================================================================

Epoch 650, Total Loss: 15.2649, Recover Loss: 2.0976, miRNA CL: 6.7411, Disease CL: 6.1508, Inter-view (est): 2.9751, Recon Loss: 0.0268, Time: 640.04s

================================================================================
Training completed. Running final test...
================================================================================
Fold 2 completed - AUC: 0.9836, Top-1 F1: 0.6626
Fold 2 training time: 640.89 seconds
=== Cross Validation Fold 3/5 ===
Using hidden dimensions: [256, 256] with 4 attention heads
优化模型初始化: miRNA数量 = 495, 疾病数量 = 383
   节点维度: 256 → 128
   类型数量: 4
   Temperature: 2.0 (可学习)
   Loss mode: softmax_5class
   loss_mode=softmax_5class
   class_weights_5 (neg+4types): ['0.026', '0.970', '2.266', '1.215', '0.524']

✅ SimplifiedMultiTypeAssociationLoss 初始化 (改进版)
   类别权重 (beta=0.99999): ['0.780', '1.822', '0.977', '0.421']
Original positive index shape: torch.Size([1072, 2])
Original negative index shape: torch.Size([135416, 2])
采样后负样本数量: 10720
🎯 Building TRUE DUAL VIEWS from four different sources...
📊 Data sources loaded:
  Disease semantic: torch.Size([383, 383])
  miRNA functional: torch.Size([495, 495])
  Disease-gene: torch.Size([383, 383])
  miRNA-sequence: torch.Size([495, 495])
🧬 Building miRNA dual-view hypergraphs...
  📊 miRNA View 1 (Sequence): torch.Size([495, 878])
  📊 miRNA View 2 (Function): torch.Size([495, 878])
🦠 Building disease dual-view hypergraphs...
  📊 Disease View 1 (Gene): torch.Size([383, 878])
  📊 Disease View 2 (Semantic): torch.Size([383, 878])
✅ Successfully built TRUE DUAL VIEWS:
   🧬 miRNA: Sequence Features (m_ss.xlsx) vs Functional Similarity (mi_fun_sim_2.0.csv)
   🦠 Disease: Gene Features (d_gs.xlsx) vs Semantic Similarity (dis_sem_sim_2.0.csv)

🔧 Epoch 1 梯度检查:
================================================================================

  参数名称                              梯度范数         梯度均值 状态             
  ----------------------------------------------------------------------
  type_relations                0.000025     0.000001 ✅ 正常           
  exist_relation                0.000145     0.000010 ✅ 正常           
  mi_proj_layer0                2.306464     0.008331 ✅ 正常           
  dis_proj_layer0               2.304820     0.008783 ✅ 正常           
================================================================================

Epoch 1, Total Loss: 22.3103, Recover Loss: 3.1971, miRNA CL: 8.8620, Disease CL: 8.4267, Inter-view (est): 3.9897, Recon Loss: 1.5260, Time: 0.63s
[INFO] Hypergraph updated at epoch 5
[INFO] Hypergraph updated at epoch 10
[INFO] Hypergraph updated at epoch 15
[INFO] Hypergraph updated at epoch 20
[INFO] Hypergraph updated at epoch 25
[INFO] Hypergraph updated at epoch 30
[INFO] Hypergraph updated at epoch 35
[INFO] Hypergraph updated at epoch 40
[INFO] Hypergraph updated at epoch 45
[INFO] Hypergraph updated at epoch 50

🔧 Epoch 50 梯度检查:
================================================================================

  参数名称                              梯度范数         梯度均值 状态             
  ----------------------------------------------------------------------
  type_relations                0.000017     0.000001 ✅ 正常           
  exist_relation                0.000140     0.000010 ✅ 正常           
  mi_proj_layer0                0.326647     0.001242 ✅ 正常           
  dis_proj_layer0               0.325578     0.001211 ✅ 正常           
================================================================================

Epoch 50, Total Loss: 18.8268, Recover Loss: 2.6741, miRNA CL: 8.0001, Disease CL: 7.7401, Inter-view (est): 3.6324, Recon Loss: 0.1255, Time: 112.66s
[INFO] Hypergraph updated at epoch 100

🔧 Epoch 100 梯度检查:
================================================================================

  参数名称                              梯度范数         梯度均值 状态             
  ----------------------------------------------------------------------
  type_relations                0.000011     0.000000 ✅ 正常           
  exist_relation                0.000135     0.000009 ✅ 正常           
  mi_proj_layer0                0.255818     0.000984 ✅ 正常           
  dis_proj_layer0               0.270967     0.001038 ✅ 正常           
================================================================================

Epoch 100, Total Loss: 17.7219, Recover Loss: 2.5828, miRNA CL: 7.7733, Disease CL: 7.0570, Inter-view (est): 3.4224, Recon Loss: 0.0327, Time: 154.45s
[INFO] Hypergraph updated at epoch 150

🔧 Epoch 150 梯度检查:
================================================================================

  参数名称                              梯度范数         梯度均值 状态             
  ----------------------------------------------------------------------
  type_relations                0.000007     0.000000 ✅ 正常           
  exist_relation                0.000130     0.000009 ✅ 正常           
  mi_proj_layer0                0.258139     0.000987 ✅ 正常           
  dis_proj_layer0               0.264940     0.001031 ✅ 正常           
================================================================================

Epoch 150, Total Loss: 17.0779, Recover Loss: 2.5028, miRNA CL: 7.6228, Disease CL: 6.6540, Inter-view (est): 3.2947, Recon Loss: 0.0300, Time: 199.73s
[INFO] Hypergraph updated at epoch 200

🔧 Epoch 200 梯度检查:
================================================================================

  参数名称                              梯度范数         梯度均值 状态             
  ----------------------------------------------------------------------
  type_relations                0.000005     0.000000 ✅ 正常           
  exist_relation                0.000126     0.000008 ✅ 正常           
  mi_proj_layer0                0.183376     0.000753 ✅ 正常           
  dis_proj_layer0               0.205041     0.000841 ✅ 正常           
================================================================================

Epoch 200, Total Loss: 16.5614, Recover Loss: 2.4142, miRNA CL: 7.3576, Disease CL: 6.4969, Inter-view (est): 3.1972, Recon Loss: 0.0299, Time: 244.09s
[INFO] Hypergraph updated at epoch 250

🔧 Epoch 250 梯度检查:
================================================================================

  参数名称                              梯度范数         梯度均值 状态             
  ----------------------------------------------------------------------
  type_relations                0.000003     0.000000 ✅ 正常           
  exist_relation                0.000121     0.000008 ✅ 正常           
  mi_proj_layer0                0.189936     0.000787 ✅ 正常           
  dis_proj_layer0               0.215658     0.000873 ✅ 正常           
================================================================================

Epoch 250, Total Loss: 16.2094, Recover Loss: 2.3471, miRNA CL: 7.1857, Disease CL: 6.3886, Inter-view (est): 3.1325, Recon Loss: 0.0295, Time: 284.78s
[INFO] Hypergraph updated at epoch 300

🔧 Epoch 300 梯度检查:
================================================================================

  参数名称                              梯度范数         梯度均值 状态             
  ----------------------------------------------------------------------
  type_relations                0.000002     0.000000 ✅ 正常           
  exist_relation                0.000117     0.000008 ✅ 正常           
  mi_proj_layer0                0.159124     0.000671 ✅ 正常           
  dis_proj_layer0               0.179384     0.000736 ✅ 正常           
================================================================================

Epoch 300, Total Loss: 15.9303, Recover Loss: 2.2440, miRNA CL: 7.0816, Disease CL: 6.3212, Inter-view (est): 3.0930, Recon Loss: 0.0284, Time: 325.34s
[INFO] Hypergraph updated at epoch 350

🔧 Epoch 350 梯度检查:
================================================================================

  参数名称                              梯度范数         梯度均值 状态             
  ----------------------------------------------------------------------
  type_relations                0.000001     0.000000 ✅ 正常           
  exist_relation                0.000114     0.000007 ✅ 正常           
  mi_proj_layer0                0.141471     0.000598 ✅ 正常           
  dis_proj_layer0               0.170692     0.000709 ✅ 正常           
================================================================================

Epoch 350, Total Loss: 15.7554, Recover Loss: 2.2136, miRNA CL: 6.9979, Disease CL: 6.2634, Inter-view (est): 3.0603, Recon Loss: 0.0282, Time: 364.73s
[INFO] Hypergraph updated at epoch 400

🔧 Epoch 400 梯度检查:
================================================================================

  参数名称                              梯度范数         梯度均值 状态             
  ----------------------------------------------------------------------
  type_relations                0.000001     0.000000 ✅ 正常           
  exist_relation                0.000110     0.000007 ✅ 正常           
  mi_proj_layer0                0.140951     0.000592 ✅ 正常           
  dis_proj_layer0               0.143766     0.000595 ✅ 正常           
================================================================================

Epoch 400, Total Loss: 15.5616, Recover Loss: 2.1547, miRNA CL: 6.9069, Disease CL: 6.2223, Inter-view (est): 3.0298, Recon Loss: 0.0274, Time: 404.85s
[INFO] Hypergraph updated at epoch 450

🔧 Epoch 450 梯度检查:
================================================================================
  ⚠️ 警告: type_relations梯度几乎为0 (norm=0.00000091)
     → 类型分类器可能没有学习!

  参数名称                              梯度范数         梯度均值 状态             
  ----------------------------------------------------------------------
  type_relations                0.000001     0.000000 ✅ 正常           
  exist_relation                0.000108     0.000007 ✅ 正常           
  mi_proj_layer0                0.130830     0.000557 ✅ 正常           
  dis_proj_layer0               0.143774     0.000606 ✅ 正常           
================================================================================

Epoch 450, Total Loss: 15.4453, Recover Loss: 2.1383, miRNA CL: 6.8287, Disease CL: 6.2023, Inter-view (est): 3.0071, Recon Loss: 0.0269, Time: 445.30s
[INFO] Hypergraph updated at epoch 500

🔧 Epoch 500 梯度检查:
================================================================================
  ⚠️ 警告: type_relations梯度几乎为0 (norm=0.00000084)
     → 类型分类器可能没有学习!

  参数名称                              梯度范数         梯度均值 状态             
  ----------------------------------------------------------------------
  type_relations                0.000001     0.000000 ✅ 正常           
  exist_relation                0.000107     0.000007 ✅ 正常           
  mi_proj_layer0                0.140705     0.000589 ✅ 正常           
  dis_proj_layer0               0.139353     0.000577 ✅ 正常           
================================================================================

Epoch 500, Total Loss: 15.3969, Recover Loss: 2.1324, miRNA CL: 6.7978, Disease CL: 6.1910, Inter-view (est): 2.9974, Recon Loss: 0.0272, Time: 485.50s
[INFO] Hypergraph updated at epoch 550

🔧 Epoch 550 梯度检查:
================================================================================
  ⚠️ 警告: type_relations梯度几乎为0 (norm=0.00000078)
     → 类型分类器可能没有学习!

  参数名称                              梯度范数         梯度均值 状态             
  ----------------------------------------------------------------------
  type_relations                0.000001     0.000000 ✅ 正常           
  exist_relation                0.000106     0.000007 ✅ 正常           
  mi_proj_layer0                0.117112     0.000497 ✅ 正常           
  dis_proj_layer0               0.121446     0.000511 ✅ 正常           
================================================================================

Epoch 550, Total Loss: 15.3476, Recover Loss: 2.1085, miRNA CL: 6.7825, Disease CL: 6.1820, Inter-view (est): 2.9918, Recon Loss: 0.0265, Time: 527.95s
[INFO] Hypergraph updated at epoch 600

🔧 Epoch 600 梯度检查:
================================================================================
  ⚠️ 警告: type_relations梯度几乎为0 (norm=0.00000073)
     → 类型分类器可能没有学习!

  参数名称                              梯度范数         梯度均值 状态             
  ----------------------------------------------------------------------
  type_relations                0.000001     0.000000 ✅ 正常           
  exist_relation                0.000106     0.000007 ✅ 正常           
  mi_proj_layer0                0.133387     0.000561 ✅ 正常           
  dis_proj_layer0               0.149193     0.000612 ✅ 正常           
================================================================================

Epoch 600, Total Loss: 15.3307, Recover Loss: 2.1196, miRNA CL: 6.7626, Disease CL: 6.1739, Inter-view (est): 2.9854, Recon Loss: 0.0269, Time: 572.76s
[INFO] Hypergraph updated at epoch 650

🔧 Epoch 650 梯度检查:
================================================================================
  ⚠️ 警告: type_relations梯度几乎为0 (norm=0.00000068)
     → 类型分类器可能没有学习!

  参数名称                              梯度范数         梯度均值 状态             
  ----------------------------------------------------------------------
  type_relations                0.000001     0.000000 ✅ 正常           
  exist_relation                0.000105     0.000006 ✅ 正常           
  mi_proj_layer0                0.133212     0.000552 ✅ 正常           
  dis_proj_layer0               0.132800     0.000560 ✅ 正常           
================================================================================

Epoch 650, Total Loss: 15.2847, Recover Loss: 2.1016, miRNA CL: 6.7444, Disease CL: 6.1649, Inter-view (est): 2.9791, Recon Loss: 0.0266, Time: 614.22s

================================================================================
Training completed. Running final test...
================================================================================
Fold 3 completed - AUC: 0.9824, Top-1 F1: 0.6363
Fold 3 training time: 615.01 seconds
=== Cross Validation Fold 4/5 ===
Using hidden dimensions: [256, 256] with 4 attention heads
优化模型初始化: miRNA数量 = 495, 疾病数量 = 383
   节点维度: 256 → 128
   类型数量: 4
   Temperature: 2.0 (可学习)
   Loss mode: softmax_5class
   loss_mode=softmax_5class
   class_weights_5 (neg+4types): ['0.026', '0.970', '2.266', '1.215', '0.524']

✅ SimplifiedMultiTypeAssociationLoss 初始化 (改进版)
   类别权重 (beta=0.99999): ['0.780', '1.822', '0.977', '0.421']
Original positive index shape: torch.Size([1072, 2])
Original negative index shape: torch.Size([135416, 2])
采样后负样本数量: 10720
🎯 Building TRUE DUAL VIEWS from four different sources...
📊 Data sources loaded:
  Disease semantic: torch.Size([383, 383])
  miRNA functional: torch.Size([495, 495])
  Disease-gene: torch.Size([383, 383])
  miRNA-sequence: torch.Size([495, 495])
🧬 Building miRNA dual-view hypergraphs...
  📊 miRNA View 1 (Sequence): torch.Size([495, 878])
  📊 miRNA View 2 (Function): torch.Size([495, 878])
🦠 Building disease dual-view hypergraphs...
  📊 Disease View 1 (Gene): torch.Size([383, 878])
  📊 Disease View 2 (Semantic): torch.Size([383, 878])
✅ Successfully built TRUE DUAL VIEWS:
   🧬 miRNA: Sequence Features (m_ss.xlsx) vs Functional Similarity (mi_fun_sim_2.0.csv)
   🦠 Disease: Gene Features (d_gs.xlsx) vs Semantic Similarity (dis_sem_sim_2.0.csv)

🔧 Epoch 1 梯度检查:
================================================================================

  参数名称                              梯度范数         梯度均值 状态             
  ----------------------------------------------------------------------
  type_relations                0.000025     0.000001 ✅ 正常           
  exist_relation                0.000133     0.000010 ✅ 正常           
  mi_proj_layer0                2.333312     0.008522 ✅ 正常           
  dis_proj_layer0               2.745465     0.009863 ✅ 正常           
================================================================================

Epoch 1, Total Loss: 22.4480, Recover Loss: 3.2208, miRNA CL: 8.9462, Disease CL: 8.4403, Inter-view (est): 4.0123, Recon Loss: 1.5418, Time: 0.61s
[INFO] Hypergraph updated at epoch 5
[INFO] Hypergraph updated at epoch 10
[INFO] Hypergraph updated at epoch 15
[INFO] Hypergraph updated at epoch 20
[INFO] Hypergraph updated at epoch 25
[INFO] Hypergraph updated at epoch 30
[INFO] Hypergraph updated at epoch 35
[INFO] Hypergraph updated at epoch 40
[INFO] Hypergraph updated at epoch 45
[INFO] Hypergraph updated at epoch 50

🔧 Epoch 50 梯度检查:
================================================================================

  参数名称                              梯度范数         梯度均值 状态             
  ----------------------------------------------------------------------
  type_relations                0.000017     0.000000 ✅ 正常           
  exist_relation                0.000128     0.000009 ✅ 正常           
  mi_proj_layer0                0.323381     0.001212 ✅ 正常           
  dis_proj_layer0               0.293737     0.001107 ✅ 正常           
================================================================================

Epoch 50, Total Loss: 18.9119, Recover Loss: 2.6640, miRNA CL: 8.0205, Disease CL: 7.7432, Inter-view (est): 3.6378, Recon Loss: 0.1967, Time: 110.99s
[INFO] Hypergraph updated at epoch 100

🔧 Epoch 100 梯度检查:
================================================================================

  参数名称                              梯度范数         梯度均值 状态             
  ----------------------------------------------------------------------
  type_relations                0.000011     0.000000 ✅ 正常           
  exist_relation                0.000123     0.000009 ✅ 正常           
  mi_proj_layer0                0.296360     0.001142 ✅ 正常           
  dis_proj_layer0               0.321969     0.001211 ✅ 正常           
================================================================================

Epoch 100, Total Loss: 17.7924, Recover Loss: 2.6072, miRNA CL: 7.7791, Disease CL: 7.0931, Inter-view (est): 3.4321, Recon Loss: 0.0350, Time: 149.22s
[INFO] Hypergraph updated at epoch 150

🔧 Epoch 150 梯度检查:
================================================================================

  参数名称                              梯度范数         梯度均值 状态             
  ----------------------------------------------------------------------
  type_relations                0.000007     0.000000 ✅ 正常           
  exist_relation                0.000118     0.000008 ✅ 正常           
  mi_proj_layer0                0.233329     0.000899 ✅ 正常           
  dis_proj_layer0               0.240102     0.000932 ✅ 正常           
================================================================================

Epoch 150, Total Loss: 17.0774, Recover Loss: 2.4716, miRNA CL: 7.6125, Disease CL: 6.6923, Inter-view (est): 3.3011, Recon Loss: 0.0308, Time: 181.90s
[INFO] Hypergraph updated at epoch 200

🔧 Epoch 200 梯度检查:
================================================================================

  参数名称                              梯度范数         梯度均值 状态             
  ----------------------------------------------------------------------
  type_relations                0.000005     0.000000 ✅ 正常           
  exist_relation                0.000113     0.000008 ✅ 正常           
  mi_proj_layer0                0.245520     0.000970 ✅ 正常           
  dis_proj_layer0               0.273353     0.001030 ✅ 正常           
================================================================================

Epoch 200, Total Loss: 16.5686, Recover Loss: 2.3982, miRNA CL: 7.3588, Disease CL: 6.5159, Inter-view (est): 3.2018, Recon Loss: 0.0308, Time: 215.55s
[INFO] Hypergraph updated at epoch 250

🔧 Epoch 250 梯度检查:
================================================================================

  参数名称                              梯度范数         梯度均值 状态             
  ----------------------------------------------------------------------
  type_relations                0.000003     0.000000 ✅ 正常           
  exist_relation                0.000109     0.000007 ✅ 正常           
  mi_proj_layer0                0.163235     0.000684 ✅ 正常           
  dis_proj_layer0               0.182659     0.000753 ✅ 正常           
================================================================================

Epoch 250, Total Loss: 16.1974, Recover Loss: 2.3136, miRNA CL: 7.1991, Disease CL: 6.3940, Inter-view (est): 3.1369, Recon Loss: 0.0300, Time: 248.26s
[INFO] Hypergraph updated at epoch 300

🔧 Epoch 300 梯度检查:
================================================================================

  参数名称                              梯度范数         梯度均值 状态             
  ----------------------------------------------------------------------
  type_relations                0.000002     0.000000 ✅ 正常           
  exist_relation                0.000104     0.000007 ✅ 正常           
  mi_proj_layer0                0.141288     0.000597 ✅ 正常           
  dis_proj_layer0               0.155141     0.000639 ✅ 正常           
================================================================================

Epoch 300, Total Loss: 15.9277, Recover Loss: 2.2280, miRNA CL: 7.0854, Disease CL: 6.3279, Inter-view (est): 3.0954, Recon Loss: 0.0291, Time: 280.61s
[INFO] Hypergraph updated at epoch 350

🔧 Epoch 350 梯度检查:
================================================================================

  参数名称                              梯度范数         梯度均值 状态             
  ----------------------------------------------------------------------
  type_relations                0.000001     0.000000 ✅ 正常           
  exist_relation                0.000101     0.000007 ✅ 正常           
  mi_proj_layer0                0.140170     0.000596 ✅ 正常           
  dis_proj_layer0               0.150440     0.000630 ✅ 正常           
================================================================================

Epoch 350, Total Loss: 15.7460, Recover Loss: 2.1948, miRNA CL: 6.9932, Disease CL: 6.2752, Inter-view (est): 3.0619, Recon Loss: 0.0281, Time: 313.23s
[INFO] Hypergraph updated at epoch 400

🔧 Epoch 400 梯度检查:
================================================================================
  ⚠️ 警告: type_relations梯度几乎为0 (norm=0.00000094)
     → 类型分类器可能没有学习!

  参数名称                              梯度范数         梯度均值 状态             
  ----------------------------------------------------------------------
  type_relations                0.000001     0.000000 ✅ 正常           
  exist_relation                0.000097     0.000006 ✅ 正常           
  mi_proj_layer0                0.128220     0.000542 ✅ 正常           
  dis_proj_layer0               0.137642     0.000581 ✅ 正常           
================================================================================

Epoch 400, Total Loss: 15.5608, Recover Loss: 2.1615, miRNA CL: 6.8834, Disease CL: 6.2355, Inter-view (est): 3.0274, Recon Loss: 0.0277, Time: 344.89s
[INFO] Hypergraph updated at epoch 450

🔧 Epoch 450 梯度检查:
================================================================================
  ⚠️ 警告: type_relations梯度几乎为0 (norm=0.00000079)
     → 类型分类器可能没有学习!

  参数名称                              梯度范数         梯度均值 状态             
  ----------------------------------------------------------------------
  type_relations                0.000001     0.000000 ✅ 正常           
  exist_relation                0.000096     0.000006 ✅ 正常           
  mi_proj_layer0                0.149605     0.000627 ✅ 正常           
  dis_proj_layer0               0.136930     0.000579 ✅ 正常           
================================================================================

Epoch 450, Total Loss: 15.4684, Recover Loss: 2.1566, miRNA CL: 6.8138, Disease CL: 6.2187, Inter-view (est): 3.0075, Recon Loss: 0.0275, Time: 376.23s
[INFO] Hypergraph updated at epoch 500

🔧 Epoch 500 梯度检查:
================================================================================
  ⚠️ 警告: type_relations梯度几乎为0 (norm=0.00000070)
     → 类型分类器可能没有学习!

  参数名称                              梯度范数         梯度均值 状态             
  ----------------------------------------------------------------------
  type_relations                0.000001     0.000000 ✅ 正常           
  exist_relation                0.000095     0.000006 ✅ 正常           
  mi_proj_layer0                0.127790     0.000543 ✅ 正常           
  dis_proj_layer0               0.136817     0.000576 ✅ 正常           
================================================================================

Epoch 500, Total Loss: 15.4194, Recover Loss: 2.1414, miRNA CL: 6.7926, Disease CL: 6.2073, Inter-view (est): 3.0000, Recon Loss: 0.0270, Time: 407.80s
[INFO] Hypergraph updated at epoch 550

🔧 Epoch 550 梯度检查:
================================================================================
  ⚠️ 警告: type_relations梯度几乎为0 (norm=0.00000063)
     → 类型分类器可能没有学习!

  参数名称                              梯度范数         梯度均值 状态             
  ----------------------------------------------------------------------
  type_relations                0.000001     0.000000 ✅ 正常           
  exist_relation                0.000094     0.000006 ✅ 正常           
  mi_proj_layer0                0.123082     0.000519 ✅ 正常           
  dis_proj_layer0               0.115831     0.000492 ✅ 正常           
================================================================================

Epoch 550, Total Loss: 15.3542, Recover Loss: 2.1143, miRNA CL: 6.7643, Disease CL: 6.1977, Inter-view (est): 2.9912, Recon Loss: 0.0273, Time: 447.18s
[INFO] Hypergraph updated at epoch 600

🔧 Epoch 600 梯度检查:
================================================================================
  ⚠️ 警告: type_relations梯度几乎为0 (norm=0.00000056)
     → 类型分类器可能没有学习!

  参数名称                              梯度范数         梯度均值 状态             
  ----------------------------------------------------------------------
  type_relations                0.000001     0.000000 ✅ 正常           
  exist_relation                0.000093     0.000006 ✅ 正常           
  mi_proj_layer0                0.128394     0.000539 ✅ 正常           
  dis_proj_layer0               0.124820     0.000531 ✅ 正常           
================================================================================

Epoch 600, Total Loss: 15.3184, Recover Loss: 2.1115, miRNA CL: 6.7427, Disease CL: 6.1871, Inter-view (est): 2.9838, Recon Loss: 0.0270, Time: 484.26s
[INFO] Hypergraph updated at epoch 650

🔧 Epoch 650 梯度检查:
================================================================================
  ⚠️ 警告: type_relations梯度几乎为0 (norm=0.00000050)
     → 类型分类器可能没有学习!

  参数名称                              梯度范数         梯度均值 状态             
  ----------------------------------------------------------------------
  type_relations                0.000000     0.000000 ✅ 正常           
  exist_relation                0.000092     0.000006 ✅ 正常           
  mi_proj_layer0                0.138274     0.000578 ✅ 正常           
  dis_proj_layer0               0.135524     0.000568 ✅ 正常           
================================================================================

Epoch 650, Total Loss: 15.3014, Recover Loss: 2.1059, miRNA CL: 6.7418, Disease CL: 6.1777, Inter-view (est): 2.9814, Recon Loss: 0.0264, Time: 523.94s

================================================================================
Training completed. Running final test...
================================================================================
Fold 4 completed - AUC: 0.9849, Top-1 F1: 0.6428
Fold 4 training time: 524.87 seconds
=== Cross Validation Fold 5/5 ===
Using hidden dimensions: [256, 256] with 4 attention heads
优化模型初始化: miRNA数量 = 495, 疾病数量 = 383
   节点维度: 256 → 128
   类型数量: 4
   Temperature: 2.0 (可学习)
   Loss mode: softmax_5class
   loss_mode=softmax_5class
   class_weights_5 (neg+4types): ['0.026', '0.970', '2.266', '1.215', '0.524']

✅ SimplifiedMultiTypeAssociationLoss 初始化 (改进版)
   类别权重 (beta=0.99999): ['0.780', '1.822', '0.977', '0.421']
Original positive index shape: torch.Size([1072, 2])
Original negative index shape: torch.Size([135416, 2])
采样后负样本数量: 10720
🎯 Building TRUE DUAL VIEWS from four different sources...
📊 Data sources loaded:
  Disease semantic: torch.Size([383, 383])
  miRNA functional: torch.Size([495, 495])
  Disease-gene: torch.Size([383, 383])
  miRNA-sequence: torch.Size([495, 495])
🧬 Building miRNA dual-view hypergraphs...
  📊 miRNA View 1 (Sequence): torch.Size([495, 878])
  📊 miRNA View 2 (Function): torch.Size([495, 878])
🦠 Building disease dual-view hypergraphs...
  📊 Disease View 1 (Gene): torch.Size([383, 878])
  📊 Disease View 2 (Semantic): torch.Size([383, 878])
✅ Successfully built TRUE DUAL VIEWS:
   🧬 miRNA: Sequence Features (m_ss.xlsx) vs Functional Similarity (mi_fun_sim_2.0.csv)
   🦠 Disease: Gene Features (d_gs.xlsx) vs Semantic Similarity (dis_sem_sim_2.0.csv)

🔧 Epoch 1 梯度检查:
================================================================================

  参数名称                              梯度范数         梯度均值 状态             
  ----------------------------------------------------------------------
  type_relations                0.000025     0.000001 ✅ 正常           
  exist_relation                0.000151     0.000011 ✅ 正常           
  mi_proj_layer0                2.156371     0.008173 ✅ 正常           
  dis_proj_layer0               2.518951     0.008897 ✅ 正常           
================================================================================

Epoch 1, Total Loss: 22.6395, Recover Loss: 3.1895, miRNA CL: 9.1498, Disease CL: 8.4486, Inter-view (est): 4.0612, Recon Loss: 1.5529, Time: 0.64s
[INFO] Hypergraph updated at epoch 5
[INFO] Hypergraph updated at epoch 10
[INFO] Hypergraph updated at epoch 15
[INFO] Hypergraph updated at epoch 20
[INFO] Hypergraph updated at epoch 25
[INFO] Hypergraph updated at epoch 30
[INFO] Hypergraph updated at epoch 35
[INFO] Hypergraph updated at epoch 40
[INFO] Hypergraph updated at epoch 45
[INFO] Hypergraph updated at epoch 50

🔧 Epoch 50 梯度检查:
================================================================================

  参数名称                              梯度范数         梯度均值 状态             
  ----------------------------------------------------------------------
  type_relations                0.000017     0.000000 ✅ 正常           
  exist_relation                0.000146     0.000010 ✅ 正常           
  mi_proj_layer0                0.317913     0.001214 ✅ 正常           
  dis_proj_layer0               0.321225     0.001225 ✅ 正常           
================================================================================

Epoch 50, Total Loss: 18.8633, Recover Loss: 2.6571, miRNA CL: 8.0589, Disease CL: 7.7424, Inter-view (est): 3.6465, Recon Loss: 0.1177, Time: 118.32s
[INFO] Hypergraph updated at epoch 100

🔧 Epoch 100 梯度检查:
================================================================================

  参数名称                              梯度范数         梯度均值 状态             
  ----------------------------------------------------------------------
  type_relations                0.000011     0.000000 ✅ 正常           
  exist_relation                0.000141     0.000010 ✅ 正常           
  mi_proj_layer0                0.270205     0.001031 ✅ 正常           
  dis_proj_layer0               0.257953     0.001019 ✅ 正常           
================================================================================

Epoch 100, Total Loss: 17.8210, Recover Loss: 2.5760, miRNA CL: 7.7986, Disease CL: 7.1363, Inter-view (est): 3.4465, Recon Loss: 0.0331, Time: 156.98s
[INFO] Hypergraph updated at epoch 150

🔧 Epoch 150 梯度检查:
================================================================================

  参数名称                              梯度范数         梯度均值 状态             
  ----------------------------------------------------------------------
  type_relations                0.000007     0.000000 ✅ 正常           
  exist_relation                0.000136     0.000009 ✅ 正常           
  mi_proj_layer0                0.225988     0.000894 ✅ 正常           
  dis_proj_layer0               0.231585     0.000929 ✅ 正常           
================================================================================

Epoch 150, Total Loss: 17.1729, Recover Loss: 2.4651, miRNA CL: 7.6716, Disease CL: 6.7355, Inter-view (est): 3.3247, Recon Loss: 0.0311, Time: 190.81s
[INFO] Hypergraph updated at epoch 200

🔧 Epoch 200 梯度检查:
================================================================================

  参数名称                              梯度范数         梯度均值 状态             
  ----------------------------------------------------------------------
  type_relations                0.000005     0.000000 ✅ 正常           
  exist_relation                0.000131     0.000009 ✅ 正常           
  mi_proj_layer0                0.204253     0.000808 ✅ 正常           
  dis_proj_layer0               0.193317     0.000793 ✅ 正常           
================================================================================

Epoch 200, Total Loss: 16.6080, Recover Loss: 2.3840, miRNA CL: 7.4250, Disease CL: 6.5039, Inter-view (est): 3.2144, Recon Loss: 0.0313, Time: 225.17s
[INFO] Hypergraph updated at epoch 250

🔧 Epoch 250 梯度检查:
================================================================================

  参数名称                              梯度范数         梯度均值 状态             
  ----------------------------------------------------------------------
  type_relations                0.000003     0.000000 ✅ 正常           
  exist_relation                0.000127     0.000008 ✅ 正常           
  mi_proj_layer0                0.166754     0.000691 ✅ 正常           
  dis_proj_layer0               0.171412     0.000711 ✅ 正常           
================================================================================

Epoch 250, Total Loss: 16.2287, Recover Loss: 2.3187, miRNA CL: 7.2230, Disease CL: 6.3984, Inter-view (est): 3.1434, Recon Loss: 0.0292, Time: 259.01s
[INFO] Hypergraph updated at epoch 300

🔧 Epoch 300 梯度检查:
================================================================================

  参数名称                              梯度范数         梯度均值 状态             
  ----------------------------------------------------------------------
  type_relations                0.000002     0.000000 ✅ 正常           
  exist_relation                0.000123     0.000008 ✅ 正常           
  mi_proj_layer0                0.150399     0.000634 ✅ 正常           
  dis_proj_layer0               0.160998     0.000666 ✅ 正常           
================================================================================

Epoch 300, Total Loss: 15.9569, Recover Loss: 2.2475, miRNA CL: 7.0931, Disease CL: 6.3311, Inter-view (est): 3.0979, Recon Loss: 0.0292, Time: 292.64s
[INFO] Hypergraph updated at epoch 350

🔧 Epoch 350 梯度检查:
================================================================================

  参数名称                              梯度范数         梯度均值 状态             
  ----------------------------------------------------------------------
  type_relations                0.000001     0.000000 ✅ 正常           
  exist_relation                0.000119     0.000008 ✅ 正常           
  mi_proj_layer0                0.141940     0.000601 ✅ 正常           
  dis_proj_layer0               0.153273     0.000638 ✅ 正常           
================================================================================

Epoch 350, Total Loss: 15.7809, Recover Loss: 2.2057, miRNA CL: 7.0081, Disease CL: 6.2845, Inter-view (est): 3.0675, Recon Loss: 0.0290, Time: 326.34s
[INFO] Hypergraph updated at epoch 400

🔧 Epoch 400 梯度检查:
================================================================================
  ⚠️ 警告: type_relations梯度几乎为0 (norm=0.00000099)
     → 类型分类器可能没有学习!

  参数名称                              梯度范数         梯度均值 状态             
  ----------------------------------------------------------------------
  type_relations                0.000001     0.000000 ✅ 正常           
  exist_relation                0.000117     0.000007 ✅ 正常           
  mi_proj_layer0                0.145925     0.000612 ✅ 正常           
  dis_proj_layer0               0.147861     0.000615 ✅ 正常           
================================================================================

Epoch 400, Total Loss: 15.6311, Recover Loss: 2.1702, miRNA CL: 6.9306, Disease CL: 6.2505, Inter-view (est): 3.0418, Recon Loss: 0.0278, Time: 360.68s
[INFO] Hypergraph updated at epoch 450

🔧 Epoch 450 梯度检查:
================================================================================
  ⚠️ 警告: type_relations梯度几乎为0 (norm=0.00000081)
     → 类型分类器可能没有学习!

  参数名称                              梯度范数         梯度均值 状态             
  ----------------------------------------------------------------------
  type_relations                0.000001     0.000000 ✅ 正常           
  exist_relation                0.000115     0.000007 ✅ 正常           
  mi_proj_layer0                0.133098     0.000562 ✅ 正常           
  dis_proj_layer0               0.133197     0.000563 ✅ 正常           
================================================================================

Epoch 450, Total Loss: 15.5332, Recover Loss: 2.1494, miRNA CL: 6.8783, Disease CL: 6.2274, Inter-view (est): 3.0244, Recon Loss: 0.0272, Time: 396.65s
[INFO] Hypergraph updated at epoch 500

🔧 Epoch 500 梯度检查:
================================================================================
  ⚠️ 警告: type_relations梯度几乎为0 (norm=0.00000072)
     → 类型分类器可能没有学习!

  参数名称                              梯度范数         梯度均值 状态             
  ----------------------------------------------------------------------
  type_relations                0.000001     0.000000 ✅ 正常           
  exist_relation                0.000114     0.000007 ✅ 正常           
  mi_proj_layer0                0.127366     0.000540 ✅ 正常           
  dis_proj_layer0               0.126402     0.000530 ✅ 正常           
================================================================================

Epoch 500, Total Loss: 15.4567, Recover Loss: 2.1298, miRNA CL: 6.8358, Disease CL: 6.2133, Inter-view (est): 3.0113, Recon Loss: 0.0276, Time: 436.16s
[INFO] Hypergraph updated at epoch 550

🔧 Epoch 550 梯度检查:
================================================================================
  ⚠️ 警告: type_relations梯度几乎为0 (norm=0.00000065)
     → 类型分类器可能没有学习!

  参数名称                              梯度范数         梯度均值 状态             
  ----------------------------------------------------------------------
  type_relations                0.000001     0.000000 ✅ 正常           
  exist_relation                0.000112     0.000007 ✅ 正常           
  mi_proj_layer0                0.117976     0.000502 ✅ 正常           
  dis_proj_layer0               0.125801     0.000523 ✅ 正常           
================================================================================

Epoch 550, Total Loss: 15.3898, Recover Loss: 2.1229, miRNA CL: 6.7904, Disease CL: 6.1997, Inter-view (est): 2.9977, Recon Loss: 0.0271, Time: 476.38s
[INFO] Hypergraph updated at epoch 600

🔧 Epoch 600 梯度检查:
================================================================================
  ⚠️ 警告: type_relations梯度几乎为0 (norm=0.00000058)
     → 类型分类器可能没有学习!

  参数名称                              梯度范数         梯度均值 状态             
  ----------------------------------------------------------------------
  type_relations                0.000001     0.000000 ✅ 正常           
  exist_relation                0.000111     0.000007 ✅ 正常           
  mi_proj_layer0                0.126732     0.000531 ✅ 正常           
  dis_proj_layer0               0.122480     0.000518 ✅ 正常           
================================================================================

Epoch 600, Total Loss: 15.3431, Recover Loss: 2.1159, miRNA CL: 6.7635, Disease CL: 6.1872, Inter-view (est): 2.9886, Recon Loss: 0.0274, Time: 513.42s
[INFO] Hypergraph updated at epoch 650

🔧 Epoch 650 梯度检查:
================================================================================
  ⚠️ 警告: type_relations梯度几乎为0 (norm=0.00000052)
     → 类型分类器可能没有学习!

  参数名称                              梯度范数         梯度均值 状态             
  ----------------------------------------------------------------------
  type_relations                0.000001     0.000000 ✅ 正常           
  exist_relation                0.000110     0.000007 ✅ 正常           
  mi_proj_layer0                0.113766     0.000484 ✅ 正常           
  dis_proj_layer0               0.110940     0.000471 ✅ 正常           
================================================================================

Epoch 650, Total Loss: 15.3012, Recover Loss: 2.1061, miRNA CL: 6.7429, Disease CL: 6.1767, Inter-view (est): 2.9815, Recon Loss: 0.0269, Time: 550.13s

================================================================================
Training completed. Running final test...
================================================================================
Fold 5 completed - AUC: 0.9893, Top-1 F1: 0.6446
Fold 5 training time: 551.05 seconds
Average binary metrics across folds: [[0.98525841 0.98255518 0.95416075 0.9530597  0.97597015 0.93014925
  0.9336466 ]]
🎯 Average Top-1 metrics across folds: {'top1_precision': 0.632089552238806, 'top1_recall': np.float64(0.6546098910995335), 'top1_f1': np.float64(0.6430790156126793)}

📊 CV_type Style Metrics Details:
  AUC            : 0.9853
  AUPR           : 0.9826
  F1             : 0.9542
  Accuracy       : 0.9531
  Recall         : 0.9760
  Specificity    : 0.9301
  Precision      : 0.9336

🎯 Top-1 Metrics Details:
  top1_precision : 0.6321
  top1_recall    : 0.6546
  top1_f1        : 0.6431

Total execution time: 2983.68 seconds

==========================================================================================
🎯 FINAL COMPREHENSIVE RESULTS WITH TOP-1 METRICS
==========================================================================================
📊 Binary Classification Metrics (Original):
  AUC: 0.9853
  AUPR: 0.9826
  F1: 0.9542
  Accuracy: 0.9531
  Recall: 0.9760
  Specificity: 0.9301
  Precision: 0.9336

🎯 CV_type Style Metrics (Enhanced):
  AUC: 0.9853
  AUPR: 0.9826
  F1: 0.9542
  Accuracy: 0.9531
  Recall: 0.9760
  Specificity: 0.9301
  Precision: 0.9336

🏆 Top-1 Metrics (NEW):
  Top-1 Precision: 0.6321
  Top-1 Recall: 0.6546
  Top-1 F1: 0.6431
==========================================================================================
