[CPU] torch.set_num_threads(8), interop=min(4, 8)
Using device: cpu
[INFO] Auto-computed BALANCED class weights (to prevent class collapse):
  Circulation  (  367 samples): 0.780
  Epigenetics  (  157 samples): 1.823
  Target       (  293 samples): 0.977
  Genetics     (  681 samples): 0.420
  [NOTE] Higher weights for minority classes to prevent model from only predicting majority class
[INFO] Using v2.0_495m383D dataset:
  miRNAs: 495
  Diseases: 383
  Expected associations: ~1498
  Types: 4 (Circulation, Epigenetics, Target, Genetics)

================================================================================
Configuration Summary
================================================================================
Dataset: v2.0_495m383D
Data Path: ./
Model: HeterogenousGraphCLAMIR
  - HGT Layers: 2
  - Attention Heads: 4
  - Association Types: 4
  - Inter-view CL: Enabled
    - Weight: 0.3
    - Temperature: 0.5
    - Margin: 0.5

Training:
  - Epochs: 650
  - Learning Rate: 0.0001
  - Dropout: 0.3
  - Weight Decay: 5e-05
  - Focal Loss: Enabled

Evaluation:
  - Cross-Validation Folds: 5
  - Primary Metric: AUPR

Device: cpu
Random Seed: 1234
================================================================================

[SEED] Re-seeded với args.seed = 1234
🚀 Running with comprehensive evaluation including Top-1 metrics...
🎯 Loading dual-view data...
Starting dual-view data preparation with new file format...
Loading all similarity and feature files from v2.0_495m383D...
✅ Loaded disease semantic similarity from D_SSM1.txt: (383, 383)
✅ Loaded miRNA functional similarity from M_FSM.txt: (495, 495)
✅ Loaded multi-type association pairs from ./v2.0_495m383D/multi_all_mirna_disease_pairs_without_negative.csv: (1679, 3)
✅ Created multi-type association matrix: (495, 383)
📊 Multi-type Association Statistics:
   无关联 (No association): 188087 pairs (99.21%)
   循环类型 (Circulation): 367 pairs (0.19%)
   表观遗传学 (Epigenetics): 157 pairs (0.08%)
   靶标类型 (Target): 293 pairs (0.15%)
   遗传学类型 (Genetics): 681 pairs (0.36%)
✅ Created association matrix from CSV: (495, 383)
✅ Loaded disease-gene features from D_SSM2.txt: torch.Size([383, 383])
✅ Loaded miRNA-sequence features from M_GSM.txt: torch.Size([495, 495])
Processing integrated similarity matrices...
Loaded similarity matrices from cache
Processing indices...
Loaded indices from cache (seed=1234)
✅ Dual-view data preparation completed in 0.25 seconds

============================================================
🎯 DUAL-VIEW CONFIGURATION SUMMARY (v2.0_495m383D)
============================================================
miRNA Dual Views:
  📊 View 1 (Sequence): M_GSM.txt torch.Size([495, 495])
  📊 View 2 (Function): M_FSM.txt torch.Size([495, 495])

Disease Dual Views:
  📊 View 1 (Gene): D_SSM2.txt torch.Size([383, 383])
  📊 View 2 (Semantic): D_SSM1.txt torch.Size([383, 383])

Association Matrix: torch.Size([495, 383])
Data source: v2.0_495m383D (495 miRNAs × 383 Diseases)
============================================================
Preloading dual-view data to device...
✅ Loaded disease-gene features to device: torch.Size([383, 383])
✅ Loaded miRNA-sequence features to device: torch.Size([495, 495])
✅ Loaded disease semantic similarity to device: torch.Size([383, 383])
✅ Loaded miRNA functional similarity to device: torch.Size([495, 495])
✅ Dual-view data preloading completed in 0.00 seconds
OptimizedDataset initialized with 5 folds
Using device: cpu
=== Cross Validation Fold 1/5 ===
Using hidden dimensions: [256, 256] with 4 attention heads
优化模型初始化: miRNA数量 = 495, 疾病数量 = 383
   节点维度: 256 → 128
   类型数量: 4
   Temperature: 2.0 (可学习)
   Loss mode: two_head
   loss_mode=two_head
   exist_weight=0.100, type_weight=0.900

✅ SimplifiedMultiTypeAssociationLoss 初始化 (改进版)
   类别权重 (beta=0.99999): ['0.780', '1.822', '0.977', '0.421']
Original positive index shape: torch.Size([1072, 2])
Original negative index shape: torch.Size([135416, 2])
采样后负样本数量: 10720
🎯 Building TRUE DUAL VIEWS from four different sources...
📊 Data sources loaded:
  Disease semantic: torch.Size([383, 383])
  miRNA functional: torch.Size([495, 495])
  Disease-gene: torch.Size([383, 383])
  miRNA-sequence: torch.Size([495, 495])
🧬 Building miRNA dual-view hypergraphs...
  📊 miRNA View 1 (Sequence): torch.Size([495, 878])
  📊 miRNA View 2 (Function): torch.Size([495, 878])
🦠 Building disease dual-view hypergraphs...
  📊 Disease View 1 (Gene): torch.Size([383, 878])
  📊 Disease View 2 (Semantic): torch.Size([383, 878])
✅ Successfully built TRUE DUAL VIEWS:
   🧬 miRNA: Sequence Features (m_ss.xlsx) vs Functional Similarity (mi_fun_sim_2.0.csv)
   🦠 Disease: Gene Features (d_gs.xlsx) vs Semantic Similarity (dis_sem_sim_2.0.csv)

🔧 Epoch 1 梯度检查:
================================================================================

  参数名称                              梯度范数         梯度均值 状态             
  ----------------------------------------------------------------------
  type_relations                0.000025     0.000001 ✅ 正常           
  exist_relation                0.000134     0.000010 ✅ 正常           
  mi_proj_layer0                0.464168     0.001716 ✅ 正常           
  dis_proj_layer0               0.498893     0.001923 ✅ 正常           
================================================================================

Epoch 1, Total Loss: 20.5878, Recover Loss: 1.3421, miRNA CL: 8.9735, Disease CL: 8.4526, Inter-view (est): 4.0214, Recon Loss: 1.5211, Time: 0.98s
[INFO] Hypergraph updated at epoch 5
[INFO] Hypergraph updated at epoch 10
[INFO] Hypergraph updated at epoch 15
[INFO] Hypergraph updated at epoch 20
[INFO] Hypergraph updated at epoch 25
[INFO] Hypergraph updated at epoch 30
[INFO] Hypergraph updated at epoch 35
[INFO] Hypergraph updated at epoch 40
[INFO] Hypergraph updated at epoch 45
[INFO] Hypergraph updated at epoch 50

🔧 Epoch 50 梯度检查:
================================================================================

  参数名称                              梯度范数         梯度均值 状态             
  ----------------------------------------------------------------------
  type_relations                0.000017     0.000000 ✅ 正常           
  exist_relation                0.000129     0.000009 ✅ 正常           
  mi_proj_layer0                0.157887     0.000601 ✅ 正常           
  dis_proj_layer0               0.133464     0.000506 ✅ 正常           
================================================================================

Epoch 50, Total Loss: 17.3218, Recover Loss: 1.2093, miRNA CL: 8.0239, Disease CL: 7.6984, Inter-view (est): 3.6282, Recon Loss: 0.1057, Time: 162.44s
[INFO] Hypergraph updated at epoch 100

🔧 Epoch 100 梯度检查:
================================================================================

  参数名称                              梯度范数         梯度均值 状态             
  ----------------------------------------------------------------------
  type_relations                0.000010     0.000000 ✅ 正常           
  exist_relation                0.000123     0.000008 ✅ 正常           
  mi_proj_layer0                0.137084     0.000503 ✅ 正常           
  dis_proj_layer0               0.145533     0.000548 ✅ 正常           
================================================================================

Epoch 100, Total Loss: 16.1397, Recover Loss: 1.1509, miRNA CL: 7.7521, Disease CL: 6.9358, Inter-view (est): 3.3895, Recon Loss: 0.0304, Time: 210.21s
[INFO] Hypergraph updated at epoch 150

🔧 Epoch 150 梯度检查:
================================================================================

  参数名称                              梯度范数         梯度均值 状态             
  ----------------------------------------------------------------------
  type_relations                0.000006     0.000000 ✅ 正常           
  exist_relation                0.000118     0.000008 ✅ 正常           
  mi_proj_layer0                0.106673     0.000429 ✅ 正常           
  dis_proj_layer0               0.106546     0.000420 ✅ 正常           
================================================================================

Epoch 150, Total Loss: 15.4715, Recover Loss: 1.0788, miRNA CL: 7.5565, Disease CL: 6.5450, Inter-view (est): 3.2542, Recon Loss: 0.0297, Time: 254.71s
[INFO] Hypergraph updated at epoch 200

🔧 Epoch 200 梯度检查:
================================================================================

  参数名称                              梯度范数         梯度均值 状态             
  ----------------------------------------------------------------------
  type_relations                0.000004     0.000000 ✅ 正常           
  exist_relation                0.000115     0.000008 ✅ 正常           
  mi_proj_layer0                0.095328     0.000390 ✅ 正常           
  dis_proj_layer0               0.110052     0.000440 ✅ 正常           
================================================================================

Epoch 200, Total Loss: 15.1030, Recover Loss: 1.0422, miRNA CL: 7.3550, Disease CL: 6.4202, Inter-view (est): 3.1789, Recon Loss: 0.0289, Time: 296.13s
[INFO] Hypergraph updated at epoch 250

🔧 Epoch 250 梯度检查:
================================================================================

  参数名称                              梯度范数         梯度均值 状态             
  ----------------------------------------------------------------------
  type_relations                0.000003     0.000000 ✅ 正常           
  exist_relation                0.000111     0.000007 ✅ 正常           
  mi_proj_layer0                0.083908     0.000346 ✅ 正常           
  dis_proj_layer0               0.072412     0.000297 ✅ 正常           
================================================================================

Epoch 250, Total Loss: 14.8118, Recover Loss: 1.0005, miRNA CL: 7.1885, Disease CL: 6.3420, Inter-view (est): 3.1224, Recon Loss: 0.0284, Time: 337.41s
[INFO] Hypergraph updated at epoch 300

🔧 Epoch 300 梯度检查:
================================================================================

  参数名称                              梯度范数         梯度均值 状态             
  ----------------------------------------------------------------------
  type_relations                0.000002     0.000000 ✅ 正常           
  exist_relation                0.000108     0.000007 ✅ 正常           
  mi_proj_layer0                0.121060     0.000480 ✅ 正常           
  dis_proj_layer0               0.101869     0.000402 ✅ 正常           
================================================================================

Epoch 300, Total Loss: 14.6382, Recover Loss: 0.9857, miRNA CL: 7.0867, Disease CL: 6.2882, Inter-view (est): 3.0865, Recon Loss: 0.0284, Time: 379.89s
[INFO] Hypergraph updated at epoch 350

🔧 Epoch 350 梯度检查:
================================================================================

  参数名称                              梯度范数         梯度均值 状态             
  ----------------------------------------------------------------------
  type_relations                0.000002     0.000000 ✅ 正常           
  exist_relation                0.000105     0.000007 ✅ 正常           
  mi_proj_layer0                0.100958     0.000416 ✅ 正常           
  dis_proj_layer0               0.085670     0.000345 ✅ 正常           
================================================================================

Epoch 350, Total Loss: 14.4659, Recover Loss: 0.9676, miRNA CL: 6.9854, Disease CL: 6.2388, Inter-view (est): 3.0518, Recon Loss: 0.0280, Time: 422.99s
[INFO] Hypergraph updated at epoch 400

🔧 Epoch 400 梯度检查:
================================================================================

  参数名称                              梯度范数         梯度均值 状态             
  ----------------------------------------------------------------------
  type_relations                0.000001     0.000000 ✅ 正常           
  exist_relation                0.000103     0.000007 ✅ 正常           
  mi_proj_layer0                0.074050     0.000309 ✅ 正常           
  dis_proj_layer0               0.063158     0.000263 ✅ 正常           
================================================================================

Epoch 400, Total Loss: 14.3397, Recover Loss: 0.9529, miRNA CL: 6.9028, Disease CL: 6.2126, Inter-view (est): 3.0266, Recon Loss: 0.0272, Time: 468.44s
[INFO] Hypergraph updated at epoch 450

🔧 Epoch 450 梯度检查:
================================================================================

  参数名称                              梯度范数         梯度均值 状态             
  ----------------------------------------------------------------------
  type_relations                0.000001     0.000000 ✅ 正常           
  exist_relation                0.000102     0.000006 ✅ 正常           
  mi_proj_layer0                0.081644     0.000342 ✅ 正常           
  dis_proj_layer0               0.070127     0.000296 ✅ 正常           
================================================================================

Epoch 450, Total Loss: 14.2700, Recover Loss: 0.9506, miRNA CL: 6.8469, Disease CL: 6.2023, Inter-view (est): 3.0113, Recon Loss: 0.0268, Time: 512.98s
[INFO] Hypergraph updated at epoch 500

🔧 Epoch 500 梯度检查:
================================================================================

  参数名称                              梯度范数         梯度均值 状态             
  ----------------------------------------------------------------------
  type_relations                0.000001     0.000000 ✅ 正常           
  exist_relation                0.000101     0.000006 ✅ 正常           
  mi_proj_layer0                0.083328     0.000350 ✅ 正常           
  dis_proj_layer0               0.073553     0.000303 ✅ 正常           
================================================================================

Epoch 500, Total Loss: 14.2211, Recover Loss: 0.9454, miRNA CL: 6.8098, Disease CL: 6.1958, Inter-view (est): 3.0013, Recon Loss: 0.0271, Time: 556.10s
[INFO] Hypergraph updated at epoch 550

🔧 Epoch 550 梯度检查:
================================================================================
  ⚠️ 警告: type_relations梯度几乎为0 (norm=0.00000096)
     → 类型分类器可能没有学习!

  参数名称                              梯度范数         梯度均值 状态             
  ----------------------------------------------------------------------
  type_relations                0.000001     0.000000 ✅ 正常           
  exist_relation                0.000101     0.000006 ✅ 正常           
  mi_proj_layer0                0.068635     0.000290 ✅ 正常           
  dis_proj_layer0               0.065619     0.000271 ✅ 正常           
================================================================================

Epoch 550, Total Loss: 14.1847, Recover Loss: 0.9413, miRNA CL: 6.7847, Disease CL: 6.1900, Inter-view (est): 2.9941, Recon Loss: 0.0264, Time: 598.12s
[INFO] Hypergraph updated at epoch 600

🔧 Epoch 600 梯度检查:
================================================================================
  ⚠️ 警告: type_relations梯度几乎为0 (norm=0.00000090)
     → 类型分类器可能没有学习!

  参数名称                              梯度范数         梯度均值 状态             
  ----------------------------------------------------------------------
  type_relations                0.000001     0.000000 ✅ 正常           
  exist_relation                0.000100     0.000006 ✅ 正常           
  mi_proj_layer0                0.077514     0.000324 ✅ 正常           
  dis_proj_layer0               0.064581     0.000271 ✅ 正常           
================================================================================

Epoch 600, Total Loss: 14.1546, Recover Loss: 0.9393, miRNA CL: 6.7624, Disease CL: 6.1844, Inter-view (est): 2.9877, Recon Loss: 0.0266, Time: 639.06s
[INFO] Hypergraph updated at epoch 650

🔧 Epoch 650 梯度检查:
================================================================================
  ⚠️ 警告: type_relations梯度几乎为0 (norm=0.00000085)
     → 类型分类器可能没有学习!

  参数名称                              梯度范数         梯度均值 状态             
  ----------------------------------------------------------------------
  type_relations                0.000001     0.000000 ✅ 正常           
  exist_relation                0.000100     0.000006 ✅ 正常           
  mi_proj_layer0                0.064495     0.000274 ✅ 正常           
  dis_proj_layer0               0.064342     0.000269 ✅ 正常           
================================================================================

Epoch 650, Total Loss: 14.1276, Recover Loss: 0.9345, miRNA CL: 6.7461, Disease CL: 6.1787, Inter-view (est): 2.9826, Recon Loss: 0.0268, Time: 681.30s

================================================================================
Training completed. Running final test...
================================================================================
Fold 1 completed - AUC: 0.9803, Top-1 F1: 0.6226
Fold 1 training time: 682.80 seconds
=== Cross Validation Fold 2/5 ===
Using hidden dimensions: [256, 256] with 4 attention heads
优化模型初始化: miRNA数量 = 495, 疾病数量 = 383
   节点维度: 256 → 128
   类型数量: 4
   Temperature: 2.0 (可学习)
   Loss mode: two_head
   loss_mode=two_head
   exist_weight=0.100, type_weight=0.900

✅ SimplifiedMultiTypeAssociationLoss 初始化 (改进版)
   类别权重 (beta=0.99999): ['0.780', '1.822', '0.977', '0.421']
Original positive index shape: torch.Size([1072, 2])
Original negative index shape: torch.Size([135416, 2])
采样后负样本数量: 10720
🎯 Building TRUE DUAL VIEWS from four different sources...
📊 Data sources loaded:
  Disease semantic: torch.Size([383, 383])
  miRNA functional: torch.Size([495, 495])
  Disease-gene: torch.Size([383, 383])
  miRNA-sequence: torch.Size([495, 495])
🧬 Building miRNA dual-view hypergraphs...
  📊 miRNA View 1 (Sequence): torch.Size([495, 878])
  📊 miRNA View 2 (Function): torch.Size([495, 878])
🦠 Building disease dual-view hypergraphs...
  📊 Disease View 1 (Gene): torch.Size([383, 878])
  📊 Disease View 2 (Semantic): torch.Size([383, 878])
✅ Successfully built TRUE DUAL VIEWS:
   🧬 miRNA: Sequence Features (m_ss.xlsx) vs Functional Similarity (mi_fun_sim_2.0.csv)
   🦠 Disease: Gene Features (d_gs.xlsx) vs Semantic Similarity (dis_sem_sim_2.0.csv)

🔧 Epoch 1 梯度检查:
================================================================================

  参数名称                              梯度范数         梯度均值 状态             
  ----------------------------------------------------------------------
  type_relations                0.000025     0.000001 ✅ 正常           
  exist_relation                0.000155     0.000011 ✅ 正常           
  mi_proj_layer0                0.269448     0.001033 ✅ 正常           
  dis_proj_layer0               0.280828     0.001104 ✅ 正常           
================================================================================

Epoch 1, Total Loss: 20.5388, Recover Loss: 1.3224, miRNA CL: 8.9095, Disease CL: 8.4135, Inter-view (est): 3.9976, Recon Loss: 1.5947, Time: 0.94s
[INFO] Hypergraph updated at epoch 5
[INFO] Hypergraph updated at epoch 10
[INFO] Hypergraph updated at epoch 15
[INFO] Hypergraph updated at epoch 20
[INFO] Hypergraph updated at epoch 25
[INFO] Hypergraph updated at epoch 30
[INFO] Hypergraph updated at epoch 35
[INFO] Hypergraph updated at epoch 40
[INFO] Hypergraph updated at epoch 45
[INFO] Hypergraph updated at epoch 50

🔧 Epoch 50 梯度检查:
================================================================================

  参数名称                              梯度范数         梯度均值 状态             
  ----------------------------------------------------------------------
  type_relations                0.000017     0.000001 ✅ 正常           
  exist_relation                0.000150     0.000011 ✅ 正常           
  mi_proj_layer0                0.160605     0.000591 ✅ 正常           
  dis_proj_layer0               0.145587     0.000549 ✅ 正常           
================================================================================

Epoch 50, Total Loss: 17.4201, Recover Loss: 1.1901, miRNA CL: 8.0462, Disease CL: 7.7113, Inter-view (est): 3.6363, Recon Loss: 0.1878, Time: 173.88s
[INFO] Hypergraph updated at epoch 100

🔧 Epoch 100 梯度检查:
================================================================================

  参数名称                              梯度范数         梯度均值 状态             
  ----------------------------------------------------------------------
  type_relations                0.000010     0.000000 ✅ 正常           
  exist_relation                0.000144     0.000010 ✅ 正常           
  mi_proj_layer0                0.102009     0.000415 ✅ 正常           
  dis_proj_layer0               0.117533     0.000453 ✅ 正常           
================================================================================

Epoch 100, Total Loss: 16.1624, Recover Loss: 1.1292, miRNA CL: 7.7613, Disease CL: 6.9698, Inter-view (est): 3.3995, Recon Loss: 0.0311, Time: 220.62s
[INFO] Hypergraph updated at epoch 150

🔧 Epoch 150 梯度检查:
================================================================================

  参数名称                              梯度范数         梯度均值 状态             
  ----------------------------------------------------------------------
  type_relations                0.000006     0.000000 ✅ 正常           
  exist_relation                0.000138     0.000009 ✅ 正常           
  mi_proj_layer0                0.121784     0.000478 ✅ 正常           
  dis_proj_layer0               0.137507     0.000539 ✅ 正常           
================================================================================

Epoch 150, Total Loss: 15.5594, Recover Loss: 1.0853, miRNA CL: 7.6019, Disease CL: 6.5809, Inter-view (est): 3.2730, Recon Loss: 0.0295, Time: 262.51s
[INFO] Hypergraph updated at epoch 200

🔧 Epoch 200 梯度检查:
================================================================================

  参数名称                              梯度范数         梯度均值 状态             
  ----------------------------------------------------------------------
  type_relations                0.000004     0.000000 ✅ 正常           
  exist_relation                0.000135     0.000009 ✅ 正常           
  mi_proj_layer0                0.096354     0.000388 ✅ 正常           
  dis_proj_layer0               0.121873     0.000486 ✅ 正常           
================================================================================

Epoch 200, Total Loss: 15.1366, Recover Loss: 1.0451, miRNA CL: 7.3566, Disease CL: 6.4497, Inter-view (est): 3.1861, Recon Loss: 0.0287, Time: 306.15s
[INFO] Hypergraph updated at epoch 250

🔧 Epoch 250 梯度检查:
================================================================================

  参数名称                              梯度范数         梯度均值 状态             
  ----------------------------------------------------------------------
  type_relations                0.000003     0.000000 ✅ 正常           
  exist_relation                0.000132     0.000009 ✅ 正常           
  mi_proj_layer0                0.079945     0.000333 ✅ 正常           
  dis_proj_layer0               0.093561     0.000381 ✅ 正常           
================================================================================

Epoch 250, Total Loss: 14.8552, Recover Loss: 1.0058, miRNA CL: 7.1955, Disease CL: 6.3719, Inter-view (est): 3.1309, Recon Loss: 0.0291, Time: 348.31s
[INFO] Hypergraph updated at epoch 300

🔧 Epoch 300 梯度检查:
================================================================================

  参数名称                              梯度范数         梯度均值 状态             
  ----------------------------------------------------------------------
  type_relations                0.000002     0.000000 ✅ 正常           
  exist_relation                0.000129     0.000008 ✅ 正常           
  mi_proj_layer0                0.097489     0.000401 ✅ 正常           
  dis_proj_layer0               0.106557     0.000431 ✅ 正常           
================================================================================

Epoch 300, Total Loss: 14.7068, Recover Loss: 0.9877, miRNA CL: 7.1119, Disease CL: 6.3280, Inter-view (est): 3.1015, Recon Loss: 0.0287, Time: 389.43s
[INFO] Hypergraph updated at epoch 350

🔧 Epoch 350 梯度检查:
================================================================================

  参数名称                              梯度范数         梯度均值 状态             
  ----------------------------------------------------------------------
  type_relations                0.000002     0.000000 ✅ 正常           
  exist_relation                0.000126     0.000008 ✅ 正常           
  mi_proj_layer0                0.075505     0.000318 ✅ 正常           
  dis_proj_layer0               0.084602     0.000347 ✅ 正常           
================================================================================

Epoch 350, Total Loss: 14.5584, Recover Loss: 0.9584, miRNA CL: 7.0382, Disease CL: 6.2861, Inter-view (est): 3.0748, Recon Loss: 0.0281, Time: 430.46s
[INFO] Hypergraph updated at epoch 400

🔧 Epoch 400 梯度检查:
================================================================================

  参数名称                              梯度范数         梯度均值 状态             
  ----------------------------------------------------------------------
  type_relations                0.000001     0.000000 ✅ 正常           
  exist_relation                0.000124     0.000008 ✅ 正常           
  mi_proj_layer0                0.072055     0.000303 ✅ 正常           
  dis_proj_layer0               0.088388     0.000369 ✅ 正常           
================================================================================

Epoch 400, Total Loss: 14.4504, Recover Loss: 0.9512, miRNA CL: 6.9723, Disease CL: 6.2543, Inter-view (est): 3.0523, Recon Loss: 0.0273, Time: 470.79s
[INFO] Hypergraph updated at epoch 450

🔧 Epoch 450 梯度检查:
================================================================================

  参数名称                              梯度范数         梯度均值 状态             
  ----------------------------------------------------------------------
  type_relations                0.000001     0.000000 ✅ 正常           
  exist_relation                0.000122     0.000008 ✅ 正常           
  mi_proj_layer0                0.072573     0.000304 ✅ 正常           
  dis_proj_layer0               0.067907     0.000287 ✅ 正常           
================================================================================

Epoch 450, Total Loss: 14.3603, Recover Loss: 0.9403, miRNA CL: 6.9161, Disease CL: 6.2329, Inter-view (est): 3.0344, Recon Loss: 0.0273, Time: 510.01s
[INFO] Hypergraph updated at epoch 500

🔧 Epoch 500 梯度检查:
================================================================================
  ⚠️ 警告: type_relations梯度几乎为0 (norm=0.00000089)
     → 类型分类器可能没有学习!

  参数名称                              梯度范数         梯度均值 状态             
  ----------------------------------------------------------------------
  type_relations                0.000001     0.000000 ✅ 正常           
  exist_relation                0.000121     0.000008 ✅ 正常           
  mi_proj_layer0                0.077660     0.000329 ✅ 正常           
  dis_proj_layer0               0.080968     0.000337 ✅ 正常           
================================================================================

Epoch 500, Total Loss: 14.2914, Recover Loss: 0.9404, miRNA CL: 6.8629, Disease CL: 6.2183, Inter-view (est): 3.0187, Recon Loss: 0.0273, Time: 553.16s
[INFO] Hypergraph updated at epoch 550

🔧 Epoch 550 梯度检查:
================================================================================
  ⚠️ 警告: type_relations梯度几乎为0 (norm=0.00000080)
     → 类型分类器可能没有学习!

  参数名称                              梯度范数         梯度均值 状态             
  ----------------------------------------------------------------------
  type_relations                0.000001     0.000000 ✅ 正常           
  exist_relation                0.000120     0.000008 ✅ 正常           
  mi_proj_layer0                0.064233     0.000270 ✅ 正常           
  dis_proj_layer0               0.062087     0.000262 ✅ 正常           
================================================================================

Epoch 550, Total Loss: 14.2233, Recover Loss: 0.9251, miRNA CL: 6.8222, Disease CL: 6.2073, Inter-view (est): 3.0068, Recon Loss: 0.0270, Time: 602.99s
[INFO] Hypergraph updated at epoch 600

🔧 Epoch 600 梯度检查:
================================================================================
  ⚠️ 警告: type_relations梯度几乎为0 (norm=0.00000073)
     → 类型分类器可能没有学习!

  参数名称                              梯度范数         梯度均值 状态             
  ----------------------------------------------------------------------
  type_relations                0.000001     0.000000 ✅ 正常           
  exist_relation                0.000119     0.000008 ✅ 正常           
  mi_proj_layer0                0.064121     0.000271 ✅ 正常           
  dis_proj_layer0               0.074570     0.000311 ✅ 正常           
================================================================================

Epoch 600, Total Loss: 14.1792, Recover Loss: 0.9268, miRNA CL: 6.7862, Disease CL: 6.1982, Inter-view (est): 2.9964, Recon Loss: 0.0268, Time: 652.33s
[INFO] Hypergraph updated at epoch 650

🔧 Epoch 650 梯度检查:
================================================================================
  ⚠️ 警告: type_relations梯度几乎为0 (norm=0.00000068)
     → 类型分类器可能没有学习!

  参数名称                              梯度范数         梯度均值 状态             
  ----------------------------------------------------------------------
  type_relations                0.000001     0.000000 ✅ 正常           
  exist_relation                0.000118     0.000007 ✅ 正常           
  mi_proj_layer0                0.067582     0.000285 ✅ 正常           
  dis_proj_layer0               0.061274     0.000259 ✅ 正常           
================================================================================

Epoch 650, Total Loss: 14.1329, Recover Loss: 0.9134, miRNA CL: 6.7630, Disease CL: 6.1891, Inter-view (est): 2.9889, Recon Loss: 0.0269, Time: 701.58s

================================================================================
Training completed. Running final test...
================================================================================
Fold 2 completed - AUC: 0.9841, Top-1 F1: 0.6498
Fold 2 training time: 702.75 seconds
=== Cross Validation Fold 3/5 ===
Using hidden dimensions: [256, 256] with 4 attention heads
优化模型初始化: miRNA数量 = 495, 疾病数量 = 383
   节点维度: 256 → 128
   类型数量: 4
   Temperature: 2.0 (可学习)
   Loss mode: two_head
   loss_mode=two_head
   exist_weight=0.100, type_weight=0.900

✅ SimplifiedMultiTypeAssociationLoss 初始化 (改进版)
   类别权重 (beta=0.99999): ['0.780', '1.822', '0.977', '0.421']
Original positive index shape: torch.Size([1072, 2])
Original negative index shape: torch.Size([135416, 2])
采样后负样本数量: 10720
🎯 Building TRUE DUAL VIEWS from four different sources...
📊 Data sources loaded:
  Disease semantic: torch.Size([383, 383])
  miRNA functional: torch.Size([495, 495])
  Disease-gene: torch.Size([383, 383])
  miRNA-sequence: torch.Size([495, 495])
🧬 Building miRNA dual-view hypergraphs...
  📊 miRNA View 1 (Sequence): torch.Size([495, 878])
  📊 miRNA View 2 (Function): torch.Size([495, 878])
🦠 Building disease dual-view hypergraphs...
  📊 Disease View 1 (Gene): torch.Size([383, 878])
  📊 Disease View 2 (Semantic): torch.Size([383, 878])
✅ Successfully built TRUE DUAL VIEWS:
   🧬 miRNA: Sequence Features (m_ss.xlsx) vs Functional Similarity (mi_fun_sim_2.0.csv)
   🦠 Disease: Gene Features (d_gs.xlsx) vs Semantic Similarity (dis_sem_sim_2.0.csv)

🔧 Epoch 1 梯度检查:
================================================================================

  参数名称                              梯度范数         梯度均值 状态             
  ----------------------------------------------------------------------
  type_relations                0.000025     0.000001 ✅ 正常           
  exist_relation                0.000145     0.000010 ✅ 正常           
  mi_proj_layer0                0.398684     0.001482 ✅ 正常           
  dis_proj_layer0               0.422639     0.001605 ✅ 正常           
================================================================================

Epoch 1, Total Loss: 20.4353, Recover Loss: 1.3221, miRNA CL: 8.8620, Disease CL: 8.4267, Inter-view (est): 3.9897, Recon Loss: 1.5260, Time: 0.93s
[INFO] Hypergraph updated at epoch 5
[INFO] Hypergraph updated at epoch 10
[INFO] Hypergraph updated at epoch 15
[INFO] Hypergraph updated at epoch 20
[INFO] Hypergraph updated at epoch 25
[INFO] Hypergraph updated at epoch 30
[INFO] Hypergraph updated at epoch 35
[INFO] Hypergraph updated at epoch 40
[INFO] Hypergraph updated at epoch 45
[INFO] Hypergraph updated at epoch 50

🔧 Epoch 50 梯度检查:
================================================================================

  参数名称                              梯度范数         梯度均值 状态             
  ----------------------------------------------------------------------
  type_relations                0.000017     0.000000 ✅ 正常           
  exist_relation                0.000140     0.000010 ✅ 正常           
  mi_proj_layer0                0.186816     0.000684 ✅ 正常           
  dis_proj_layer0               0.155785     0.000576 ✅ 正常           
================================================================================

Epoch 50, Total Loss: 17.3212, Recover Loss: 1.1977, miRNA CL: 7.9968, Disease CL: 7.7208, Inter-view (est): 3.6271, Recon Loss: 0.1216, Time: 152.55s
[INFO] Hypergraph updated at epoch 100

🔧 Epoch 100 梯度检查:
================================================================================

  参数名称                              梯度范数         梯度均值 状态             
  ----------------------------------------------------------------------
  type_relations                0.000010     0.000000 ✅ 正常           
  exist_relation                0.000134     0.000009 ✅ 正常           
  mi_proj_layer0                0.121590     0.000459 ✅ 正常           
  dis_proj_layer0               0.114099     0.000445 ✅ 正常           
================================================================================

Epoch 100, Total Loss: 16.1815, Recover Loss: 1.1410, miRNA CL: 7.7444, Disease CL: 6.9940, Inter-view (est): 3.4012, Recon Loss: 0.0321, Time: 198.28s
[INFO] Hypergraph updated at epoch 150

🔧 Epoch 150 梯度检查:
================================================================================

  参数名称                              梯度范数         梯度均值 状态             
  ----------------------------------------------------------------------
  type_relations                0.000006     0.000000 ✅ 正常           
  exist_relation                0.000129     0.000009 ✅ 正常           
  mi_proj_layer0                0.099755     0.000404 ✅ 正常           
  dis_proj_layer0               0.132078     0.000509 ✅ 正常           
================================================================================

Epoch 150, Total Loss: 15.5187, Recover Loss: 1.0849, miRNA CL: 7.5485, Disease CL: 6.5948, Inter-view (est): 3.2638, Recon Loss: 0.0303, Time: 241.81s
[INFO] Hypergraph updated at epoch 200

🔧 Epoch 200 梯度检查:
================================================================================

  参数名称                              梯度范数         梯度均值 状态             
  ----------------------------------------------------------------------
  type_relations                0.000004     0.000000 ✅ 正常           
  exist_relation                0.000125     0.000008 ✅ 正常           
  mi_proj_layer0                0.090985     0.000374 ✅ 正常           
  dis_proj_layer0               0.098190     0.000399 ✅ 正常           
================================================================================

Epoch 200, Total Loss: 15.0866, Recover Loss: 1.0610, miRNA CL: 7.2792, Disease CL: 6.4628, Inter-view (est): 3.1712, Recon Loss: 0.0292, Time: 286.67s
[INFO] Hypergraph updated at epoch 250

🔧 Epoch 250 梯度检查:
================================================================================

  参数名称                              梯度范数         梯度均值 状态             
  ----------------------------------------------------------------------
  type_relations                0.000003     0.000000 ✅ 正常           
  exist_relation                0.000123     0.000008 ✅ 正常           
  mi_proj_layer0                0.094203     0.000383 ✅ 正常           
  dis_proj_layer0               0.108913     0.000451 ✅ 正常           
================================================================================

Epoch 250, Total Loss: 14.9087, Recover Loss: 1.0373, miRNA CL: 7.1913, Disease CL: 6.3995, Inter-view (est): 3.1363, Recon Loss: 0.0291, Time: 332.22s
[INFO] Hypergraph updated at epoch 300

🔧 Epoch 300 梯度检查:
================================================================================

  参数名称                              梯度范数         梯度均值 状态             
  ----------------------------------------------------------------------
  type_relations                0.000003     0.000000 ✅ 正常           
  exist_relation                0.000120     0.000008 ✅ 正常           
  mi_proj_layer0                0.089142     0.000370 ✅ 正常           
  dis_proj_layer0               0.097255     0.000398 ✅ 正常           
================================================================================

Epoch 300, Total Loss: 14.7540, Recover Loss: 1.0127, miRNA CL: 7.1141, Disease CL: 6.3498, Inter-view (est): 3.1071, Recon Loss: 0.0285, Time: 377.70s
[INFO] Hypergraph updated at epoch 350

🔧 Epoch 350 梯度检查:
================================================================================

  参数名称                              梯度范数         梯度均值 状态             
  ----------------------------------------------------------------------
  type_relations                0.000002     0.000000 ✅ 正常           
  exist_relation                0.000118     0.000008 ✅ 正常           
  mi_proj_layer0                0.085126     0.000356 ✅ 正常           
  dis_proj_layer0               0.081087     0.000336 ✅ 正常           
================================================================================

Epoch 350, Total Loss: 14.6259, Recover Loss: 0.9884, miRNA CL: 7.0515, Disease CL: 6.3118, Inter-view (est): 3.0838, Recon Loss: 0.0279, Time: 423.53s
[INFO] Hypergraph updated at epoch 400

🔧 Epoch 400 梯度检查:
================================================================================

  参数名称                              梯度范数         梯度均值 状态             
  ----------------------------------------------------------------------
  type_relations                0.000002     0.000000 ✅ 正常           
  exist_relation                0.000116     0.000007 ✅ 正常           
  mi_proj_layer0                0.095404     0.000397 ✅ 正常           
  dis_proj_layer0               0.094785     0.000395 ✅ 正常           
================================================================================

Epoch 400, Total Loss: 14.5223, Recover Loss: 0.9850, miRNA CL: 6.9928, Disease CL: 6.2728, Inter-view (est): 3.0613, Recon Loss: 0.0277, Time: 467.51s
[INFO] Hypergraph updated at epoch 450

🔧 Epoch 450 梯度检查:
================================================================================

  参数名称                              梯度范数         梯度均值 状态             
  ----------------------------------------------------------------------
  type_relations                0.000001     0.000000 ✅ 正常           
  exist_relation                0.000113     0.000007 ✅ 正常           
  mi_proj_layer0                0.082975     0.000344 ✅ 正常           
  dis_proj_layer0               0.071745     0.000292 ✅ 正常           
================================================================================

Epoch 450, Total Loss: 14.3881, Recover Loss: 0.9613, miRNA CL: 6.9242, Disease CL: 6.2338, Inter-view (est): 3.0365, Recon Loss: 0.0273, Time: 511.37s
[INFO] Hypergraph updated at epoch 500

🔧 Epoch 500 梯度检查:
================================================================================

  参数名称                              梯度范数         梯度均值 状态             
  ----------------------------------------------------------------------
  type_relations                0.000001     0.000000 ✅ 正常           
  exist_relation                0.000111     0.000007 ✅ 正常           
  mi_proj_layer0                0.083041     0.000348 ✅ 正常           
  dis_proj_layer0               0.072898     0.000300 ✅ 正常           
================================================================================

Epoch 500, Total Loss: 14.2853, Recover Loss: 0.9566, miRNA CL: 6.8496, Disease CL: 6.2115, Inter-view (est): 3.0141, Recon Loss: 0.0278, Time: 554.99s
[INFO] Hypergraph updated at epoch 550

🔧 Epoch 550 梯度检查:
================================================================================

  参数名称                              梯度范数         梯度均值 状态             
  ----------------------------------------------------------------------
  type_relations                0.000001     0.000000 ✅ 正常           
  exist_relation                0.000110     0.000007 ✅ 正常           
  mi_proj_layer0                0.070723     0.000294 ✅ 正常           
  dis_proj_layer0               0.056129     0.000236 ✅ 正常           
================================================================================

Epoch 550, Total Loss: 14.2319, Recover Loss: 0.9441, miRNA CL: 6.8212, Disease CL: 6.2010, Inter-view (est): 3.0051, Recon Loss: 0.0266, Time: 599.09s
[INFO] Hypergraph updated at epoch 600

🔧 Epoch 600 梯度检查:
================================================================================

  参数名称                              梯度范数         梯度均值 状态             
  ----------------------------------------------------------------------
  type_relations                0.000001     0.000000 ✅ 正常           
  exist_relation                0.000110     0.000007 ✅ 正常           
  mi_proj_layer0                0.063900     0.000267 ✅ 正常           
  dis_proj_layer0               0.057845     0.000237 ✅ 正常           
================================================================================

Epoch 600, Total Loss: 14.1932, Recover Loss: 0.9409, miRNA CL: 6.7928, Disease CL: 6.1944, Inter-view (est): 2.9971, Recon Loss: 0.0266, Time: 642.13s
[INFO] Hypergraph updated at epoch 650

🔧 Epoch 650 梯度检查:
================================================================================

  参数名称                              梯度范数         梯度均值 状态             
  ----------------------------------------------------------------------
  type_relations                0.000001     0.000000 ✅ 正常           
  exist_relation                0.000109     0.000007 ✅ 正常           
  mi_proj_layer0                0.080843     0.000335 ✅ 正常           
  dis_proj_layer0               0.075400     0.000313 ✅ 正常           
================================================================================

Epoch 650, Total Loss: 14.1654, Recover Loss: 0.9446, miRNA CL: 6.7689, Disease CL: 6.1877, Inter-view (est): 2.9900, Recon Loss: 0.0262, Time: 689.86s

================================================================================
Training completed. Running final test...
================================================================================
Fold 3 completed - AUC: 0.9772, Top-1 F1: 0.6172
Fold 3 training time: 691.36 seconds
=== Cross Validation Fold 4/5 ===
Using hidden dimensions: [256, 256] with 4 attention heads
优化模型初始化: miRNA数量 = 495, 疾病数量 = 383
   节点维度: 256 → 128
   类型数量: 4
   Temperature: 2.0 (可学习)
   Loss mode: two_head
   loss_mode=two_head
   exist_weight=0.100, type_weight=0.900

✅ SimplifiedMultiTypeAssociationLoss 初始化 (改进版)
   类别权重 (beta=0.99999): ['0.780', '1.822', '0.977', '0.421']
Original positive index shape: torch.Size([1072, 2])
Original negative index shape: torch.Size([135416, 2])
采样后负样本数量: 10720
🎯 Building TRUE DUAL VIEWS from four different sources...
📊 Data sources loaded:
  Disease semantic: torch.Size([383, 383])
  miRNA functional: torch.Size([495, 495])
  Disease-gene: torch.Size([383, 383])
  miRNA-sequence: torch.Size([495, 495])
🧬 Building miRNA dual-view hypergraphs...
  📊 miRNA View 1 (Sequence): torch.Size([495, 878])
  📊 miRNA View 2 (Function): torch.Size([495, 878])
🦠 Building disease dual-view hypergraphs...
  📊 Disease View 1 (Gene): torch.Size([383, 878])
  📊 Disease View 2 (Semantic): torch.Size([383, 878])
✅ Successfully built TRUE DUAL VIEWS:
   🧬 miRNA: Sequence Features (m_ss.xlsx) vs Functional Similarity (mi_fun_sim_2.0.csv)
   🦠 Disease: Gene Features (d_gs.xlsx) vs Semantic Similarity (dis_sem_sim_2.0.csv)

🔧 Epoch 1 梯度检查:
================================================================================

  参数名称                              梯度范数         梯度均值 状态             
  ----------------------------------------------------------------------
  type_relations                0.000025     0.000001 ✅ 正常           
  exist_relation                0.000133     0.000010 ✅ 正常           
  mi_proj_layer0                0.430887     0.001568 ✅ 正常           
  dis_proj_layer0               0.419117     0.001562 ✅ 正常           
================================================================================

Epoch 1, Total Loss: 20.5620, Recover Loss: 1.3348, miRNA CL: 8.9462, Disease CL: 8.4403, Inter-view (est): 4.0123, Recon Loss: 1.5418, Time: 1.26s
[INFO] Hypergraph updated at epoch 5
[INFO] Hypergraph updated at epoch 10
[INFO] Hypergraph updated at epoch 15
[INFO] Hypergraph updated at epoch 20
[INFO] Hypergraph updated at epoch 25
[INFO] Hypergraph updated at epoch 30
[INFO] Hypergraph updated at epoch 35
[INFO] Hypergraph updated at epoch 40
[INFO] Hypergraph updated at epoch 45
[INFO] Hypergraph updated at epoch 50

🔧 Epoch 50 梯度检查:
================================================================================

  参数名称                              梯度范数         梯度均值 状态             
  ----------------------------------------------------------------------
  type_relations                0.000017     0.000000 ✅ 正常           
  exist_relation                0.000128     0.000009 ✅ 正常           
  mi_proj_layer0                0.146612     0.000558 ✅ 正常           
  dis_proj_layer0               0.144358     0.000537 ✅ 正常           
================================================================================

Epoch 50, Total Loss: 17.4090, Recover Loss: 1.1948, miRNA CL: 8.0169, Disease CL: 7.7190, Inter-view (est): 3.6314, Recon Loss: 0.1934, Time: 157.58s
[INFO] Hypergraph updated at epoch 100

🔧 Epoch 100 梯度检查:
================================================================================

  参数名称                              梯度范数         梯度均值 状态             
  ----------------------------------------------------------------------
  type_relations                0.000010     0.000000 ✅ 正常           
  exist_relation                0.000122     0.000009 ✅ 正常           
  mi_proj_layer0                0.105332     0.000416 ✅ 正常           
  dis_proj_layer0               0.135264     0.000514 ✅ 正常           
================================================================================

Epoch 100, Total Loss: 16.1970, Recover Loss: 1.1354, miRNA CL: 7.7457, Disease CL: 7.0113, Inter-view (est): 3.4054, Recon Loss: 0.0327, Time: 208.75s
[INFO] Hypergraph updated at epoch 150

🔧 Epoch 150 梯度检查:
================================================================================

  参数名称                              梯度范数         梯度均值 状态             
  ----------------------------------------------------------------------
  type_relations                0.000006     0.000000 ✅ 正常           
  exist_relation                0.000117     0.000008 ✅ 正常           
  mi_proj_layer0                0.092570     0.000381 ✅ 正常           
  dis_proj_layer0               0.105094     0.000405 ✅ 正常           
================================================================================

Epoch 150, Total Loss: 15.5490, Recover Loss: 1.0728, miRNA CL: 7.5374, Disease CL: 6.6454, Inter-view (est): 3.2729, Recon Loss: 0.0302, Time: 253.54s
[INFO] Hypergraph updated at epoch 200

🔧 Epoch 200 梯度检查:
================================================================================

  参数名称                              梯度范数         梯度均值 状态             
  ----------------------------------------------------------------------
  type_relations                0.000004     0.000000 ✅ 正常           
  exist_relation                0.000113     0.000008 ✅ 正常           
  mi_proj_layer0                0.099828     0.000405 ✅ 正常           
  dis_proj_layer0               0.086484     0.000352 ✅ 正常           
================================================================================

Epoch 200, Total Loss: 15.1535, Recover Loss: 1.0400, miRNA CL: 7.3249, Disease CL: 6.5001, Inter-view (est): 3.1904, Recon Loss: 0.0302, Time: 296.58s
[INFO] Hypergraph updated at epoch 250

🔧 Epoch 250 梯度检查:
================================================================================

  参数名称                              梯度范数         梯度均值 状态             
  ----------------------------------------------------------------------
  type_relations                0.000003     0.000000 ✅ 正常           
  exist_relation                0.000109     0.000007 ✅ 正常           
  mi_proj_layer0                0.097671     0.000395 ✅ 正常           
  dis_proj_layer0               0.116569     0.000477 ✅ 正常           
================================================================================

Epoch 250, Total Loss: 14.8546, Recover Loss: 1.0084, miRNA CL: 7.1746, Disease CL: 6.3883, Inter-view (est): 3.1299, Recon Loss: 0.0294, Time: 337.36s
[INFO] Hypergraph updated at epoch 300

🔧 Epoch 300 梯度检查:
================================================================================

  参数名称                              梯度范数         梯度均值 状态             
  ----------------------------------------------------------------------
  type_relations                0.000002     0.000000 ✅ 正常           
  exist_relation                0.000105     0.000007 ✅ 正常           
  mi_proj_layer0                0.086783     0.000359 ✅ 正常           
  dis_proj_layer0               0.109601     0.000429 ✅ 正常           
================================================================================

Epoch 300, Total Loss: 14.6452, Recover Loss: 0.9755, miRNA CL: 7.0665, Disease CL: 6.3244, Inter-view (est): 3.0902, Recon Loss: 0.0286, Time: 378.31s
[INFO] Hypergraph updated at epoch 350

🔧 Epoch 350 梯度检查:
================================================================================

  参数名称                              梯度范数         梯度均值 状态             
  ----------------------------------------------------------------------
  type_relations                0.000002     0.000000 ✅ 正常           
  exist_relation                0.000103     0.000007 ✅ 正常           
  mi_proj_layer0                0.082250     0.000341 ✅ 正常           
  dis_proj_layer0               0.095370     0.000391 ✅ 正常           
================================================================================

Epoch 350, Total Loss: 14.5458, Recover Loss: 0.9646, miRNA CL: 7.0112, Disease CL: 6.2939, Inter-view (est): 3.0704, Recon Loss: 0.0278, Time: 421.17s
[INFO] Hypergraph updated at epoch 400

🔧 Epoch 400 梯度检查:
================================================================================

  参数名称                              梯度范数         梯度均值 状态             
  ----------------------------------------------------------------------
  type_relations                0.000001     0.000000 ✅ 正常           
  exist_relation                0.000101     0.000007 ✅ 正常           
  mi_proj_layer0                0.073081     0.000306 ✅ 正常           
  dis_proj_layer0               0.077556     0.000325 ✅ 正常           
================================================================================

Epoch 400, Total Loss: 14.4531, Recover Loss: 0.9490, miRNA CL: 6.9612, Disease CL: 6.2689, Inter-view (est): 3.0531, Recon Loss: 0.0272, Time: 465.76s
[INFO] Hypergraph updated at epoch 450

🔧 Epoch 450 梯度检查:
================================================================================

  参数名称                              梯度范数         梯度均值 状态             
  ----------------------------------------------------------------------
  type_relations                0.000001     0.000000 ✅ 正常           
  exist_relation                0.000100     0.000007 ✅ 正常           
  mi_proj_layer0                0.080037     0.000335 ✅ 正常           
  dis_proj_layer0               0.075300     0.000318 ✅ 正常           
================================================================================

Epoch 450, Total Loss: 14.3571, Recover Loss: 0.9433, miRNA CL: 6.8962, Disease CL: 6.2447, Inter-view (est): 3.0325, Recon Loss: 0.0276, Time: 509.51s
[INFO] Hypergraph updated at epoch 500

🔧 Epoch 500 梯度检查:
================================================================================

  参数名称                              梯度范数         梯度均值 状态             
  ----------------------------------------------------------------------
  type_relations                0.000001     0.000000 ✅ 正常           
  exist_relation                0.000098     0.000006 ✅ 正常           
  mi_proj_layer0                0.076068     0.000324 ✅ 正常           
  dis_proj_layer0               0.068980     0.000293 ✅ 正常           
================================================================================

Epoch 500, Total Loss: 14.2654, Recover Loss: 0.9315, miRNA CL: 6.8330, Disease CL: 6.2297, Inter-view (est): 3.0145, Recon Loss: 0.0269, Time: 554.16s
[INFO] Hypergraph updated at epoch 550

🔧 Epoch 550 梯度检查:
================================================================================
  ⚠️ 警告: type_relations梯度几乎为0 (norm=0.00000097)
     → 类型分类器可能没有学习!

  参数名称                              梯度范数         梯度均值 状态             
  ----------------------------------------------------------------------
  type_relations                0.000001     0.000000 ✅ 正常           
  exist_relation                0.000098     0.000006 ✅ 正常           
  mi_proj_layer0                0.080055     0.000323 ✅ 正常           
  dis_proj_layer0               0.078014     0.000327 ✅ 正常           
================================================================================

Epoch 550, Total Loss: 14.2067, Recover Loss: 0.9223, miRNA CL: 6.7936, Disease CL: 6.2201, Inter-view (est): 3.0031, Recon Loss: 0.0271, Time: 594.65s
[INFO] Hypergraph updated at epoch 600

🔧 Epoch 600 梯度检查:
================================================================================
  ⚠️ 警告: type_relations梯度几乎为0 (norm=0.00000090)
     → 类型分类器可能没有学习!

  参数名称                              梯度范数         梯度均值 状态             
  ----------------------------------------------------------------------
  type_relations                0.000001     0.000000 ✅ 正常           
  exist_relation                0.000097     0.000006 ✅ 正常           
  mi_proj_layer0                0.081173     0.000340 ✅ 正常           
  dis_proj_layer0               0.077121     0.000317 ✅ 正常           
================================================================================

Epoch 600, Total Loss: 14.1751, Recover Loss: 0.9252, miRNA CL: 6.7680, Disease CL: 6.2116, Inter-view (est): 2.9953, Recon Loss: 0.0271, Time: 634.97s
[INFO] Hypergraph updated at epoch 650

🔧 Epoch 650 梯度检查:
================================================================================
  ⚠️ 警告: type_relations梯度几乎为0 (norm=0.00000084)
     → 类型分类器可能没有学习!

  参数名称                              梯度范数         梯度均值 状态             
  ----------------------------------------------------------------------
  type_relations                0.000001     0.000000 ✅ 正常           
  exist_relation                0.000096     0.000006 ✅ 正常           
  mi_proj_layer0                0.064712     0.000273 ✅ 正常           
  dis_proj_layer0               0.068492     0.000291 ✅ 正常           
================================================================================

Epoch 650, Total Loss: 14.1372, Recover Loss: 0.9154, miRNA CL: 6.7490, Disease CL: 6.2031, Inter-view (est): 2.9890, Recon Loss: 0.0271, Time: 683.11s

================================================================================
Training completed. Running final test...
================================================================================
Fold 4 completed - AUC: 0.9771, Top-1 F1: 0.6554
Fold 4 training time: 684.41 seconds
=== Cross Validation Fold 5/5 ===
Using hidden dimensions: [256, 256] with 4 attention heads
优化模型初始化: miRNA数量 = 495, 疾病数量 = 383
   节点维度: 256 → 128
   类型数量: 4
   Temperature: 2.0 (可学习)
   Loss mode: two_head
   loss_mode=two_head
   exist_weight=0.100, type_weight=0.900

✅ SimplifiedMultiTypeAssociationLoss 初始化 (改进版)
   类别权重 (beta=0.99999): ['0.780', '1.822', '0.977', '0.421']
Original positive index shape: torch.Size([1072, 2])
Original negative index shape: torch.Size([135416, 2])
采样后负样本数量: 10720
🎯 Building TRUE DUAL VIEWS from four different sources...
📊 Data sources loaded:
  Disease semantic: torch.Size([383, 383])
  miRNA functional: torch.Size([495, 495])
  Disease-gene: torch.Size([383, 383])
  miRNA-sequence: torch.Size([495, 495])
🧬 Building miRNA dual-view hypergraphs...
  📊 miRNA View 1 (Sequence): torch.Size([495, 878])
  📊 miRNA View 2 (Function): torch.Size([495, 878])
🦠 Building disease dual-view hypergraphs...
  📊 Disease View 1 (Gene): torch.Size([383, 878])
  📊 Disease View 2 (Semantic): torch.Size([383, 878])
✅ Successfully built TRUE DUAL VIEWS:
   🧬 miRNA: Sequence Features (m_ss.xlsx) vs Functional Similarity (mi_fun_sim_2.0.csv)
   🦠 Disease: Gene Features (d_gs.xlsx) vs Semantic Similarity (dis_sem_sim_2.0.csv)

🔧 Epoch 1 梯度检查:
================================================================================

  参数名称                              梯度范数         梯度均值 状态             
  ----------------------------------------------------------------------
  type_relations                0.000025     0.000001 ✅ 正常           
  exist_relation                0.000151     0.000011 ✅ 正常           
  mi_proj_layer0                0.277566     0.001050 ✅ 正常           
  dis_proj_layer0               0.311537     0.001196 ✅ 正常           
================================================================================

Epoch 1, Total Loss: 20.7676, Recover Loss: 1.3177, miRNA CL: 9.1498, Disease CL: 8.4486, Inter-view (est): 4.0612, Recon Loss: 1.5529, Time: 1.12s
[INFO] Hypergraph updated at epoch 5
[INFO] Hypergraph updated at epoch 10
[INFO] Hypergraph updated at epoch 15
[INFO] Hypergraph updated at epoch 20
[INFO] Hypergraph updated at epoch 25
[INFO] Hypergraph updated at epoch 30
[INFO] Hypergraph updated at epoch 35
[INFO] Hypergraph updated at epoch 40
[INFO] Hypergraph updated at epoch 45
[INFO] Hypergraph updated at epoch 50

🔧 Epoch 50 梯度检查:
================================================================================

  参数名称                              梯度范数         梯度均值 状态             
  ----------------------------------------------------------------------
  type_relations                0.000017     0.000000 ✅ 正常           
  exist_relation                0.000146     0.000010 ✅ 正常           
  mi_proj_layer0                0.165992     0.000617 ✅ 正常           
  dis_proj_layer0               0.132382     0.000502 ✅ 正常           
================================================================================

Epoch 50, Total Loss: 17.3628, Recover Loss: 1.1806, miRNA CL: 8.0561, Disease CL: 7.7258, Inter-view (est): 3.6420, Recon Loss: 0.1159, Time: 151.37s
[INFO] Hypergraph updated at epoch 100

🔧 Epoch 100 梯度检查:
================================================================================

  参数名称                              梯度范数         梯度均值 状态             
  ----------------------------------------------------------------------
  type_relations                0.000010     0.000000 ✅ 正常           
  exist_relation                0.000140     0.000010 ✅ 正常           
  mi_proj_layer0                0.116925     0.000449 ✅ 正常           
  dis_proj_layer0               0.119769     0.000462 ✅ 正常           
================================================================================

Epoch 100, Total Loss: 16.2526, Recover Loss: 1.1219, miRNA CL: 7.7652, Disease CL: 7.0633, Inter-view (est): 3.4219, Recon Loss: 0.0316, Time: 194.52s
[INFO] Hypergraph updated at epoch 150

🔧 Epoch 150 梯度检查:
================================================================================

  参数名称                              梯度范数         梯度均值 状态             
  ----------------------------------------------------------------------
  type_relations                0.000006     0.000000 ✅ 正常           
  exist_relation                0.000135     0.000009 ✅ 正常           
  mi_proj_layer0                0.100656     0.000400 ✅ 正常           
  dis_proj_layer0               0.090899     0.000369 ✅ 正常           
================================================================================

Epoch 150, Total Loss: 15.6348, Recover Loss: 1.0669, miRNA CL: 7.6083, Disease CL: 6.6670, Inter-view (est): 3.2943, Recon Loss: 0.0308, Time: 235.80s
[INFO] Hypergraph updated at epoch 200

🔧 Epoch 200 梯度检查:
================================================================================

  参数名称                              梯度范数         梯度均值 状态             
  ----------------------------------------------------------------------
  type_relations                0.000004     0.000000 ✅ 正常           
  exist_relation                0.000131     0.000009 ✅ 正常           
  mi_proj_layer0                0.095745     0.000389 ✅ 正常           
  dis_proj_layer0               0.088481     0.000360 ✅ 正常           
================================================================================

Epoch 200, Total Loss: 15.1399, Recover Loss: 1.0140, miRNA CL: 7.3521, Disease CL: 6.4874, Inter-view (est): 3.1937, Recon Loss: 0.0301, Time: 277.02s
[INFO] Hypergraph updated at epoch 250

🔧 Epoch 250 梯度检查:
================================================================================

  参数名称                              梯度范数         梯度均值 状态             
  ----------------------------------------------------------------------
  type_relations                0.000003     0.000000 ✅ 正常           
  exist_relation                0.000128     0.000008 ✅ 正常           
  mi_proj_layer0                0.095691     0.000383 ✅ 正常           
  dis_proj_layer0               0.071400     0.000296 ✅ 正常           
================================================================================

Epoch 250, Total Loss: 14.9109, Recover Loss: 0.9957, miRNA CL: 7.2201, Disease CL: 6.4130, Inter-view (est): 3.1461, Recon Loss: 0.0289, Time: 317.84s
[INFO] Hypergraph updated at epoch 300

🔧 Epoch 300 梯度检查:
================================================================================

  参数名称                              梯度范数         梯度均值 状态             
  ----------------------------------------------------------------------
  type_relations                0.000002     0.000000 ✅ 正常           
  exist_relation                0.000125     0.000008 ✅ 正常           
  mi_proj_layer0                0.090947     0.000374 ✅ 正常           
  dis_proj_layer0               0.089401     0.000366 ✅ 正常           
================================================================================

Epoch 300, Total Loss: 14.7418, Recover Loss: 0.9749, miRNA CL: 7.1263, Disease CL: 6.3613, Inter-view (est): 3.1125, Recon Loss: 0.0289, Time: 359.02s
[INFO] Hypergraph updated at epoch 350

🔧 Epoch 350 梯度检查:
================================================================================

  参数名称                              梯度范数         梯度均值 状态             
  ----------------------------------------------------------------------
  type_relations                0.000002     0.000000 ✅ 正常           
  exist_relation                0.000123     0.000008 ✅ 正常           
  mi_proj_layer0                0.097445     0.000406 ✅ 正常           
  dis_proj_layer0               0.117830     0.000472 ✅ 正常           
================================================================================

Epoch 350, Total Loss: 14.6097, Recover Loss: 0.9666, miRNA CL: 7.0446, Disease CL: 6.3224, Inter-view (est): 3.0847, Recon Loss: 0.0282, Time: 400.22s
[INFO] Hypergraph updated at epoch 400

🔧 Epoch 400 梯度检查:
================================================================================

  参数名称                              梯度范数         梯度均值 状态             
  ----------------------------------------------------------------------
  type_relations                0.000001     0.000000 ✅ 正常           
  exist_relation                0.000120     0.000008 ✅ 正常           
  mi_proj_layer0                0.088626     0.000373 ✅ 正常           
  dis_proj_layer0               0.095576     0.000384 ✅ 正常           
================================================================================

Epoch 400, Total Loss: 14.4693, Recover Loss: 0.9499, miRNA CL: 6.9633, Disease CL: 6.2827, Inter-view (est): 3.0568, Recon Loss: 0.0280, Time: 443.53s
[INFO] Hypergraph updated at epoch 450

🔧 Epoch 450 梯度检查:
================================================================================

  参数名称                              梯度范数         梯度均值 状态             
  ----------------------------------------------------------------------
  type_relations                0.000001     0.000000 ✅ 正常           
  exist_relation                0.000118     0.000007 ✅ 正常           
  mi_proj_layer0                0.091859     0.000382 ✅ 正常           
  dis_proj_layer0               0.096344     0.000396 ✅ 正常           
================================================================================

Epoch 450, Total Loss: 14.3562, Recover Loss: 0.9358, miRNA CL: 6.8925, Disease CL: 6.2566, Inter-view (est): 3.0344, Recon Loss: 0.0276, Time: 484.30s
[INFO] Hypergraph updated at epoch 500

🔧 Epoch 500 梯度检查:
================================================================================

  参数名称                              梯度范数         梯度均值 状态             
  ----------------------------------------------------------------------
  type_relations                0.000001     0.000000 ✅ 正常           
  exist_relation                0.000117     0.000007 ✅ 正常           
  mi_proj_layer0                0.083202     0.000342 ✅ 正常           
  dis_proj_layer0               0.089693     0.000370 ✅ 正常           
================================================================================

Epoch 500, Total Loss: 14.2920, Recover Loss: 0.9261, miRNA CL: 6.8498, Disease CL: 6.2454, Inter-view (est): 3.0220, Recon Loss: 0.0278, Time: 525.31s
[INFO] Hypergraph updated at epoch 550

🔧 Epoch 550 梯度检查:
================================================================================
  ⚠️ 警告: type_relations梯度几乎为0 (norm=0.00000098)
     → 类型分类器可能没有学习!

  参数名称                              梯度范数         梯度均值 状态             
  ----------------------------------------------------------------------
  type_relations                0.000001     0.000000 ✅ 正常           
  exist_relation                0.000116     0.000007 ✅ 正常           
  mi_proj_layer0                0.082651     0.000341 ✅ 正常           
  dis_proj_layer0               0.071091     0.000298 ✅ 正常           
================================================================================

Epoch 550, Total Loss: 14.2402, Recover Loss: 0.9214, miRNA CL: 6.8139, Disease CL: 6.2360, Inter-view (est): 3.0115, Recon Loss: 0.0267, Time: 564.97s
[INFO] Hypergraph updated at epoch 600

🔧 Epoch 600 梯度检查:
================================================================================
  ⚠️ 警告: type_relations梯度几乎为0 (norm=0.00000091)
     → 类型分类器可能没有学习!

  参数名称                              梯度范数         梯度均值 状态             
  ----------------------------------------------------------------------
  type_relations                0.000001     0.000000 ✅ 正常           
  exist_relation                0.000115     0.000007 ✅ 正常           
  mi_proj_layer0                0.078240     0.000333 ✅ 正常           
  dis_proj_layer0               0.074065     0.000310 ✅ 正常           
================================================================================

Epoch 600, Total Loss: 14.1921, Recover Loss: 0.9144, miRNA CL: 6.7816, Disease CL: 6.2275, Inter-view (est): 3.0021, Recon Loss: 0.0270, Time: 604.47s
[INFO] Hypergraph updated at epoch 650

🔧 Epoch 650 梯度检查:
================================================================================
  ⚠️ 警告: type_relations梯度几乎为0 (norm=0.00000085)
     → 类型分类器可能没有学习!

  参数名称                              梯度范数         梯度均值 状态             
  ----------------------------------------------------------------------
  type_relations                0.000001     0.000000 ✅ 正常           
  exist_relation                0.000115     0.000007 ✅ 正常           
  mi_proj_layer0                0.062743     0.000266 ✅ 正常           
  dis_proj_layer0               0.070391     0.000287 ✅ 正常           
================================================================================

Epoch 650, Total Loss: 14.1519, Recover Loss: 0.9072, miRNA CL: 6.7583, Disease CL: 6.2187, Inter-view (est): 2.9947, Recon Loss: 0.0265, Time: 649.91s

================================================================================
Training completed. Running final test...
================================================================================
Fold 5 completed - AUC: 0.9839, Top-1 F1: 0.6105
Fold 5 training time: 651.00 seconds
Average binary metrics across folds: [[0.98053854 0.97743806 0.93655596 0.93455224 0.9658209  0.90328358
  0.909276  ]]
🎯 Average Top-1 metrics across folds: {'top1_precision': 0.6223880597014926, 'top1_recall': np.float64(0.6409369170146013), 'top1_f1': np.float64(0.6310987824349426)}

📊 CV_type Style Metrics Details:
  AUC            : 0.9805
  AUPR           : 0.9774
  F1             : 0.9366
  Accuracy       : 0.9346
  Recall         : 0.9658
  Specificity    : 0.9033
  Precision      : 0.9093

🎯 Top-1 Metrics Details:
  top1_precision : 0.6224
  top1_recall    : 0.6409
  top1_f1        : 0.6311

Total execution time: 3412.60 seconds

==========================================================================================
🎯 FINAL COMPREHENSIVE RESULTS WITH TOP-1 METRICS
==========================================================================================
📊 Binary Classification Metrics (Original):
  AUC: 0.9805
  AUPR: 0.9774
  F1: 0.9366
  Accuracy: 0.9346
  Recall: 0.9658
  Specificity: 0.9033
  Precision: 0.9093

🎯 CV_type Style Metrics (Enhanced):
  AUC: 0.9805
  AUPR: 0.9774
  F1: 0.9366
  Accuracy: 0.9346
  Recall: 0.9658
  Specificity: 0.9033
  Precision: 0.9093

🏆 Top-1 Metrics (NEW):
  Top-1 Precision: 0.6224
  Top-1 Recall: 0.6409
  Top-1 F1: 0.6311
==========================================================================================
