[CPU] torch.set_num_threads(8), interop=min(4, 8)
Using device: cpu
[INFO] Auto-computed BALANCED class weights (to prevent class collapse):
  Circulation  (  367 samples): 0.780
  Epigenetics  (  157 samples): 1.823
  Target       (  293 samples): 0.977
  Genetics     (  681 samples): 0.420
  [NOTE] Higher weights for minority classes to prevent model from only predicting majority class
[INFO] Using v2.0_495m383D dataset:
  miRNAs: 495
  Diseases: 383
  Expected associations: ~1498
  Types: 4 (Circulation, Epigenetics, Target, Genetics)

================================================================================
Configuration Summary
================================================================================
Dataset: v2.0_495m383D
Data Path: ./
Model: HeterogenousGraphCLAMIR
  - HGT Layers: 2
  - Attention Heads: 4
  - Association Types: 4
  - Inter-view CL: Enabled
    - Weight: 0.3
    - Temperature: 0.5
    - Margin: 0.5

Training:
  - Epochs: 650
  - Learning Rate: 0.0001
  - Dropout: 0.3
  - Weight Decay: 5e-05
  - Focal Loss: Enabled

Evaluation:
  - Cross-Validation Folds: 5
  - Primary Metric: AUPR

Device: cpu
Random Seed: 1234
================================================================================

[SEED] Re-seeded với args.seed = 1234
🚀 Running with comprehensive evaluation including Top-1 metrics...
🎯 Loading dual-view data...
Starting dual-view data preparation with new file format...
Loading all similarity and feature files from v2.0_495m383D...
✅ Loaded disease semantic similarity from D_SSM1.txt: (383, 383)
✅ Loaded miRNA functional similarity from M_FSM.txt: (495, 495)
✅ Loaded multi-type association pairs from ./v2.0_495m383D/multi_all_mirna_disease_pairs_without_negative.csv: (1679, 3)
✅ Created multi-type association matrix: (495, 383)
📊 Multi-type Association Statistics:
   无关联 (No association): 188087 pairs (99.21%)
   循环类型 (Circulation): 367 pairs (0.19%)
   表观遗传学 (Epigenetics): 157 pairs (0.08%)
   靶标类型 (Target): 293 pairs (0.15%)
   遗传学类型 (Genetics): 681 pairs (0.36%)
✅ Created association matrix from CSV: (495, 383)
✅ Loaded disease-gene features from D_SSM2.txt: torch.Size([383, 383])
✅ Loaded miRNA-sequence features from M_GSM.txt: torch.Size([495, 495])
Processing integrated similarity matrices...
Loaded similarity matrices from cache
Processing indices...
Loaded indices from cache (seed=1234)
✅ Dual-view data preparation completed in 0.33 seconds

============================================================
🎯 DUAL-VIEW CONFIGURATION SUMMARY (v2.0_495m383D)
============================================================
miRNA Dual Views:
  📊 View 1 (Sequence): M_GSM.txt torch.Size([495, 495])
  📊 View 2 (Function): M_FSM.txt torch.Size([495, 495])

Disease Dual Views:
  📊 View 1 (Gene): D_SSM2.txt torch.Size([383, 383])
  📊 View 2 (Semantic): D_SSM1.txt torch.Size([383, 383])

Association Matrix: torch.Size([495, 383])
Data source: v2.0_495m383D (495 miRNAs × 383 Diseases)
============================================================
Preloading dual-view data to device...
✅ Loaded disease-gene features to device: torch.Size([383, 383])
✅ Loaded miRNA-sequence features to device: torch.Size([495, 495])
✅ Loaded disease semantic similarity to device: torch.Size([383, 383])
✅ Loaded miRNA functional similarity to device: torch.Size([495, 495])
✅ Dual-view data preloading completed in 0.00 seconds
OptimizedDataset initialized with 5 folds
Using device: cpu
=== Cross Validation Fold 1/5 ===
Using hidden dimensions: [256, 256] with 4 attention heads
优化模型初始化: miRNA数量 = 495, 疾病数量 = 383
   节点维度: 256 → 128
   类型数量: 4
   Temperature: 2.0 (可学习)
   Loss mode: two_head
   loss_mode=two_head
   exist_weight=0.100, type_weight=0.900

✅ SimplifiedMultiTypeAssociationLoss 初始化 (改进版)
   类别权重 (beta=0.99999): ['0.780', '1.822', '0.977', '0.421']
Original positive index shape: torch.Size([1072, 2])
Original negative index shape: torch.Size([135416, 2])
采样后负样本数量: 10720
🎯 Building TRUE DUAL VIEWS from four different sources...
📊 Data sources loaded:
  Disease semantic: torch.Size([383, 383])
  miRNA functional: torch.Size([495, 495])
  Disease-gene: torch.Size([383, 383])
  miRNA-sequence: torch.Size([495, 495])
🧬 Building miRNA dual-view hypergraphs...
  📊 miRNA View 1 (Sequence): torch.Size([495, 878])
  📊 miRNA View 2 (Function): torch.Size([495, 878])
🦠 Building disease dual-view hypergraphs...
  📊 Disease View 1 (Gene): torch.Size([383, 878])
  📊 Disease View 2 (Semantic): torch.Size([383, 878])
✅ Successfully built TRUE DUAL VIEWS:
   🧬 miRNA: Sequence Features (m_ss.xlsx) vs Functional Similarity (mi_fun_sim_2.0.csv)
   🦠 Disease: Gene Features (d_gs.xlsx) vs Semantic Similarity (dis_sem_sim_2.0.csv)

🔧 Epoch 1 梯度检查:
================================================================================

  参数名称                              梯度范数         梯度均值 状态             
  ----------------------------------------------------------------------
  type_relations                0.000025     0.000001 ✅ 正常           
  exist_relation                0.000134     0.000010 ✅ 正常           
  mi_proj_layer0                0.462318     0.001720 ✅ 正常           
  dis_proj_layer0               0.494202     0.001923 ✅ 正常           
================================================================================

Epoch 1, Total Loss: 20.5756, Recover Loss: 1.3431, miRNA CL: 8.9911, Disease CL: 8.4522, Inter-view (est): 4.0254, Recon Loss: 1.4906, Time: 0.99s
[INFO] Hypergraph updated at epoch 5
[INFO] Hypergraph updated at epoch 10
[INFO] Hypergraph updated at epoch 15
[INFO] Hypergraph updated at epoch 20
[INFO] Hypergraph updated at epoch 25
[INFO] Hypergraph updated at epoch 30
[INFO] Hypergraph updated at epoch 35
[INFO] Hypergraph updated at epoch 40
[INFO] Hypergraph updated at epoch 45
[INFO] Hypergraph updated at epoch 50

🔧 Epoch 50 梯度检查:
================================================================================

  参数名称                              梯度范数         梯度均值 状态             
  ----------------------------------------------------------------------
  type_relations                0.000017     0.000000 ✅ 正常           
  exist_relation                0.000129     0.000009 ✅ 正常           
  mi_proj_layer0                0.138635     0.000536 ✅ 正常           
  dis_proj_layer0               0.131411     0.000507 ✅ 正常           
================================================================================

Epoch 50, Total Loss: 17.1929, Recover Loss: 1.1800, miRNA CL: 7.9890, Disease CL: 7.6533, Inter-view (est): 3.6098, Recon Loss: 0.0861, Time: 157.75s
[INFO] Hypergraph updated at epoch 100

🔧 Epoch 100 梯度检查:
================================================================================

  参数名称                              梯度范数         梯度均值 状态             
  ----------------------------------------------------------------------
  type_relations                0.000010     0.000000 ✅ 正常           
  exist_relation                0.000123     0.000008 ✅ 正常           
  mi_proj_layer0                0.118792     0.000462 ✅ 正常           
  dis_proj_layer0               0.145267     0.000542 ✅ 正常           
================================================================================

Epoch 100, Total Loss: 15.9361, Recover Loss: 1.0932, miRNA CL: 7.6925, Disease CL: 6.8482, Inter-view (est): 3.3556, Recon Loss: 0.0306, Time: 205.93s
[INFO] Hypergraph updated at epoch 150

🔧 Epoch 150 梯度检查:
================================================================================

  参数名称                              梯度范数         梯度均值 状态             
  ----------------------------------------------------------------------
  type_relations                0.000006     0.000000 ✅ 正常           
  exist_relation                0.000118     0.000008 ✅ 正常           
  mi_proj_layer0                0.085505     0.000349 ✅ 正常           
  dis_proj_layer0               0.108829     0.000435 ✅ 正常           
================================================================================

Epoch 150, Total Loss: 15.1687, Recover Loss: 1.0242, miRNA CL: 7.3970, Disease CL: 6.4551, Inter-view (est): 3.1966, Recon Loss: 0.0293, Time: 249.93s
[INFO] Hypergraph updated at epoch 200

🔧 Epoch 200 梯度检查:
================================================================================

  参数名称                              梯度范数         梯度均值 状态             
  ----------------------------------------------------------------------
  type_relations                0.000004     0.000000 ✅ 正常           
  exist_relation                0.000114     0.000008 ✅ 正常           
  mi_proj_layer0                0.084006     0.000352 ✅ 正常           
  dis_proj_layer0               0.090686     0.000373 ✅ 正常           
================================================================================

Epoch 200, Total Loss: 14.7789, Recover Loss: 0.9933, miRNA CL: 7.1589, Disease CL: 6.3406, Inter-view (est): 3.1153, Recon Loss: 0.0283, Time: 290.79s
[INFO] Hypergraph updated at epoch 250

🔧 Epoch 250 梯度检查:
================================================================================

  参数名称                              梯度范数         梯度均值 状态             
  ----------------------------------------------------------------------
  type_relations                0.000003     0.000000 ✅ 正常           
  exist_relation                0.000112     0.000007 ✅ 正常           
  mi_proj_layer0                0.087818     0.000362 ✅ 正常           
  dis_proj_layer0               0.092801     0.000385 ✅ 正常           
================================================================================

Epoch 250, Total Loss: 14.5957, Recover Loss: 0.9726, miRNA CL: 7.0524, Disease CL: 6.2878, Inter-view (est): 3.0785, Recon Loss: 0.0281, Time: 331.37s
[INFO] Hypergraph updated at epoch 300

🔧 Epoch 300 梯度检查:
================================================================================

  参数名称                              梯度范数         梯度均值 状态             
  ----------------------------------------------------------------------
  type_relations                0.000003     0.000000 ✅ 正常           
  exist_relation                0.000110     0.000007 ✅ 正常           
  mi_proj_layer0                0.077600     0.000324 ✅ 正常           
  dis_proj_layer0               0.080528     0.000337 ✅ 正常           
================================================================================

Epoch 300, Total Loss: 14.4499, Recover Loss: 0.9522, miRNA CL: 6.9684, Disease CL: 6.2492, Inter-view (est): 3.0502, Recon Loss: 0.0278, Time: 374.55s
[INFO] Hypergraph updated at epoch 350

🔧 Epoch 350 梯度检查:
================================================================================

  参数名称                              梯度范数         梯度均值 状态             
  ----------------------------------------------------------------------
  type_relations                0.000002     0.000000 ✅ 正常           
  exist_relation                0.000108     0.000007 ✅ 正常           
  mi_proj_layer0                0.083215     0.000350 ✅ 正常           
  dis_proj_layer0               0.077194     0.000321 ✅ 正常           
================================================================================

Epoch 350, Total Loss: 14.3367, Recover Loss: 0.9392, miRNA CL: 6.8971, Disease CL: 6.2224, Inter-view (est): 3.0276, Recon Loss: 0.0275, Time: 417.38s
[INFO] Hypergraph updated at epoch 400

🔧 Epoch 400 梯度检查:
================================================================================

  参数名称                              梯度范数         梯度均值 状态             
  ----------------------------------------------------------------------
  type_relations                0.000002     0.000000 ✅ 正常           
  exist_relation                0.000107     0.000007 ✅ 正常           
  mi_proj_layer0                0.076782     0.000326 ✅ 正常           
  dis_proj_layer0               0.079244     0.000332 ✅ 正常           
================================================================================

Epoch 400, Total Loss: 14.2447, Recover Loss: 0.9283, miRNA CL: 6.8364, Disease CL: 6.2041, Inter-view (est): 3.0093, Recon Loss: 0.0268, Time: 462.16s
[INFO] Hypergraph updated at epoch 450

🔧 Epoch 450 梯度检查:
================================================================================

  参数名称                              梯度范数         梯度均值 状态             
  ----------------------------------------------------------------------
  type_relations                0.000002     0.000000 ✅ 正常           
  exist_relation                0.000106     0.000007 ✅ 正常           
  mi_proj_layer0                0.074268     0.000311 ✅ 正常           
  dis_proj_layer0               0.075390     0.000313 ✅ 正常           
================================================================================

Epoch 450, Total Loss: 14.1749, Recover Loss: 0.9286, miRNA CL: 6.7798, Disease CL: 6.1913, Inter-view (est): 2.9933, Recon Loss: 0.0271, Time: 508.49s
[INFO] Hypergraph updated at epoch 500

🔧 Epoch 500 梯度检查:
================================================================================

  参数名称                              梯度范数         梯度均值 状态             
  ----------------------------------------------------------------------
  type_relations                0.000002     0.000000 ✅ 正常           
  exist_relation                0.000105     0.000007 ✅ 正常           
  mi_proj_layer0                0.073182     0.000313 ✅ 正常           
  dis_proj_layer0               0.077071     0.000321 ✅ 正常           
================================================================================

Epoch 500, Total Loss: 14.1183, Recover Loss: 0.9233, miRNA CL: 6.7412, Disease CL: 6.1801, Inter-view (est): 2.9819, Recon Loss: 0.0264, Time: 552.34s
[INFO] Hypergraph updated at epoch 550

🔧 Epoch 550 梯度检查:
================================================================================

  参数名称                              梯度范数         梯度均值 状态             
  ----------------------------------------------------------------------
  type_relations                0.000001     0.000000 ✅ 正常           
  exist_relation                0.000104     0.000007 ✅ 正常           
  mi_proj_layer0                0.074715     0.000316 ✅ 正常           
  dis_proj_layer0               0.070722     0.000294 ✅ 正常           
================================================================================

Epoch 550, Total Loss: 14.0729, Recover Loss: 0.9184, miRNA CL: 6.7112, Disease CL: 6.1703, Inter-view (est): 2.9727, Recon Loss: 0.0267, Time: 593.86s
[INFO] Hypergraph updated at epoch 600

🔧 Epoch 600 梯度检查:
================================================================================

  参数名称                              梯度范数         梯度均值 状态             
  ----------------------------------------------------------------------
  type_relations                0.000001     0.000000 ✅ 正常           
  exist_relation                0.000103     0.000007 ✅ 正常           
  mi_proj_layer0                0.076917     0.000323 ✅ 正常           
  dis_proj_layer0               0.086270     0.000351 ✅ 正常           
================================================================================

Epoch 600, Total Loss: 14.0402, Recover Loss: 0.9202, miRNA CL: 6.6880, Disease CL: 6.1606, Inter-view (est): 2.9651, Recon Loss: 0.0258, Time: 635.60s
[INFO] Hypergraph updated at epoch 650

🔧 Epoch 650 梯度检查:
================================================================================

  参数名称                              梯度范数         梯度均值 状态             
  ----------------------------------------------------------------------
  type_relations                0.000001     0.000000 ✅ 正常           
  exist_relation                0.000102     0.000006 ✅ 正常           
  mi_proj_layer0                0.064350     0.000268 ✅ 正常           
  dis_proj_layer0               0.062085     0.000260 ✅ 正常           
================================================================================

Epoch 650, Total Loss: 13.9995, Recover Loss: 0.9104, miRNA CL: 6.6669, Disease CL: 6.1509, Inter-view (est): 2.9580, Recon Loss: 0.0266, Time: 677.50s

================================================================================
Training completed. Running final test...
================================================================================
Fold 1 completed - AUC: 0.9794, Top-1 F1: 0.6362
Fold 1 training time: 678.85 seconds
=== Cross Validation Fold 2/5 ===
Using hidden dimensions: [256, 256] with 4 attention heads
优化模型初始化: miRNA数量 = 495, 疾病数量 = 383
   节点维度: 256 → 128
   类型数量: 4
   Temperature: 2.0 (可学习)
   Loss mode: two_head
   loss_mode=two_head
   exist_weight=0.100, type_weight=0.900

✅ SimplifiedMultiTypeAssociationLoss 初始化 (改进版)
   类别权重 (beta=0.99999): ['0.780', '1.822', '0.977', '0.421']
Original positive index shape: torch.Size([1072, 2])
Original negative index shape: torch.Size([135416, 2])
采样后负样本数量: 10720
🎯 Building TRUE DUAL VIEWS from four different sources...
📊 Data sources loaded:
  Disease semantic: torch.Size([383, 383])
  miRNA functional: torch.Size([495, 495])
  Disease-gene: torch.Size([383, 383])
  miRNA-sequence: torch.Size([495, 495])
🧬 Building miRNA dual-view hypergraphs...
  📊 miRNA View 1 (Sequence): torch.Size([495, 878])
  📊 miRNA View 2 (Function): torch.Size([495, 878])
🦠 Building disease dual-view hypergraphs...
  📊 Disease View 1 (Gene): torch.Size([383, 878])
  📊 Disease View 2 (Semantic): torch.Size([383, 878])
✅ Successfully built TRUE DUAL VIEWS:
   🧬 miRNA: Sequence Features (m_ss.xlsx) vs Functional Similarity (mi_fun_sim_2.0.csv)
   🦠 Disease: Gene Features (d_gs.xlsx) vs Semantic Similarity (dis_sem_sim_2.0.csv)

🔧 Epoch 1 梯度检查:
================================================================================

  参数名称                              梯度范数         梯度均值 状态             
  ----------------------------------------------------------------------
  type_relations                0.000025     0.000001 ✅ 正常           
  exist_relation                0.000155     0.000011 ✅ 正常           
  mi_proj_layer0                0.264445     0.001015 ✅ 正常           
  dis_proj_layer0               0.277694     0.001104 ✅ 正常           
================================================================================

Epoch 1, Total Loss: 20.5153, Recover Loss: 1.3181, miRNA CL: 8.9235, Disease CL: 8.4136, Inter-view (est): 4.0009, Recon Loss: 1.5614, Time: 0.82s
[INFO] Hypergraph updated at epoch 5
[INFO] Hypergraph updated at epoch 10
[INFO] Hypergraph updated at epoch 15
[INFO] Hypergraph updated at epoch 20
[INFO] Hypergraph updated at epoch 25
[INFO] Hypergraph updated at epoch 30
[INFO] Hypergraph updated at epoch 35
[INFO] Hypergraph updated at epoch 40
[INFO] Hypergraph updated at epoch 45
[INFO] Hypergraph updated at epoch 50

🔧 Epoch 50 梯度检查:
================================================================================

  参数名称                              梯度范数         梯度均值 状态             
  ----------------------------------------------------------------------
  type_relations                0.000017     0.000001 ✅ 正常           
  exist_relation                0.000150     0.000011 ✅ 正常           
  mi_proj_layer0                0.143578     0.000525 ✅ 正常           
  dis_proj_layer0               0.140650     0.000534 ✅ 正常           
================================================================================

Epoch 50, Total Loss: 17.2731, Recover Loss: 1.1746, miRNA CL: 7.9956, Disease CL: 7.6740, Inter-view (est): 3.6161, Recon Loss: 0.1440, Time: 171.72s
[INFO] Hypergraph updated at epoch 100

🔧 Epoch 100 梯度检查:
================================================================================

  参数名称                              梯度范数         梯度均值 状态             
  ----------------------------------------------------------------------
  type_relations                0.000010     0.000000 ✅ 正常           
  exist_relation                0.000144     0.000010 ✅ 正常           
  mi_proj_layer0                0.126927     0.000482 ✅ 正常           
  dis_proj_layer0               0.189574     0.000689 ✅ 正常           
================================================================================

Epoch 100, Total Loss: 15.9749, Recover Loss: 1.0869, miRNA CL: 7.6999, Disease CL: 6.8858, Inter-view (est): 3.3659, Recon Loss: 0.0309, Time: 217.00s
[INFO] Hypergraph updated at epoch 150

🔧 Epoch 150 梯度检查:
================================================================================

  参数名称                              梯度范数         梯度均值 状态             
  ----------------------------------------------------------------------
  type_relations                0.000006     0.000000 ✅ 正常           
  exist_relation                0.000139     0.000009 ✅ 正常           
  mi_proj_layer0                0.100695     0.000413 ✅ 正常           
  dis_proj_layer0               0.125579     0.000507 ✅ 正常           
================================================================================

Epoch 150, Total Loss: 15.2445, Recover Loss: 1.0341, miRNA CL: 7.4126, Disease CL: 6.5061, Inter-view (est): 3.2120, Recon Loss: 0.0293, Time: 256.82s
[INFO] Hypergraph updated at epoch 200

🔧 Epoch 200 梯度检查:
================================================================================

  参数名称                              梯度范数         梯度均值 状态             
  ----------------------------------------------------------------------
  type_relations                0.000004     0.000000 ✅ 正常           
  exist_relation                0.000135     0.000009 ✅ 正常           
  mi_proj_layer0                0.095991     0.000401 ✅ 正常           
  dis_proj_layer0               0.109978     0.000444 ✅ 正常           
================================================================================

Epoch 200, Total Loss: 14.8090, Recover Loss: 0.9942, miRNA CL: 7.1602, Disease CL: 6.3685, Inter-view (est): 3.1220, Recon Loss: 0.0292, Time: 300.51s
[INFO] Hypergraph updated at epoch 250

🔧 Epoch 250 梯度检查:
================================================================================

  参数名称                              梯度范数         梯度均值 状态             
  ----------------------------------------------------------------------
  type_relations                0.000003     0.000000 ✅ 正常           
  exist_relation                0.000131     0.000009 ✅ 正常           
  mi_proj_layer0                0.093720     0.000376 ✅ 正常           
  dis_proj_layer0               0.094015     0.000386 ✅ 正常           
================================================================================

Epoch 250, Total Loss: 14.5719, Recover Loss: 0.9596, miRNA CL: 7.0302, Disease CL: 6.3017, Inter-view (est): 3.0766, Recon Loss: 0.0279, Time: 342.99s
[INFO] Hypergraph updated at epoch 300

🔧 Epoch 300 梯度检查:
================================================================================

  参数名称                              梯度范数         梯度均值 状态             
  ----------------------------------------------------------------------
  type_relations                0.000002     0.000000 ✅ 正常           
  exist_relation                0.000128     0.000008 ✅ 正常           
  mi_proj_layer0                0.079463     0.000329 ✅ 正常           
  dis_proj_layer0               0.085173     0.000350 ✅ 正常           
================================================================================

Epoch 300, Total Loss: 14.4167, Recover Loss: 0.9425, miRNA CL: 6.9396, Disease CL: 6.2581, Inter-view (est): 3.0456, Recon Loss: 0.0270, Time: 383.80s
[INFO] Hypergraph updated at epoch 350

🔧 Epoch 350 梯度检查:
================================================================================

  参数名称                              梯度范数         梯度均值 状态             
  ----------------------------------------------------------------------
  type_relations                0.000002     0.000000 ✅ 正常           
  exist_relation                0.000126     0.000008 ✅ 正常           
  mi_proj_layer0                0.072369     0.000298 ✅ 正常           
  dis_proj_layer0               0.067038     0.000280 ✅ 正常           
================================================================================

Epoch 350, Total Loss: 14.3105, Recover Loss: 0.9274, miRNA CL: 6.8754, Disease CL: 6.2325, Inter-view (est): 3.0249, Recon Loss: 0.0275, Time: 424.27s
[INFO] Hypergraph updated at epoch 400

🔧 Epoch 400 梯度检查:
================================================================================

  参数名称                              梯度范数         梯度均值 状态             
  ----------------------------------------------------------------------
  type_relations                0.000001     0.000000 ✅ 正常           
  exist_relation                0.000125     0.000008 ✅ 正常           
  mi_proj_layer0                0.069155     0.000292 ✅ 正常           
  dis_proj_layer0               0.076610     0.000316 ✅ 正常           
================================================================================

Epoch 400, Total Loss: 14.2153, Recover Loss: 0.9243, miRNA CL: 6.8081, Disease CL: 6.2100, Inter-view (est): 3.0042, Recon Loss: 0.0265, Time: 465.22s
[INFO] Hypergraph updated at epoch 450

🔧 Epoch 450 梯度检查:
================================================================================

  参数名称                              梯度范数         梯度均值 状态             
  ----------------------------------------------------------------------
  type_relations                0.000001     0.000000 ✅ 正常           
  exist_relation                0.000124     0.000008 ✅ 正常           
  mi_proj_layer0                0.077904     0.000324 ✅ 正常           
  dis_proj_layer0               0.072718     0.000306 ✅ 正常           
================================================================================

Epoch 450, Total Loss: 14.1299, Recover Loss: 0.9200, miRNA CL: 6.7453, Disease CL: 6.1930, Inter-view (est): 2.9858, Recon Loss: 0.0264, Time: 506.65s
[INFO] Hypergraph updated at epoch 500

🔧 Epoch 500 梯度检查:
================================================================================

  参数名称                              梯度范数         梯度均值 状态             
  ----------------------------------------------------------------------
  type_relations                0.000001     0.000000 ✅ 正常           
  exist_relation                0.000123     0.000008 ✅ 正常           
  mi_proj_layer0                0.070014     0.000295 ✅ 正常           
  dis_proj_layer0               0.070130     0.000295 ✅ 正常           
================================================================================

Epoch 500, Total Loss: 14.0926, Recover Loss: 0.9127, miRNA CL: 6.7293, Disease CL: 6.1800, Inter-view (est): 2.9791, Recon Loss: 0.0265, Time: 549.27s
[INFO] Hypergraph updated at epoch 550

🔧 Epoch 550 梯度检查:
================================================================================
  ⚠️ 警告: type_relations梯度几乎为0 (norm=0.00000100)
     → 类型分类器可能没有学习!

  参数名称                              梯度范数         梯度均值 状态             
  ----------------------------------------------------------------------
  type_relations                0.000001     0.000000 ✅ 正常           
  exist_relation                0.000122     0.000008 ✅ 正常           
  mi_proj_layer0                0.071477     0.000292 ✅ 正常           
  dis_proj_layer0               0.081730     0.000341 ✅ 正常           
================================================================================

Epoch 550, Total Loss: 14.0294, Recover Loss: 0.9090, miRNA CL: 6.6820, Disease CL: 6.1690, Inter-view (est): 2.9656, Recon Loss: 0.0260, Time: 599.02s
[INFO] Hypergraph updated at epoch 600

🔧 Epoch 600 梯度检查:
================================================================================
  ⚠️ 警告: type_relations梯度几乎为0 (norm=0.00000091)
     → 类型分类器可能没有学习!

  参数名称                              梯度范数         梯度均值 状态             
  ----------------------------------------------------------------------
  type_relations                0.000001     0.000000 ✅ 正常           
  exist_relation                0.000121     0.000008 ✅ 正常           
  mi_proj_layer0                0.076550     0.000313 ✅ 正常           
  dis_proj_layer0               0.072622     0.000297 ✅ 正常           
================================================================================

Epoch 600, Total Loss: 14.0007, Recover Loss: 0.9063, miRNA CL: 6.6675, Disease CL: 6.1585, Inter-view (est): 2.9599, Recon Loss: 0.0258, Time: 648.71s
[INFO] Hypergraph updated at epoch 650

🔧 Epoch 650 梯度检查:
================================================================================
  ⚠️ 警告: type_relations梯度几乎为0 (norm=0.00000085)
     → 类型分类器可能没有学习!

  参数名称                              梯度范数         梯度均值 状态             
  ----------------------------------------------------------------------
  type_relations                0.000001     0.000000 ✅ 正常           
  exist_relation                0.000120     0.000008 ✅ 正常           
  mi_proj_layer0                0.062184     0.000261 ✅ 正常           
  dis_proj_layer0               0.063569     0.000265 ✅ 正常           
================================================================================

Epoch 650, Total Loss: 13.9672, Recover Loss: 0.8977, miRNA CL: 6.6509, Disease CL: 6.1508, Inter-view (est): 2.9542, Recon Loss: 0.0258, Time: 694.79s

================================================================================
Training completed. Running final test...
================================================================================
Fold 2 completed - AUC: 0.9831, Top-1 F1: 0.6932
Fold 2 training time: 695.90 seconds
=== Cross Validation Fold 3/5 ===
Using hidden dimensions: [256, 256] with 4 attention heads
优化模型初始化: miRNA数量 = 495, 疾病数量 = 383
   节点维度: 256 → 128
   类型数量: 4
   Temperature: 2.0 (可学习)
   Loss mode: two_head
   loss_mode=two_head
   exist_weight=0.100, type_weight=0.900

✅ SimplifiedMultiTypeAssociationLoss 初始化 (改进版)
   类别权重 (beta=0.99999): ['0.780', '1.822', '0.977', '0.421']
Original positive index shape: torch.Size([1072, 2])
Original negative index shape: torch.Size([135416, 2])
采样后负样本数量: 10720
🎯 Building TRUE DUAL VIEWS from four different sources...
📊 Data sources loaded:
  Disease semantic: torch.Size([383, 383])
  miRNA functional: torch.Size([495, 495])
  Disease-gene: torch.Size([383, 383])
  miRNA-sequence: torch.Size([495, 495])
🧬 Building miRNA dual-view hypergraphs...
  📊 miRNA View 1 (Sequence): torch.Size([495, 878])
  📊 miRNA View 2 (Function): torch.Size([495, 878])
🦠 Building disease dual-view hypergraphs...
  📊 Disease View 1 (Gene): torch.Size([383, 878])
  📊 Disease View 2 (Semantic): torch.Size([383, 878])
✅ Successfully built TRUE DUAL VIEWS:
   🧬 miRNA: Sequence Features (m_ss.xlsx) vs Functional Similarity (mi_fun_sim_2.0.csv)
   🦠 Disease: Gene Features (d_gs.xlsx) vs Semantic Similarity (dis_sem_sim_2.0.csv)

🔧 Epoch 1 梯度检查:
================================================================================

  参数名称                              梯度范数         梯度均值 状态             
  ----------------------------------------------------------------------
  type_relations                0.000025     0.000001 ✅ 正常           
  exist_relation                0.000145     0.000010 ✅ 正常           
  mi_proj_layer0                0.396733     0.001473 ✅ 正常           
  dis_proj_layer0               0.420201     0.001603 ✅ 正常           
================================================================================

Epoch 1, Total Loss: 20.4162, Recover Loss: 1.3233, miRNA CL: 8.8764, Disease CL: 8.4300, Inter-view (est): 3.9938, Recon Loss: 1.4880, Time: 0.92s
[INFO] Hypergraph updated at epoch 5
[INFO] Hypergraph updated at epoch 10
[INFO] Hypergraph updated at epoch 15
[INFO] Hypergraph updated at epoch 20
[INFO] Hypergraph updated at epoch 25
[INFO] Hypergraph updated at epoch 30
[INFO] Hypergraph updated at epoch 35
[INFO] Hypergraph updated at epoch 40
[INFO] Hypergraph updated at epoch 45
[INFO] Hypergraph updated at epoch 50

🔧 Epoch 50 梯度检查:
================================================================================

  参数名称                              梯度范数         梯度均值 状态             
  ----------------------------------------------------------------------
  type_relations                0.000017     0.000000 ✅ 正常           
  exist_relation                0.000140     0.000010 ✅ 正常           
  mi_proj_layer0                0.173216     0.000637 ✅ 正常           
  dis_proj_layer0               0.138697     0.000524 ✅ 正常           
================================================================================

Epoch 50, Total Loss: 17.2012, Recover Loss: 1.1723, miRNA CL: 7.9620, Disease CL: 7.6853, Inter-view (est): 3.6109, Recon Loss: 0.0972, Time: 151.85s
[INFO] Hypergraph updated at epoch 100

🔧 Epoch 100 梯度检查:
================================================================================

  参数名称                              梯度范数         梯度均值 状态             
  ----------------------------------------------------------------------
  type_relations                0.000010     0.000000 ✅ 正常           
  exist_relation                0.000134     0.000009 ✅ 正常           
  mi_proj_layer0                0.101834     0.000392 ✅ 正常           
  dis_proj_layer0               0.131682     0.000511 ✅ 正常           
================================================================================

Epoch 100, Total Loss: 15.9768, Recover Loss: 1.1008, miRNA CL: 7.6735, Disease CL: 6.9008, Inter-view (est): 3.3633, Recon Loss: 0.0313, Time: 198.85s
[INFO] Hypergraph updated at epoch 150

🔧 Epoch 150 梯度检查:
================================================================================

  参数名称                              梯度范数         梯度均值 状态             
  ----------------------------------------------------------------------
  type_relations                0.000006     0.000000 ✅ 正常           
  exist_relation                0.000129     0.000009 ✅ 正常           
  mi_proj_layer0                0.090836     0.000373 ✅ 正常           
  dis_proj_layer0               0.107151     0.000435 ✅ 正常           
================================================================================

Epoch 150, Total Loss: 15.2061, Recover Loss: 1.0410, miRNA CL: 7.3455, Disease CL: 6.5288, Inter-view (est): 3.2018, Recon Loss: 0.0299, Time: 241.34s
[INFO] Hypergraph updated at epoch 200

🔧 Epoch 200 梯度检查:
================================================================================

  参数名称                              梯度范数         梯度均值 状态             
  ----------------------------------------------------------------------
  type_relations                0.000004     0.000000 ✅ 正常           
  exist_relation                0.000125     0.000008 ✅ 正常           
  mi_proj_layer0                0.128260     0.000513 ✅ 正常           
  dis_proj_layer0               0.109898     0.000438 ✅ 正常           
================================================================================

Epoch 200, Total Loss: 14.7933, Recover Loss: 1.0045, miRNA CL: 7.1205, Disease CL: 6.3841, Inter-view (est): 3.1164, Recon Loss: 0.0295, Time: 285.63s
[INFO] Hypergraph updated at epoch 250

🔧 Epoch 250 梯度检查:
================================================================================

  参数名称                              梯度范数         梯度均值 状态             
  ----------------------------------------------------------------------
  type_relations                0.000003     0.000000 ✅ 正常           
  exist_relation                0.000121     0.000008 ✅ 正常           
  mi_proj_layer0                0.090394     0.000373 ✅ 正常           
  dis_proj_layer0               0.097767     0.000402 ✅ 正常           
================================================================================

Epoch 250, Total Loss: 14.5753, Recover Loss: 0.9726, miRNA CL: 7.0115, Disease CL: 6.3123, Inter-view (est): 3.0747, Recon Loss: 0.0283, Time: 329.74s
[INFO] Hypergraph updated at epoch 300

🔧 Epoch 300 梯度检查:
================================================================================

  参数名称                              梯度范数         梯度均值 状态             
  ----------------------------------------------------------------------
  type_relations                0.000002     0.000000 ✅ 正常           
  exist_relation                0.000119     0.000008 ✅ 正常           
  mi_proj_layer0                0.082523     0.000340 ✅ 正常           
  dis_proj_layer0               0.092699     0.000380 ✅ 正常           
================================================================================

Epoch 300, Total Loss: 14.4165, Recover Loss: 0.9525, miRNA CL: 6.9275, Disease CL: 6.2622, Inter-view (est): 3.0438, Recon Loss: 0.0267, Time: 375.13s
[INFO] Hypergraph updated at epoch 350

🔧 Epoch 350 梯度检查:
================================================================================

  参数名称                              梯度范数         梯度均值 状态             
  ----------------------------------------------------------------------
  type_relations                0.000002     0.000000 ✅ 正常           
  exist_relation                0.000117     0.000007 ✅ 正常           
  mi_proj_layer0                0.085056     0.000350 ✅ 正常           
  dis_proj_layer0               0.106993     0.000410 ✅ 正常           
================================================================================

Epoch 350, Total Loss: 14.2759, Recover Loss: 0.9356, miRNA CL: 6.8439, Disease CL: 6.2242, Inter-view (est): 3.0157, Recon Loss: 0.0270, Time: 421.44s
[INFO] Hypergraph updated at epoch 400

🔧 Epoch 400 梯度检查:
================================================================================

  参数名称                              梯度范数         梯度均值 状态             
  ----------------------------------------------------------------------
  type_relations                0.000002     0.000000 ✅ 正常           
  exist_relation                0.000115     0.000007 ✅ 正常           
  mi_proj_layer0                0.100821     0.000422 ✅ 正常           
  dis_proj_layer0               0.106595     0.000435 ✅ 正常           
================================================================================

Epoch 400, Total Loss: 14.1899, Recover Loss: 0.9335, miRNA CL: 6.7824, Disease CL: 6.2037, Inter-view (est): 2.9968, Recon Loss: 0.0266, Time: 466.41s
[INFO] Hypergraph updated at epoch 450

🔧 Epoch 450 梯度检查:
================================================================================

  参数名称                              梯度范数         梯度均值 状态             
  ----------------------------------------------------------------------
  type_relations                0.000002     0.000000 ✅ 正常           
  exist_relation                0.000114     0.000007 ✅ 正常           
  mi_proj_layer0                0.069066     0.000289 ✅ 正常           
  dis_proj_layer0               0.095071     0.000381 ✅ 正常           
================================================================================

Epoch 450, Total Loss: 14.1123, Recover Loss: 0.9216, miRNA CL: 6.7322, Disease CL: 6.1891, Inter-view (est): 2.9818, Recon Loss: 0.0267, Time: 510.38s
[INFO] Hypergraph updated at epoch 500

🔧 Epoch 500 梯度检查:
================================================================================

  参数名称                              梯度范数         梯度均值 状态             
  ----------------------------------------------------------------------
  type_relations                0.000001     0.000000 ✅ 正常           
  exist_relation                0.000113     0.000007 ✅ 正常           
  mi_proj_layer0                0.069348     0.000292 ✅ 正常           
  dis_proj_layer0               0.082138     0.000336 ✅ 正常           
================================================================================

Epoch 500, Total Loss: 14.0769, Recover Loss: 0.9221, miRNA CL: 6.7098, Disease CL: 6.1768, Inter-view (est): 2.9738, Recon Loss: 0.0264, Time: 553.49s
[INFO] Hypergraph updated at epoch 550

🔧 Epoch 550 梯度检查:
================================================================================

  参数名称                              梯度范数         梯度均值 状态             
  ----------------------------------------------------------------------
  type_relations                0.000001     0.000000 ✅ 正常           
  exist_relation                0.000112     0.000007 ✅ 正常           
  mi_proj_layer0                0.059985     0.000252 ✅ 正常           
  dis_proj_layer0               0.063809     0.000266 ✅ 正常           
================================================================================

Epoch 550, Total Loss: 14.0286, Recover Loss: 0.9102, miRNA CL: 6.6838, Disease CL: 6.1670, Inter-view (est): 2.9656, Recon Loss: 0.0265, Time: 597.93s
[INFO] Hypergraph updated at epoch 600

🔧 Epoch 600 梯度检查:
================================================================================

  参数名称                              梯度范数         梯度均值 状态             
  ----------------------------------------------------------------------
  type_relations                0.000001     0.000000 ✅ 正常           
  exist_relation                0.000111     0.000007 ✅ 正常           
  mi_proj_layer0                0.070249     0.000296 ✅ 正常           
  dis_proj_layer0               0.083678     0.000341 ✅ 正常           
================================================================================

Epoch 600, Total Loss: 13.9984, Recover Loss: 0.9109, miRNA CL: 6.6640, Disease CL: 6.1576, Inter-view (est): 2.9588, Recon Loss: 0.0256, Time: 642.42s
[INFO] Hypergraph updated at epoch 650

🔧 Epoch 650 梯度检查:
================================================================================

  参数名称                              梯度范数         梯度均值 状态             
  ----------------------------------------------------------------------
  type_relations                0.000001     0.000000 ✅ 正常           
  exist_relation                0.000111     0.000007 ✅ 正常           
  mi_proj_layer0                0.070647     0.000292 ✅ 正常           
  dis_proj_layer0               0.071622     0.000296 ✅ 正常           
================================================================================

Epoch 650, Total Loss: 13.9683, Recover Loss: 0.9061, miRNA CL: 6.6484, Disease CL: 6.1482, Inter-view (est): 2.9531, Recon Loss: 0.0260, Time: 687.65s

================================================================================
Training completed. Running final test...
================================================================================
Fold 3 completed - AUC: 0.9807, Top-1 F1: 0.6229
Fold 3 training time: 688.65 seconds
=== Cross Validation Fold 4/5 ===
Using hidden dimensions: [256, 256] with 4 attention heads
优化模型初始化: miRNA数量 = 495, 疾病数量 = 383
   节点维度: 256 → 128
   类型数量: 4
   Temperature: 2.0 (可学习)
   Loss mode: two_head
   loss_mode=two_head
   exist_weight=0.100, type_weight=0.900

✅ SimplifiedMultiTypeAssociationLoss 初始化 (改进版)
   类别权重 (beta=0.99999): ['0.780', '1.822', '0.977', '0.421']
Original positive index shape: torch.Size([1072, 2])
Original negative index shape: torch.Size([135416, 2])
采样后负样本数量: 10720
🎯 Building TRUE DUAL VIEWS from four different sources...
📊 Data sources loaded:
  Disease semantic: torch.Size([383, 383])
  miRNA functional: torch.Size([495, 495])
  Disease-gene: torch.Size([383, 383])
  miRNA-sequence: torch.Size([495, 495])
🧬 Building miRNA dual-view hypergraphs...
  📊 miRNA View 1 (Sequence): torch.Size([495, 878])
  📊 miRNA View 2 (Function): torch.Size([495, 878])
🦠 Building disease dual-view hypergraphs...
  📊 Disease View 1 (Gene): torch.Size([383, 878])
  📊 Disease View 2 (Semantic): torch.Size([383, 878])
✅ Successfully built TRUE DUAL VIEWS:
   🧬 miRNA: Sequence Features (m_ss.xlsx) vs Functional Similarity (mi_fun_sim_2.0.csv)
   🦠 Disease: Gene Features (d_gs.xlsx) vs Semantic Similarity (dis_sem_sim_2.0.csv)

🔧 Epoch 1 梯度检查:
================================================================================

  参数名称                              梯度范数         梯度均值 状态             
  ----------------------------------------------------------------------
  type_relations                0.000025     0.000001 ✅ 正常           
  exist_relation                0.000133     0.000010 ✅ 正常           
  mi_proj_layer0                0.434219     0.001579 ✅ 正常           
  dis_proj_layer0               0.416799     0.001565 ✅ 正常           
================================================================================

Epoch 1, Total Loss: 20.5512, Recover Loss: 1.3344, miRNA CL: 8.9631, Disease CL: 8.4383, Inter-view (est): 4.0157, Recon Loss: 1.5165, Time: 1.17s
[INFO] Hypergraph updated at epoch 5
[INFO] Hypergraph updated at epoch 10
[INFO] Hypergraph updated at epoch 15
[INFO] Hypergraph updated at epoch 20
[INFO] Hypergraph updated at epoch 25
[INFO] Hypergraph updated at epoch 30
[INFO] Hypergraph updated at epoch 35
[INFO] Hypergraph updated at epoch 40
[INFO] Hypergraph updated at epoch 45
[INFO] Hypergraph updated at epoch 50

🔧 Epoch 50 梯度检查:
================================================================================

  参数名称                              梯度范数         梯度均值 状态             
  ----------------------------------------------------------------------
  type_relations                0.000017     0.000000 ✅ 正常           
  exist_relation                0.000128     0.000009 ✅ 正常           
  mi_proj_layer0                0.147842     0.000560 ✅ 正常           
  dis_proj_layer0               0.134463     0.000517 ✅ 正常           
================================================================================

Epoch 50, Total Loss: 17.2667, Recover Loss: 1.1708, miRNA CL: 7.9784, Disease CL: 7.6806, Inter-view (est): 3.6136, Recon Loss: 0.1519, Time: 158.60s
[INFO] Hypergraph updated at epoch 100

🔧 Epoch 100 梯度检查:
================================================================================

  参数名称                              梯度范数         梯度均值 状态             
  ----------------------------------------------------------------------
  type_relations                0.000010     0.000000 ✅ 正常           
  exist_relation                0.000122     0.000009 ✅ 正常           
  mi_proj_layer0                0.110553     0.000448 ✅ 正常           
  dis_proj_layer0               0.155455     0.000577 ✅ 正常           
================================================================================

Epoch 100, Total Loss: 16.0146, Recover Loss: 1.0995, miRNA CL: 7.6816, Disease CL: 6.9282, Inter-view (est): 3.3715, Recon Loss: 0.0331, Time: 208.53s
[INFO] Hypergraph updated at epoch 150

🔧 Epoch 150 梯度检查:
================================================================================

  参数名称                              梯度范数         梯度均值 状态             
  ----------------------------------------------------------------------
  type_relations                0.000006     0.000000 ✅ 正常           
  exist_relation                0.000117     0.000008 ✅ 正常           
  mi_proj_layer0                0.083290     0.000346 ✅ 正常           
  dis_proj_layer0               0.112224     0.000451 ✅ 正常           
================================================================================

Epoch 150, Total Loss: 15.2117, Recover Loss: 1.0172, miRNA CL: 7.3553, Disease CL: 6.5438, Inter-view (est): 3.2075, Recon Loss: 0.0313, Time: 253.76s
[INFO] Hypergraph updated at epoch 200

🔧 Epoch 200 梯度检查:
================================================================================

  参数名称                              梯度范数         梯度均值 状态             
  ----------------------------------------------------------------------
  type_relations                0.000004     0.000000 ✅ 正常           
  exist_relation                0.000113     0.000008 ✅ 正常           
  mi_proj_layer0                0.073836     0.000306 ✅ 正常           
  dis_proj_layer0               0.091499     0.000377 ✅ 正常           
================================================================================

Epoch 200, Total Loss: 14.8209, Recover Loss: 0.9837, miRNA CL: 7.1509, Disease CL: 6.3971, Inter-view (est): 3.1265, Recon Loss: 0.0304, Time: 297.20s
[INFO] Hypergraph updated at epoch 250

🔧 Epoch 250 梯度检查:
================================================================================

  参数名称                              梯度范数         梯度均值 状态             
  ----------------------------------------------------------------------
  type_relations                0.000003     0.000000 ✅ 正常           
  exist_relation                0.000109     0.000007 ✅ 正常           
  mi_proj_layer0                0.077288     0.000318 ✅ 正常           
  dis_proj_layer0               0.099203     0.000396 ✅ 正常           
================================================================================

Epoch 250, Total Loss: 14.6012, Recover Loss: 0.9567, miRNA CL: 7.0336, Disease CL: 6.3277, Inter-view (est): 3.0834, Recon Loss: 0.0284, Time: 339.25s
[INFO] Hypergraph updated at epoch 300

🔧 Epoch 300 梯度检查:
================================================================================

  参数名称                              梯度范数         梯度均值 状态             
  ----------------------------------------------------------------------
  type_relations                0.000002     0.000000 ✅ 正常           
  exist_relation                0.000107     0.000007 ✅ 正常           
  mi_proj_layer0                0.070219     0.000294 ✅ 正常           
  dis_proj_layer0               0.084735     0.000351 ✅ 正常           
================================================================================

Epoch 300, Total Loss: 14.4483, Recover Loss: 0.9379, miRNA CL: 6.9511, Disease CL: 6.2791, Inter-view (est): 3.0531, Recon Loss: 0.0281, Time: 381.46s
[INFO] Hypergraph updated at epoch 350

🔧 Epoch 350 梯度检查:
================================================================================

  参数名称                              梯度范数         梯度均值 状态             
  ----------------------------------------------------------------------
  type_relations                0.000002     0.000000 ✅ 正常           
  exist_relation                0.000105     0.000007 ✅ 正常           
  mi_proj_layer0                0.066613     0.000279 ✅ 正常           
  dis_proj_layer0               0.083487     0.000347 ✅ 正常           
================================================================================

Epoch 350, Total Loss: 14.3505, Recover Loss: 0.9317, miRNA CL: 6.8921, Disease CL: 6.2488, Inter-view (est): 3.0325, Recon Loss: 0.0275, Time: 424.65s
[INFO] Hypergraph updated at epoch 400

🔧 Epoch 400 梯度检查:
================================================================================

  参数名称                              梯度范数         梯度均值 状态             
  ----------------------------------------------------------------------
  type_relations                0.000002     0.000000 ✅ 正常           
  exist_relation                0.000103     0.000007 ✅ 正常           
  mi_proj_layer0                0.084540     0.000350 ✅ 正常           
  dis_proj_layer0               0.090650     0.000377 ✅ 正常           
================================================================================

Epoch 400, Total Loss: 14.2635, Recover Loss: 0.9253, miRNA CL: 6.8337, Disease CL: 6.2284, Inter-view (est): 3.0143, Recon Loss: 0.0270, Time: 468.49s
[INFO] Hypergraph updated at epoch 450

🔧 Epoch 450 梯度检查:
================================================================================

  参数名称                              梯度范数         梯度均值 状态             
  ----------------------------------------------------------------------
  type_relations                0.000002     0.000000 ✅ 正常           
  exist_relation                0.000102     0.000007 ✅ 正常           
  mi_proj_layer0                0.072087     0.000304 ✅ 正常           
  dis_proj_layer0               0.073497     0.000310 ✅ 正常           
================================================================================

Epoch 450, Total Loss: 14.1748, Recover Loss: 0.9204, miRNA CL: 6.7681, Disease CL: 6.2116, Inter-view (est): 2.9953, Recon Loss: 0.0268, Time: 511.68s
[INFO] Hypergraph updated at epoch 500

🔧 Epoch 500 梯度检查:
================================================================================

  参数名称                              梯度范数         梯度均值 状态             
  ----------------------------------------------------------------------
  type_relations                0.000001     0.000000 ✅ 正常           
  exist_relation                0.000101     0.000007 ✅ 正常           
  mi_proj_layer0                0.088110     0.000369 ✅ 正常           
  dis_proj_layer0               0.103861     0.000419 ✅ 正常           
================================================================================

Epoch 500, Total Loss: 14.1146, Recover Loss: 0.9169, miRNA CL: 6.7263, Disease CL: 6.1981, Inter-view (est): 2.9826, Recon Loss: 0.0263, Time: 556.76s
[INFO] Hypergraph updated at epoch 550

🔧 Epoch 550 梯度检查:
================================================================================

  参数名称                              梯度范数         梯度均值 状态             
  ----------------------------------------------------------------------
  type_relations                0.000001     0.000000 ✅ 正常           
  exist_relation                0.000100     0.000007 ✅ 正常           
  mi_proj_layer0                0.081996     0.000335 ✅ 正常           
  dis_proj_layer0               0.071869     0.000304 ✅ 正常           
================================================================================

Epoch 550, Total Loss: 14.0764, Recover Loss: 0.9049, miRNA CL: 6.7128, Disease CL: 6.1859, Inter-view (est): 2.9766, Recon Loss: 0.0267, Time: 598.88s
[INFO] Hypergraph updated at epoch 600

🔧 Epoch 600 梯度检查:
================================================================================

  参数名称                              梯度范数         梯度均值 状态             
  ----------------------------------------------------------------------
  type_relations                0.000001     0.000000 ✅ 正常           
  exist_relation                0.000099     0.000007 ✅ 正常           
  mi_proj_layer0                0.072578     0.000301 ✅ 正常           
  dis_proj_layer0               0.067801     0.000285 ✅ 正常           
================================================================================

Epoch 600, Total Loss: 14.0352, Recover Loss: 0.9052, miRNA CL: 6.6833, Disease CL: 6.1747, Inter-view (est): 2.9672, Recon Loss: 0.0268, Time: 639.40s
[INFO] Hypergraph updated at epoch 650

🔧 Epoch 650 梯度检查:
================================================================================

  参数名称                              梯度范数         梯度均值 状态             
  ----------------------------------------------------------------------
  type_relations                0.000001     0.000000 ✅ 正常           
  exist_relation                0.000098     0.000006 ✅ 正常           
  mi_proj_layer0                0.078743     0.000319 ✅ 正常           
  dis_proj_layer0               0.076046     0.000310 ✅ 正常           
================================================================================

Epoch 650, Total Loss: 13.9960, Recover Loss: 0.8966, miRNA CL: 6.6625, Disease CL: 6.1660, Inter-view (est): 2.9604, Recon Loss: 0.0264, Time: 685.08s

================================================================================
Training completed. Running final test...
================================================================================
Fold 4 completed - AUC: 0.9800, Top-1 F1: 0.6320
Fold 4 training time: 686.27 seconds
=== Cross Validation Fold 5/5 ===
Using hidden dimensions: [256, 256] with 4 attention heads
优化模型初始化: miRNA数量 = 495, 疾病数量 = 383
   节点维度: 256 → 128
   类型数量: 4
   Temperature: 2.0 (可学习)
   Loss mode: two_head
   loss_mode=two_head
   exist_weight=0.100, type_weight=0.900

✅ SimplifiedMultiTypeAssociationLoss 初始化 (改进版)
   类别权重 (beta=0.99999): ['0.780', '1.822', '0.977', '0.421']
Original positive index shape: torch.Size([1072, 2])
Original negative index shape: torch.Size([135416, 2])
采样后负样本数量: 10720
🎯 Building TRUE DUAL VIEWS from four different sources...
📊 Data sources loaded:
  Disease semantic: torch.Size([383, 383])
  miRNA functional: torch.Size([495, 495])
  Disease-gene: torch.Size([383, 383])
  miRNA-sequence: torch.Size([495, 495])
🧬 Building miRNA dual-view hypergraphs...
  📊 miRNA View 1 (Sequence): torch.Size([495, 878])
  📊 miRNA View 2 (Function): torch.Size([495, 878])
🦠 Building disease dual-view hypergraphs...
  📊 Disease View 1 (Gene): torch.Size([383, 878])
  📊 Disease View 2 (Semantic): torch.Size([383, 878])
✅ Successfully built TRUE DUAL VIEWS:
   🧬 miRNA: Sequence Features (m_ss.xlsx) vs Functional Similarity (mi_fun_sim_2.0.csv)
   🦠 Disease: Gene Features (d_gs.xlsx) vs Semantic Similarity (dis_sem_sim_2.0.csv)

🔧 Epoch 1 梯度检查:
================================================================================

  参数名称                              梯度范数         梯度均值 状态             
  ----------------------------------------------------------------------
  type_relations                0.000025     0.000001 ✅ 正常           
  exist_relation                0.000151     0.000011 ✅ 正常           
  mi_proj_layer0                0.286845     0.001074 ✅ 正常           
  dis_proj_layer0               0.316102     0.001224 ✅ 正常           
================================================================================

Epoch 1, Total Loss: 20.7572, Recover Loss: 1.3183, miRNA CL: 9.1753, Disease CL: 8.4459, Inter-view (est): 4.0664, Recon Loss: 1.5191, Time: 0.76s
[INFO] Hypergraph updated at epoch 5
[INFO] Hypergraph updated at epoch 10
[INFO] Hypergraph updated at epoch 15
[INFO] Hypergraph updated at epoch 20
[INFO] Hypergraph updated at epoch 25
[INFO] Hypergraph updated at epoch 30
[INFO] Hypergraph updated at epoch 35
[INFO] Hypergraph updated at epoch 40
[INFO] Hypergraph updated at epoch 45
[INFO] Hypergraph updated at epoch 50

🔧 Epoch 50 梯度检查:
================================================================================

  参数名称                              梯度范数         梯度均值 状态             
  ----------------------------------------------------------------------
  type_relations                0.000017     0.000000 ✅ 正常           
  exist_relation                0.000146     0.000010 ✅ 正常           
  mi_proj_layer0                0.150945     0.000565 ✅ 正常           
  dis_proj_layer0               0.130370     0.000506 ✅ 正常           
================================================================================

Epoch 50, Total Loss: 17.2588, Recover Loss: 1.1597, miRNA CL: 8.0098, Disease CL: 7.7134, Inter-view (est): 3.6284, Recon Loss: 0.0914, Time: 151.28s
[INFO] Hypergraph updated at epoch 100

🔧 Epoch 100 梯度检查:
================================================================================

  参数名称                              梯度范数         梯度均值 状态             
  ----------------------------------------------------------------------
  type_relations                0.000010     0.000000 ✅ 正常           
  exist_relation                0.000140     0.000010 ✅ 正常           
  mi_proj_layer0                0.111733     0.000438 ✅ 正常           
  dis_proj_layer0               0.129513     0.000519 ✅ 正常           
================================================================================

Epoch 100, Total Loss: 16.0619, Recover Loss: 1.0816, miRNA CL: 7.7073, Disease CL: 6.9693, Inter-view (est): 3.3869, Recon Loss: 0.0327, Time: 195.94s
[INFO] Hypergraph updated at epoch 150

🔧 Epoch 150 梯度检查:
================================================================================

  参数名称                              梯度范数         梯度均值 状态             
  ----------------------------------------------------------------------
  type_relations                0.000006     0.000000 ✅ 正常           
  exist_relation                0.000135     0.000009 ✅ 正常           
  mi_proj_layer0                0.085885     0.000355 ✅ 正常           
  dis_proj_layer0               0.122186     0.000474 ✅ 正常           
================================================================================

Epoch 150, Total Loss: 15.2515, Recover Loss: 1.0131, miRNA CL: 7.4185, Disease CL: 6.5269, Inter-view (est): 3.2182, Recon Loss: 0.0308, Time: 236.80s
[INFO] Hypergraph updated at epoch 200

🔧 Epoch 200 梯度检查:
================================================================================

  参数名称                              梯度范数         梯度均值 状态             
  ----------------------------------------------------------------------
  type_relations                0.000004     0.000000 ✅ 正常           
  exist_relation                0.000131     0.000009 ✅ 正常           
  mi_proj_layer0                0.071449     0.000297 ✅ 正常           
  dis_proj_layer0               0.100915     0.000397 ✅ 正常           
================================================================================

Epoch 200, Total Loss: 14.8129, Recover Loss: 0.9803, miRNA CL: 7.1535, Disease CL: 6.3925, Inter-view (est): 3.1260, Recon Loss: 0.0303, Time: 277.50s
[INFO] Hypergraph updated at epoch 250

🔧 Epoch 250 梯度检查:
================================================================================

  参数名称                              梯度范数         梯度均值 状态             
  ----------------------------------------------------------------------
  type_relations                0.000003     0.000000 ✅ 正常           
  exist_relation                0.000128     0.000008 ✅ 正常           
  mi_proj_layer0                0.101610     0.000408 ✅ 正常           
  dis_proj_layer0               0.100727     0.000408 ✅ 正常           
================================================================================

Epoch 250, Total Loss: 14.6113, Recover Loss: 0.9604, miRNA CL: 7.0420, Disease CL: 6.3279, Inter-view (est): 3.0854, Recon Loss: 0.0286, Time: 318.46s
[INFO] Hypergraph updated at epoch 300

🔧 Epoch 300 梯度检查:
================================================================================

  参数名称                              梯度范数         梯度均值 状态             
  ----------------------------------------------------------------------
  type_relations                0.000002     0.000000 ✅ 正常           
  exist_relation                0.000125     0.000008 ✅ 正常           
  mi_proj_layer0                0.077464     0.000322 ✅ 正常           
  dis_proj_layer0               0.069807     0.000290 ✅ 正常           
================================================================================

Epoch 300, Total Loss: 14.4548, Recover Loss: 0.9442, miRNA CL: 6.9500, Disease CL: 6.2833, Inter-view (est): 3.0538, Recon Loss: 0.0279, Time: 360.27s
[INFO] Hypergraph updated at epoch 350

🔧 Epoch 350 梯度检查:
================================================================================

  参数名称                              梯度范数         梯度均值 状态             
  ----------------------------------------------------------------------
  type_relations                0.000002     0.000000 ✅ 正常           
  exist_relation                0.000123     0.000008 ✅ 正常           
  mi_proj_layer0                0.076797     0.000323 ✅ 正常           
  dis_proj_layer0               0.072069     0.000296 ✅ 正常           
================================================================================

Epoch 350, Total Loss: 14.3493, Recover Loss: 0.9364, miRNA CL: 6.8844, Disease CL: 6.2540, Inter-view (est): 3.0319, Recon Loss: 0.0271, Time: 402.07s
[INFO] Hypergraph updated at epoch 400

🔧 Epoch 400 梯度检查:
================================================================================

  参数名称                              梯度范数         梯度均值 状态             
  ----------------------------------------------------------------------
  type_relations                0.000002     0.000000 ✅ 正常           
  exist_relation                0.000121     0.000008 ✅ 正常           
  mi_proj_layer0                0.088532     0.000362 ✅ 正常           
  dis_proj_layer0               0.094086     0.000383 ✅ 正常           
================================================================================

Epoch 400, Total Loss: 14.2517, Recover Loss: 0.9260, miRNA CL: 6.8190, Disease CL: 6.2330, Inter-view (est): 3.0120, Recon Loss: 0.0278, Time: 445.41s
[INFO] Hypergraph updated at epoch 450

🔧 Epoch 450 梯度检查:
================================================================================

  参数名称                              梯度范数         梯度均值 状态             
  ----------------------------------------------------------------------
  type_relations                0.000001     0.000000 ✅ 正常           
  exist_relation                0.000120     0.000008 ✅ 正常           
  mi_proj_layer0                0.070305     0.000295 ✅ 正常           
  dis_proj_layer0               0.082283     0.000328 ✅ 正常           
================================================================================

Epoch 450, Total Loss: 14.1679, Recover Loss: 0.9167, miRNA CL: 6.7647, Disease CL: 6.2152, Inter-view (est): 2.9954, Recon Loss: 0.0264, Time: 487.21s
[INFO] Hypergraph updated at epoch 500

🔧 Epoch 500 梯度检查:
================================================================================

  参数名称                              梯度范数         梯度均值 状态             
  ----------------------------------------------------------------------
  type_relations                0.000001     0.000000 ✅ 正常           
  exist_relation                0.000119     0.000008 ✅ 正常           
  mi_proj_layer0                0.088038     0.000364 ✅ 正常           
  dis_proj_layer0               0.096118     0.000386 ✅ 正常           
================================================================================

Epoch 500, Total Loss: 14.1053, Recover Loss: 0.9144, miRNA CL: 6.7193, Disease CL: 6.2011, Inter-view (est): 2.9816, Recon Loss: 0.0267, Time: 528.26s
[INFO] Hypergraph updated at epoch 550

🔧 Epoch 550 梯度检查:
================================================================================

  参数名称                              梯度范数         梯度均值 状态             
  ----------------------------------------------------------------------
  type_relations                0.000001     0.000000 ✅ 正常           
  exist_relation                0.000118     0.000007 ✅ 正常           
  mi_proj_layer0                0.075777     0.000319 ✅ 正常           
  dis_proj_layer0               0.078559     0.000324 ✅ 正常           
================================================================================

Epoch 550, Total Loss: 14.0617, Recover Loss: 0.9119, miRNA CL: 6.6925, Disease CL: 6.1882, Inter-view (est): 2.9725, Recon Loss: 0.0260, Time: 569.89s
[INFO] Hypergraph updated at epoch 600

🔧 Epoch 600 梯度检查:
================================================================================

  参数名称                              梯度范数         梯度均值 状态             
  ----------------------------------------------------------------------
  type_relations                0.000001     0.000000 ✅ 正常           
  exist_relation                0.000117     0.000007 ✅ 正常           
  mi_proj_layer0                0.068123     0.000288 ✅ 正常           
  dis_proj_layer0               0.068804     0.000278 ✅ 正常           
================================================================================

Epoch 600, Total Loss: 14.0269, Recover Loss: 0.9036, miRNA CL: 6.6768, Disease CL: 6.1788, Inter-view (est): 2.9667, Recon Loss: 0.0254, Time: 611.04s
[INFO] Hypergraph updated at epoch 650

🔧 Epoch 650 梯度检查:
================================================================================

  参数名称                              梯度范数         梯度均值 状态             
  ----------------------------------------------------------------------
  type_relations                0.000001     0.000000 ✅ 正常           
  exist_relation                0.000116     0.000007 ✅ 正常           
  mi_proj_layer0                0.068116     0.000287 ✅ 正常           
  dis_proj_layer0               0.058204     0.000247 ✅ 正常           
================================================================================

Epoch 650, Total Loss: 13.9964, Recover Loss: 0.9046, miRNA CL: 6.6552, Disease CL: 6.1695, Inter-view (est): 2.9596, Recon Loss: 0.0256, Time: 655.38s

================================================================================
Training completed. Running final test...
================================================================================
Fold 5 completed - AUC: 0.9858, Top-1 F1: 0.6845
Fold 5 training time: 656.54 seconds
Average binary metrics across folds: [[0.98180107 0.98021015 0.93783508 0.93679104 0.95179104 0.92179104
  0.92520026]]
🎯 Average Top-1 metrics across folds: {'top1_precision': 0.6432835820895523, 'top1_recall': np.float64(0.6649579184748313), 'top1_f1': np.float64(0.6537722384001096)}

📊 CV_type Style Metrics Details:
  AUC            : 0.9818
  AUPR           : 0.9802
  F1             : 0.9378
  Accuracy       : 0.9368
  Recall         : 0.9518
  Specificity    : 0.9218
  Precision      : 0.9252

🎯 Top-1 Metrics Details:
  top1_precision : 0.6433
  top1_recall    : 0.6650
  top1_f1        : 0.6538

Total execution time: 3406.56 seconds

==========================================================================================
🎯 FINAL COMPREHENSIVE RESULTS WITH TOP-1 METRICS
==========================================================================================
📊 Binary Classification Metrics (Original):
  AUC: 0.9818
  AUPR: 0.9802
  F1: 0.9378
  Accuracy: 0.9368
  Recall: 0.9518
  Specificity: 0.9218
  Precision: 0.9252

🎯 CV_type Style Metrics (Enhanced):
  AUC: 0.9818
  AUPR: 0.9802
  F1: 0.9378
  Accuracy: 0.9368
  Recall: 0.9518
  Specificity: 0.9218
  Precision: 0.9252

🏆 Top-1 Metrics (NEW):
  Top-1 Precision: 0.6433
  Top-1 Recall: 0.6650
  Top-1 F1: 0.6538
==========================================================================================
