[CPU] torch.set_num_threads(8), interop=min(4, 8)
Using device: cpu
[INFO] Auto-computed BALANCED class weights (to prevent class collapse):
  Circulation  (  367 samples): 0.780
  Epigenetics  (  157 samples): 1.823
  Target       (  293 samples): 0.977
  Genetics     (  681 samples): 0.420
  [NOTE] Higher weights for minority classes to prevent model from only predicting majority class
[INFO] Using v2.0_495m383D dataset:
  miRNAs: 495
  Diseases: 383
  Expected associations: ~1498
  Types: 4 (Circulation, Epigenetics, Target, Genetics)

================================================================================
Configuration Summary
================================================================================
Dataset: v2.0_495m383D
Data Path: ./
Model: HeterogenousGraphCLAMIR
  - HGT Layers: 2
  - Attention Heads: 4
  - Association Types: 4
  - Inter-view CL: Enabled
    - Weight: 0.3
    - Temperature: 0.5
    - Margin: 0.5

Training:
  - Epochs: 650
  - Learning Rate: 0.0001
  - Dropout: 0.3
  - Weight Decay: 5e-05
  - Focal Loss: Enabled

Evaluation:
  - Cross-Validation Folds: 5
  - Primary Metric: AUPR

Device: cpu
Random Seed: 1234
================================================================================

[SEED] Re-seeded với args.seed = 1234
🚀 Running with comprehensive evaluation including Top-1 metrics...
🎯 Loading dual-view data...
Starting dual-view data preparation with new file format...
Loading all similarity and feature files from v2.0_495m383D...
✅ Loaded disease semantic similarity from D_SSM1.txt: (383, 383)
✅ Loaded miRNA functional similarity from M_FSM.txt: (495, 495)
✅ Loaded multi-type association pairs from ./v2.0_495m383D/multi_all_mirna_disease_pairs_without_negative.csv: (1679, 3)
✅ Created multi-type association matrix: (495, 383)
📊 Multi-type Association Statistics:
   无关联 (No association): 188087 pairs (99.21%)
   循环类型 (Circulation): 367 pairs (0.19%)
   表观遗传学 (Epigenetics): 157 pairs (0.08%)
   靶标类型 (Target): 293 pairs (0.15%)
   遗传学类型 (Genetics): 681 pairs (0.36%)
✅ Created association matrix from CSV: (495, 383)
✅ Loaded disease-gene features from D_SSM2.txt: torch.Size([383, 383])
✅ Loaded miRNA-sequence features from M_GSM.txt: torch.Size([495, 495])
Processing integrated similarity matrices...
Loaded similarity matrices from cache
Processing indices...
Loaded indices from cache (seed=1234)
✅ Dual-view data preparation completed in 0.25 seconds

============================================================
🎯 DUAL-VIEW CONFIGURATION SUMMARY (v2.0_495m383D)
============================================================
miRNA Dual Views:
  📊 View 1 (Sequence): M_GSM.txt torch.Size([495, 495])
  📊 View 2 (Function): M_FSM.txt torch.Size([495, 495])

Disease Dual Views:
  📊 View 1 (Gene): D_SSM2.txt torch.Size([383, 383])
  📊 View 2 (Semantic): D_SSM1.txt torch.Size([383, 383])

Association Matrix: torch.Size([495, 383])
Data source: v2.0_495m383D (495 miRNAs × 383 Diseases)
============================================================
Preloading dual-view data to device...
✅ Loaded disease-gene features to device: torch.Size([383, 383])
✅ Loaded miRNA-sequence features to device: torch.Size([495, 495])
✅ Loaded disease semantic similarity to device: torch.Size([383, 383])
✅ Loaded miRNA functional similarity to device: torch.Size([495, 495])
✅ Dual-view data preloading completed in 0.00 seconds
OptimizedDataset initialized with 5 folds
Using device: cpu
=== Cross Validation Fold 1/5 ===
Using hidden dimensions: [256, 256] with 4 attention heads
[ABLATION] Running with mode = no_dv
优化模型初始化: miRNA数量 = 495, 疾病数量 = 383
   节点维度: 256 → 128
   类型数量: 4
   Temperature: 2.0 (可学习)
   Loss mode: two_head
   loss_mode=two_head
   exist_weight=0.100, type_weight=0.900

✅ SimplifiedMultiTypeAssociationLoss 初始化 (改进版)
   类别权重 (beta=0.99999): ['0.780', '1.822', '0.977', '0.421']
Original positive index shape: torch.Size([1072, 2])
Original negative index shape: torch.Size([135416, 2])
采样后负样本数量: 10720
🎯 Building TRUE DUAL VIEWS from four different sources...
📊 Data sources loaded:
  Disease semantic: torch.Size([383, 383])
  miRNA functional: torch.Size([495, 495])
  Disease-gene: torch.Size([383, 383])
  miRNA-sequence: torch.Size([495, 495])
🧬 Building miRNA dual-view hypergraphs...
  📊 miRNA View 1 (Sequence): torch.Size([495, 878])
  📊 miRNA View 2 (Function): torch.Size([495, 878])
🦠 Building disease dual-view hypergraphs...
  📊 Disease View 1 (Gene): torch.Size([383, 878])
  📊 Disease View 2 (Semantic): torch.Size([383, 878])
✅ Successfully built TRUE DUAL VIEWS:
   🧬 miRNA: Sequence Features (m_ss.xlsx) vs Functional Similarity (mi_fun_sim_2.0.csv)
   🦠 Disease: Gene Features (d_gs.xlsx) vs Semantic Similarity (dis_sem_sim_2.0.csv)

🔧 Epoch 1 梯度检查:
================================================================================

  参数名称                              梯度范数         梯度均值 状态             
  ----------------------------------------------------------------------
  type_relations                0.000025     0.000001 ✅ 正常           
  exist_relation                0.000134     0.000010 ✅ 正常           
  mi_proj_layer0                0.452569     0.001673 ✅ 正常           
  dis_proj_layer0               0.486834     0.001878 ✅ 正常           
================================================================================

Epoch 1, Total Loss: 20.6031, Recover Loss: 1.3402, miRNA CL: 8.9712, Disease CL: 8.4539, Inter-view (est): 4.0212, Recon Loss: 1.5393, Time: 0.83s
[INFO] Hypergraph updated at epoch 5
[INFO] Hypergraph updated at epoch 10
[INFO] Hypergraph updated at epoch 15
[INFO] Hypergraph updated at epoch 20
[INFO] Hypergraph updated at epoch 25
[INFO] Hypergraph updated at epoch 30
[INFO] Hypergraph updated at epoch 35
[INFO] Hypergraph updated at epoch 40
[INFO] Hypergraph updated at epoch 45
[INFO] Hypergraph updated at epoch 50

🔧 Epoch 50 梯度检查:
================================================================================

  参数名称                              梯度范数         梯度均值 状态             
  ----------------------------------------------------------------------
  type_relations                0.000017     0.000000 ✅ 正常           
  exist_relation                0.000129     0.000009 ✅ 正常           
  mi_proj_layer0                0.155999     0.000591 ✅ 正常           
  dis_proj_layer0               0.143719     0.000542 ✅ 正常           
================================================================================

Epoch 50, Total Loss: 17.0223, Recover Loss: 1.2133, miRNA CL: 7.7340, Disease CL: 7.6790, Inter-view (est): 3.5569, Recon Loss: 0.1118, Time: 100.68s
[INFO] Hypergraph updated at epoch 100

🔧 Epoch 100 梯度检查:
================================================================================

  参数名称                              梯度范数         梯度均值 状态             
  ----------------------------------------------------------------------
  type_relations                0.000010     0.000000 ✅ 正常           
  exist_relation                0.000123     0.000008 ✅ 正常           
  mi_proj_layer0                0.135934     0.000522 ✅ 正常           
  dis_proj_layer0               0.154324     0.000582 ✅ 正常           
================================================================================

Epoch 100, Total Loss: 15.6894, Recover Loss: 1.1506, miRNA CL: 7.3357, Disease CL: 6.9016, Inter-view (est): 3.2855, Recon Loss: 0.0310, Time: 139.95s
[INFO] Hypergraph updated at epoch 150

🔧 Epoch 150 梯度检查:
================================================================================

  参数名称                              梯度范数         梯度均值 状态             
  ----------------------------------------------------------------------
  type_relations                0.000007     0.000000 ✅ 正常           
  exist_relation                0.000119     0.000008 ✅ 正常           
  mi_proj_layer0                0.103060     0.000410 ✅ 正常           
  dis_proj_layer0               0.100398     0.000392 ✅ 正常           
================================================================================

Epoch 150, Total Loss: 14.9920, Recover Loss: 1.0931, miRNA CL: 7.0728, Disease CL: 6.5320, Inter-view (est): 3.1396, Recon Loss: 0.0313, Time: 184.27s
[INFO] Hypergraph updated at epoch 200

🔧 Epoch 200 梯度检查:
================================================================================

  参数名称                              梯度范数         梯度均值 状态             
  ----------------------------------------------------------------------
  type_relations                0.000005     0.000000 ✅ 正常           
  exist_relation                0.000116     0.000008 ✅ 正常           
  mi_proj_layer0                0.117338     0.000471 ✅ 正常           
  dis_proj_layer0               0.127066     0.000495 ✅ 正常           
================================================================================

Epoch 200, Total Loss: 14.6200, Recover Loss: 1.0598, miRNA CL: 6.8742, Disease CL: 6.3984, Inter-view (est): 3.0629, Recon Loss: 0.0300, Time: 223.92s
[INFO] Hypergraph updated at epoch 250

🔧 Epoch 250 梯度检查:
================================================================================

  参数名称                              梯度范数         梯度均值 状态             
  ----------------------------------------------------------------------
  type_relations                0.000004     0.000000 ✅ 正常           
  exist_relation                0.000113     0.000007 ✅ 正常           
  mi_proj_layer0                0.089249     0.000367 ✅ 正常           
  dis_proj_layer0               0.075449     0.000307 ✅ 正常           
================================================================================

Epoch 250, Total Loss: 14.3949, Recover Loss: 1.0248, miRNA CL: 6.7540, Disease CL: 6.3330, Inter-view (est): 3.0201, Recon Loss: 0.0290, Time: 260.48s
[INFO] Hypergraph updated at epoch 300

🔧 Epoch 300 梯度检查:
================================================================================

  参数名称                              梯度范数         梯度均值 状态             
  ----------------------------------------------------------------------
  type_relations                0.000003     0.000000 ✅ 正常           
  exist_relation                0.000111     0.000007 ✅ 正常           
  mi_proj_layer0                0.080520     0.000337 ✅ 正常           
  dis_proj_layer0               0.086638     0.000350 ✅ 正常           
================================================================================

Epoch 300, Total Loss: 14.2665, Recover Loss: 1.0095, miRNA CL: 6.6902, Disease CL: 6.2868, Inter-view (est): 2.9947, Recon Loss: 0.0285, Time: 294.72s
[INFO] Hypergraph updated at epoch 350

🔧 Epoch 350 梯度检查:
================================================================================

  参数名称                              梯度范数         梯度均值 状态             
  ----------------------------------------------------------------------
  type_relations                0.000003     0.000000 ✅ 正常           
  exist_relation                0.000109     0.000007 ✅ 正常           
  mi_proj_layer0                0.118138     0.000480 ✅ 正常           
  dis_proj_layer0               0.116020     0.000456 ✅ 正常           
================================================================================

Epoch 350, Total Loss: 14.1938, Recover Loss: 1.0035, miRNA CL: 6.6576, Disease CL: 6.2540, Inter-view (est): 2.9796, Recon Loss: 0.0294, Time: 327.07s
[INFO] Hypergraph updated at epoch 400

🔧 Epoch 400 梯度检查:
================================================================================

  参数名称                              梯度范数         梯度均值 状态             
  ----------------------------------------------------------------------
  type_relations                0.000002     0.000000 ✅ 正常           
  exist_relation                0.000107     0.000007 ✅ 正常           
  mi_proj_layer0                0.128343     0.000510 ✅ 正常           
  dis_proj_layer0               0.106942     0.000422 ✅ 正常           
================================================================================

Epoch 400, Total Loss: 14.1252, Recover Loss: 0.9918, miRNA CL: 6.6303, Disease CL: 6.2268, Inter-view (est): 2.9670, Recon Loss: 0.0287, Time: 360.44s
[INFO] Hypergraph updated at epoch 450

🔧 Epoch 450 梯度检查:
================================================================================

  参数名称                              梯度范数         梯度均值 状态             
  ----------------------------------------------------------------------
  type_relations                0.000002     0.000000 ✅ 正常           
  exist_relation                0.000106     0.000007 ✅ 正常           
  mi_proj_layer0                0.083359     0.000343 ✅ 正常           
  dis_proj_layer0               0.077168     0.000318 ✅ 正常           
================================================================================

Epoch 450, Total Loss: 14.0584, Recover Loss: 0.9798, miRNA CL: 6.6011, Disease CL: 6.2027, Inter-view (est): 2.9547, Recon Loss: 0.0290, Time: 394.57s
[INFO] Hypergraph updated at epoch 500

🔧 Epoch 500 梯度检查:
================================================================================

  参数名称                              梯度范数         梯度均值 状态             
  ----------------------------------------------------------------------
  type_relations                0.000001     0.000000 ✅ 正常           
  exist_relation                0.000103     0.000007 ✅ 正常           
  mi_proj_layer0                0.092006     0.000375 ✅ 正常           
  dis_proj_layer0               0.094150     0.000384 ✅ 正常           
================================================================================

Epoch 500, Total Loss: 13.9806, Recover Loss: 0.9627, miRNA CL: 6.5712, Disease CL: 6.1754, Inter-view (est): 2.9415, Recon Loss: 0.0275, Time: 427.56s
[INFO] Hypergraph updated at epoch 550

🔧 Epoch 550 梯度检查:
================================================================================

  参数名称                              梯度范数         梯度均值 状态             
  ----------------------------------------------------------------------
  type_relations                0.000001     0.000000 ✅ 正常           
  exist_relation                0.000101     0.000006 ✅ 正常           
  mi_proj_layer0                0.062485     0.000263 ✅ 正常           
  dis_proj_layer0               0.052944     0.000223 ✅ 正常           
================================================================================

Epoch 550, Total Loss: 13.9054, Recover Loss: 0.9430, miRNA CL: 6.5450, Disease CL: 6.1484, Inter-view (est): 2.9292, Recon Loss: 0.0274, Time: 460.04s
[INFO] Hypergraph updated at epoch 600

🔧 Epoch 600 梯度检查:
================================================================================
  ⚠️ 警告: type_relations梯度几乎为0 (norm=0.00000093)
     → 类型分类器可能没有学习!

  参数名称                              梯度范数         梯度均值 状态             
  ----------------------------------------------------------------------
  type_relations                0.000001     0.000000 ✅ 正常           
  exist_relation                0.000099     0.000006 ✅ 正常           
  mi_proj_layer0                0.093103     0.000385 ✅ 正常           
  dis_proj_layer0               0.076447     0.000317 ✅ 正常           
================================================================================

Epoch 600, Total Loss: 13.8648, Recover Loss: 0.9432, miRNA CL: 6.5229, Disease CL: 6.1308, Inter-view (est): 2.9201, Recon Loss: 0.0276, Time: 492.64s
[INFO] Hypergraph updated at epoch 650

🔧 Epoch 650 梯度检查:
================================================================================
  ⚠️ 警告: type_relations梯度几乎为0 (norm=0.00000078)
     → 类型分类器可能没有学习!

  参数名称                              梯度范数         梯度均值 状态             
  ----------------------------------------------------------------------
  type_relations                0.000001     0.000000 ✅ 正常           
  exist_relation                0.000097     0.000006 ✅ 正常           
  mi_proj_layer0                0.067204     0.000283 ✅ 正常           
  dis_proj_layer0               0.063531     0.000267 ✅ 正常           
================================================================================

Epoch 650, Total Loss: 13.8164, Recover Loss: 0.9341, miRNA CL: 6.5029, Disease CL: 6.1135, Inter-view (est): 2.9115, Recon Loss: 0.0269, Time: 528.60s

================================================================================
Training completed. Running final test...
================================================================================
Fold 1 completed - AUC: 0.9799, Top-1 F1: 0.5890
Fold 1 training time: 529.69 seconds
=== Cross Validation Fold 2/5 ===
Using hidden dimensions: [256, 256] with 4 attention heads
[ABLATION] Running with mode = no_dv
优化模型初始化: miRNA数量 = 495, 疾病数量 = 383
   节点维度: 256 → 128
   类型数量: 4
   Temperature: 2.0 (可学习)
   Loss mode: two_head
   loss_mode=two_head
   exist_weight=0.100, type_weight=0.900

✅ SimplifiedMultiTypeAssociationLoss 初始化 (改进版)
   类别权重 (beta=0.99999): ['0.780', '1.822', '0.977', '0.421']
Original positive index shape: torch.Size([1072, 2])
Original negative index shape: torch.Size([135416, 2])
采样后负样本数量: 10720
🎯 Building TRUE DUAL VIEWS from four different sources...
📊 Data sources loaded:
  Disease semantic: torch.Size([383, 383])
  miRNA functional: torch.Size([495, 495])
  Disease-gene: torch.Size([383, 383])
  miRNA-sequence: torch.Size([495, 495])
🧬 Building miRNA dual-view hypergraphs...
  📊 miRNA View 1 (Sequence): torch.Size([495, 878])
  📊 miRNA View 2 (Function): torch.Size([495, 878])
🦠 Building disease dual-view hypergraphs...
  📊 Disease View 1 (Gene): torch.Size([383, 878])
  📊 Disease View 2 (Semantic): torch.Size([383, 878])
✅ Successfully built TRUE DUAL VIEWS:
   🧬 miRNA: Sequence Features (m_ss.xlsx) vs Functional Similarity (mi_fun_sim_2.0.csv)
   🦠 Disease: Gene Features (d_gs.xlsx) vs Semantic Similarity (dis_sem_sim_2.0.csv)

🔧 Epoch 1 梯度检查:
================================================================================

  参数名称                              梯度范数         梯度均值 状态             
  ----------------------------------------------------------------------
  type_relations                0.000025     0.000001 ✅ 正常           
  exist_relation                0.000155     0.000011 ✅ 正常           
  mi_proj_layer0                0.268086     0.001029 ✅ 正常           
  dis_proj_layer0               0.277580     0.001093 ✅ 正常           
================================================================================

Epoch 1, Total Loss: 20.5144, Recover Loss: 1.3230, miRNA CL: 8.8820, Disease CL: 8.4135, Inter-view (est): 3.9913, Recon Loss: 1.5972, Time: 0.78s
[INFO] Hypergraph updated at epoch 5
[INFO] Hypergraph updated at epoch 10
[INFO] Hypergraph updated at epoch 15
[INFO] Hypergraph updated at epoch 20
[INFO] Hypergraph updated at epoch 25
[INFO] Hypergraph updated at epoch 30
[INFO] Hypergraph updated at epoch 35
[INFO] Hypergraph updated at epoch 40
[INFO] Hypergraph updated at epoch 45
[INFO] Hypergraph updated at epoch 50

🔧 Epoch 50 梯度检查:
================================================================================

  参数名称                              梯度范数         梯度均值 状态             
  ----------------------------------------------------------------------
  type_relations                0.000017     0.000001 ✅ 正常           
  exist_relation                0.000150     0.000011 ✅ 正常           
  mi_proj_layer0                0.160523     0.000588 ✅ 正常           
  dis_proj_layer0               0.149216     0.000562 ✅ 正常           
================================================================================

Epoch 50, Total Loss: 17.0800, Recover Loss: 1.1938, miRNA CL: 7.7021, Disease CL: 7.6987, Inter-view (est): 3.5540, Recon Loss: 0.2007, Time: 116.44s
[INFO] Hypergraph updated at epoch 100

🔧 Epoch 100 梯度检查:
================================================================================

  参数名称                              梯度范数         梯度均值 状态             
  ----------------------------------------------------------------------
  type_relations                0.000010     0.000000 ✅ 正常           
  exist_relation                0.000144     0.000010 ✅ 正常           
  mi_proj_layer0                0.112743     0.000445 ✅ 正常           
  dis_proj_layer0               0.121711     0.000481 ✅ 正常           
================================================================================

Epoch 100, Total Loss: 15.6606, Recover Loss: 1.1399, miRNA CL: 7.2974, Disease CL: 6.9204, Inter-view (est): 3.2810, Recon Loss: 0.0317, Time: 161.32s
[INFO] Hypergraph updated at epoch 150

🔧 Epoch 150 梯度检查:
================================================================================

  参数名称                              梯度范数         梯度均值 状态             
  ----------------------------------------------------------------------
  type_relations                0.000007     0.000000 ✅ 正常           
  exist_relation                0.000140     0.000010 ✅ 正常           
  mi_proj_layer0                0.102672     0.000401 ✅ 正常           
  dis_proj_layer0               0.122872     0.000482 ✅ 正常           
================================================================================

Epoch 150, Total Loss: 15.1235, Recover Loss: 1.1092, miRNA CL: 7.1045, Disease CL: 6.6158, Inter-view (est): 3.1662, Recon Loss: 0.0298, Time: 199.98s
[INFO] Hypergraph updated at epoch 200

🔧 Epoch 200 梯度检查:
================================================================================

  参数名称                              梯度范数         梯度均值 状态             
  ----------------------------------------------------------------------
  type_relations                0.000006     0.000000 ✅ 正常           
  exist_relation                0.000138     0.000009 ✅ 正常           
  mi_proj_layer0                0.088195     0.000360 ✅ 正常           
  dis_proj_layer0               0.105485     0.000414 ✅ 正常           
================================================================================

Epoch 200, Total Loss: 14.8297, Recover Loss: 1.0714, miRNA CL: 6.9703, Disease CL: 6.4977, Inter-view (est): 3.1080, Recon Loss: 0.0298, Time: 238.32s
[INFO] Hypergraph updated at epoch 250

🔧 Epoch 250 梯度检查:
================================================================================

  参数名称                              梯度范数         梯度均值 状态             
  ----------------------------------------------------------------------
  type_relations                0.000004     0.000000 ✅ 正常           
  exist_relation                0.000136     0.000009 ✅ 正常           
  mi_proj_layer0                0.076131     0.000313 ✅ 正常           
  dis_proj_layer0               0.094118     0.000381 ✅ 正常           
================================================================================

Epoch 250, Total Loss: 14.5536, Recover Loss: 1.0452, miRNA CL: 6.8113, Disease CL: 6.4110, Inter-view (est): 3.0513, Recon Loss: 0.0292, Time: 274.02s
[INFO] Hypergraph updated at epoch 300

🔧 Epoch 300 梯度检查:
================================================================================

  参数名称                              梯度范数         梯度均值 状态             
  ----------------------------------------------------------------------
  type_relations                0.000004     0.000000 ✅ 正常           
  exist_relation                0.000133     0.000009 ✅ 正常           
  mi_proj_layer0                0.083810     0.000349 ✅ 正常           
  dis_proj_layer0               0.083410     0.000339 ✅ 正常           
================================================================================

Epoch 300, Total Loss: 14.3928, Recover Loss: 1.0209, miRNA CL: 6.7346, Disease CL: 6.3527, Inter-view (est): 3.0201, Recon Loss: 0.0307, Time: 307.29s
[INFO] Hypergraph updated at epoch 350

🔧 Epoch 350 梯度检查:
================================================================================

  参数名称                              梯度范数         梯度均值 状态             
  ----------------------------------------------------------------------
  type_relations                0.000003     0.000000 ✅ 正常           
  exist_relation                0.000131     0.000009 ✅ 正常           
  mi_proj_layer0                0.079324     0.000327 ✅ 正常           
  dis_proj_layer0               0.087377     0.000356 ✅ 正常           
================================================================================

Epoch 350, Total Loss: 14.2884, Recover Loss: 0.9975, miRNA CL: 6.6992, Disease CL: 6.3118, Inter-view (est): 3.0026, Recon Loss: 0.0285, Time: 340.52s
[INFO] Hypergraph updated at epoch 400

🔧 Epoch 400 梯度检查:
================================================================================

  参数名称                              梯度范数         梯度均值 状态             
  ----------------------------------------------------------------------
  type_relations                0.000002     0.000000 ✅ 正常           
  exist_relation                0.000129     0.000008 ✅ 正常           
  mi_proj_layer0                0.072061     0.000297 ✅ 正常           
  dis_proj_layer0               0.071484     0.000293 ✅ 正常           
================================================================================

Epoch 400, Total Loss: 14.1918, Recover Loss: 0.9831, miRNA CL: 6.6524, Disease CL: 6.2793, Inter-view (est): 2.9842, Recon Loss: 0.0279, Time: 377.09s
[INFO] Hypergraph updated at epoch 450

🔧 Epoch 450 梯度检查:
================================================================================

  参数名称                              梯度范数         梯度均值 状态             
  ----------------------------------------------------------------------
  type_relations                0.000002     0.000000 ✅ 正常           
  exist_relation                0.000127     0.000008 ✅ 正常           
  mi_proj_layer0                0.086648     0.000352 ✅ 正常           
  dis_proj_layer0               0.078242     0.000323 ✅ 正常           
================================================================================

Epoch 450, Total Loss: 14.1220, Recover Loss: 0.9712, miRNA CL: 6.6223, Disease CL: 6.2536, Inter-view (est): 2.9714, Recon Loss: 0.0280, Time: 410.30s
[INFO] Hypergraph updated at epoch 500

🔧 Epoch 500 梯度检查:
================================================================================

  参数名称                              梯度范数         梯度均值 状态             
  ----------------------------------------------------------------------
  type_relations                0.000002     0.000000 ✅ 正常           
  exist_relation                0.000125     0.000008 ✅ 正常           
  mi_proj_layer0                0.079115     0.000332 ✅ 正常           
  dis_proj_layer0               0.068757     0.000288 ✅ 正常           
================================================================================

Epoch 500, Total Loss: 14.0509, Recover Loss: 0.9645, miRNA CL: 6.5859, Disease CL: 6.2285, Inter-view (est): 2.9572, Recon Loss: 0.0273, Time: 442.55s
[INFO] Hypergraph updated at epoch 550

🔧 Epoch 550 梯度检查:
================================================================================

  参数名称                              梯度范数         梯度均值 状态             
  ----------------------------------------------------------------------
  type_relations                0.000001     0.000000 ✅ 正常           
  exist_relation                0.000122     0.000008 ✅ 正常           
  mi_proj_layer0                0.065720     0.000272 ✅ 正常           
  dis_proj_layer0               0.065275     0.000271 ✅ 正常           
================================================================================

Epoch 550, Total Loss: 13.9659, Recover Loss: 0.9452, miRNA CL: 6.5500, Disease CL: 6.2006, Inter-view (est): 2.9425, Recon Loss: 0.0275, Time: 476.54s
[INFO] Hypergraph updated at epoch 600

🔧 Epoch 600 梯度检查:
================================================================================

  参数名称                              梯度范数         梯度均值 状态             
  ----------------------------------------------------------------------
  type_relations                0.000001     0.000000 ✅ 正常           
  exist_relation                0.000120     0.000008 ✅ 正常           
  mi_proj_layer0                0.073007     0.000302 ✅ 正常           
  dis_proj_layer0               0.087815     0.000363 ✅ 正常           
================================================================================

Epoch 600, Total Loss: 13.8961, Recover Loss: 0.9419, miRNA CL: 6.5131, Disease CL: 6.1730, Inter-view (est): 2.9276, Recon Loss: 0.0275, Time: 509.57s
[INFO] Hypergraph updated at epoch 650

🔧 Epoch 650 梯度检查:
================================================================================
  ⚠️ 警告: type_relations梯度几乎为0 (norm=0.00000081)
     → 类型分类器可能没有学习!

  参数名称                              梯度范数         梯度均值 状态             
  ----------------------------------------------------------------------
  type_relations                0.000001     0.000000 ✅ 正常           
  exist_relation                0.000117     0.000007 ✅ 正常           
  mi_proj_layer0                0.078518     0.000329 ✅ 正常           
  dis_proj_layer0               0.073550     0.000302 ✅ 正常           
================================================================================

Epoch 650, Total Loss: 13.8237, Recover Loss: 0.9309, miRNA CL: 6.4809, Disease CL: 6.1452, Inter-view (est): 2.9137, Recon Loss: 0.0282, Time: 541.81s

================================================================================
Training completed. Running final test...
================================================================================
Fold 2 completed - AUC: 0.9843, Top-1 F1: 0.6706
Fold 2 training time: 542.54 seconds
=== Cross Validation Fold 3/5 ===
Using hidden dimensions: [256, 256] with 4 attention heads
[ABLATION] Running with mode = no_dv
优化模型初始化: miRNA数量 = 495, 疾病数量 = 383
   节点维度: 256 → 128
   类型数量: 4
   Temperature: 2.0 (可学习)
   Loss mode: two_head
   loss_mode=two_head
   exist_weight=0.100, type_weight=0.900

✅ SimplifiedMultiTypeAssociationLoss 初始化 (改进版)
   类别权重 (beta=0.99999): ['0.780', '1.822', '0.977', '0.421']
Original positive index shape: torch.Size([1072, 2])
Original negative index shape: torch.Size([135416, 2])
采样后负样本数量: 10720
🎯 Building TRUE DUAL VIEWS from four different sources...
📊 Data sources loaded:
  Disease semantic: torch.Size([383, 383])
  miRNA functional: torch.Size([495, 495])
  Disease-gene: torch.Size([383, 383])
  miRNA-sequence: torch.Size([495, 495])
🧬 Building miRNA dual-view hypergraphs...
  📊 miRNA View 1 (Sequence): torch.Size([495, 878])
  📊 miRNA View 2 (Function): torch.Size([495, 878])
🦠 Building disease dual-view hypergraphs...
  📊 Disease View 1 (Gene): torch.Size([383, 878])
  📊 Disease View 2 (Semantic): torch.Size([383, 878])
✅ Successfully built TRUE DUAL VIEWS:
   🧬 miRNA: Sequence Features (m_ss.xlsx) vs Functional Similarity (mi_fun_sim_2.0.csv)
   🦠 Disease: Gene Features (d_gs.xlsx) vs Semantic Similarity (dis_sem_sim_2.0.csv)

🔧 Epoch 1 梯度检查:
================================================================================

  参数名称                              梯度范数         梯度均值 状态             
  ----------------------------------------------------------------------
  type_relations                0.000025     0.000001 ✅ 正常           
  exist_relation                0.000145     0.000010 ✅ 正常           
  mi_proj_layer0                0.398571     0.001483 ✅ 正常           
  dis_proj_layer0               0.425121     0.001615 ✅ 正常           
================================================================================

Epoch 1, Total Loss: 20.4247, Recover Loss: 1.3219, miRNA CL: 8.8424, Disease CL: 8.4275, Inter-view (est): 3.9854, Recon Loss: 1.5344, Time: 0.63s
[INFO] Hypergraph updated at epoch 5
[INFO] Hypergraph updated at epoch 10
[INFO] Hypergraph updated at epoch 15
[INFO] Hypergraph updated at epoch 20
[INFO] Hypergraph updated at epoch 25
[INFO] Hypergraph updated at epoch 30
[INFO] Hypergraph updated at epoch 35
[INFO] Hypergraph updated at epoch 40
[INFO] Hypergraph updated at epoch 45
[INFO] Hypergraph updated at epoch 50

🔧 Epoch 50 梯度检查:
================================================================================

  参数名称                              梯度范数         梯度均值 状态             
  ----------------------------------------------------------------------
  type_relations                0.000017     0.000000 ✅ 正常           
  exist_relation                0.000140     0.000010 ✅ 正常           
  mi_proj_layer0                0.186499     0.000675 ✅ 正常           
  dis_proj_layer0               0.153459     0.000565 ✅ 正常           
================================================================================

Epoch 50, Total Loss: 17.0215, Recover Loss: 1.1956, miRNA CL: 7.7087, Disease CL: 7.7059, Inter-view (est): 3.5572, Recon Loss: 0.1271, Time: 93.56s
[INFO] Hypergraph updated at epoch 100

🔧 Epoch 100 梯度检查:
================================================================================

  参数名称                              梯度范数         梯度均值 状态             
  ----------------------------------------------------------------------
  type_relations                0.000010     0.000000 ✅ 正常           
  exist_relation                0.000134     0.000009 ✅ 正常           
  mi_proj_layer0                0.131608     0.000499 ✅ 正常           
  dis_proj_layer0               0.111177     0.000436 ✅ 正常           
================================================================================

Epoch 100, Total Loss: 15.6898, Recover Loss: 1.1474, miRNA CL: 7.2918, Disease CL: 6.9482, Inter-view (est): 3.2862, Recon Loss: 0.0321, Time: 124.49s
[INFO] Hypergraph updated at epoch 150

🔧 Epoch 150 梯度检查:
================================================================================

  参数名称                              梯度范数         梯度均值 状态             
  ----------------------------------------------------------------------
  type_relations                0.000007     0.000000 ✅ 正常           
  exist_relation                0.000130     0.000009 ✅ 正常           
  mi_proj_layer0                0.083592     0.000339 ✅ 正常           
  dis_proj_layer0               0.106343     0.000431 ✅ 正常           
================================================================================

Epoch 150, Total Loss: 15.0335, Recover Loss: 1.1019, miRNA CL: 7.0427, Disease CL: 6.5965, Inter-view (est): 3.1475, Recon Loss: 0.0302, Time: 157.51s
[INFO] Hypergraph updated at epoch 200

🔧 Epoch 200 梯度检查:
================================================================================

  参数名称                              梯度范数         梯度均值 状态             
  ----------------------------------------------------------------------
  type_relations                0.000005     0.000000 ✅ 正常           
  exist_relation                0.000127     0.000008 ✅ 正常           
  mi_proj_layer0                0.100113     0.000396 ✅ 正常           
  dis_proj_layer0               0.115465     0.000469 ✅ 正常           
================================================================================

Epoch 200, Total Loss: 14.7031, Recover Loss: 1.0813, miRNA CL: 6.8731, Disease CL: 6.4619, Inter-view (est): 3.0773, Recon Loss: 0.0298, Time: 192.87s
[INFO] Hypergraph updated at epoch 250

🔧 Epoch 250 梯度检查:
================================================================================

  参数名称                              梯度范数         梯度均值 状态             
  ----------------------------------------------------------------------
  type_relations                0.000004     0.000000 ✅ 正常           
  exist_relation                0.000124     0.000008 ✅ 正常           
  mi_proj_layer0                0.084219     0.000347 ✅ 正常           
  dis_proj_layer0               0.081797     0.000339 ✅ 正常           
================================================================================

Epoch 250, Total Loss: 14.4711, Recover Loss: 1.0557, miRNA CL: 6.7541, Disease CL: 6.3787, Inter-view (est): 3.0306, Recon Loss: 0.0299, Time: 225.57s
[INFO] Hypergraph updated at epoch 300

🔧 Epoch 300 梯度检查:
================================================================================

  参数名称                              梯度范数         梯度均值 状态             
  ----------------------------------------------------------------------
  type_relations                0.000003     0.000000 ✅ 正常           
  exist_relation                0.000121     0.000008 ✅ 正常           
  mi_proj_layer0                0.081125     0.000335 ✅ 正常           
  dis_proj_layer0               0.096072     0.000387 ✅ 正常           
================================================================================

Epoch 300, Total Loss: 14.3028, Recover Loss: 1.0177, miRNA CL: 6.6851, Disease CL: 6.3215, Inter-view (est): 3.0015, Recon Loss: 0.0292, Time: 254.85s
[INFO] Hypergraph updated at epoch 350

🔧 Epoch 350 梯度检查:
================================================================================

  参数名称                              梯度范数         梯度均值 状态             
  ----------------------------------------------------------------------
  type_relations                0.000003     0.000000 ✅ 正常           
  exist_relation                0.000119     0.000008 ✅ 正常           
  mi_proj_layer0                0.093925     0.000380 ✅ 正常           
  dis_proj_layer0               0.085306     0.000355 ✅ 正常           
================================================================================

Epoch 350, Total Loss: 14.2099, Recover Loss: 0.9998, miRNA CL: 6.6457, Disease CL: 6.2891, Inter-view (est): 2.9849, Recon Loss: 0.0282, Time: 283.47s
[INFO] Hypergraph updated at epoch 400

🔧 Epoch 400 梯度检查:
================================================================================

  参数名称                              梯度范数         梯度均值 状态             
  ----------------------------------------------------------------------
  type_relations                0.000002     0.000000 ✅ 正常           
  exist_relation                0.000117     0.000008 ✅ 正常           
  mi_proj_layer0                0.095402     0.000397 ✅ 正常           
  dis_proj_layer0               0.093070     0.000380 ✅ 正常           
================================================================================

Epoch 400, Total Loss: 14.1267, Recover Loss: 0.9871, miRNA CL: 6.6115, Disease CL: 6.2544, Inter-view (est): 2.9690, Recon Loss: 0.0288, Time: 311.86s
[INFO] Hypergraph updated at epoch 450

🔧 Epoch 450 梯度检查:
================================================================================

  参数名称                              梯度范数         梯度均值 状态             
  ----------------------------------------------------------------------
  type_relations                0.000002     0.000000 ✅ 正常           
  exist_relation                0.000115     0.000007 ✅ 正常           
  mi_proj_layer0                0.070320     0.000296 ✅ 正常           
  dis_proj_layer0               0.062484     0.000263 ✅ 正常           
================================================================================

Epoch 450, Total Loss: 14.0341, Recover Loss: 0.9645, miRNA CL: 6.5798, Disease CL: 6.2192, Inter-view (est): 2.9536, Recon Loss: 0.0279, Time: 340.66s
[INFO] Hypergraph updated at epoch 500

🔧 Epoch 500 梯度检查:
================================================================================

  参数名称                              梯度范数         梯度均值 状态             
  ----------------------------------------------------------------------
  type_relations                0.000002     0.000000 ✅ 正常           
  exist_relation                0.000113     0.000007 ✅ 正常           
  mi_proj_layer0                0.065071     0.000271 ✅ 正常           
  dis_proj_layer0               0.060746     0.000253 ✅ 正常           
================================================================================

Epoch 500, Total Loss: 13.9841, Recover Loss: 0.9573, miRNA CL: 6.5641, Disease CL: 6.1942, Inter-view (est): 2.9442, Recon Loss: 0.0277, Time: 369.09s
[INFO] Hypergraph updated at epoch 550

🔧 Epoch 550 梯度检查:
================================================================================

  参数名称                              梯度范数         梯度均值 状态             
  ----------------------------------------------------------------------
  type_relations                0.000001     0.000000 ✅ 正常           
  exist_relation                0.000111     0.000007 ✅ 正常           
  mi_proj_layer0                0.061529     0.000259 ✅ 正常           
  dis_proj_layer0               0.058011     0.000239 ✅ 正常           
================================================================================

Epoch 550, Total Loss: 13.9312, Recover Loss: 0.9479, miRNA CL: 6.5422, Disease CL: 6.1745, Inter-view (est): 2.9346, Recon Loss: 0.0273, Time: 397.32s
[INFO] Hypergraph updated at epoch 600

🔧 Epoch 600 梯度检查:
================================================================================

  参数名称                              梯度范数         梯度均值 状态             
  ----------------------------------------------------------------------
  type_relations                0.000001     0.000000 ✅ 正常           
  exist_relation                0.000109     0.000007 ✅ 正常           
  mi_proj_layer0                0.094321     0.000383 ✅ 正常           
  dis_proj_layer0               0.101858     0.000401 ✅ 正常           
================================================================================

Epoch 600, Total Loss: 13.8790, Recover Loss: 0.9402, miRNA CL: 6.5195, Disease CL: 6.1542, Inter-view (est): 2.9247, Recon Loss: 0.0275, Time: 425.71s
[INFO] Hypergraph updated at epoch 650

🔧 Epoch 650 梯度检查:
================================================================================
  ⚠️ 警告: type_relations梯度几乎为0 (norm=0.00000100)
     → 类型分类器可能没有学习!

  参数名称                              梯度范数         梯度均值 状态             
  ----------------------------------------------------------------------
  type_relations                0.000001     0.000000 ✅ 正常           
  exist_relation                0.000108     0.000007 ✅ 正常           
  mi_proj_layer0                0.087627     0.000368 ✅ 正常           
  dis_proj_layer0               0.099789     0.000406 ✅ 正常           
================================================================================

Epoch 650, Total Loss: 13.8443, Recover Loss: 0.9311, miRNA CL: 6.5123, Disease CL: 6.1371, Inter-view (est): 2.9191, Recon Loss: 0.0276, Time: 454.30s

================================================================================
Training completed. Running final test...
================================================================================
Fold 3 completed - AUC: 0.9802, Top-1 F1: 0.6207
Fold 3 training time: 454.98 seconds
=== Cross Validation Fold 4/5 ===
Using hidden dimensions: [256, 256] with 4 attention heads
[ABLATION] Running with mode = no_dv
优化模型初始化: miRNA数量 = 495, 疾病数量 = 383
   节点维度: 256 → 128
   类型数量: 4
   Temperature: 2.0 (可学习)
   Loss mode: two_head
   loss_mode=two_head
   exist_weight=0.100, type_weight=0.900

✅ SimplifiedMultiTypeAssociationLoss 初始化 (改进版)
   类别权重 (beta=0.99999): ['0.780', '1.822', '0.977', '0.421']
Original positive index shape: torch.Size([1072, 2])
Original negative index shape: torch.Size([135416, 2])
采样后负样本数量: 10720
🎯 Building TRUE DUAL VIEWS from four different sources...
📊 Data sources loaded:
  Disease semantic: torch.Size([383, 383])
  miRNA functional: torch.Size([495, 495])
  Disease-gene: torch.Size([383, 383])
  miRNA-sequence: torch.Size([495, 495])
🧬 Building miRNA dual-view hypergraphs...
  📊 miRNA View 1 (Sequence): torch.Size([495, 878])
  📊 miRNA View 2 (Function): torch.Size([495, 878])
🦠 Building disease dual-view hypergraphs...
  📊 Disease View 1 (Gene): torch.Size([383, 878])
  📊 Disease View 2 (Semantic): torch.Size([383, 878])
✅ Successfully built TRUE DUAL VIEWS:
   🧬 miRNA: Sequence Features (m_ss.xlsx) vs Functional Similarity (mi_fun_sim_2.0.csv)
   🦠 Disease: Gene Features (d_gs.xlsx) vs Semantic Similarity (dis_sem_sim_2.0.csv)

🔧 Epoch 1 梯度检查:
================================================================================

  参数名称                              梯度范数         梯度均值 状态             
  ----------------------------------------------------------------------
  type_relations                0.000025     0.000001 ✅ 正常           
  exist_relation                0.000133     0.000010 ✅ 正常           
  mi_proj_layer0                0.423179     0.001541 ✅ 正常           
  dis_proj_layer0               0.411503     0.001538 ✅ 正常           
================================================================================

Epoch 1, Total Loss: 20.5515, Recover Loss: 1.3336, miRNA CL: 8.9393, Disease CL: 8.4417, Inter-view (est): 4.0110, Recon Loss: 1.5380, Time: 0.55s
[INFO] Hypergraph updated at epoch 5
[INFO] Hypergraph updated at epoch 10
[INFO] Hypergraph updated at epoch 15
[INFO] Hypergraph updated at epoch 20
[INFO] Hypergraph updated at epoch 25
[INFO] Hypergraph updated at epoch 30
[INFO] Hypergraph updated at epoch 35
[INFO] Hypergraph updated at epoch 40
[INFO] Hypergraph updated at epoch 45
[INFO] Hypergraph updated at epoch 50

🔧 Epoch 50 梯度检查:
================================================================================

  参数名称                              梯度范数         梯度均值 状态             
  ----------------------------------------------------------------------
  type_relations                0.000017     0.000000 ✅ 正常           
  exist_relation                0.000128     0.000009 ✅ 正常           
  mi_proj_layer0                0.141357     0.000546 ✅ 正常           
  dis_proj_layer0               0.138667     0.000520 ✅ 正常           
================================================================================

Epoch 50, Total Loss: 17.0926, Recover Loss: 1.2005, miRNA CL: 7.7080, Disease CL: 7.7008, Inter-view (est): 3.5559, Recon Loss: 0.1986, Time: 87.08s
[INFO] Hypergraph updated at epoch 100

🔧 Epoch 100 梯度检查:
================================================================================

  参数名称                              梯度范数         梯度均值 状态             
  ----------------------------------------------------------------------
  type_relations                0.000010     0.000000 ✅ 正常           
  exist_relation                0.000122     0.000009 ✅ 正常           
  mi_proj_layer0                0.112990     0.000436 ✅ 正常           
  dis_proj_layer0               0.128373     0.000484 ✅ 正常           
================================================================================

Epoch 100, Total Loss: 15.7199, Recover Loss: 1.1434, miRNA CL: 7.3033, Disease CL: 6.9682, Inter-view (est): 3.2934, Recon Loss: 0.0333, Time: 120.78s
[INFO] Hypergraph updated at epoch 150

🔧 Epoch 150 梯度检查:
================================================================================

  参数名称                              梯度范数         梯度均值 状态             
  ----------------------------------------------------------------------
  type_relations                0.000007     0.000000 ✅ 正常           
  exist_relation                0.000117     0.000008 ✅ 正常           
  mi_proj_layer0                0.115940     0.000458 ✅ 正常           
  dis_proj_layer0               0.137894     0.000521 ✅ 正常           
================================================================================

Epoch 150, Total Loss: 15.0486, Recover Loss: 1.0865, miRNA CL: 7.0404, Disease CL: 6.6271, Inter-view (est): 3.1540, Recon Loss: 0.0306, Time: 154.39s
[INFO] Hypergraph updated at epoch 200

🔧 Epoch 200 梯度检查:
================================================================================

  参数名称                              梯度范数         梯度均值 状态             
  ----------------------------------------------------------------------
  type_relations                0.000005     0.000000 ✅ 正常           
  exist_relation                0.000115     0.000008 ✅ 正常           
  mi_proj_layer0                0.138926     0.000535 ✅ 正常           
  dis_proj_layer0               0.138711     0.000530 ✅ 正常           
================================================================================

Epoch 200, Total Loss: 14.7539, Recover Loss: 1.0622, miRNA CL: 6.8956, Disease CL: 6.5046, Inter-view (est): 3.0924, Recon Loss: 0.0313, Time: 189.92s
[INFO] Hypergraph updated at epoch 250

🔧 Epoch 250 梯度检查:
================================================================================

  参数名称                              梯度范数         梯度均值 状态             
  ----------------------------------------------------------------------
  type_relations                0.000005     0.000000 ✅ 正常           
  exist_relation                0.000113     0.000008 ✅ 正常           
  mi_proj_layer0                0.100356     0.000407 ✅ 正常           
  dis_proj_layer0               0.102424     0.000412 ✅ 正常           
================================================================================

Epoch 250, Total Loss: 14.5443, Recover Loss: 1.0363, miRNA CL: 6.7956, Disease CL: 6.4249, Inter-view (est): 3.0509, Recon Loss: 0.0299, Time: 222.17s
[INFO] Hypergraph updated at epoch 300

🔧 Epoch 300 梯度检查:
================================================================================

  参数名称                              梯度范数         梯度均值 状态             
  ----------------------------------------------------------------------
  type_relations                0.000004     0.000000 ✅ 正常           
  exist_relation                0.000111     0.000008 ✅ 正常           
  mi_proj_layer0                0.089641     0.000359 ✅ 正常           
  dis_proj_layer0               0.103660     0.000413 ✅ 正常           
================================================================================

Epoch 300, Total Loss: 14.3967, Recover Loss: 1.0144, miRNA CL: 6.7244, Disease CL: 6.3730, Inter-view (est): 3.0225, Recon Loss: 0.0298, Time: 251.67s
[INFO] Hypergraph updated at epoch 350

🔧 Epoch 350 梯度检查:
================================================================================

  参数名称                              梯度范数         梯度均值 状态             
  ----------------------------------------------------------------------
  type_relations                0.000003     0.000000 ✅ 正常           
  exist_relation                0.000109     0.000007 ✅ 正常           
  mi_proj_layer0                0.083801     0.000344 ✅ 正常           
  dis_proj_layer0               0.085723     0.000350 ✅ 正常           
================================================================================

Epoch 350, Total Loss: 14.2821, Recover Loss: 1.0037, miRNA CL: 6.6705, Disease CL: 6.3259, Inter-view (est): 2.9992, Recon Loss: 0.0294, Time: 281.45s
[INFO] Hypergraph updated at epoch 400

🔧 Epoch 400 梯度检查:
================================================================================

  参数名称                              梯度范数         梯度均值 状态             
  ----------------------------------------------------------------------
  type_relations                0.000003     0.000000 ✅ 正常           
  exist_relation                0.000106     0.000007 ✅ 正常           
  mi_proj_layer0                0.089919     0.000363 ✅ 正常           
  dis_proj_layer0               0.073121     0.000305 ✅ 正常           
================================================================================

Epoch 400, Total Loss: 14.1697, Recover Loss: 0.9784, miRNA CL: 6.6268, Disease CL: 6.2860, Inter-view (est): 2.9799, Recon Loss: 0.0285, Time: 310.52s
[INFO] Hypergraph updated at epoch 450

🔧 Epoch 450 梯度检查:
================================================================================

  参数名称                              梯度范数         梯度均值 状态             
  ----------------------------------------------------------------------
  type_relations                0.000002     0.000000 ✅ 正常           
  exist_relation                0.000104     0.000007 ✅ 正常           
  mi_proj_layer0                0.120902     0.000489 ✅ 正常           
  dis_proj_layer0               0.114053     0.000460 ✅ 正常           
================================================================================

Epoch 450, Total Loss: 14.0894, Recover Loss: 0.9723, miRNA CL: 6.5904, Disease CL: 6.2510, Inter-view (est): 2.9634, Recon Loss: 0.0283, Time: 339.81s
[INFO] Hypergraph updated at epoch 500

🔧 Epoch 500 梯度检查:
================================================================================

  参数名称                              梯度范数         梯度均值 状态             
  ----------------------------------------------------------------------
  type_relations                0.000002     0.000000 ✅ 正常           
  exist_relation                0.000102     0.000007 ✅ 正常           
  mi_proj_layer0                0.089399     0.000376 ✅ 正常           
  dis_proj_layer0               0.086349     0.000361 ✅ 正常           
================================================================================

Epoch 500, Total Loss: 14.0100, Recover Loss: 0.9458, miRNA CL: 6.5652, Disease CL: 6.2252, Inter-view (est): 2.9516, Recon Loss: 0.0281, Time: 369.20s
[INFO] Hypergraph updated at epoch 550

🔧 Epoch 550 梯度检查:
================================================================================

  参数名称                              梯度范数         梯度均值 状态             
  ----------------------------------------------------------------------
  type_relations                0.000001     0.000000 ✅ 正常           
  exist_relation                0.000100     0.000007 ✅ 正常           
  mi_proj_layer0                0.068283     0.000286 ✅ 正常           
  dis_proj_layer0               0.069833     0.000292 ✅ 正常           
================================================================================

Epoch 550, Total Loss: 13.9406, Recover Loss: 0.9271, miRNA CL: 6.5399, Disease CL: 6.2017, Inter-view (est): 2.9404, Recon Loss: 0.0278, Time: 398.69s
[INFO] Hypergraph updated at epoch 600

🔧 Epoch 600 梯度检查:
================================================================================

  参数名称                              梯度范数         梯度均值 状态             
  ----------------------------------------------------------------------
  type_relations                0.000001     0.000000 ✅ 正常           
  exist_relation                0.000098     0.000006 ✅ 正常           
  mi_proj_layer0                0.086760     0.000360 ✅ 正常           
  dis_proj_layer0               0.083035     0.000347 ✅ 正常           
================================================================================

Epoch 600, Total Loss: 13.8867, Recover Loss: 0.9223, miRNA CL: 6.5149, Disease CL: 6.1798, Inter-view (est): 2.9296, Recon Loss: 0.0273, Time: 427.86s
[INFO] Hypergraph updated at epoch 650

🔧 Epoch 650 梯度检查:
================================================================================
  ⚠️ 警告: type_relations梯度几乎为0 (norm=0.00000096)
     → 类型分类器可能没有学习!

  参数名称                              梯度范数         梯度均值 状态             
  ----------------------------------------------------------------------
  type_relations                0.000001     0.000000 ✅ 正常           
  exist_relation                0.000095     0.000006 ✅ 正常           
  mi_proj_layer0                0.085304     0.000352 ✅ 正常           
  dis_proj_layer0               0.086080     0.000357 ✅ 正常           
================================================================================

Epoch 650, Total Loss: 13.8287, Recover Loss: 0.9095, miRNA CL: 6.4920, Disease CL: 6.1587, Inter-view (est): 2.9194, Recon Loss: 0.0277, Time: 457.08s

================================================================================
Training completed. Running final test...
================================================================================
Fold 4 completed - AUC: 0.9801, Top-1 F1: 0.6512
Fold 4 training time: 457.73 seconds
=== Cross Validation Fold 5/5 ===
Using hidden dimensions: [256, 256] with 4 attention heads
[ABLATION] Running with mode = no_dv
优化模型初始化: miRNA数量 = 495, 疾病数量 = 383
   节点维度: 256 → 128
   类型数量: 4
   Temperature: 2.0 (可学习)
   Loss mode: two_head
   loss_mode=two_head
   exist_weight=0.100, type_weight=0.900

✅ SimplifiedMultiTypeAssociationLoss 初始化 (改进版)
   类别权重 (beta=0.99999): ['0.780', '1.822', '0.977', '0.421']
Original positive index shape: torch.Size([1072, 2])
Original negative index shape: torch.Size([135416, 2])
采样后负样本数量: 10720
🎯 Building TRUE DUAL VIEWS from four different sources...
📊 Data sources loaded:
  Disease semantic: torch.Size([383, 383])
  miRNA functional: torch.Size([495, 495])
  Disease-gene: torch.Size([383, 383])
  miRNA-sequence: torch.Size([495, 495])
🧬 Building miRNA dual-view hypergraphs...
  📊 miRNA View 1 (Sequence): torch.Size([495, 878])
  📊 miRNA View 2 (Function): torch.Size([495, 878])
🦠 Building disease dual-view hypergraphs...
  📊 Disease View 1 (Gene): torch.Size([383, 878])
  📊 Disease View 2 (Semantic): torch.Size([383, 878])
✅ Successfully built TRUE DUAL VIEWS:
   🧬 miRNA: Sequence Features (m_ss.xlsx) vs Functional Similarity (mi_fun_sim_2.0.csv)
   🦠 Disease: Gene Features (d_gs.xlsx) vs Semantic Similarity (dis_sem_sim_2.0.csv)

🔧 Epoch 1 梯度检查:
================================================================================

  参数名称                              梯度范数         梯度均值 状态             
  ----------------------------------------------------------------------
  type_relations                0.000025     0.000001 ✅ 正常           
  exist_relation                0.000151     0.000011 ✅ 正常           
  mi_proj_layer0                0.278577     0.001056 ✅ 正常           
  dis_proj_layer0               0.314262     0.001203 ✅ 正常           
================================================================================

Epoch 1, Total Loss: 20.8013, Recover Loss: 1.3177, miRNA CL: 9.1787, Disease CL: 8.4496, Inter-view (est): 4.0681, Recon Loss: 1.5568, Time: 0.57s
[INFO] Hypergraph updated at epoch 5
[INFO] Hypergraph updated at epoch 10
[INFO] Hypergraph updated at epoch 15
[INFO] Hypergraph updated at epoch 20
[INFO] Hypergraph updated at epoch 25
[INFO] Hypergraph updated at epoch 30
[INFO] Hypergraph updated at epoch 35
[INFO] Hypergraph updated at epoch 40
[INFO] Hypergraph updated at epoch 45
[INFO] Hypergraph updated at epoch 50

🔧 Epoch 50 梯度检查:
================================================================================

  参数名称                              梯度范数         梯度均值 状态             
  ----------------------------------------------------------------------
  type_relations                0.000017     0.000000 ✅ 正常           
  exist_relation                0.000146     0.000010 ✅ 正常           
  mi_proj_layer0                0.156545     0.000585 ✅ 正常           
  dis_proj_layer0               0.129975     0.000495 ✅ 正常           
================================================================================

Epoch 50, Total Loss: 17.0536, Recover Loss: 1.1833, miRNA CL: 7.7466, Disease CL: 7.7124, Inter-view (est): 3.5675, Recon Loss: 0.1271, Time: 87.47s
[INFO] Hypergraph updated at epoch 100

🔧 Epoch 100 梯度检查:
================================================================================

  参数名称                              梯度范数         梯度均值 状态             
  ----------------------------------------------------------------------
  type_relations                0.000010     0.000000 ✅ 正常           
  exist_relation                0.000140     0.000010 ✅ 正常           
  mi_proj_layer0                0.114793     0.000452 ✅ 正常           
  dis_proj_layer0               0.109284     0.000426 ✅ 正常           
================================================================================

Epoch 100, Total Loss: 15.7888, Recover Loss: 1.1316, miRNA CL: 7.3305, Disease CL: 7.0235, Inter-view (est): 3.3125, Recon Loss: 0.0328, Time: 118.68s
[INFO] Hypergraph updated at epoch 150

🔧 Epoch 150 梯度检查:
================================================================================

  参数名称                              梯度范数         梯度均值 状态             
  ----------------------------------------------------------------------
  type_relations                0.000007     0.000000 ✅ 正常           
  exist_relation                0.000136     0.000009 ✅ 正常           
  mi_proj_layer0                0.092648     0.000362 ✅ 正常           
  dis_proj_layer0               0.081094     0.000327 ✅ 正常           
================================================================================

Epoch 150, Total Loss: 15.1198, Recover Loss: 1.0879, miRNA CL: 7.0875, Disease CL: 6.6503, Inter-view (est): 3.1703, Recon Loss: 0.0315, Time: 154.49s
[INFO] Hypergraph updated at epoch 200

🔧 Epoch 200 梯度检查:
================================================================================

  参数名称                              梯度范数         梯度均值 状态             
  ----------------------------------------------------------------------
  type_relations                0.000005     0.000000 ✅ 正常           
  exist_relation                0.000133     0.000009 ✅ 正常           
  mi_proj_layer0                0.080933     0.000331 ✅ 正常           
  dis_proj_layer0               0.080944     0.000327 ✅ 正常           
================================================================================

Epoch 200, Total Loss: 14.7652, Recover Loss: 1.0570, miRNA CL: 6.9298, Disease CL: 6.4895, Inter-view (est): 3.0968, Recon Loss: 0.0306, Time: 189.54s
[INFO] Hypergraph updated at epoch 250

🔧 Epoch 250 梯度检查:
================================================================================

  参数名称                              梯度范数         梯度均值 状态             
  ----------------------------------------------------------------------
  type_relations                0.000004     0.000000 ✅ 正常           
  exist_relation                0.000131     0.000009 ✅ 正常           
  mi_proj_layer0                0.078010     0.000324 ✅ 正常           
  dis_proj_layer0               0.067112     0.000276 ✅ 正常           
================================================================================

Epoch 250, Total Loss: 14.5538, Recover Loss: 1.0365, miRNA CL: 6.8074, Disease CL: 6.4243, Inter-view (est): 3.0535, Recon Loss: 0.0302, Time: 221.64s
[INFO] Hypergraph updated at epoch 300

🔧 Epoch 300 梯度检查:
================================================================================

  参数名称                              梯度范数         梯度均值 状态             
  ----------------------------------------------------------------------
  type_relations                0.000004     0.000000 ✅ 正常           
  exist_relation                0.000129     0.000009 ✅ 正常           
  mi_proj_layer0                0.088572     0.000366 ✅ 正常           
  dis_proj_layer0               0.091237     0.000369 ✅ 正常           
================================================================================

Epoch 300, Total Loss: 14.4371, Recover Loss: 1.0194, miRNA CL: 6.7521, Disease CL: 6.3828, Inter-view (est): 3.0311, Recon Loss: 0.0297, Time: 250.96s
[INFO] Hypergraph updated at epoch 350

🔧 Epoch 350 梯度检查:
================================================================================

  参数名称                              梯度范数         梯度均值 状态             
  ----------------------------------------------------------------------
  type_relations                0.000003     0.000000 ✅ 正常           
  exist_relation                0.000128     0.000008 ✅ 正常           
  mi_proj_layer0                0.080178     0.000333 ✅ 正常           
  dis_proj_layer0               0.083777     0.000339 ✅ 正常           
================================================================================

Epoch 350, Total Loss: 14.3260, Recover Loss: 0.9924, miRNA CL: 6.7016, Disease CL: 6.3510, Inter-view (est): 3.0121, Recon Loss: 0.0297, Time: 280.83s
[INFO] Hypergraph updated at epoch 400

🔧 Epoch 400 梯度检查:
================================================================================

  参数名称                              梯度范数         梯度均值 状态             
  ----------------------------------------------------------------------
  type_relations                0.000003     0.000000 ✅ 正常           
  exist_relation                0.000126     0.000008 ✅ 正常           
  mi_proj_layer0                0.083470     0.000342 ✅ 正常           
  dis_proj_layer0               0.091459     0.000358 ✅ 正常           
================================================================================

Epoch 400, Total Loss: 14.2419, Recover Loss: 0.9776, miRNA CL: 6.6683, Disease CL: 6.3180, Inter-view (est): 2.9968, Recon Loss: 0.0286, Time: 310.13s
[INFO] Hypergraph updated at epoch 450

🔧 Epoch 450 梯度检查:
================================================================================

  参数名称                              梯度范数         梯度均值 状态             
  ----------------------------------------------------------------------
  type_relations                0.000002     0.000000 ✅ 正常           
  exist_relation                0.000124     0.000008 ✅ 正常           
  mi_proj_layer0                0.077784     0.000324 ✅ 正常           
  dis_proj_layer0               0.084428     0.000348 ✅ 正常           
================================================================================

Epoch 450, Total Loss: 14.1575, Recover Loss: 0.9598, miRNA CL: 6.6363, Disease CL: 6.2857, Inter-view (est): 2.9820, Recon Loss: 0.0283, Time: 339.35s
[INFO] Hypergraph updated at epoch 500

🔧 Epoch 500 梯度检查:
================================================================================

  参数名称                              梯度范数         梯度均值 状态             
  ----------------------------------------------------------------------
  type_relations                0.000002     0.000000 ✅ 正常           
  exist_relation                0.000122     0.000008 ✅ 正常           
  mi_proj_layer0                0.073270     0.000309 ✅ 正常           
  dis_proj_layer0               0.077657     0.000320 ✅ 正常           
================================================================================

Epoch 500, Total Loss: 14.0782, Recover Loss: 0.9424, miRNA CL: 6.6047, Disease CL: 6.2569, Inter-view (est): 2.9681, Recon Loss: 0.0287, Time: 369.01s
[INFO] Hypergraph updated at epoch 550

🔧 Epoch 550 梯度检查:
================================================================================

  参数名称                              梯度范数         梯度均值 状态             
  ----------------------------------------------------------------------
  type_relations                0.000002     0.000000 ✅ 正常           
  exist_relation                0.000120     0.000008 ✅ 正常           
  mi_proj_layer0                0.089722     0.000373 ✅ 正常           
  dis_proj_layer0               0.083042     0.000341 ✅ 正常           
================================================================================

Epoch 550, Total Loss: 14.0169, Recover Loss: 0.9359, miRNA CL: 6.5785, Disease CL: 6.2311, Inter-view (est): 2.9561, Recon Loss: 0.0280, Time: 397.88s
[INFO] Hypergraph updated at epoch 600

🔧 Epoch 600 梯度检查:
================================================================================

  参数名称                              梯度范数         梯度均值 状态             
  ----------------------------------------------------------------------
  type_relations                0.000001     0.000000 ✅ 正常           
  exist_relation                0.000117     0.000007 ✅ 正常           
  mi_proj_layer0                0.070619     0.000295 ✅ 正常           
  dis_proj_layer0               0.086465     0.000353 ✅ 正常           
================================================================================

Epoch 600, Total Loss: 13.9533, Recover Loss: 0.9227, miRNA CL: 6.5554, Disease CL: 6.2069, Inter-view (est): 2.9451, Recon Loss: 0.0270, Time: 426.40s
[INFO] Hypergraph updated at epoch 650

🔧 Epoch 650 梯度检查:
================================================================================

  参数名称                              梯度范数         梯度均值 状态             
  ----------------------------------------------------------------------
  type_relations                0.000001     0.000000 ✅ 正常           
  exist_relation                0.000116     0.000007 ✅ 正常           
  mi_proj_layer0                0.063405     0.000264 ✅ 正常           
  dis_proj_layer0               0.062156     0.000261 ✅ 正常           
================================================================================

Epoch 650, Total Loss: 13.9065, Recover Loss: 0.9155, miRNA CL: 6.5353, Disease CL: 6.1888, Inter-view (est): 2.9363, Recon Loss: 0.0270, Time: 454.95s

================================================================================
Training completed. Running final test...
================================================================================
Fold 5 completed - AUC: 0.9821, Top-1 F1: 0.6199
Fold 5 training time: 455.61 seconds
Average binary metrics across folds: [[0.98130708 0.97848203 0.93940766 0.93850746 0.95298507 0.92402985
  0.92683   ]]
🎯 Average Top-1 metrics across folds: {'top1_precision': 0.6246268656716418, 'top1_recall': np.float64(0.6370375655471202), 'top1_f1': np.float64(0.6302602871027728)}

📊 CV_type Style Metrics Details:
  AUC            : 0.9813
  AUPR           : 0.9785
  F1             : 0.9394
  Accuracy       : 0.9385
  Recall         : 0.9530
  Specificity    : 0.9240
  Precision      : 0.9268

🎯 Top-1 Metrics Details:
  top1_precision : 0.6246
  top1_recall    : 0.6370
  top1_f1        : 0.6303

Total execution time: 2440.80 seconds

==========================================================================================
🎯 FINAL COMPREHENSIVE RESULTS WITH TOP-1 METRICS
==========================================================================================
📊 Binary Classification Metrics (Original):
  AUC: 0.9813
  AUPR: 0.9785
  F1: 0.9394
  Accuracy: 0.9385
  Recall: 0.9530
  Specificity: 0.9240
  Precision: 0.9268

🎯 CV_type Style Metrics (Enhanced):
  AUC: 0.9813
  AUPR: 0.9785
  F1: 0.9394
  Accuracy: 0.9385
  Recall: 0.9530
  Specificity: 0.9240
  Precision: 0.9268

🏆 Top-1 Metrics (NEW):
  Top-1 Precision: 0.6246
  Top-1 Recall: 0.6370
  Top-1 F1: 0.6303
==========================================================================================
