[CPU] torch.set_num_threads(8), interop=min(4, 8)
Using device: cpu
[INFO] Auto-computed BALANCED class weights (to prevent class collapse):
  Circulation  (  367 samples): 0.780
  Epigenetics  (  157 samples): 1.823
  Target       (  293 samples): 0.977
  Genetics     (  681 samples): 0.420
  [NOTE] Higher weights for minority classes to prevent model from only predicting majority class
[INFO] Using v2.0_495m383D dataset:
  miRNAs: 495
  Diseases: 383
  Expected associations: ~1498
  Types: 4 (Circulation, Epigenetics, Target, Genetics)

================================================================================
Configuration Summary
================================================================================
Dataset: v2.0_495m383D
Data Path: ./
Model: HeterogenousGraphCLAMIR
  - HGT Layers: 2
  - Attention Heads: 4
  - Association Types: 4
  - Inter-view CL: Enabled
    - Weight: 0.3
    - Temperature: 0.5
    - Margin: 0.5

Training:
  - Epochs: 650
  - Learning Rate: 0.0001
  - Dropout: 0.3
  - Weight Decay: 5e-05
  - Focal Loss: Enabled

Evaluation:
  - Cross-Validation Folds: 5
  - Primary Metric: AUPR

Device: cpu
Random Seed: 0
================================================================================

[SEED] Re-seeded với args.seed = 0
🚀 Running with comprehensive evaluation including Top-1 metrics...
🎯 Loading dual-view data...
Starting dual-view data preparation with new file format...
Loading all similarity and feature files from v2.0_495m383D...
✅ Loaded disease semantic similarity from D_SSM1.txt: (383, 383)
✅ Loaded miRNA functional similarity from M_FSM.txt: (495, 495)
✅ Loaded multi-type association pairs from ./v2.0_495m383D/multi_all_mirna_disease_pairs_without_negative.csv: (1679, 3)
✅ Created multi-type association matrix: (495, 383)
📊 Multi-type Association Statistics:
   无关联 (No association): 188087 pairs (99.21%)
   循环类型 (Circulation): 367 pairs (0.19%)
   表观遗传学 (Epigenetics): 157 pairs (0.08%)
   靶标类型 (Target): 293 pairs (0.15%)
   遗传学类型 (Genetics): 681 pairs (0.36%)
✅ Created association matrix from CSV: (495, 383)
✅ Loaded disease-gene features from D_SSM2.txt: torch.Size([383, 383])
✅ Loaded miRNA-sequence features from M_GSM.txt: torch.Size([495, 495])
Processing integrated similarity matrices...
Loaded similarity matrices from cache
Processing indices...
Loaded indices from cache (seed=0)
✅ Dual-view data preparation completed in 0.32 seconds

============================================================
🎯 DUAL-VIEW CONFIGURATION SUMMARY (v2.0_495m383D)
============================================================
miRNA Dual Views:
  📊 View 1 (Sequence): M_GSM.txt torch.Size([495, 495])
  📊 View 2 (Function): M_FSM.txt torch.Size([495, 495])

Disease Dual Views:
  📊 View 1 (Gene): D_SSM2.txt torch.Size([383, 383])
  📊 View 2 (Semantic): D_SSM1.txt torch.Size([383, 383])

Association Matrix: torch.Size([495, 383])
Data source: v2.0_495m383D (495 miRNAs × 383 Diseases)
============================================================
Preloading dual-view data to device...
✅ Loaded disease-gene features to device: torch.Size([383, 383])
✅ Loaded miRNA-sequence features to device: torch.Size([495, 495])
✅ Loaded disease semantic similarity to device: torch.Size([383, 383])
✅ Loaded miRNA functional similarity to device: torch.Size([495, 495])
✅ Dual-view data preloading completed in 0.00 seconds
OptimizedDataset initialized with 5 folds
Using device: cpu
=== Cross Validation Fold 1/5 ===
Using hidden dimensions: [256, 256] with 4 attention heads
优化模型初始化: miRNA数量 = 495, 疾病数量 = 383
   节点维度: 256 → 128
   类型数量: 4
   Temperature: 2.0 (可学习)
   Loss mode: two_head
   loss_mode=two_head
   exist_weight=0.100, type_weight=0.900

✅ SimplifiedMultiTypeAssociationLoss 初始化 (改进版)
   类别权重 (beta=0.99999): ['0.780', '1.822', '0.977', '0.421']
Original positive index shape: torch.Size([1072, 2])
Original negative index shape: torch.Size([135416, 2])
采样后负样本数量: 10720
🎯 Building TRUE DUAL VIEWS from four different sources...
📊 Data sources loaded:
  Disease semantic: torch.Size([383, 383])
  miRNA functional: torch.Size([495, 495])
  Disease-gene: torch.Size([383, 383])
  miRNA-sequence: torch.Size([495, 495])
🧬 Building miRNA dual-view hypergraphs...
  📊 miRNA View 1 (Sequence): torch.Size([495, 878])
  📊 miRNA View 2 (Function): torch.Size([495, 878])
🦠 Building disease dual-view hypergraphs...
  📊 Disease View 1 (Gene): torch.Size([383, 878])
  📊 Disease View 2 (Semantic): torch.Size([383, 878])
✅ Successfully built TRUE DUAL VIEWS:
   🧬 miRNA: Sequence Features (m_ss.xlsx) vs Functional Similarity (mi_fun_sim_2.0.csv)
   🦠 Disease: Gene Features (d_gs.xlsx) vs Semantic Similarity (dis_sem_sim_2.0.csv)

🔧 Epoch 1 梯度检查:
================================================================================

  参数名称                              梯度范数         梯度均值 状态             
  ----------------------------------------------------------------------
  type_relations                0.000025     0.000001 ✅ 正常           
  exist_relation                0.000145     0.000010 ✅ 正常           
  mi_proj_layer0                0.323263     0.001226 ✅ 正常           
  dis_proj_layer0               0.307077     0.001217 ✅ 正常           
================================================================================

Epoch 1, Total Loss: 20.4042, Recover Loss: 1.3298, miRNA CL: 8.9256, Disease CL: 8.4437, Inter-view (est): 4.0083, Recon Loss: 1.4066, Time: 0.65s
[INFO] Hypergraph updated at epoch 5
[INFO] Hypergraph updated at epoch 10
[INFO] Hypergraph updated at epoch 15
[INFO] Hypergraph updated at epoch 20
[INFO] Hypergraph updated at epoch 25
[INFO] Hypergraph updated at epoch 30
[INFO] Hypergraph updated at epoch 35
[INFO] Hypergraph updated at epoch 40
[INFO] Hypergraph updated at epoch 45
[INFO] Hypergraph updated at epoch 50

🔧 Epoch 50 梯度检查:
================================================================================

  参数名称                              梯度范数         梯度均值 状态             
  ----------------------------------------------------------------------
  type_relations                0.000017     0.000000 ✅ 正常           
  exist_relation                0.000140     0.000010 ✅ 正常           
  mi_proj_layer0                0.109453     0.000439 ✅ 正常           
  dis_proj_layer0               0.143736     0.000568 ✅ 正常           
================================================================================

Epoch 50, Total Loss: 16.9830, Recover Loss: 1.1160, miRNA CL: 7.8597, Disease CL: 7.6429, Inter-view (est): 3.5775, Recon Loss: 0.0797, Time: 108.09s
[INFO] Hypergraph updated at epoch 100

🔧 Epoch 100 梯度检查:
================================================================================

  参数名称                              梯度范数         梯度均值 状态             
  ----------------------------------------------------------------------
  type_relations                0.000010     0.000000 ✅ 正常           
  exist_relation                0.000134     0.000009 ✅ 正常           
  mi_proj_layer0                0.088147     0.000363 ✅ 正常           
  dis_proj_layer0               0.108097     0.000433 ✅ 正常           
================================================================================

Epoch 100, Total Loss: 15.6225, Recover Loss: 1.0028, miRNA CL: 7.4482, Disease CL: 6.8700, Inter-view (est): 3.3042, Recon Loss: 0.0295, Time: 142.95s
[INFO] Hypergraph updated at epoch 150

🔧 Epoch 150 梯度检查:
================================================================================

  参数名称                              梯度范数         梯度均值 状态             
  ----------------------------------------------------------------------
  type_relations                0.000007     0.000000 ✅ 正常           
  exist_relation                0.000130     0.000009 ✅ 正常           
  mi_proj_layer0                0.083984     0.000354 ✅ 正常           
  dis_proj_layer0               0.094357     0.000394 ✅ 正常           
================================================================================

Epoch 150, Total Loss: 14.8834, Recover Loss: 0.9686, miRNA CL: 7.0233, Disease CL: 6.5989, Inter-view (est): 3.1436, Recon Loss: 0.0271, Time: 174.53s
[INFO] Hypergraph updated at epoch 200

🔧 Epoch 200 梯度检查:
================================================================================

  参数名称                              梯度范数         梯度均值 状态             
  ----------------------------------------------------------------------
  type_relations                0.000005     0.000000 ✅ 正常           
  exist_relation                0.000128     0.000009 ✅ 正常           
  mi_proj_layer0                0.093309     0.000391 ✅ 正常           
  dis_proj_layer0               0.106364     0.000448 ✅ 正常           
================================================================================

Epoch 200, Total Loss: 14.5744, Recover Loss: 0.9379, miRNA CL: 6.8648, Disease CL: 6.4823, Inter-view (est): 3.0801, Recon Loss: 0.0276, Time: 207.09s
[INFO] Hypergraph updated at epoch 250

🔧 Epoch 250 梯度检查:
================================================================================

  参数名称                              梯度范数         梯度均值 状态             
  ----------------------------------------------------------------------
  type_relations                0.000004     0.000000 ✅ 正常           
  exist_relation                0.000126     0.000009 ✅ 正常           
  mi_proj_layer0                0.096555     0.000399 ✅ 正常           
  dis_proj_layer0               0.091529     0.000379 ✅ 正常           
================================================================================

Epoch 250, Total Loss: 14.3555, Recover Loss: 0.9162, miRNA CL: 6.7652, Disease CL: 6.3893, Inter-view (est): 3.0357, Recon Loss: 0.0261, Time: 238.72s
[INFO] Hypergraph updated at epoch 300

🔧 Epoch 300 梯度检查:
================================================================================

  参数名称                              梯度范数         梯度均值 状态             
  ----------------------------------------------------------------------
  type_relations                0.000004     0.000000 ✅ 正常           
  exist_relation                0.000123     0.000008 ✅ 正常           
  mi_proj_layer0                0.070752     0.000300 ✅ 正常           
  dis_proj_layer0               0.083895     0.000341 ✅ 正常           
================================================================================

Epoch 300, Total Loss: 14.1878, Recover Loss: 0.8957, miRNA CL: 6.6972, Disease CL: 6.3134, Inter-view (est): 3.0024, Recon Loss: 0.0258, Time: 270.74s
[INFO] Hypergraph updated at epoch 350

🔧 Epoch 350 梯度检查:
================================================================================

  参数名称                              梯度范数         梯度均值 状态             
  ----------------------------------------------------------------------
  type_relations                0.000003     0.000000 ✅ 正常           
  exist_relation                0.000122     0.000008 ✅ 正常           
  mi_proj_layer0                0.068608     0.000291 ✅ 正常           
  dis_proj_layer0               0.068117     0.000287 ✅ 正常           
================================================================================

Epoch 350, Total Loss: 14.0968, Recover Loss: 0.8847, miRNA CL: 6.6596, Disease CL: 6.2721, Inter-view (est): 2.9842, Recon Loss: 0.0264, Time: 302.51s
[INFO] Hypergraph updated at epoch 400

🔧 Epoch 400 梯度检查:
================================================================================

  参数名称                              梯度范数         梯度均值 状态             
  ----------------------------------------------------------------------
  type_relations                0.000003     0.000000 ✅ 正常           
  exist_relation                0.000120     0.000008 ✅ 正常           
  mi_proj_layer0                0.093826     0.000386 ✅ 正常           
  dis_proj_layer0               0.097355     0.000406 ✅ 正常           
================================================================================

Epoch 400, Total Loss: 14.0252, Recover Loss: 0.8861, miRNA CL: 6.6255, Disease CL: 6.2365, Inter-view (est): 2.9682, Recon Loss: 0.0252, Time: 334.38s
[INFO] Hypergraph updated at epoch 450

🔧 Epoch 450 梯度检查:
================================================================================

  参数名称                              梯度范数         梯度均值 状态             
  ----------------------------------------------------------------------
  type_relations                0.000002     0.000000 ✅ 正常           
  exist_relation                0.000119     0.000008 ✅ 正常           
  mi_proj_layer0                0.065152     0.000279 ✅ 正常           
  dis_proj_layer0               0.084513     0.000346 ✅ 正常           
================================================================================

Epoch 450, Total Loss: 13.9501, Recover Loss: 0.8744, miRNA CL: 6.5927, Disease CL: 6.2075, Inter-view (est): 2.9539, Recon Loss: 0.0255, Time: 366.30s
[INFO] Hypergraph updated at epoch 500

🔧 Epoch 500 梯度检查:
================================================================================

  参数名称                              梯度范数         梯度均值 状态             
  ----------------------------------------------------------------------
  type_relations                0.000002     0.000000 ✅ 正常           
  exist_relation                0.000117     0.000008 ✅ 正常           
  mi_proj_layer0                0.070627     0.000297 ✅ 正常           
  dis_proj_layer0               0.068695     0.000286 ✅ 正常           
================================================================================

Epoch 500, Total Loss: 13.9011, Recover Loss: 0.8656, miRNA CL: 6.5755, Disease CL: 6.1862, Inter-view (est): 2.9450, Recon Loss: 0.0254, Time: 397.57s
[INFO] Hypergraph updated at epoch 550

🔧 Epoch 550 梯度检查:
================================================================================

  参数名称                              梯度范数         梯度均值 状态             
  ----------------------------------------------------------------------
  type_relations                0.000002     0.000000 ✅ 正常           
  exist_relation                0.000116     0.000008 ✅ 正常           
  mi_proj_layer0                0.065117     0.000268 ✅ 正常           
  dis_proj_layer0               0.063286     0.000267 ✅ 正常           
================================================================================

Epoch 550, Total Loss: 13.8437, Recover Loss: 0.8596, miRNA CL: 6.5479, Disease CL: 6.1648, Inter-view (est): 2.9337, Recon Loss: 0.0248, Time: 426.67s
[INFO] Hypergraph updated at epoch 600

🔧 Epoch 600 梯度检查:
================================================================================

  参数名称                              梯度范数         梯度均值 状态             
  ----------------------------------------------------------------------
  type_relations                0.000001     0.000000 ✅ 正常           
  exist_relation                0.000114     0.000007 ✅ 正常           
  mi_proj_layer0                0.063836     0.000272 ✅ 正常           
  dis_proj_layer0               0.060070     0.000252 ✅ 正常           
================================================================================

Epoch 600, Total Loss: 13.7930, Recover Loss: 0.8546, miRNA CL: 6.5228, Disease CL: 6.1460, Inter-view (est): 2.9236, Recon Loss: 0.0249, Time: 455.93s
[INFO] Hypergraph updated at epoch 650

🔧 Epoch 650 梯度检查:
================================================================================

  参数名称                              梯度范数         梯度均值 状态             
  ----------------------------------------------------------------------
  type_relations                0.000001     0.000000 ✅ 正常           
  exist_relation                0.000112     0.000007 ✅ 正常           
  mi_proj_layer0                0.059405     0.000254 ✅ 正常           
  dis_proj_layer0               0.067537     0.000274 ✅ 正常           
================================================================================

Epoch 650, Total Loss: 13.7517, Recover Loss: 0.8501, miRNA CL: 6.5057, Disease CL: 6.1283, Inter-view (est): 2.9155, Recon Loss: 0.0245, Time: 485.72s

================================================================================
Training completed. Running final test...
================================================================================
Fold 1 completed - AUC: 0.9874, Top-1 F1: 0.7419
Fold 1 training time: 486.73 seconds
=== Cross Validation Fold 2/5 ===
Using hidden dimensions: [256, 256] with 4 attention heads
优化模型初始化: miRNA数量 = 495, 疾病数量 = 383
   节点维度: 256 → 128
   类型数量: 4
   Temperature: 2.0 (可学习)
   Loss mode: two_head
   loss_mode=two_head
   exist_weight=0.100, type_weight=0.900

✅ SimplifiedMultiTypeAssociationLoss 初始化 (改进版)
   类别权重 (beta=0.99999): ['0.780', '1.822', '0.977', '0.421']
Original positive index shape: torch.Size([1072, 2])
Original negative index shape: torch.Size([135416, 2])
采样后负样本数量: 10720
🎯 Building TRUE DUAL VIEWS from four different sources...
📊 Data sources loaded:
  Disease semantic: torch.Size([383, 383])
  miRNA functional: torch.Size([495, 495])
  Disease-gene: torch.Size([383, 383])
  miRNA-sequence: torch.Size([495, 495])
🧬 Building miRNA dual-view hypergraphs...
  📊 miRNA View 1 (Sequence): torch.Size([495, 878])
  📊 miRNA View 2 (Function): torch.Size([495, 878])
🦠 Building disease dual-view hypergraphs...
  📊 Disease View 1 (Gene): torch.Size([383, 878])
  📊 Disease View 2 (Semantic): torch.Size([383, 878])
✅ Successfully built TRUE DUAL VIEWS:
   🧬 miRNA: Sequence Features (m_ss.xlsx) vs Functional Similarity (mi_fun_sim_2.0.csv)
   🦠 Disease: Gene Features (d_gs.xlsx) vs Semantic Similarity (dis_sem_sim_2.0.csv)

🔧 Epoch 1 梯度检查:
================================================================================

  参数名称                              梯度范数         梯度均值 状态             
  ----------------------------------------------------------------------
  type_relations                0.000025     0.000001 ✅ 正常           
  exist_relation                0.000140     0.000010 ✅ 正常           
  mi_proj_layer0                0.301395     0.001151 ✅ 正常           
  dis_proj_layer0               0.262885     0.001048 ✅ 正常           
================================================================================

Epoch 1, Total Loss: 20.5142, Recover Loss: 1.3319, miRNA CL: 9.0483, Disease CL: 8.4329, Inter-view (est): 4.0341, Recon Loss: 1.4024, Time: 0.58s
[INFO] Hypergraph updated at epoch 5
[INFO] Hypergraph updated at epoch 10
[INFO] Hypergraph updated at epoch 15
[INFO] Hypergraph updated at epoch 20
[INFO] Hypergraph updated at epoch 25
[INFO] Hypergraph updated at epoch 30
[INFO] Hypergraph updated at epoch 35
[INFO] Hypergraph updated at epoch 40
[INFO] Hypergraph updated at epoch 45
[INFO] Hypergraph updated at epoch 50

🔧 Epoch 50 梯度检查:
================================================================================

  参数名称                              梯度范数         梯度均值 状态             
  ----------------------------------------------------------------------
  type_relations                0.000017     0.000000 ✅ 正常           
  exist_relation                0.000135     0.000010 ✅ 正常           
  mi_proj_layer0                0.112760     0.000455 ✅ 正常           
  dis_proj_layer0               0.134820     0.000541 ✅ 正常           
================================================================================

Epoch 50, Total Loss: 16.9866, Recover Loss: 1.1124, miRNA CL: 7.8858, Disease CL: 7.6289, Inter-view (est): 3.5803, Recon Loss: 0.0749, Time: 89.65s
[INFO] Hypergraph updated at epoch 100

🔧 Epoch 100 梯度检查:
================================================================================

  参数名称                              梯度范数         梯度均值 状态             
  ----------------------------------------------------------------------
  type_relations                0.000010     0.000000 ✅ 正常           
  exist_relation                0.000129     0.000009 ✅ 正常           
  mi_proj_layer0                0.099692     0.000404 ✅ 正常           
  dis_proj_layer0               0.116362     0.000467 ✅ 正常           
================================================================================

Epoch 100, Total Loss: 15.6921, Recover Loss: 0.9944, miRNA CL: 7.5288, Disease CL: 6.8675, Inter-view (est): 3.3222, Recon Loss: 0.0302, Time: 120.57s
[INFO] Hypergraph updated at epoch 150

🔧 Epoch 150 梯度检查:
================================================================================

  参数名称                              梯度范数         梯度均值 状态             
  ----------------------------------------------------------------------
  type_relations                0.000006     0.000000 ✅ 正常           
  exist_relation                0.000124     0.000008 ✅ 正常           
  mi_proj_layer0                0.096789     0.000403 ✅ 正常           
  dis_proj_layer0               0.122696     0.000496 ✅ 正常           
================================================================================

Epoch 150, Total Loss: 14.8034, Recover Loss: 0.9495, miRNA CL: 7.0395, Disease CL: 6.5225, Inter-view (est): 3.1297, Recon Loss: 0.0284, Time: 149.42s
[INFO] Hypergraph updated at epoch 200

🔧 Epoch 200 梯度检查:
================================================================================

  参数名称                              梯度范数         梯度均值 状态             
  ----------------------------------------------------------------------
  type_relations                0.000005     0.000000 ✅ 正常           
  exist_relation                0.000122     0.000008 ✅ 正常           
  mi_proj_layer0                0.085755     0.000363 ✅ 正常           
  dis_proj_layer0               0.093482     0.000388 ✅ 正常           
================================================================================

Epoch 200, Total Loss: 14.5070, Recover Loss: 0.9273, miRNA CL: 6.8836, Disease CL: 6.4091, Inter-view (est): 3.0676, Recon Loss: 0.0273, Time: 178.03s
[INFO] Hypergraph updated at epoch 250

🔧 Epoch 250 梯度检查:
================================================================================

  参数名称                              梯度范数         梯度均值 状态             
  ----------------------------------------------------------------------
  type_relations                0.000004     0.000000 ✅ 正常           
  exist_relation                0.000120     0.000008 ✅ 正常           
  mi_proj_layer0                0.072275     0.000303 ✅ 正常           
  dis_proj_layer0               0.089285     0.000365 ✅ 正常           
================================================================================

Epoch 250, Total Loss: 14.3387, Recover Loss: 0.9078, miRNA CL: 6.8054, Disease CL: 6.3420, Inter-view (est): 3.0340, Recon Loss: 0.0266, Time: 206.77s
[INFO] Hypergraph updated at epoch 300

🔧 Epoch 300 梯度检查:
================================================================================

  参数名称                              梯度范数         梯度均值 状态             
  ----------------------------------------------------------------------
  type_relations                0.000004     0.000000 ✅ 正常           
  exist_relation                0.000118     0.000008 ✅ 正常           
  mi_proj_layer0                0.071830     0.000307 ✅ 正常           
  dis_proj_layer0               0.091757     0.000380 ✅ 正常           
================================================================================

Epoch 300, Total Loss: 14.2128, Recover Loss: 0.9018, miRNA CL: 6.7394, Disease CL: 6.2908, Inter-view (est): 3.0070, Recon Loss: 0.0265, Time: 236.26s
[INFO] Hypergraph updated at epoch 350

🔧 Epoch 350 梯度检查:
================================================================================

  参数名称                              梯度范数         梯度均值 状态             
  ----------------------------------------------------------------------
  type_relations                0.000003     0.000000 ✅ 正常           
  exist_relation                0.000116     0.000008 ✅ 正常           
  mi_proj_layer0                0.071351     0.000295 ✅ 正常           
  dis_proj_layer0               0.073148     0.000300 ✅ 正常           
================================================================================

Epoch 350, Total Loss: 14.1044, Recover Loss: 0.8836, miRNA CL: 6.6936, Disease CL: 6.2496, Inter-view (est): 2.9869, Recon Loss: 0.0259, Time: 265.48s
[INFO] Hypergraph updated at epoch 400

🔧 Epoch 400 梯度检查:
================================================================================

  参数名称                              梯度范数         梯度均值 状态             
  ----------------------------------------------------------------------
  type_relations                0.000003     0.000000 ✅ 正常           
  exist_relation                0.000115     0.000008 ✅ 正常           
  mi_proj_layer0                0.065563     0.000280 ✅ 正常           
  dis_proj_layer0               0.067214     0.000283 ✅ 正常           
================================================================================

Epoch 400, Total Loss: 14.0308, Recover Loss: 0.8791, miRNA CL: 6.6515, Disease CL: 6.2244, Inter-view (est): 2.9714, Recon Loss: 0.0261, Time: 294.79s
[INFO] Hypergraph updated at epoch 450

🔧 Epoch 450 梯度检查:
================================================================================

  参数名称                              梯度范数         梯度均值 状态             
  ----------------------------------------------------------------------
  type_relations                0.000002     0.000000 ✅ 正常           
  exist_relation                0.000113     0.000007 ✅ 正常           
  mi_proj_layer0                0.057175     0.000241 ✅ 正常           
  dis_proj_layer0               0.063066     0.000261 ✅ 正常           
================================================================================

Epoch 450, Total Loss: 13.9697, Recover Loss: 0.8790, miRNA CL: 6.6178, Disease CL: 6.1996, Inter-view (est): 2.9579, Recon Loss: 0.0255, Time: 323.45s
[INFO] Hypergraph updated at epoch 500

🔧 Epoch 500 梯度检查:
================================================================================

  参数名称                              梯度范数         梯度均值 状态             
  ----------------------------------------------------------------------
  type_relations                0.000002     0.000000 ✅ 正常           
  exist_relation                0.000112     0.000007 ✅ 正常           
  mi_proj_layer0                0.053162     0.000226 ✅ 正常           
  dis_proj_layer0               0.051598     0.000218 ✅ 正常           
================================================================================

Epoch 500, Total Loss: 13.8989, Recover Loss: 0.8676, miRNA CL: 6.5855, Disease CL: 6.1754, Inter-view (est): 2.9448, Recon Loss: 0.0247, Time: 352.40s
[INFO] Hypergraph updated at epoch 550

🔧 Epoch 550 梯度检查:
================================================================================

  参数名称                              梯度范数         梯度均值 状态             
  ----------------------------------------------------------------------
  type_relations                0.000002     0.000000 ✅ 正常           
  exist_relation                0.000110     0.000007 ✅ 正常           
  mi_proj_layer0                0.070527     0.000299 ✅ 正常           
  dis_proj_layer0               0.070067     0.000286 ✅ 正常           
================================================================================

Epoch 550, Total Loss: 13.8543, Recover Loss: 0.8684, miRNA CL: 6.5626, Disease CL: 6.1547, Inter-view (est): 2.9347, Recon Loss: 0.0248, Time: 381.41s
[INFO] Hypergraph updated at epoch 600

🔧 Epoch 600 梯度检查:
================================================================================

  参数名称                              梯度范数         梯度均值 状态             
  ----------------------------------------------------------------------
  type_relations                0.000001     0.000000 ✅ 正常           
  exist_relation                0.000109     0.000007 ✅ 正常           
  mi_proj_layer0                0.059273     0.000252 ✅ 正常           
  dis_proj_layer0               0.050875     0.000214 ✅ 正常           
================================================================================

Epoch 600, Total Loss: 13.8214, Recover Loss: 0.8621, miRNA CL: 6.5503, Disease CL: 6.1419, Inter-view (est): 2.9290, Recon Loss: 0.0245, Time: 410.25s
[INFO] Hypergraph updated at epoch 650

🔧 Epoch 650 梯度检查:
================================================================================

  参数名称                              梯度范数         梯度均值 状态             
  ----------------------------------------------------------------------
  type_relations                0.000001     0.000000 ✅ 正常           
  exist_relation                0.000108     0.000007 ✅ 正常           
  mi_proj_layer0                0.054709     0.000228 ✅ 正常           
  dis_proj_layer0               0.050203     0.000208 ✅ 正常           
================================================================================

Epoch 650, Total Loss: 13.7937, Recover Loss: 0.8655, miRNA CL: 6.5335, Disease CL: 6.1297, Inter-view (est): 2.9223, Recon Loss: 0.0237, Time: 439.04s

================================================================================
Training completed. Running final test...
================================================================================
Fold 2 completed - AUC: 0.9791, Top-1 F1: 0.6696
Fold 2 training time: 439.71 seconds
=== Cross Validation Fold 3/5 ===
Using hidden dimensions: [256, 256] with 4 attention heads
优化模型初始化: miRNA数量 = 495, 疾病数量 = 383
   节点维度: 256 → 128
   类型数量: 4
   Temperature: 2.0 (可学习)
   Loss mode: two_head
   loss_mode=two_head
   exist_weight=0.100, type_weight=0.900

✅ SimplifiedMultiTypeAssociationLoss 初始化 (改进版)
   类别权重 (beta=0.99999): ['0.780', '1.822', '0.977', '0.421']
Original positive index shape: torch.Size([1072, 2])
Original negative index shape: torch.Size([135416, 2])
采样后负样本数量: 10720
🎯 Building TRUE DUAL VIEWS from four different sources...
📊 Data sources loaded:
  Disease semantic: torch.Size([383, 383])
  miRNA functional: torch.Size([495, 495])
  Disease-gene: torch.Size([383, 383])
  miRNA-sequence: torch.Size([495, 495])
🧬 Building miRNA dual-view hypergraphs...
  📊 miRNA View 1 (Sequence): torch.Size([495, 878])
  📊 miRNA View 2 (Function): torch.Size([495, 878])
🦠 Building disease dual-view hypergraphs...
  📊 Disease View 1 (Gene): torch.Size([383, 878])
  📊 Disease View 2 (Semantic): torch.Size([383, 878])
✅ Successfully built TRUE DUAL VIEWS:
   🧬 miRNA: Sequence Features (m_ss.xlsx) vs Functional Similarity (mi_fun_sim_2.0.csv)
   🦠 Disease: Gene Features (d_gs.xlsx) vs Semantic Similarity (dis_sem_sim_2.0.csv)

🔧 Epoch 1 梯度检查:
================================================================================

  参数名称                              梯度范数         梯度均值 状态             
  ----------------------------------------------------------------------
  type_relations                0.000025     0.000001 ✅ 正常           
  exist_relation                0.000149     0.000011 ✅ 正常           
  mi_proj_layer0                0.438913     0.001645 ✅ 正常           
  dis_proj_layer0               0.486046     0.001863 ✅ 正常           
================================================================================

Epoch 1, Total Loss: 20.4332, Recover Loss: 1.3462, miRNA CL: 8.9813, Disease CL: 8.4122, Inter-view (est): 4.0139, Recon Loss: 1.3949, Time: 0.57s
[INFO] Hypergraph updated at epoch 5
[INFO] Hypergraph updated at epoch 10
[INFO] Hypergraph updated at epoch 15
[INFO] Hypergraph updated at epoch 20
[INFO] Hypergraph updated at epoch 25
[INFO] Hypergraph updated at epoch 30
[INFO] Hypergraph updated at epoch 35
[INFO] Hypergraph updated at epoch 40
[INFO] Hypergraph updated at epoch 45
[INFO] Hypergraph updated at epoch 50

🔧 Epoch 50 梯度检查:
================================================================================

  参数名称                              梯度范数         梯度均值 状态             
  ----------------------------------------------------------------------
  type_relations                0.000017     0.000000 ✅ 正常           
  exist_relation                0.000144     0.000010 ✅ 正常           
  mi_proj_layer0                0.151149     0.000580 ✅ 正常           
  dis_proj_layer0               0.165380     0.000655 ✅ 正常           
================================================================================

Epoch 50, Total Loss: 16.9935, Recover Loss: 1.1178, miRNA CL: 7.8967, Disease CL: 7.5993, Inter-view (est): 3.5760, Recon Loss: 0.0949, Time: 85.28s
[INFO] Hypergraph updated at epoch 100

🔧 Epoch 100 梯度检查:
================================================================================

  参数名称                              梯度范数         梯度均值 状态             
  ----------------------------------------------------------------------
  type_relations                0.000010     0.000000 ✅ 正常           
  exist_relation                0.000137     0.000010 ✅ 正常           
  mi_proj_layer0                0.105528     0.000427 ✅ 正常           
  dis_proj_layer0               0.116930     0.000466 ✅ 正常           
================================================================================

Epoch 100, Total Loss: 15.6188, Recover Loss: 0.9973, miRNA CL: 7.4729, Disease CL: 6.8474, Inter-view (est): 3.3047, Recon Loss: 0.0295, Time: 117.10s
[INFO] Hypergraph updated at epoch 150

🔧 Epoch 150 梯度检查:
================================================================================

  参数名称                              梯度范数         梯度均值 状态             
  ----------------------------------------------------------------------
  type_relations                0.000007     0.000000 ✅ 正常           
  exist_relation                0.000133     0.000009 ✅ 正常           
  mi_proj_layer0                0.077331     0.000324 ✅ 正常           
  dis_proj_layer0               0.089054     0.000362 ✅ 正常           
================================================================================

Epoch 150, Total Loss: 14.7844, Recover Loss: 0.9569, miRNA CL: 7.0297, Disease CL: 6.5056, Inter-view (est): 3.1235, Recon Loss: 0.0276, Time: 145.51s
[INFO] Hypergraph updated at epoch 200

🔧 Epoch 200 梯度检查:
================================================================================

  参数名称                              梯度范数         梯度均值 状态             
  ----------------------------------------------------------------------
  type_relations                0.000006     0.000000 ✅ 正常           
  exist_relation                0.000131     0.000009 ✅ 正常           
  mi_proj_layer0                0.079828     0.000331 ✅ 正常           
  dis_proj_layer0               0.090801     0.000367 ✅ 正常           
================================================================================

Epoch 200, Total Loss: 14.4523, Recover Loss: 0.9322, miRNA CL: 6.8559, Disease CL: 6.3763, Inter-view (est): 3.0536, Recon Loss: 0.0272, Time: 174.42s
[INFO] Hypergraph updated at epoch 250

🔧 Epoch 250 梯度检查:
================================================================================

  参数名称                              梯度范数         梯度均值 状态             
  ----------------------------------------------------------------------
  type_relations                0.000005     0.000000 ✅ 正常           
  exist_relation                0.000128     0.000009 ✅ 正常           
  mi_proj_layer0                0.079438     0.000332 ✅ 正常           
  dis_proj_layer0               0.078862     0.000329 ✅ 正常           
================================================================================

Epoch 250, Total Loss: 14.2585, Recover Loss: 0.9190, miRNA CL: 6.7555, Disease CL: 6.3010, Inter-view (est): 3.0130, Recon Loss: 0.0262, Time: 203.03s
[INFO] Hypergraph updated at epoch 300

🔧 Epoch 300 梯度检查:
================================================================================

  参数名称                              梯度范数         梯度均值 状态             
  ----------------------------------------------------------------------
  type_relations                0.000004     0.000000 ✅ 正常           
  exist_relation                0.000126     0.000009 ✅ 正常           
  mi_proj_layer0                0.071713     0.000305 ✅ 正常           
  dis_proj_layer0               0.075859     0.000315 ✅ 正常           
================================================================================

Epoch 300, Total Loss: 14.1192, Recover Loss: 0.8969, miRNA CL: 6.6912, Disease CL: 6.2511, Inter-view (est): 2.9867, Recon Loss: 0.0263, Time: 231.59s
[INFO] Hypergraph updated at epoch 350

🔧 Epoch 350 梯度检查:
================================================================================

  参数名称                              梯度范数         梯度均值 状态             
  ----------------------------------------------------------------------
  type_relations                0.000003     0.000000 ✅ 正常           
  exist_relation                0.000124     0.000008 ✅ 正常           
  mi_proj_layer0                0.067518     0.000286 ✅ 正常           
  dis_proj_layer0               0.073497     0.000305 ✅ 正常           
================================================================================

Epoch 350, Total Loss: 14.0390, Recover Loss: 0.8880, miRNA CL: 6.6545, Disease CL: 6.2192, Inter-view (est): 2.9709, Recon Loss: 0.0259, Time: 260.49s
[INFO] Hypergraph updated at epoch 400

🔧 Epoch 400 梯度检查:
================================================================================

  参数名称                              梯度范数         梯度均值 状态             
  ----------------------------------------------------------------------
  type_relations                0.000003     0.000000 ✅ 正常           
  exist_relation                0.000122     0.000008 ✅ 正常           
  mi_proj_layer0                0.061567     0.000262 ✅ 正常           
  dis_proj_layer0               0.059405     0.000251 ✅ 正常           
================================================================================

Epoch 400, Total Loss: 13.9528, Recover Loss: 0.8767, miRNA CL: 6.6098, Disease CL: 6.1914, Inter-view (est): 2.9541, Recon Loss: 0.0257, Time: 289.22s
[INFO] Hypergraph updated at epoch 450

🔧 Epoch 450 梯度检查:
================================================================================

  参数名称                              梯度范数         梯度均值 状态             
  ----------------------------------------------------------------------
  type_relations                0.000003     0.000000 ✅ 正常           
  exist_relation                0.000120     0.000008 ✅ 正常           
  mi_proj_layer0                0.058951     0.000250 ✅ 正常           
  dis_proj_layer0               0.062907     0.000263 ✅ 正常           
================================================================================

Epoch 450, Total Loss: 13.8922, Recover Loss: 0.8695, miRNA CL: 6.5817, Disease CL: 6.1687, Inter-view (est): 2.9424, Recon Loss: 0.0249, Time: 318.18s
[INFO] Hypergraph updated at epoch 500

🔧 Epoch 500 梯度检查:
================================================================================

  参数名称                              梯度范数         梯度均值 状态             
  ----------------------------------------------------------------------
  type_relations                0.000002     0.000000 ✅ 正常           
  exist_relation                0.000119     0.000008 ✅ 正常           
  mi_proj_layer0                0.071273     0.000299 ✅ 正常           
  dis_proj_layer0               0.075677     0.000307 ✅ 正常           
================================================================================

Epoch 500, Total Loss: 13.8413, Recover Loss: 0.8658, miRNA CL: 6.5554, Disease CL: 6.1498, Inter-view (est): 2.9320, Recon Loss: 0.0247, Time: 346.89s
[INFO] Hypergraph updated at epoch 550

🔧 Epoch 550 梯度检查:
================================================================================

  参数名称                              梯度范数         梯度均值 状态             
  ----------------------------------------------------------------------
  type_relations                0.000002     0.000000 ✅ 正常           
  exist_relation                0.000117     0.000008 ✅ 正常           
  mi_proj_layer0                0.053235     0.000223 ✅ 正常           
  dis_proj_layer0               0.053790     0.000222 ✅ 正常           
================================================================================

Epoch 550, Total Loss: 13.7894, Recover Loss: 0.8571, miRNA CL: 6.5313, Disease CL: 6.1320, Inter-view (est): 2.9223, Recon Loss: 0.0250, Time: 375.47s
[INFO] Hypergraph updated at epoch 600

🔧 Epoch 600 梯度检查:
================================================================================

  参数名称                              梯度范数         梯度均值 状态             
  ----------------------------------------------------------------------
  type_relations                0.000002     0.000000 ✅ 正常           
  exist_relation                0.000115     0.000008 ✅ 正常           
  mi_proj_layer0                0.058102     0.000246 ✅ 正常           
  dis_proj_layer0               0.057229     0.000238 ✅ 正常           
================================================================================

Epoch 600, Total Loss: 13.7462, Recover Loss: 0.8541, miRNA CL: 6.5095, Disease CL: 6.1157, Inter-view (est): 2.9135, Recon Loss: 0.0246, Time: 404.22s
[INFO] Hypergraph updated at epoch 650

🔧 Epoch 650 梯度检查:
================================================================================

  参数名称                              梯度范数         梯度均值 状态             
  ----------------------------------------------------------------------
  type_relations                0.000002     0.000000 ✅ 正常           
  exist_relation                0.000114     0.000008 ✅ 正常           
  mi_proj_layer0                0.066950     0.000284 ✅ 正常           
  dis_proj_layer0               0.077115     0.000315 ✅ 正常           
================================================================================

Epoch 650, Total Loss: 13.7082, Recover Loss: 0.8546, miRNA CL: 6.4872, Disease CL: 6.1012, Inter-view (est): 2.9050, Recon Loss: 0.0245, Time: 432.92s

================================================================================
Training completed. Running final test...
================================================================================
Fold 3 completed - AUC: 0.9825, Top-1 F1: 0.7060
Fold 3 training time: 433.62 seconds
=== Cross Validation Fold 4/5 ===
Using hidden dimensions: [256, 256] with 4 attention heads
优化模型初始化: miRNA数量 = 495, 疾病数量 = 383
   节点维度: 256 → 128
   类型数量: 4
   Temperature: 2.0 (可学习)
   Loss mode: two_head
   loss_mode=two_head
   exist_weight=0.100, type_weight=0.900

✅ SimplifiedMultiTypeAssociationLoss 初始化 (改进版)
   类别权重 (beta=0.99999): ['0.780', '1.822', '0.977', '0.421']
Original positive index shape: torch.Size([1072, 2])
Original negative index shape: torch.Size([135416, 2])
采样后负样本数量: 10720
🎯 Building TRUE DUAL VIEWS from four different sources...
📊 Data sources loaded:
  Disease semantic: torch.Size([383, 383])
  miRNA functional: torch.Size([495, 495])
  Disease-gene: torch.Size([383, 383])
  miRNA-sequence: torch.Size([495, 495])
🧬 Building miRNA dual-view hypergraphs...
  📊 miRNA View 1 (Sequence): torch.Size([495, 878])
  📊 miRNA View 2 (Function): torch.Size([495, 878])
🦠 Building disease dual-view hypergraphs...
  📊 Disease View 1 (Gene): torch.Size([383, 878])
  📊 Disease View 2 (Semantic): torch.Size([383, 878])
✅ Successfully built TRUE DUAL VIEWS:
   🧬 miRNA: Sequence Features (m_ss.xlsx) vs Functional Similarity (mi_fun_sim_2.0.csv)
   🦠 Disease: Gene Features (d_gs.xlsx) vs Semantic Similarity (dis_sem_sim_2.0.csv)

🔧 Epoch 1 梯度检查:
================================================================================

  参数名称                              梯度范数         梯度均值 状态             
  ----------------------------------------------------------------------
  type_relations                0.000025     0.000001 ✅ 正常           
  exist_relation                0.000156     0.000011 ✅ 正常           
  mi_proj_layer0                0.451199     0.001736 ✅ 正常           
  dis_proj_layer0               0.457757     0.001764 ✅ 正常           
================================================================================

Epoch 1, Total Loss: 20.5131, Recover Loss: 1.3366, miRNA CL: 9.0483, Disease CL: 8.4370, Inter-view (est): 4.0351, Recon Loss: 1.3927, Time: 0.54s
[INFO] Hypergraph updated at epoch 5
[INFO] Hypergraph updated at epoch 10
[INFO] Hypergraph updated at epoch 15
[INFO] Hypergraph updated at epoch 20
[INFO] Hypergraph updated at epoch 25
[INFO] Hypergraph updated at epoch 30
[INFO] Hypergraph updated at epoch 35
[INFO] Hypergraph updated at epoch 40
[INFO] Hypergraph updated at epoch 45
[INFO] Hypergraph updated at epoch 50

🔧 Epoch 50 梯度检查:
================================================================================

  参数名称                              梯度范数         梯度均值 状态             
  ----------------------------------------------------------------------
  type_relations                0.000017     0.000000 ✅ 正常           
  exist_relation                0.000151     0.000010 ✅ 正常           
  mi_proj_layer0                0.110203     0.000447 ✅ 正常           
  dis_proj_layer0               0.138043     0.000564 ✅ 正常           
================================================================================

Epoch 50, Total Loss: 16.8894, Recover Loss: 1.1105, miRNA CL: 7.8708, Disease CL: 7.5567, Inter-view (est): 3.5602, Recon Loss: 0.0667, Time: 85.12s
[INFO] Hypergraph updated at epoch 100

🔧 Epoch 100 梯度检查:
================================================================================

  参数名称                              梯度范数         梯度均值 状态             
  ----------------------------------------------------------------------
  type_relations                0.000009     0.000000 ✅ 正常           
  exist_relation                0.000146     0.000010 ✅ 正常           
  mi_proj_layer0                0.096586     0.000396 ✅ 正常           
  dis_proj_layer0               0.111024     0.000449 ✅ 正常           
================================================================================

Epoch 100, Total Loss: 15.5461, Recover Loss: 0.9993, miRNA CL: 7.4128, Disease CL: 6.8329, Inter-view (est): 3.2875, Recon Loss: 0.0291, Time: 117.85s
[INFO] Hypergraph updated at epoch 150

🔧 Epoch 150 梯度检查:
================================================================================

  参数名称                              梯度范数         梯度均值 状态             
  ----------------------------------------------------------------------
  type_relations                0.000007     0.000000 ✅ 正常           
  exist_relation                0.000142     0.000009 ✅ 正常           
  mi_proj_layer0                0.079986     0.000339 ✅ 正常           
  dis_proj_layer0               0.098968     0.000408 ✅ 正常           
================================================================================

Epoch 150, Total Loss: 14.8682, Recover Loss: 0.9490, miRNA CL: 7.0497, Disease CL: 6.5759, Inter-view (est): 3.1444, Recon Loss: 0.0278, Time: 147.02s
[INFO] Hypergraph updated at epoch 200

🔧 Epoch 200 梯度检查:
================================================================================

  参数名称                              梯度范数         梯度均值 状态             
  ----------------------------------------------------------------------
  type_relations                0.000006     0.000000 ✅ 正常           
  exist_relation                0.000141     0.000009 ✅ 正常           
  mi_proj_layer0                0.092249     0.000388 ✅ 正常           
  dis_proj_layer0               0.097959     0.000404 ✅ 正常           
================================================================================

Epoch 200, Total Loss: 14.6507, Recover Loss: 0.9375, miRNA CL: 6.9377, Disease CL: 6.4853, Inter-view (est): 3.0976, Recon Loss: 0.0269, Time: 175.12s
[INFO] Hypergraph updated at epoch 250

🔧 Epoch 250 梯度检查:
================================================================================

  参数名称                              梯度范数         梯度均值 状态             
  ----------------------------------------------------------------------
  type_relations                0.000005     0.000000 ✅ 正常           
  exist_relation                0.000139     0.000009 ✅ 正常           
  mi_proj_layer0                0.084997     0.000357 ✅ 正常           
  dis_proj_layer0               0.086660     0.000362 ✅ 正常           
================================================================================

Epoch 250, Total Loss: 14.4737, Recover Loss: 0.9266, miRNA CL: 6.8554, Disease CL: 6.4042, Inter-view (est): 3.0599, Recon Loss: 0.0266, Time: 203.15s
[INFO] Hypergraph updated at epoch 300

🔧 Epoch 300 梯度检查:
================================================================================

  参数名称                              梯度范数         梯度均值 状态             
  ----------------------------------------------------------------------
  type_relations                0.000004     0.000000 ✅ 正常           
  exist_relation                0.000137     0.000009 ✅ 正常           
  mi_proj_layer0                0.085766     0.000364 ✅ 正常           
  dis_proj_layer0               0.102079     0.000424 ✅ 正常           
================================================================================

Epoch 300, Total Loss: 14.3150, Recover Loss: 0.9137, miRNA CL: 6.7819, Disease CL: 6.3343, Inter-view (est): 3.0268, Recon Loss: 0.0266, Time: 231.35s
[INFO] Hypergraph updated at epoch 350

🔧 Epoch 350 梯度检查:
================================================================================

  参数名称                              梯度范数         梯度均值 状态             
  ----------------------------------------------------------------------
  type_relations                0.000004     0.000000 ✅ 正常           
  exist_relation                0.000136     0.000009 ✅ 正常           
  mi_proj_layer0                0.071875     0.000306 ✅ 正常           
  dis_proj_layer0               0.093280     0.000385 ✅ 正常           
================================================================================

Epoch 350, Total Loss: 14.1836, Recover Loss: 0.8981, miRNA CL: 6.7196, Disease CL: 6.2841, Inter-view (est): 3.0008, Recon Loss: 0.0258, Time: 259.82s
[INFO] Hypergraph updated at epoch 400

🔧 Epoch 400 梯度检查:
================================================================================

  参数名称                              梯度范数         梯度均值 状态             
  ----------------------------------------------------------------------
  type_relations                0.000003     0.000000 ✅ 正常           
  exist_relation                0.000134     0.000009 ✅ 正常           
  mi_proj_layer0                0.075052     0.000314 ✅ 正常           
  dis_proj_layer0               0.080009     0.000330 ✅ 正常           
================================================================================

Epoch 400, Total Loss: 14.0774, Recover Loss: 0.8884, miRNA CL: 6.6646, Disease CL: 6.2455, Inter-view (est): 2.9792, Recon Loss: 0.0255, Time: 287.81s
[INFO] Hypergraph updated at epoch 450

🔧 Epoch 450 梯度检查:
================================================================================

  参数名称                              梯度范数         梯度均值 状态             
  ----------------------------------------------------------------------
  type_relations                0.000003     0.000000 ✅ 正常           
  exist_relation                0.000132     0.000008 ✅ 正常           
  mi_proj_layer0                0.075452     0.000319 ✅ 正常           
  dis_proj_layer0               0.072857     0.000303 ✅ 正常           
================================================================================

Epoch 450, Total Loss: 13.9861, Recover Loss: 0.8771, miRNA CL: 6.6199, Disease CL: 6.2127, Inter-view (est): 2.9614, Recon Loss: 0.0253, Time: 316.17s
[INFO] Hypergraph updated at epoch 500

🔧 Epoch 500 梯度检查:
================================================================================

  参数名称                              梯度范数         梯度均值 状态             
  ----------------------------------------------------------------------
  type_relations                0.000002     0.000000 ✅ 正常           
  exist_relation                0.000130     0.000008 ✅ 正常           
  mi_proj_layer0                0.074480     0.000313 ✅ 正常           
  dis_proj_layer0               0.077117     0.000321 ✅ 正常           
================================================================================

Epoch 500, Total Loss: 13.9097, Recover Loss: 0.8705, miRNA CL: 6.5815, Disease CL: 6.1837, Inter-view (est): 2.9458, Recon Loss: 0.0253, Time: 344.66s
[INFO] Hypergraph updated at epoch 550

🔧 Epoch 550 梯度检查:
================================================================================

  参数名称                              梯度范数         梯度均值 状态             
  ----------------------------------------------------------------------
  type_relations                0.000002     0.000000 ✅ 正常           
  exist_relation                0.000128     0.000008 ✅ 正常           
  mi_proj_layer0                0.068667     0.000289 ✅ 正常           
  dis_proj_layer0               0.066840     0.000280 ✅ 正常           
================================================================================

Epoch 550, Total Loss: 13.8518, Recover Loss: 0.8640, miRNA CL: 6.5584, Disease CL: 6.1575, Inter-view (est): 2.9344, Recon Loss: 0.0253, Time: 372.99s
[INFO] Hypergraph updated at epoch 600

🔧 Epoch 600 梯度检查:
================================================================================

  参数名称                              梯度范数         梯度均值 状态             
  ----------------------------------------------------------------------
  type_relations                0.000002     0.000000 ✅ 正常           
  exist_relation                0.000126     0.000008 ✅ 正常           
  mi_proj_layer0                0.060754     0.000257 ✅ 正常           
  dis_proj_layer0               0.067328     0.000277 ✅ 正常           
================================================================================

Epoch 600, Total Loss: 13.7907, Recover Loss: 0.8537, miRNA CL: 6.5296, Disease CL: 6.1374, Inter-view (est): 2.9232, Recon Loss: 0.0252, Time: 401.50s
[INFO] Hypergraph updated at epoch 650

🔧 Epoch 650 梯度检查:
================================================================================

  参数名称                              梯度范数         梯度均值 状态             
  ----------------------------------------------------------------------
  type_relations                0.000001     0.000000 ✅ 正常           
  exist_relation                0.000124     0.000008 ✅ 正常           
  mi_proj_layer0                0.088105     0.000369 ✅ 正常           
  dis_proj_layer0               0.081084     0.000338 ✅ 正常           
================================================================================

Epoch 650, Total Loss: 13.7790, Recover Loss: 0.8565, miRNA CL: 6.5376, Disease CL: 6.1176, Inter-view (est): 2.9204, Recon Loss: 0.0244, Time: 429.83s

================================================================================
Training completed. Running final test...
================================================================================
Fold 4 completed - AUC: 0.9778, Top-1 F1: 0.6706
Fold 4 training time: 430.50 seconds
=== Cross Validation Fold 5/5 ===
Using hidden dimensions: [256, 256] with 4 attention heads
优化模型初始化: miRNA数量 = 495, 疾病数量 = 383
   节点维度: 256 → 128
   类型数量: 4
   Temperature: 2.0 (可学习)
   Loss mode: two_head
   loss_mode=two_head
   exist_weight=0.100, type_weight=0.900

✅ SimplifiedMultiTypeAssociationLoss 初始化 (改进版)
   类别权重 (beta=0.99999): ['0.780', '1.822', '0.977', '0.421']
Original positive index shape: torch.Size([1072, 2])
Original negative index shape: torch.Size([135416, 2])
采样后负样本数量: 10720
🎯 Building TRUE DUAL VIEWS from four different sources...
📊 Data sources loaded:
  Disease semantic: torch.Size([383, 383])
  miRNA functional: torch.Size([495, 495])
  Disease-gene: torch.Size([383, 383])
  miRNA-sequence: torch.Size([495, 495])
🧬 Building miRNA dual-view hypergraphs...
  📊 miRNA View 1 (Sequence): torch.Size([495, 878])
  📊 miRNA View 2 (Function): torch.Size([495, 878])
🦠 Building disease dual-view hypergraphs...
  📊 Disease View 1 (Gene): torch.Size([383, 878])
  📊 Disease View 2 (Semantic): torch.Size([383, 878])
✅ Successfully built TRUE DUAL VIEWS:
   🧬 miRNA: Sequence Features (m_ss.xlsx) vs Functional Similarity (mi_fun_sim_2.0.csv)
   🦠 Disease: Gene Features (d_gs.xlsx) vs Semantic Similarity (dis_sem_sim_2.0.csv)

🔧 Epoch 1 梯度检查:
================================================================================

  参数名称                              梯度范数         梯度均值 状态             
  ----------------------------------------------------------------------
  type_relations                0.000025     0.000001 ✅ 正常           
  exist_relation                0.000139     0.000010 ✅ 正常           
  mi_proj_layer0                0.343052     0.001271 ✅ 正常           
  dis_proj_layer0               0.311580     0.001234 ✅ 正常           
================================================================================

Epoch 1, Total Loss: 20.5570, Recover Loss: 1.3248, miRNA CL: 9.0867, Disease CL: 8.4640, Inter-view (est): 4.0502, Recon Loss: 1.3833, Time: 0.56s
[INFO] Hypergraph updated at epoch 5
[INFO] Hypergraph updated at epoch 10
[INFO] Hypergraph updated at epoch 15
[INFO] Hypergraph updated at epoch 20
[INFO] Hypergraph updated at epoch 25
[INFO] Hypergraph updated at epoch 30
[INFO] Hypergraph updated at epoch 35
[INFO] Hypergraph updated at epoch 40
[INFO] Hypergraph updated at epoch 45
[INFO] Hypergraph updated at epoch 50

🔧 Epoch 50 梯度检查:
================================================================================

  参数名称                              梯度范数         梯度均值 状态             
  ----------------------------------------------------------------------
  type_relations                0.000017     0.000000 ✅ 正常           
  exist_relation                0.000134     0.000009 ✅ 正常           
  mi_proj_layer0                0.113341     0.000462 ✅ 正常           
  dis_proj_layer0               0.129934     0.000536 ✅ 正常           
================================================================================

Epoch 50, Total Loss: 17.0210, Recover Loss: 1.1009, miRNA CL: 7.8929, Disease CL: 7.6649, Inter-view (est): 3.5903, Recon Loss: 0.0782, Time: 78.53s
[INFO] Hypergraph updated at epoch 100

🔧 Epoch 100 梯度检查:
================================================================================

  参数名称                              梯度范数         梯度均值 状态             
  ----------------------------------------------------------------------
  type_relations                0.000010     0.000000 ✅ 正常           
  exist_relation                0.000128     0.000009 ✅ 正常           
  mi_proj_layer0                0.123224     0.000489 ✅ 正常           
  dis_proj_layer0               0.127967     0.000509 ✅ 正常           
================================================================================

Epoch 100, Total Loss: 15.6273, Recover Loss: 1.0034, miRNA CL: 7.4403, Disease CL: 6.8823, Inter-view (est): 3.3052, Recon Loss: 0.0302, Time: 115.26s
[INFO] Hypergraph updated at epoch 150

🔧 Epoch 150 梯度检查:
================================================================================

  参数名称                              梯度范数         梯度均值 状态             
  ----------------------------------------------------------------------
  type_relations                0.000007     0.000000 ✅ 正常           
  exist_relation                0.000125     0.000008 ✅ 正常           
  mi_proj_layer0                0.073614     0.000311 ✅ 正常           
  dis_proj_layer0               0.085910     0.000358 ✅ 正常           
================================================================================

Epoch 150, Total Loss: 14.8875, Recover Loss: 0.9538, miRNA CL: 7.0281, Disease CL: 6.6132, Inter-view (est): 3.1480, Recon Loss: 0.0274, Time: 146.14s
[INFO] Hypergraph updated at epoch 200

🔧 Epoch 200 梯度检查:
================================================================================

  参数名称                              梯度范数         梯度均值 状态             
  ----------------------------------------------------------------------
  type_relations                0.000006     0.000000 ✅ 正常           
  exist_relation                0.000122     0.000008 ✅ 正常           
  mi_proj_layer0                0.071126     0.000302 ✅ 正常           
  dis_proj_layer0               0.083648     0.000340 ✅ 正常           
================================================================================

Epoch 200, Total Loss: 14.5748, Recover Loss: 0.9272, miRNA CL: 6.8797, Disease CL: 6.4795, Inter-view (est): 3.0829, Recon Loss: 0.0269, Time: 175.20s
[INFO] Hypergraph updated at epoch 250

🔧 Epoch 250 梯度检查:
================================================================================

  参数名称                              梯度范数         梯度均值 状态             
  ----------------------------------------------------------------------
  type_relations                0.000005     0.000000 ✅ 正常           
  exist_relation                0.000120     0.000008 ✅ 正常           
  mi_proj_layer0                0.075826     0.000320 ✅ 正常           
  dis_proj_layer0               0.088692     0.000365 ✅ 正常           
================================================================================

Epoch 250, Total Loss: 14.3562, Recover Loss: 0.9141, miRNA CL: 6.7756, Disease CL: 6.3820, Inter-view (est): 3.0364, Recon Loss: 0.0267, Time: 204.54s
[INFO] Hypergraph updated at epoch 300

🔧 Epoch 300 梯度检查:
================================================================================

  参数名称                              梯度范数         梯度均值 状态             
  ----------------------------------------------------------------------
  type_relations                0.000004     0.000000 ✅ 正常           
  exist_relation                0.000118     0.000008 ✅ 正常           
  mi_proj_layer0                0.064730     0.000277 ✅ 正常           
  dis_proj_layer0               0.072631     0.000302 ✅ 正常           
================================================================================

Epoch 300, Total Loss: 14.1830, Recover Loss: 0.8932, miRNA CL: 6.7009, Disease CL: 6.3084, Inter-view (est): 3.0021, Recon Loss: 0.0260, Time: 233.47s
[INFO] Hypergraph updated at epoch 350

🔧 Epoch 350 梯度检查:
================================================================================

  参数名称                              梯度范数         梯度均值 状态             
  ----------------------------------------------------------------------
  type_relations                0.000003     0.000000 ✅ 正常           
  exist_relation                0.000115     0.000007 ✅ 正常           
  mi_proj_layer0                0.071471     0.000303 ✅ 正常           
  dis_proj_layer0               0.076389     0.000318 ✅ 正常           
================================================================================

Epoch 350, Total Loss: 14.0663, Recover Loss: 0.8894, miRNA CL: 6.6439, Disease CL: 6.2557, Inter-view (est): 2.9768, Recon Loss: 0.0257, Time: 262.18s
[INFO] Hypergraph updated at epoch 400

🔧 Epoch 400 梯度检查:
================================================================================

  参数名称                              梯度范数         梯度均值 状态             
  ----------------------------------------------------------------------
  type_relations                0.000003     0.000000 ✅ 正常           
  exist_relation                0.000114     0.000007 ✅ 正常           
  mi_proj_layer0                0.063026     0.000268 ✅ 正常           
  dis_proj_layer0               0.071795     0.000295 ✅ 正常           
================================================================================

Epoch 400, Total Loss: 13.9924, Recover Loss: 0.8803, miRNA CL: 6.6134, Disease CL: 6.2237, Inter-view (est): 2.9624, Recon Loss: 0.0256, Time: 290.58s
[INFO] Hypergraph updated at epoch 450

🔧 Epoch 450 梯度检查:
================================================================================

  参数名称                              梯度范数         梯度均值 状态             
  ----------------------------------------------------------------------
  type_relations                0.000003     0.000000 ✅ 正常           
  exist_relation                0.000112     0.000007 ✅ 正常           
  mi_proj_layer0                0.059875     0.000249 ✅ 正常           
  dis_proj_layer0               0.062330     0.000259 ✅ 正常           
================================================================================

Epoch 450, Total Loss: 13.9299, Recover Loss: 0.8696, miRNA CL: 6.5856, Disease CL: 6.2020, Inter-view (est): 2.9510, Recon Loss: 0.0248, Time: 319.25s
[INFO] Hypergraph updated at epoch 500

🔧 Epoch 500 梯度检查:
================================================================================

  参数名称                              梯度范数         梯度均值 状态             
  ----------------------------------------------------------------------
  type_relations                0.000003     0.000000 ✅ 正常           
  exist_relation                0.000111     0.000007 ✅ 正常           
  mi_proj_layer0                0.060832     0.000257 ✅ 正常           
  dis_proj_layer0               0.061362     0.000256 ✅ 正常           
================================================================================

Epoch 500, Total Loss: 13.8839, Recover Loss: 0.8668, miRNA CL: 6.5625, Disease CL: 6.1838, Inter-view (est): 2.9415, Recon Loss: 0.0244, Time: 347.57s
[INFO] Hypergraph updated at epoch 550

🔧 Epoch 550 梯度检查:
================================================================================

  参数名称                              梯度范数         梯度均值 状态             
  ----------------------------------------------------------------------
  type_relations                0.000002     0.000000 ✅ 正常           
  exist_relation                0.000110     0.000007 ✅ 正常           
  mi_proj_layer0                0.065582     0.000279 ✅ 正常           
  dis_proj_layer0               0.073169     0.000298 ✅ 正常           
================================================================================

Epoch 550, Total Loss: 13.8423, Recover Loss: 0.8668, miRNA CL: 6.5406, Disease CL: 6.1662, Inter-view (est): 2.9324, Recon Loss: 0.0238, Time: 376.10s
[INFO] Hypergraph updated at epoch 600

🔧 Epoch 600 梯度检查:
================================================================================

  参数名称                              梯度范数         梯度均值 状态             
  ----------------------------------------------------------------------
  type_relations                0.000002     0.000000 ✅ 正常           
  exist_relation                0.000108     0.000007 ✅ 正常           
  mi_proj_layer0                0.064498     0.000272 ✅ 正常           
  dis_proj_layer0               0.082613     0.000323 ✅ 正常           
================================================================================

Epoch 600, Total Loss: 13.8048, Recover Loss: 0.8652, miRNA CL: 6.5224, Disease CL: 6.1495, Inter-view (est): 2.9243, Recon Loss: 0.0243, Time: 404.84s
[INFO] Hypergraph updated at epoch 650

🔧 Epoch 650 梯度检查:
================================================================================

  参数名称                              梯度范数         梯度均值 状态             
  ----------------------------------------------------------------------
  type_relations                0.000002     0.000000 ✅ 正常           
  exist_relation                0.000107     0.000007 ✅ 正常           
  mi_proj_layer0                0.069845     0.000282 ✅ 正常           
  dis_proj_layer0               0.058470     0.000243 ✅ 正常           
================================================================================

Epoch 650, Total Loss: 13.7639, Recover Loss: 0.8610, miRNA CL: 6.5032, Disease CL: 6.1338, Inter-view (est): 2.9162, Recon Loss: 0.0242, Time: 433.34s

================================================================================
Training completed. Running final test...
================================================================================
Fold 5 completed - AUC: 0.9801, Top-1 F1: 0.7161
Fold 5 training time: 433.99 seconds
Average binary metrics across folds: [[0.98138004 0.9804031  0.93574551 0.93470149 0.94880597 0.92059701
  0.92457615]]
🎯 Average Top-1 metrics across folds: {'top1_precision': 0.6992537313432836, 'top1_recall': np.float64(0.7026946606753686), 'top1_f1': np.float64(0.7008445059751457)}

📊 CV_type Style Metrics Details:
  AUC            : 0.9814
  AUPR           : 0.9804
  F1             : 0.9357
  Accuracy       : 0.9347
  Recall         : 0.9488
  Specificity    : 0.9206
  Precision      : 0.9246

🎯 Top-1 Metrics Details:
  top1_precision : 0.6993
  top1_recall    : 0.7027
  top1_f1        : 0.7008

Total execution time: 2224.89 seconds

==========================================================================================
🎯 FINAL COMPREHENSIVE RESULTS WITH TOP-1 METRICS
==========================================================================================
📊 Binary Classification Metrics (Original):
  AUC: 0.9814
  AUPR: 0.9804
  F1: 0.9357
  Accuracy: 0.9347
  Recall: 0.9488
  Specificity: 0.9206
  Precision: 0.9246

🎯 CV_type Style Metrics (Enhanced):
  AUC: 0.9814
  AUPR: 0.9804
  F1: 0.9357
  Accuracy: 0.9347
  Recall: 0.9488
  Specificity: 0.9206
  Precision: 0.9246

🏆 Top-1 Metrics (NEW):
  Top-1 Precision: 0.6993
  Top-1 Recall: 0.7027
  Top-1 F1: 0.7008
==========================================================================================
