[CPU] torch.set_num_threads(8), interop=min(4, 8)
Using device: cpu
[INFO] Auto-computed BALANCED class weights (to prevent class collapse):
  Circulation  (  367 samples): 0.780
  Epigenetics  (  157 samples): 1.823
  Target       (  293 samples): 0.977
  Genetics     (  681 samples): 0.420
  [NOTE] Higher weights for minority classes to prevent model from only predicting majority class
[INFO] Using v2.0_495m383D dataset:
  miRNAs: 495
  Diseases: 383
  Expected associations: ~1498
  Types: 4 (Circulation, Epigenetics, Target, Genetics)

================================================================================
Configuration Summary
================================================================================
Dataset: v2.0_495m383D
Data Path: ./
Model: HeterogenousGraphCLAMIR
  - HGT Layers: 2
  - Attention Heads: 4
  - Association Types: 4
  - Inter-view CL: Enabled
    - Weight: 0.3
    - Temperature: 0.5
    - Margin: 0.5

Training:
  - Epochs: 650
  - Learning Rate: 0.0001
  - Dropout: 0.3
  - Weight Decay: 5e-05
  - Focal Loss: Enabled

Evaluation:
  - Cross-Validation Folds: 5
  - Primary Metric: AUPR

Device: cpu
Random Seed: 1234
================================================================================

[SEED] Re-seeded với args.seed = 1234
🚀 Running with comprehensive evaluation including Top-1 metrics...
🎯 Loading dual-view data...
Starting dual-view data preparation with new file format...
Loading all similarity and feature files from v2.0_495m383D...
✅ Loaded disease semantic similarity from D_SSM1.txt: (383, 383)
✅ Loaded miRNA functional similarity from M_FSM.txt: (495, 495)
✅ Loaded multi-type association pairs from ./v2.0_495m383D/multi_all_mirna_disease_pairs_without_negative.csv: (1679, 3)
✅ Created multi-type association matrix: (495, 383)
📊 Multi-type Association Statistics:
   无关联 (No association): 188087 pairs (99.21%)
   循环类型 (Circulation): 367 pairs (0.19%)
   表观遗传学 (Epigenetics): 157 pairs (0.08%)
   靶标类型 (Target): 293 pairs (0.15%)
   遗传学类型 (Genetics): 681 pairs (0.36%)
✅ Created association matrix from CSV: (495, 383)
✅ Loaded disease-gene features from D_SSM2.txt: torch.Size([383, 383])
✅ Loaded miRNA-sequence features from M_GSM.txt: torch.Size([495, 495])
Processing integrated similarity matrices...
Loaded similarity matrices from cache
Processing indices...
Loaded indices from cache (seed=1234)
✅ Dual-view data preparation completed in 0.27 seconds

============================================================
🎯 DUAL-VIEW CONFIGURATION SUMMARY (v2.0_495m383D)
============================================================
miRNA Dual Views:
  📊 View 1 (Sequence): M_GSM.txt torch.Size([495, 495])
  📊 View 2 (Function): M_FSM.txt torch.Size([495, 495])

Disease Dual Views:
  📊 View 1 (Gene): D_SSM2.txt torch.Size([383, 383])
  📊 View 2 (Semantic): D_SSM1.txt torch.Size([383, 383])

Association Matrix: torch.Size([495, 383])
Data source: v2.0_495m383D (495 miRNAs × 383 Diseases)
============================================================
Preloading dual-view data to device...
✅ Loaded disease-gene features to device: torch.Size([383, 383])
✅ Loaded miRNA-sequence features to device: torch.Size([495, 495])
✅ Loaded disease semantic similarity to device: torch.Size([383, 383])
✅ Loaded miRNA functional similarity to device: torch.Size([495, 495])
✅ Dual-view data preloading completed in 0.00 seconds
OptimizedDataset initialized with 5 folds
Using device: cpu
=== Cross Validation Fold 1/5 ===
Using hidden dimensions: [256, 256] with 4 attention heads
优化模型初始化: miRNA数量 = 495, 疾病数量 = 383
   节点维度: 256 → 128
   类型数量: 4
   Temperature: 2.0 (可学习)
   Loss mode: two_head
   loss_mode=two_head
   exist_weight=0.100, type_weight=0.900

✅ SimplifiedMultiTypeAssociationLoss 初始化 (改进版)
   类别权重 (beta=0.99999): ['0.780', '1.822', '0.977', '0.421']
Original positive index shape: torch.Size([1072, 2])
Original negative index shape: torch.Size([135416, 2])
采样后负样本数量: 10720
🎯 Building TRUE DUAL VIEWS from four different sources...
📊 Data sources loaded:
  Disease semantic: torch.Size([383, 383])
  miRNA functional: torch.Size([495, 495])
  Disease-gene: torch.Size([383, 383])
  miRNA-sequence: torch.Size([495, 495])
🧬 Building miRNA dual-view hypergraphs...
  📊 miRNA View 1 (Sequence): torch.Size([495, 878])
  📊 miRNA View 2 (Function): torch.Size([495, 878])
🦠 Building disease dual-view hypergraphs...
  📊 Disease View 1 (Gene): torch.Size([383, 878])
  📊 Disease View 2 (Semantic): torch.Size([383, 878])
✅ Successfully built TRUE DUAL VIEWS:
   🧬 miRNA: Sequence Features (m_ss.xlsx) vs Functional Similarity (mi_fun_sim_2.0.csv)
   🦠 Disease: Gene Features (d_gs.xlsx) vs Semantic Similarity (dis_sem_sim_2.0.csv)

🔧 Epoch 1 梯度检查:
================================================================================

  参数名称                              梯度范数         梯度均值 状态             
  ----------------------------------------------------------------------
  type_relations                0.000025     0.000001 ✅ 正常           
  exist_relation                0.000134     0.000010 ✅ 正常           
  mi_proj_layer0                0.441003     0.001654 ✅ 正常           
  dis_proj_layer0               0.456519     0.001811 ✅ 正常           
================================================================================

Epoch 1, Total Loss: 20.5284, Recover Loss: 1.3439, miRNA CL: 9.0563, Disease CL: 8.4407, Inter-view (est): 4.0378, Recon Loss: 1.3889, Time: 0.70s
[INFO] Hypergraph updated at epoch 5
[INFO] Hypergraph updated at epoch 10
[INFO] Hypergraph updated at epoch 15
[INFO] Hypergraph updated at epoch 20
[INFO] Hypergraph updated at epoch 25
[INFO] Hypergraph updated at epoch 30
[INFO] Hypergraph updated at epoch 35
[INFO] Hypergraph updated at epoch 40
[INFO] Hypergraph updated at epoch 45
[INFO] Hypergraph updated at epoch 50

🔧 Epoch 50 梯度检查:
================================================================================

  参数名称                              梯度范数         梯度均值 状态             
  ----------------------------------------------------------------------
  type_relations                0.000017     0.000000 ✅ 正常           
  exist_relation                0.000129     0.000009 ✅ 正常           
  mi_proj_layer0                0.118914     0.000489 ✅ 正常           
  dis_proj_layer0               0.145218     0.000585 ✅ 正常           
================================================================================

Epoch 50, Total Loss: 16.8744, Recover Loss: 1.1051, miRNA CL: 7.8882, Disease CL: 7.5311, Inter-view (est): 3.5583, Recon Loss: 0.0654, Time: 91.91s
[INFO] Hypergraph updated at epoch 100

🔧 Epoch 100 梯度检查:
================================================================================

  参数名称                              梯度范数         梯度均值 状态             
  ----------------------------------------------------------------------
  type_relations                0.000010     0.000000 ✅ 正常           
  exist_relation                0.000123     0.000008 ✅ 正常           
  mi_proj_layer0                0.092248     0.000384 ✅ 正常           
  dis_proj_layer0               0.117822     0.000480 ✅ 正常           
================================================================================

Epoch 100, Total Loss: 15.5266, Recover Loss: 1.0033, miRNA CL: 7.4931, Disease CL: 6.7292, Inter-view (est): 3.2821, Recon Loss: 0.0289, Time: 121.73s
[INFO] Hypergraph updated at epoch 150

🔧 Epoch 150 梯度检查:
================================================================================

  参数名称                              梯度范数         梯度均值 状态             
  ----------------------------------------------------------------------
  type_relations                0.000007     0.000000 ✅ 正常           
  exist_relation                0.000119     0.000008 ✅ 正常           
  mi_proj_layer0                0.088128     0.000369 ✅ 正常           
  dis_proj_layer0               0.096717     0.000398 ✅ 正常           
================================================================================

Epoch 150, Total Loss: 14.7292, Recover Loss: 0.9509, miRNA CL: 7.0383, Disease CL: 6.4470, Inter-view (est): 3.1120, Recon Loss: 0.0275, Time: 152.02s
[INFO] Hypergraph updated at epoch 200

🔧 Epoch 200 梯度检查:
================================================================================

  参数名称                              梯度范数         梯度均值 状态             
  ----------------------------------------------------------------------
  type_relations                0.000005     0.000000 ✅ 正常           
  exist_relation                0.000117     0.000008 ✅ 正常           
  mi_proj_layer0                0.091907     0.000388 ✅ 正常           
  dis_proj_layer0               0.097417     0.000405 ✅ 正常           
================================================================================

Epoch 200, Total Loss: 14.4383, Recover Loss: 0.9257, miRNA CL: 6.8681, Disease CL: 6.3554, Inter-view (est): 3.0516, Recon Loss: 0.0271, Time: 183.88s
[INFO] Hypergraph updated at epoch 250

🔧 Epoch 250 梯度检查:
================================================================================

  参数名称                              梯度范数         梯度均值 状态             
  ----------------------------------------------------------------------
  type_relations                0.000004     0.000000 ✅ 正常           
  exist_relation                0.000115     0.000008 ✅ 正常           
  mi_proj_layer0                0.075713     0.000321 ✅ 正常           
  dis_proj_layer0               0.087466     0.000361 ✅ 正常           
================================================================================

Epoch 250, Total Loss: 14.2546, Recover Loss: 0.9040, miRNA CL: 6.7743, Disease CL: 6.2910, Inter-view (est): 3.0151, Recon Loss: 0.0263, Time: 215.18s
[INFO] Hypergraph updated at epoch 300

🔧 Epoch 300 梯度检查:
================================================================================

  参数名称                              梯度范数         梯度均值 状态             
  ----------------------------------------------------------------------
  type_relations                0.000004     0.000000 ✅ 正常           
  exist_relation                0.000113     0.000007 ✅ 正常           
  mi_proj_layer0                0.068313     0.000291 ✅ 正常           
  dis_proj_layer0               0.078015     0.000323 ✅ 正常           
================================================================================

Epoch 300, Total Loss: 14.1230, Recover Loss: 0.8893, miRNA CL: 6.7068, Disease CL: 6.2447, Inter-view (est): 2.9888, Recon Loss: 0.0260, Time: 245.25s
[INFO] Hypergraph updated at epoch 350

🔧 Epoch 350 梯度检查:
================================================================================

  参数名称                              梯度范数         梯度均值 状态             
  ----------------------------------------------------------------------
  type_relations                0.000003     0.000000 ✅ 正常           
  exist_relation                0.000111     0.000007 ✅ 正常           
  mi_proj_layer0                0.100152     0.000413 ✅ 正常           
  dis_proj_layer0               0.121018     0.000463 ✅ 正常           
================================================================================

Epoch 350, Total Loss: 14.0395, Recover Loss: 0.8830, miRNA CL: 6.6642, Disease CL: 6.2124, Inter-view (est): 2.9715, Recon Loss: 0.0258, Time: 275.25s
[INFO] Hypergraph updated at epoch 400

🔧 Epoch 400 梯度检查:
================================================================================

  参数名称                              梯度范数         梯度均值 状态             
  ----------------------------------------------------------------------
  type_relations                0.000003     0.000000 ✅ 正常           
  exist_relation                0.000110     0.000007 ✅ 正常           
  mi_proj_layer0                0.072124     0.000302 ✅ 正常           
  dis_proj_layer0               0.075687     0.000316 ✅ 正常           
================================================================================

Epoch 400, Total Loss: 13.9714, Recover Loss: 0.8702, miRNA CL: 6.6336, Disease CL: 6.1898, Inter-view (est): 2.9593, Recon Loss: 0.0253, Time: 306.37s
[INFO] Hypergraph updated at epoch 450

🔧 Epoch 450 梯度检查:
================================================================================

  参数名称                              梯度范数         梯度均值 状态             
  ----------------------------------------------------------------------
  type_relations                0.000002     0.000000 ✅ 正常           
  exist_relation                0.000108     0.000007 ✅ 正常           
  mi_proj_layer0                0.067498     0.000286 ✅ 正常           
  dis_proj_layer0               0.076260     0.000313 ✅ 正常           
================================================================================

Epoch 450, Total Loss: 13.9183, Recover Loss: 0.8706, miRNA CL: 6.6038, Disease CL: 6.1681, Inter-view (est): 2.9474, Recon Loss: 0.0250, Time: 336.97s
[INFO] Hypergraph updated at epoch 500

🔧 Epoch 500 梯度检查:
================================================================================

  参数名称                              梯度范数         梯度均值 状态             
  ----------------------------------------------------------------------
  type_relations                0.000002     0.000000 ✅ 正常           
  exist_relation                0.000107     0.000007 ✅ 正常           
  mi_proj_layer0                0.070424     0.000300 ✅ 正常           
  dis_proj_layer0               0.074724     0.000306 ✅ 正常           
================================================================================

Epoch 500, Total Loss: 13.8685, Recover Loss: 0.8691, miRNA CL: 6.5781, Disease CL: 6.1476, Inter-view (est): 2.9367, Recon Loss: 0.0245, Time: 367.76s
[INFO] Hypergraph updated at epoch 550

🔧 Epoch 550 梯度检查:
================================================================================

  参数名称                              梯度范数         梯度均值 状态             
  ----------------------------------------------------------------------
  type_relations                0.000002     0.000000 ✅ 正常           
  exist_relation                0.000105     0.000007 ✅ 正常           
  mi_proj_layer0                0.068336     0.000290 ✅ 正常           
  dis_proj_layer0               0.065736     0.000276 ✅ 正常           
================================================================================

Epoch 550, Total Loss: 13.8173, Recover Loss: 0.8642, miRNA CL: 6.5525, Disease CL: 6.1288, Inter-view (est): 2.9265, Recon Loss: 0.0243, Time: 399.50s
[INFO] Hypergraph updated at epoch 600

🔧 Epoch 600 梯度检查:
================================================================================

  参数名称                              梯度范数         梯度均值 状态             
  ----------------------------------------------------------------------
  type_relations                0.000002     0.000000 ✅ 正常           
  exist_relation                0.000104     0.000007 ✅ 正常           
  mi_proj_layer0                0.081187     0.000343 ✅ 正常           
  dis_proj_layer0               0.086947     0.000360 ✅ 正常           
================================================================================

Epoch 600, Total Loss: 13.7826, Recover Loss: 0.8611, miRNA CL: 6.5384, Disease CL: 6.1131, Inter-view (est): 2.9196, Recon Loss: 0.0240, Time: 431.46s
[INFO] Hypergraph updated at epoch 650

🔧 Epoch 650 梯度检查:
================================================================================

  参数名称                              梯度范数         梯度均值 状态             
  ----------------------------------------------------------------------
  type_relations                0.000001     0.000000 ✅ 正常           
  exist_relation                0.000103     0.000007 ✅ 正常           
  mi_proj_layer0                0.060537     0.000262 ✅ 正常           
  dis_proj_layer0               0.062844     0.000262 ✅ 正常           
================================================================================

Epoch 650, Total Loss: 13.7489, Recover Loss: 0.8522, miRNA CL: 6.5247, Disease CL: 6.1033, Inter-view (est): 2.9142, Recon Loss: 0.0238, Time: 464.57s

================================================================================
Training completed. Running final test...
================================================================================
Fold 1 completed - AUC: 0.9788, Top-1 F1: 0.6944
Fold 1 training time: 465.59 seconds
=== Cross Validation Fold 2/5 ===
Using hidden dimensions: [256, 256] with 4 attention heads
优化模型初始化: miRNA数量 = 495, 疾病数量 = 383
   节点维度: 256 → 128
   类型数量: 4
   Temperature: 2.0 (可学习)
   Loss mode: two_head
   loss_mode=two_head
   exist_weight=0.100, type_weight=0.900

✅ SimplifiedMultiTypeAssociationLoss 初始化 (改进版)
   类别权重 (beta=0.99999): ['0.780', '1.822', '0.977', '0.421']
Original positive index shape: torch.Size([1072, 2])
Original negative index shape: torch.Size([135416, 2])
采样后负样本数量: 10720
🎯 Building TRUE DUAL VIEWS from four different sources...
📊 Data sources loaded:
  Disease semantic: torch.Size([383, 383])
  miRNA functional: torch.Size([495, 495])
  Disease-gene: torch.Size([383, 383])
  miRNA-sequence: torch.Size([495, 495])
🧬 Building miRNA dual-view hypergraphs...
  📊 miRNA View 1 (Sequence): torch.Size([495, 878])
  📊 miRNA View 2 (Function): torch.Size([495, 878])
🦠 Building disease dual-view hypergraphs...
  📊 Disease View 1 (Gene): torch.Size([383, 878])
  📊 Disease View 2 (Semantic): torch.Size([383, 878])
✅ Successfully built TRUE DUAL VIEWS:
   🧬 miRNA: Sequence Features (m_ss.xlsx) vs Functional Similarity (mi_fun_sim_2.0.csv)
   🦠 Disease: Gene Features (d_gs.xlsx) vs Semantic Similarity (dis_sem_sim_2.0.csv)

🔧 Epoch 1 梯度检查:
================================================================================

  参数名称                              梯度范数         梯度均值 状态             
  ----------------------------------------------------------------------
  type_relations                0.000025     0.000001 ✅ 正常           
  exist_relation                0.000155     0.000011 ✅ 正常           
  mi_proj_layer0                0.264265     0.001019 ✅ 正常           
  dis_proj_layer0               0.283129     0.001140 ✅ 正常           
================================================================================

Epoch 1, Total Loss: 20.4594, Recover Loss: 1.3144, miRNA CL: 8.9762, Disease CL: 8.4042, Inter-view (est): 4.0108, Recon Loss: 1.4659, Time: 0.81s
[INFO] Hypergraph updated at epoch 5
[INFO] Hypergraph updated at epoch 10
[INFO] Hypergraph updated at epoch 15
[INFO] Hypergraph updated at epoch 20
[INFO] Hypergraph updated at epoch 25
[INFO] Hypergraph updated at epoch 30
[INFO] Hypergraph updated at epoch 35
[INFO] Hypergraph updated at epoch 40
[INFO] Hypergraph updated at epoch 45
[INFO] Hypergraph updated at epoch 50

🔧 Epoch 50 梯度检查:
================================================================================

  参数名称                              梯度范数         梯度均值 状态             
  ----------------------------------------------------------------------
  type_relations                0.000017     0.000000 ✅ 正常           
  exist_relation                0.000150     0.000010 ✅ 正常           
  mi_proj_layer0                0.123424     0.000486 ✅ 正常           
  dis_proj_layer0               0.158094     0.000628 ✅ 正常           
================================================================================

Epoch 50, Total Loss: 16.9299, Recover Loss: 1.1017, miRNA CL: 7.8752, Disease CL: 7.5635, Inter-view (est): 3.5628, Recon Loss: 0.1043, Time: 111.29s
[INFO] Hypergraph updated at epoch 100

🔧 Epoch 100 梯度检查:
================================================================================

  参数名称                              梯度范数         梯度均值 状态             
  ----------------------------------------------------------------------
  type_relations                0.000009     0.000000 ✅ 正常           
  exist_relation                0.000144     0.000010 ✅ 正常           
  mi_proj_layer0                0.080454     0.000336 ✅ 正常           
  dis_proj_layer0               0.093193     0.000386 ✅ 正常           
================================================================================

Epoch 100, Total Loss: 15.5412, Recover Loss: 0.9964, miRNA CL: 7.4730, Disease CL: 6.7707, Inter-view (est): 3.2870, Recon Loss: 0.0292, Time: 144.36s
[INFO] Hypergraph updated at epoch 150

🔧 Epoch 150 梯度检查:
================================================================================

  参数名称                              梯度范数         梯度均值 状态             
  ----------------------------------------------------------------------
  type_relations                0.000006     0.000000 ✅ 正常           
  exist_relation                0.000140     0.000009 ✅ 正常           
  mi_proj_layer0                0.089171     0.000374 ✅ 正常           
  dis_proj_layer0               0.106782     0.000431 ✅ 正常           
================================================================================

Epoch 150, Total Loss: 14.7763, Recover Loss: 0.9632, miRNA CL: 7.0096, Disease CL: 6.5108, Inter-view (est): 3.1201, Recon Loss: 0.0281, Time: 175.27s
[INFO] Hypergraph updated at epoch 200

🔧 Epoch 200 梯度检查:
================================================================================

  参数名称                              梯度范数         梯度均值 状态             
  ----------------------------------------------------------------------
  type_relations                0.000005     0.000000 ✅ 正常           
  exist_relation                0.000138     0.000009 ✅ 正常           
  mi_proj_layer0                0.074362     0.000313 ✅ 正常           
  dis_proj_layer0               0.086921     0.000363 ✅ 正常           
================================================================================

Epoch 200, Total Loss: 14.5405, Recover Loss: 0.9396, miRNA CL: 6.8849, Disease CL: 6.4260, Inter-view (est): 3.0717, Recon Loss: 0.0280, Time: 206.75s
[INFO] Hypergraph updated at epoch 250

🔧 Epoch 250 梯度检查:
================================================================================

  参数名称                              梯度范数         梯度均值 状态             
  ----------------------------------------------------------------------
  type_relations                0.000005     0.000000 ✅ 正常           
  exist_relation                0.000136     0.000009 ✅ 正常           
  mi_proj_layer0                0.085776     0.000356 ✅ 正常           
  dis_proj_layer0               0.096186     0.000403 ✅ 正常           
================================================================================

Epoch 250, Total Loss: 14.3584, Recover Loss: 0.9276, miRNA CL: 6.7956, Disease CL: 6.3483, Inter-view (est): 3.0332, Recon Loss: 0.0278, Time: 239.89s
[INFO] Hypergraph updated at epoch 300

🔧 Epoch 300 梯度检查:
================================================================================

  参数名称                              梯度范数         梯度均值 状态             
  ----------------------------------------------------------------------
  type_relations                0.000004     0.000000 ✅ 正常           
  exist_relation                0.000134     0.000009 ✅ 正常           
  mi_proj_layer0                0.087330     0.000373 ✅ 正常           
  dis_proj_layer0               0.104510     0.000423 ✅ 正常           
================================================================================

Epoch 300, Total Loss: 14.2114, Recover Loss: 0.9145, miRNA CL: 6.7240, Disease CL: 6.2901, Inter-view (est): 3.0033, Recon Loss: 0.0268, Time: 272.66s
[INFO] Hypergraph updated at epoch 350

🔧 Epoch 350 梯度检查:
================================================================================

  参数名称                              梯度范数         梯度均值 状态             
  ----------------------------------------------------------------------
  type_relations                0.000003     0.000000 ✅ 正常           
  exist_relation                0.000132     0.000009 ✅ 正常           
  mi_proj_layer0                0.077820     0.000332 ✅ 正常           
  dis_proj_layer0               0.085163     0.000357 ✅ 正常           
================================================================================

Epoch 350, Total Loss: 14.0960, Recover Loss: 0.9034, miRNA CL: 6.6664, Disease CL: 6.2463, Inter-view (est): 2.9799, Recon Loss: 0.0268, Time: 304.83s
[INFO] Hypergraph updated at epoch 400

🔧 Epoch 400 梯度检查:
================================================================================

  参数名称                              梯度范数         梯度均值 状态             
  ----------------------------------------------------------------------
  type_relations                0.000003     0.000000 ✅ 正常           
  exist_relation                0.000130     0.000009 ✅ 正常           
  mi_proj_layer0                0.063524     0.000270 ✅ 正常           
  dis_proj_layer0               0.062222     0.000267 ✅ 正常           
================================================================================

Epoch 400, Total Loss: 14.0218, Recover Loss: 0.8881, miRNA CL: 6.6415, Disease CL: 6.2155, Inter-view (est): 2.9670, Recon Loss: 0.0258, Time: 336.89s
[INFO] Hypergraph updated at epoch 450

🔧 Epoch 450 梯度检查:
================================================================================

  参数名称                              梯度范数         梯度均值 状态             
  ----------------------------------------------------------------------
  type_relations                0.000002     0.000000 ✅ 正常           
  exist_relation                0.000129     0.000008 ✅ 正常           
  mi_proj_layer0                0.077312     0.000326 ✅ 正常           
  dis_proj_layer0               0.084005     0.000349 ✅ 正常           
================================================================================

Epoch 450, Total Loss: 13.9535, Recover Loss: 0.8917, miRNA CL: 6.5954, Disease CL: 6.1918, Inter-view (est): 2.9509, Recon Loss: 0.0257, Time: 368.80s
[INFO] Hypergraph updated at epoch 500

🔧 Epoch 500 梯度检查:
================================================================================

  参数名称                              梯度范数         梯度均值 状态             
  ----------------------------------------------------------------------
  type_relations                0.000002     0.000000 ✅ 正常           
  exist_relation                0.000127     0.000008 ✅ 正常           
  mi_proj_layer0                0.064281     0.000272 ✅ 正常           
  dis_proj_layer0               0.066425     0.000278 ✅ 正常           
================================================================================

Epoch 500, Total Loss: 13.8784, Recover Loss: 0.8716, miRNA CL: 6.5650, Disease CL: 6.1687, Inter-view (est): 2.9385, Recon Loss: 0.0261, Time: 400.57s
[INFO] Hypergraph updated at epoch 550

🔧 Epoch 550 梯度检查:
================================================================================

  参数名称                              梯度范数         梯度均值 状态             
  ----------------------------------------------------------------------
  type_relations                0.000002     0.000000 ✅ 正常           
  exist_relation                0.000125     0.000008 ✅ 正常           
  mi_proj_layer0                0.060579     0.000256 ✅ 正常           
  dis_proj_layer0               0.061945     0.000261 ✅ 正常           
================================================================================

Epoch 550, Total Loss: 13.8215, Recover Loss: 0.8677, miRNA CL: 6.5364, Disease CL: 6.1472, Inter-view (est): 2.9270, Recon Loss: 0.0252, Time: 432.63s
[INFO] Hypergraph updated at epoch 600

🔧 Epoch 600 梯度检查:
================================================================================

  参数名称                              梯度范数         梯度均值 状态             
  ----------------------------------------------------------------------
  type_relations                0.000002     0.000000 ✅ 正常           
  exist_relation                0.000124     0.000008 ✅ 正常           
  mi_proj_layer0                0.070534     0.000291 ✅ 正常           
  dis_proj_layer0               0.070201     0.000284 ✅ 正常           
================================================================================

Epoch 600, Total Loss: 13.7918, Recover Loss: 0.8621, miRNA CL: 6.5341, Disease CL: 6.1277, Inter-view (est): 2.9220, Recon Loss: 0.0246, Time: 463.88s
[INFO] Hypergraph updated at epoch 650

🔧 Epoch 650 梯度检查:
================================================================================

  参数名称                              梯度范数         梯度均值 状态             
  ----------------------------------------------------------------------
  type_relations                0.000001     0.000000 ✅ 正常           
  exist_relation                0.000123     0.000008 ✅ 正常           
  mi_proj_layer0                0.055408     0.000235 ✅ 正常           
  dis_proj_layer0               0.049663     0.000210 ✅ 正常           
================================================================================

Epoch 650, Total Loss: 13.7425, Recover Loss: 0.8563, miRNA CL: 6.5031, Disease CL: 6.1158, Inter-view (est): 2.9121, Recon Loss: 0.0252, Time: 497.32s

================================================================================
Training completed. Running final test...
================================================================================
Fold 2 completed - AUC: 0.9813, Top-1 F1: 0.7040
Fold 2 training time: 498.15 seconds
=== Cross Validation Fold 3/5 ===
Using hidden dimensions: [256, 256] with 4 attention heads
优化模型初始化: miRNA数量 = 495, 疾病数量 = 383
   节点维度: 256 → 128
   类型数量: 4
   Temperature: 2.0 (可学习)
   Loss mode: two_head
   loss_mode=two_head
   exist_weight=0.100, type_weight=0.900

✅ SimplifiedMultiTypeAssociationLoss 初始化 (改进版)
   类别权重 (beta=0.99999): ['0.780', '1.822', '0.977', '0.421']
Original positive index shape: torch.Size([1072, 2])
Original negative index shape: torch.Size([135416, 2])
采样后负样本数量: 10720
🎯 Building TRUE DUAL VIEWS from four different sources...
📊 Data sources loaded:
  Disease semantic: torch.Size([383, 383])
  miRNA functional: torch.Size([495, 495])
  Disease-gene: torch.Size([383, 383])
  miRNA-sequence: torch.Size([495, 495])
🧬 Building miRNA dual-view hypergraphs...
  📊 miRNA View 1 (Sequence): torch.Size([495, 878])
  📊 miRNA View 2 (Function): torch.Size([495, 878])
🦠 Building disease dual-view hypergraphs...
  📊 Disease View 1 (Gene): torch.Size([383, 878])
  📊 Disease View 2 (Semantic): torch.Size([383, 878])
✅ Successfully built TRUE DUAL VIEWS:
   🧬 miRNA: Sequence Features (m_ss.xlsx) vs Functional Similarity (mi_fun_sim_2.0.csv)
   🦠 Disease: Gene Features (d_gs.xlsx) vs Semantic Similarity (dis_sem_sim_2.0.csv)

🔧 Epoch 1 梯度检查:
================================================================================

  参数名称                              梯度范数         梯度均值 状态             
  ----------------------------------------------------------------------
  type_relations                0.000025     0.000001 ✅ 正常           
  exist_relation                0.000145     0.000010 ✅ 正常           
  mi_proj_layer0                0.384443     0.001428 ✅ 正常           
  dis_proj_layer0               0.412366     0.001588 ✅ 正常           
================================================================================

Epoch 1, Total Loss: 20.3464, Recover Loss: 1.3208, miRNA CL: 8.9288, Disease CL: 8.4229, Inter-view (est): 4.0042, Recon Loss: 1.3754, Time: 0.73s
[INFO] Hypergraph updated at epoch 5
[INFO] Hypergraph updated at epoch 10
[INFO] Hypergraph updated at epoch 15
[INFO] Hypergraph updated at epoch 20
[INFO] Hypergraph updated at epoch 25
[INFO] Hypergraph updated at epoch 30
[INFO] Hypergraph updated at epoch 35
[INFO] Hypergraph updated at epoch 40
[INFO] Hypergraph updated at epoch 45
[INFO] Hypergraph updated at epoch 50

🔧 Epoch 50 梯度检查:
================================================================================

  参数名称                              梯度范数         梯度均值 状态             
  ----------------------------------------------------------------------
  type_relations                0.000017     0.000000 ✅ 正常           
  exist_relation                0.000140     0.000010 ✅ 正常           
  mi_proj_layer0                0.128518     0.000522 ✅ 正常           
  dis_proj_layer0               0.129591     0.000517 ✅ 正常           
================================================================================

Epoch 50, Total Loss: 16.9192, Recover Loss: 1.1097, miRNA CL: 7.8736, Disease CL: 7.5757, Inter-view (est): 3.5652, Recon Loss: 0.0758, Time: 92.93s
[INFO] Hypergraph updated at epoch 100

🔧 Epoch 100 梯度检查:
================================================================================

  参数名称                              梯度范数         梯度均值 状态             
  ----------------------------------------------------------------------
  type_relations                0.000010     0.000000 ✅ 正常           
  exist_relation                0.000134     0.000009 ✅ 正常           
  mi_proj_layer0                0.090543     0.000378 ✅ 正常           
  dis_proj_layer0               0.104544     0.000426 ✅ 正常           
================================================================================

Epoch 100, Total Loss: 15.5518, Recover Loss: 1.0053, miRNA CL: 7.4584, Disease CL: 6.7872, Inter-view (est): 3.2874, Recon Loss: 0.0301, Time: 125.27s
[INFO] Hypergraph updated at epoch 150

🔧 Epoch 150 梯度检查:
================================================================================

  参数名称                              梯度范数         梯度均值 状态             
  ----------------------------------------------------------------------
  type_relations                0.000007     0.000000 ✅ 正常           
  exist_relation                0.000130     0.000009 ✅ 正常           
  mi_proj_layer0                0.095536     0.000396 ✅ 正常           
  dis_proj_layer0               0.099770     0.000411 ✅ 正常           
================================================================================

Epoch 150, Total Loss: 14.7254, Recover Loss: 0.9471, miRNA CL: 6.9964, Disease CL: 6.4900, Inter-view (est): 3.1122, Recon Loss: 0.0286, Time: 155.99s
[INFO] Hypergraph updated at epoch 200

🔧 Epoch 200 梯度检查:
================================================================================

  参数名称                              梯度范数         梯度均值 状态             
  ----------------------------------------------------------------------
  type_relations                0.000005     0.000000 ✅ 正常           
  exist_relation                0.000127     0.000008 ✅ 正常           
  mi_proj_layer0                0.089124     0.000375 ✅ 正常           
  dis_proj_layer0               0.087207     0.000361 ✅ 正常           
================================================================================

Epoch 200, Total Loss: 14.4039, Recover Loss: 0.9190, miRNA CL: 6.8289, Disease CL: 6.3697, Inter-view (est): 3.0458, Recon Loss: 0.0274, Time: 184.88s
[INFO] Hypergraph updated at epoch 250

🔧 Epoch 250 梯度检查:
================================================================================

  参数名称                              梯度范数         梯度均值 状态             
  ----------------------------------------------------------------------
  type_relations                0.000004     0.000000 ✅ 正常           
  exist_relation                0.000124     0.000008 ✅ 正常           
  mi_proj_layer0                0.071300     0.000304 ✅ 正常           
  dis_proj_layer0               0.063144     0.000266 ✅ 正常           
================================================================================

Epoch 250, Total Loss: 14.1973, Recover Loss: 0.8937, miRNA CL: 6.7239, Disease CL: 6.2971, Inter-view (est): 3.0048, Recon Loss: 0.0276, Time: 213.53s
[INFO] Hypergraph updated at epoch 300

🔧 Epoch 300 梯度检查:
================================================================================

  参数名称                              梯度范数         梯度均值 状态             
  ----------------------------------------------------------------------
  type_relations                0.000003     0.000000 ✅ 正常           
  exist_relation                0.000122     0.000008 ✅ 正常           
  mi_proj_layer0                0.060107     0.000258 ✅ 正常           
  dis_proj_layer0               0.056081     0.000236 ✅ 正常           
================================================================================

Epoch 300, Total Loss: 14.0635, Recover Loss: 0.8831, miRNA CL: 6.6541, Disease CL: 6.2481, Inter-view (est): 2.9774, Recon Loss: 0.0264, Time: 242.48s
[INFO] Hypergraph updated at epoch 350

🔧 Epoch 350 梯度检查:
================================================================================

  参数名称                              梯度范数         梯度均值 状态             
  ----------------------------------------------------------------------
  type_relations                0.000003     0.000000 ✅ 正常           
  exist_relation                0.000120     0.000008 ✅ 正常           
  mi_proj_layer0                0.069087     0.000293 ✅ 正常           
  dis_proj_layer0               0.074352     0.000308 ✅ 正常           
================================================================================

Epoch 350, Total Loss: 13.9845, Recover Loss: 0.8725, miRNA CL: 6.6191, Disease CL: 6.2178, Inter-view (est): 2.9624, Recon Loss: 0.0255, Time: 271.06s
[INFO] Hypergraph updated at epoch 400

🔧 Epoch 400 梯度检查:
================================================================================

  参数名称                              梯度范数         梯度均值 状态             
  ----------------------------------------------------------------------
  type_relations                0.000003     0.000000 ✅ 正常           
  exist_relation                0.000119     0.000008 ✅ 正常           
  mi_proj_layer0                0.063857     0.000268 ✅ 正常           
  dis_proj_layer0               0.063555     0.000266 ✅ 正常           
================================================================================

Epoch 400, Total Loss: 13.9295, Recover Loss: 0.8685, miRNA CL: 6.5912, Disease CL: 6.1966, Inter-view (est): 2.9510, Recon Loss: 0.0255, Time: 299.63s
[INFO] Hypergraph updated at epoch 450

🔧 Epoch 450 梯度检查:
================================================================================

  参数名称                              梯度范数         梯度均值 状态             
  ----------------------------------------------------------------------
  type_relations                0.000002     0.000000 ✅ 正常           
  exist_relation                0.000117     0.000008 ✅ 正常           
  mi_proj_layer0                0.056882     0.000242 ✅ 正常           
  dis_proj_layer0               0.054933     0.000229 ✅ 正常           
================================================================================

Epoch 450, Total Loss: 13.8687, Recover Loss: 0.8592, miRNA CL: 6.5636, Disease CL: 6.1749, Inter-view (est): 2.9397, Recon Loss: 0.0250, Time: 331.42s
[INFO] Hypergraph updated at epoch 500

🔧 Epoch 500 梯度检查:
================================================================================

  参数名称                              梯度范数         梯度均值 状态             
  ----------------------------------------------------------------------
  type_relations                0.000002     0.000000 ✅ 正常           
  exist_relation                0.000116     0.000007 ✅ 正常           
  mi_proj_layer0                0.082628     0.000350 ✅ 正常           
  dis_proj_layer0               0.070965     0.000287 ✅ 正常           
================================================================================

Epoch 500, Total Loss: 13.8211, Recover Loss: 0.8608, miRNA CL: 6.5380, Disease CL: 6.1536, Inter-view (est): 2.9288, Recon Loss: 0.0246, Time: 363.28s
[INFO] Hypergraph updated at epoch 550

🔧 Epoch 550 梯度检查:
================================================================================

  参数名称                              梯度范数         梯度均值 状态             
  ----------------------------------------------------------------------
  type_relations                0.000002     0.000000 ✅ 正常           
  exist_relation                0.000114     0.000007 ✅ 正常           
  mi_proj_layer0                0.056742     0.000238 ✅ 正常           
  dis_proj_layer0               0.068670     0.000282 ✅ 正常           
================================================================================

Epoch 550, Total Loss: 13.7707, Recover Loss: 0.8556, miRNA CL: 6.5140, Disease CL: 6.1348, Inter-view (est): 2.9189, Recon Loss: 0.0240, Time: 394.87s
[INFO] Hypergraph updated at epoch 600

🔧 Epoch 600 梯度检查:
================================================================================

  参数名称                              梯度范数         梯度均值 状态             
  ----------------------------------------------------------------------
  type_relations                0.000002     0.000000 ✅ 正常           
  exist_relation                0.000113     0.000007 ✅ 正常           
  mi_proj_layer0                0.079755     0.000334 ✅ 正常           
  dis_proj_layer0               0.073028     0.000297 ✅ 正常           
================================================================================

Epoch 600, Total Loss: 13.7425, Recover Loss: 0.8550, miRNA CL: 6.5015, Disease CL: 6.1210, Inter-view (est): 2.9129, Recon Loss: 0.0239, Time: 426.80s
[INFO] Hypergraph updated at epoch 650

🔧 Epoch 650 梯度检查:
================================================================================

  参数名称                              梯度范数         梯度均值 状态             
  ----------------------------------------------------------------------
  type_relations                0.000001     0.000000 ✅ 正常           
  exist_relation                0.000112     0.000007 ✅ 正常           
  mi_proj_layer0                0.073581     0.000309 ✅ 正常           
  dis_proj_layer0               0.081011     0.000315 ✅ 正常           
================================================================================

Epoch 650, Total Loss: 13.7051, Recover Loss: 0.8503, miRNA CL: 6.4841, Disease CL: 6.1069, Inter-view (est): 2.9056, Recon Loss: 0.0242, Time: 462.74s

================================================================================
Training completed. Running final test...
================================================================================
Fold 3 completed - AUC: 0.9800, Top-1 F1: 0.7055
Fold 3 training time: 463.52 seconds
=== Cross Validation Fold 4/5 ===
Using hidden dimensions: [256, 256] with 4 attention heads
优化模型初始化: miRNA数量 = 495, 疾病数量 = 383
   节点维度: 256 → 128
   类型数量: 4
   Temperature: 2.0 (可学习)
   Loss mode: two_head
   loss_mode=two_head
   exist_weight=0.100, type_weight=0.900

✅ SimplifiedMultiTypeAssociationLoss 初始化 (改进版)
   类别权重 (beta=0.99999): ['0.780', '1.822', '0.977', '0.421']
Original positive index shape: torch.Size([1072, 2])
Original negative index shape: torch.Size([135416, 2])
采样后负样本数量: 10720
🎯 Building TRUE DUAL VIEWS from four different sources...
📊 Data sources loaded:
  Disease semantic: torch.Size([383, 383])
  miRNA functional: torch.Size([495, 495])
  Disease-gene: torch.Size([383, 383])
  miRNA-sequence: torch.Size([495, 495])
🧬 Building miRNA dual-view hypergraphs...
  📊 miRNA View 1 (Sequence): torch.Size([495, 878])
  📊 miRNA View 2 (Function): torch.Size([495, 878])
🦠 Building disease dual-view hypergraphs...
  📊 Disease View 1 (Gene): torch.Size([383, 878])
  📊 Disease View 2 (Semantic): torch.Size([383, 878])
✅ Successfully built TRUE DUAL VIEWS:
   🧬 miRNA: Sequence Features (m_ss.xlsx) vs Functional Similarity (mi_fun_sim_2.0.csv)
   🦠 Disease: Gene Features (d_gs.xlsx) vs Semantic Similarity (dis_sem_sim_2.0.csv)

🔧 Epoch 1 梯度检查:
================================================================================

  参数名称                              梯度范数         梯度均值 状态             
  ----------------------------------------------------------------------
  type_relations                0.000025     0.000001 ✅ 正常           
  exist_relation                0.000133     0.000010 ✅ 正常           
  mi_proj_layer0                0.431454     0.001567 ✅ 正常           
  dis_proj_layer0               0.401381     0.001536 ✅ 正常           
================================================================================

Epoch 1, Total Loss: 20.5302, Recover Loss: 1.3306, miRNA CL: 9.0423, Disease CL: 8.4303, Inter-view (est): 4.0321, Recon Loss: 1.4281, Time: 0.75s
[INFO] Hypergraph updated at epoch 5
[INFO] Hypergraph updated at epoch 10
[INFO] Hypergraph updated at epoch 15
[INFO] Hypergraph updated at epoch 20
[INFO] Hypergraph updated at epoch 25
[INFO] Hypergraph updated at epoch 30
[INFO] Hypergraph updated at epoch 35
[INFO] Hypergraph updated at epoch 40
[INFO] Hypergraph updated at epoch 45
[INFO] Hypergraph updated at epoch 50

🔧 Epoch 50 梯度检查:
================================================================================

  参数名称                              梯度范数         梯度均值 状态             
  ----------------------------------------------------------------------
  type_relations                0.000017     0.000000 ✅ 正常           
  exist_relation                0.000128     0.000009 ✅ 正常           
  mi_proj_layer0                0.116051     0.000466 ✅ 正常           
  dis_proj_layer0               0.129524     0.000515 ✅ 正常           
================================================================================

Epoch 50, Total Loss: 16.9533, Recover Loss: 1.1082, miRNA CL: 7.8711, Disease CL: 7.5806, Inter-view (est): 3.5658, Recon Loss: 0.1082, Time: 97.42s
[INFO] Hypergraph updated at epoch 100

🔧 Epoch 100 梯度检查:
================================================================================

  参数名称                              梯度范数         梯度均值 状态             
  ----------------------------------------------------------------------
  type_relations                0.000010     0.000000 ✅ 正常           
  exist_relation                0.000122     0.000009 ✅ 正常           
  mi_proj_layer0                0.089011     0.000366 ✅ 正常           
  dis_proj_layer0               0.118296     0.000483 ✅ 正常           
================================================================================

Epoch 100, Total Loss: 15.5633, Recover Loss: 1.0041, miRNA CL: 7.4509, Disease CL: 6.8051, Inter-view (est): 3.2899, Recon Loss: 0.0305, Time: 131.52s
[INFO] Hypergraph updated at epoch 150

🔧 Epoch 150 梯度检查:
================================================================================

  参数名称                              梯度范数         梯度均值 状态             
  ----------------------------------------------------------------------
  type_relations                0.000007     0.000000 ✅ 正常           
  exist_relation                0.000118     0.000008 ✅ 正常           
  mi_proj_layer0                0.077136     0.000320 ✅ 正常           
  dis_proj_layer0               0.096483     0.000399 ✅ 正常           
================================================================================

Epoch 150, Total Loss: 14.8018, Recover Loss: 0.9663, miRNA CL: 7.0344, Disease CL: 6.5063, Inter-view (est): 3.1248, Recon Loss: 0.0282, Time: 163.60s
[INFO] Hypergraph updated at epoch 200

🔧 Epoch 200 梯度检查:
================================================================================

  参数名称                              梯度范数         梯度均值 状态             
  ----------------------------------------------------------------------
  type_relations                0.000006     0.000000 ✅ 正常           
  exist_relation                0.000116     0.000008 ✅ 正常           
  mi_proj_layer0                0.088056     0.000363 ✅ 正常           
  dis_proj_layer0               0.112913     0.000463 ✅ 正常           
================================================================================

Epoch 200, Total Loss: 14.5077, Recover Loss: 0.9456, miRNA CL: 6.8738, Disease CL: 6.3977, Inter-view (est): 3.0626, Recon Loss: 0.0278, Time: 196.98s
[INFO] Hypergraph updated at epoch 250

🔧 Epoch 250 梯度检查:
================================================================================

  参数名称                              梯度范数         梯度均值 状态             
  ----------------------------------------------------------------------
  type_relations                0.000005     0.000000 ✅ 正常           
  exist_relation                0.000113     0.000008 ✅ 正常           
  mi_proj_layer0                0.062181     0.000262 ✅ 正常           
  dis_proj_layer0               0.087756     0.000355 ✅ 正常           
================================================================================

Epoch 250, Total Loss: 14.3118, Recover Loss: 0.9177, miRNA CL: 6.7798, Disease CL: 6.3286, Inter-view (est): 3.0250, Recon Loss: 0.0264, Time: 229.87s
[INFO] Hypergraph updated at epoch 300

🔧 Epoch 300 梯度检查:
================================================================================

  参数名称                              梯度范数         梯度均值 状态             
  ----------------------------------------------------------------------
  type_relations                0.000004     0.000000 ✅ 正常           
  exist_relation                0.000111     0.000008 ✅ 正常           
  mi_proj_layer0                0.083232     0.000349 ✅ 正常           
  dis_proj_layer0               0.076232     0.000319 ✅ 正常           
================================================================================

Epoch 300, Total Loss: 14.1745, Recover Loss: 0.9100, miRNA CL: 6.7087, Disease CL: 6.2731, Inter-view (est): 2.9958, Recon Loss: 0.0265, Time: 261.71s
[INFO] Hypergraph updated at epoch 350

🔧 Epoch 350 梯度检查:
================================================================================

  参数名称                              梯度范数         梯度均值 状态             
  ----------------------------------------------------------------------
  type_relations                0.000003     0.000000 ✅ 正常           
  exist_relation                0.000108     0.000007 ✅ 正常           
  mi_proj_layer0                0.065073     0.000274 ✅ 正常           
  dis_proj_layer0               0.064687     0.000270 ✅ 正常           
================================================================================

Epoch 350, Total Loss: 14.0628, Recover Loss: 0.8937, miRNA CL: 6.6609, Disease CL: 6.2286, Inter-view (est): 2.9745, Recon Loss: 0.0261, Time: 293.81s
[INFO] Hypergraph updated at epoch 400

🔧 Epoch 400 梯度检查:
================================================================================

  参数名称                              梯度范数         梯度均值 状态             
  ----------------------------------------------------------------------
  type_relations                0.000003     0.000000 ✅ 正常           
  exist_relation                0.000107     0.000007 ✅ 正常           
  mi_proj_layer0                0.070400     0.000298 ✅ 正常           
  dis_proj_layer0               0.079157     0.000330 ✅ 正常           
================================================================================

Epoch 400, Total Loss: 13.9937, Recover Loss: 0.8895, miRNA CL: 6.6238, Disease CL: 6.2034, Inter-view (est): 2.9601, Recon Loss: 0.0254, Time: 325.99s
[INFO] Hypergraph updated at epoch 450

🔧 Epoch 450 梯度检查:
================================================================================

  参数名称                              梯度范数         梯度均值 状态             
  ----------------------------------------------------------------------
  type_relations                0.000002     0.000000 ✅ 正常           
  exist_relation                0.000105     0.000007 ✅ 正常           
  mi_proj_layer0                0.080748     0.000334 ✅ 正常           
  dis_proj_layer0               0.073455     0.000303 ✅ 正常           
================================================================================

Epoch 450, Total Loss: 13.9346, Recover Loss: 0.8868, miRNA CL: 6.5918, Disease CL: 6.1810, Inter-view (est): 2.9476, Recon Loss: 0.0253, Time: 358.61s
[INFO] Hypergraph updated at epoch 500

🔧 Epoch 500 梯度检查:
================================================================================

  参数名称                              梯度范数         梯度均值 状态             
  ----------------------------------------------------------------------
  type_relations                0.000002     0.000000 ✅ 正常           
  exist_relation                0.000103     0.000007 ✅ 正常           
  mi_proj_layer0                0.071742     0.000298 ✅ 正常           
  dis_proj_layer0               0.086165     0.000353 ✅ 正常           
================================================================================

Epoch 500, Total Loss: 13.8750, Recover Loss: 0.8778, miRNA CL: 6.5638, Disease CL: 6.1605, Inter-view (est): 2.9364, Recon Loss: 0.0249, Time: 391.79s
[INFO] Hypergraph updated at epoch 550

🔧 Epoch 550 梯度检查:
================================================================================

  参数名称                              梯度范数         梯度均值 状态             
  ----------------------------------------------------------------------
  type_relations                0.000002     0.000000 ✅ 正常           
  exist_relation                0.000102     0.000007 ✅ 正常           
  mi_proj_layer0                0.060531     0.000256 ✅ 正常           
  dis_proj_layer0               0.061885     0.000259 ✅ 正常           
================================================================================

Epoch 550, Total Loss: 13.8228, Recover Loss: 0.8724, miRNA CL: 6.5373, Disease CL: 6.1420, Inter-view (est): 2.9260, Recon Loss: 0.0249, Time: 424.25s
[INFO] Hypergraph updated at epoch 600

🔧 Epoch 600 梯度检查:
================================================================================

  参数名称                              梯度范数         梯度均值 状态             
  ----------------------------------------------------------------------
  type_relations                0.000002     0.000000 ✅ 正常           
  exist_relation                0.000100     0.000007 ✅ 正常           
  mi_proj_layer0                0.063740     0.000269 ✅ 正常           
  dis_proj_layer0               0.051107     0.000216 ✅ 正常           
================================================================================

Epoch 600, Total Loss: 13.7872, Recover Loss: 0.8678, miRNA CL: 6.5252, Disease CL: 6.1246, Inter-view (est): 2.9192, Recon Loss: 0.0250, Time: 457.02s
[INFO] Hypergraph updated at epoch 650

🔧 Epoch 650 梯度检查:
================================================================================

  参数名称                              梯度范数         梯度均值 状态             
  ----------------------------------------------------------------------
  type_relations                0.000001     0.000000 ✅ 正常           
  exist_relation                0.000099     0.000007 ✅ 正常           
  mi_proj_layer0                0.058713     0.000248 ✅ 正常           
  dis_proj_layer0               0.057601     0.000243 ✅ 正常           
================================================================================

Epoch 650, Total Loss: 13.7433, Recover Loss: 0.8606, miRNA CL: 6.5022, Disease CL: 6.1130, Inter-view (est): 2.9112, Recon Loss: 0.0243, Time: 496.33s

================================================================================
Training completed. Running final test...
================================================================================
Fold 4 completed - AUC: 0.9831, Top-1 F1: 0.6515
Fold 4 training time: 497.04 seconds
=== Cross Validation Fold 5/5 ===
Using hidden dimensions: [256, 256] with 4 attention heads
优化模型初始化: miRNA数量 = 495, 疾病数量 = 383
   节点维度: 256 → 128
   类型数量: 4
   Temperature: 2.0 (可学习)
   Loss mode: two_head
   loss_mode=two_head
   exist_weight=0.100, type_weight=0.900

✅ SimplifiedMultiTypeAssociationLoss 初始化 (改进版)
   类别权重 (beta=0.99999): ['0.780', '1.822', '0.977', '0.421']
Original positive index shape: torch.Size([1072, 2])
Original negative index shape: torch.Size([135416, 2])
采样后负样本数量: 10720
🎯 Building TRUE DUAL VIEWS from four different sources...
📊 Data sources loaded:
  Disease semantic: torch.Size([383, 383])
  miRNA functional: torch.Size([495, 495])
  Disease-gene: torch.Size([383, 383])
  miRNA-sequence: torch.Size([495, 495])
🧬 Building miRNA dual-view hypergraphs...
  📊 miRNA View 1 (Sequence): torch.Size([495, 878])
  📊 miRNA View 2 (Function): torch.Size([495, 878])
🦠 Building disease dual-view hypergraphs...
  📊 Disease View 1 (Gene): torch.Size([383, 878])
  📊 Disease View 2 (Semantic): torch.Size([383, 878])
✅ Successfully built TRUE DUAL VIEWS:
   🧬 miRNA: Sequence Features (m_ss.xlsx) vs Functional Similarity (mi_fun_sim_2.0.csv)
   🦠 Disease: Gene Features (d_gs.xlsx) vs Semantic Similarity (dis_sem_sim_2.0.csv)

🔧 Epoch 1 梯度检查:
================================================================================

  参数名称                              梯度范数         梯度均值 状态             
  ----------------------------------------------------------------------
  type_relations                0.000025     0.000001 ✅ 正常           
  exist_relation                0.000151     0.000011 ✅ 正常           
  mi_proj_layer0                0.281105     0.001049 ✅ 正常           
  dis_proj_layer0               0.313030     0.001243 ✅ 正常           
================================================================================

Epoch 1, Total Loss: 20.7438, Recover Loss: 1.3146, miRNA CL: 9.2854, Disease CL: 8.4367, Inter-view (est): 4.0897, Recon Loss: 1.4084, Time: 0.84s
[INFO] Hypergraph updated at epoch 5
[INFO] Hypergraph updated at epoch 10
[INFO] Hypergraph updated at epoch 15
[INFO] Hypergraph updated at epoch 20
[INFO] Hypergraph updated at epoch 25
[INFO] Hypergraph updated at epoch 30
[INFO] Hypergraph updated at epoch 35
[INFO] Hypergraph updated at epoch 40
[INFO] Hypergraph updated at epoch 45
[INFO] Hypergraph updated at epoch 50

🔧 Epoch 50 梯度检查:
================================================================================

  参数名称                              梯度范数         梯度均值 状态             
  ----------------------------------------------------------------------
  type_relations                0.000017     0.000000 ✅ 正常           
  exist_relation                0.000146     0.000010 ✅ 正常           
  mi_proj_layer0                0.113608     0.000455 ✅ 正常           
  dis_proj_layer0               0.116080     0.000479 ✅ 正常           
================================================================================

Epoch 50, Total Loss: 17.0008, Recover Loss: 1.0963, miRNA CL: 7.9067, Disease CL: 7.6402, Inter-view (est): 3.5877, Recon Loss: 0.0730, Time: 93.70s
[INFO] Hypergraph updated at epoch 100

🔧 Epoch 100 梯度检查:
================================================================================

  参数名称                              梯度范数         梯度均值 状态             
  ----------------------------------------------------------------------
  type_relations                0.000010     0.000000 ✅ 正常           
  exist_relation                0.000140     0.000010 ✅ 正常           
  mi_proj_layer0                0.102861     0.000424 ✅ 正常           
  dis_proj_layer0               0.144703     0.000583 ✅ 正常           
================================================================================

Epoch 100, Total Loss: 15.6363, Recover Loss: 0.9935, miRNA CL: 7.5127, Disease CL: 6.8284, Inter-view (est): 3.3095, Recon Loss: 0.0302, Time: 126.61s
[INFO] Hypergraph updated at epoch 150

🔧 Epoch 150 梯度检查:
================================================================================

  参数名称                              梯度范数         梯度均值 状态             
  ----------------------------------------------------------------------
  type_relations                0.000007     0.000000 ✅ 正常           
  exist_relation                0.000136     0.000009 ✅ 正常           
  mi_proj_layer0                0.087694     0.000366 ✅ 正常           
  dis_proj_layer0               0.098768     0.000409 ✅ 正常           
================================================================================

Epoch 150, Total Loss: 14.7966, Recover Loss: 0.9459, miRNA CL: 7.0611, Disease CL: 6.4973, Inter-view (est): 3.1289, Recon Loss: 0.0279, Time: 158.27s
[INFO] Hypergraph updated at epoch 200

🔧 Epoch 200 梯度检查:
================================================================================

  参数名称                              梯度范数         梯度均值 状态             
  ----------------------------------------------------------------------
  type_relations                0.000005     0.000000 ✅ 正常           
  exist_relation                0.000134     0.000009 ✅ 正常           
  mi_proj_layer0                0.079966     0.000340 ✅ 正常           
  dis_proj_layer0               0.084233     0.000351 ✅ 正常           
================================================================================

Epoch 200, Total Loss: 14.4710, Recover Loss: 0.9194, miRNA CL: 6.8762, Disease CL: 6.3862, Inter-view (est): 3.0606, Recon Loss: 0.0286, Time: 189.89s
[INFO] Hypergraph updated at epoch 250

🔧 Epoch 250 梯度检查:
================================================================================

  参数名称                              梯度范数         梯度均值 状态             
  ----------------------------------------------------------------------
  type_relations                0.000004     0.000000 ✅ 正常           
  exist_relation                0.000131     0.000009 ✅ 正常           
  mi_proj_layer0                0.082645     0.000345 ✅ 正常           
  dis_proj_layer0               0.077602     0.000325 ✅ 正常           
================================================================================

Epoch 250, Total Loss: 14.2737, Recover Loss: 0.9063, miRNA CL: 6.7699, Disease CL: 6.3127, Inter-view (est): 3.0191, Recon Loss: 0.0278, Time: 222.33s
[INFO] Hypergraph updated at epoch 300

🔧 Epoch 300 梯度检查:
================================================================================

  参数名称                              梯度范数         梯度均值 状态             
  ----------------------------------------------------------------------
  type_relations                0.000004     0.000000 ✅ 正常           
  exist_relation                0.000129     0.000008 ✅ 正常           
  mi_proj_layer0                0.076937     0.000322 ✅ 正常           
  dis_proj_layer0               0.082989     0.000342 ✅ 正常           
================================================================================

Epoch 300, Total Loss: 14.1251, Recover Loss: 0.8939, miRNA CL: 6.6915, Disease CL: 6.2588, Inter-view (est): 2.9885, Recon Loss: 0.0272, Time: 253.85s
[INFO] Hypergraph updated at epoch 350

🔧 Epoch 350 梯度检查:
================================================================================

  参数名称                              梯度范数         梯度均值 状态             
  ----------------------------------------------------------------------
  type_relations                0.000003     0.000000 ✅ 正常           
  exist_relation                0.000127     0.000008 ✅ 正常           
  mi_proj_layer0                0.071503     0.000306 ✅ 正常           
  dis_proj_layer0               0.062071     0.000263 ✅ 正常           
================================================================================

Epoch 350, Total Loss: 14.0495, Recover Loss: 0.8838, miRNA CL: 6.6617, Disease CL: 6.2267, Inter-view (est): 2.9743, Recon Loss: 0.0262, Time: 286.34s
[INFO] Hypergraph updated at epoch 400

🔧 Epoch 400 梯度检查:
================================================================================

  参数名称                              梯度范数         梯度均值 状态             
  ----------------------------------------------------------------------
  type_relations                0.000003     0.000000 ✅ 正常           
  exist_relation                0.000125     0.000008 ✅ 正常           
  mi_proj_layer0                0.068751     0.000291 ✅ 正常           
  dis_proj_layer0               0.069354     0.000289 ✅ 正常           
================================================================================

Epoch 400, Total Loss: 13.9707, Recover Loss: 0.8745, miRNA CL: 6.6146, Disease CL: 6.2062, Inter-view (est): 2.9586, Recon Loss: 0.0260, Time: 318.63s
[INFO] Hypergraph updated at epoch 450

🔧 Epoch 450 梯度检查:
================================================================================

  参数名称                              梯度范数         梯度均值 状态             
  ----------------------------------------------------------------------
  type_relations                0.000002     0.000000 ✅ 正常           
  exist_relation                0.000124     0.000008 ✅ 正常           
  mi_proj_layer0                0.073046     0.000310 ✅ 正常           
  dis_proj_layer0               0.069386     0.000287 ✅ 正常           
================================================================================

Epoch 450, Total Loss: 13.9187, Recover Loss: 0.8732, miRNA CL: 6.5860, Disease CL: 6.1863, Inter-view (est): 2.9475, Recon Loss: 0.0256, Time: 351.13s
[INFO] Hypergraph updated at epoch 500

🔧 Epoch 500 梯度检查:
================================================================================

  参数名称                              梯度范数         梯度均值 状态             
  ----------------------------------------------------------------------
  type_relations                0.000002     0.000000 ✅ 正常           
  exist_relation                0.000122     0.000008 ✅ 正常           
  mi_proj_layer0                0.070185     0.000295 ✅ 正常           
  dis_proj_layer0               0.066609     0.000280 ✅ 正常           
================================================================================

Epoch 500, Total Loss: 13.8593, Recover Loss: 0.8647, miRNA CL: 6.5571, Disease CL: 6.1662, Inter-view (est): 2.9361, Recon Loss: 0.0255, Time: 383.75s
[INFO] Hypergraph updated at epoch 550

🔧 Epoch 550 梯度检查:
================================================================================

  参数名称                              梯度范数         梯度均值 状态             
  ----------------------------------------------------------------------
  type_relations                0.000002     0.000000 ✅ 正常           
  exist_relation                0.000120     0.000008 ✅ 正常           
  mi_proj_layer0                0.066490     0.000279 ✅ 正常           
  dis_proj_layer0               0.060698     0.000255 ✅ 正常           
================================================================================

Epoch 550, Total Loss: 13.8186, Recover Loss: 0.8596, miRNA CL: 6.5391, Disease CL: 6.1505, Inter-view (est): 2.9284, Recon Loss: 0.0251, Time: 415.47s
[INFO] Hypergraph updated at epoch 600

🔧 Epoch 600 梯度检查:
================================================================================

  参数名称                              梯度范数         梯度均值 状态             
  ----------------------------------------------------------------------
  type_relations                0.000002     0.000000 ✅ 正常           
  exist_relation                0.000119     0.000008 ✅ 正常           
  mi_proj_layer0                0.057906     0.000247 ✅ 正常           
  dis_proj_layer0               0.054432     0.000227 ✅ 正常           
================================================================================

Epoch 600, Total Loss: 13.7904, Recover Loss: 0.8542, miRNA CL: 6.5310, Disease CL: 6.1372, Inter-view (est): 2.9234, Recon Loss: 0.0249, Time: 447.34s
[INFO] Hypergraph updated at epoch 650

🔧 Epoch 650 梯度检查:
================================================================================

  参数名称                              梯度范数         梯度均值 状态             
  ----------------------------------------------------------------------
  type_relations                0.000001     0.000000 ✅ 正常           
  exist_relation                0.000118     0.000007 ✅ 正常           
  mi_proj_layer0                0.057306     0.000243 ✅ 正常           
  dis_proj_layer0               0.051827     0.000217 ✅ 正常           
================================================================================

Epoch 650, Total Loss: 13.7500, Recover Loss: 0.8534, miRNA CL: 6.5059, Disease CL: 6.1241, Inter-view (est): 2.9146, Recon Loss: 0.0249, Time: 475.03s

================================================================================
Training completed. Running final test...
================================================================================
Fold 5 completed - AUC: 0.9850, Top-1 F1: 0.7144
Fold 5 training time: 475.70 seconds
Average binary metrics across folds: [[0.98164235 0.98121041 0.93773718 0.93746269 0.94149254 0.93343284
  0.93461799]]
🎯 Average Top-1 metrics across folds: {'top1_precision': 0.7, 'top1_recall': np.float64(0.6882484270344282), 'top1_f1': np.float64(0.6939754923226423)}

📊 CV_type Style Metrics Details:
  AUC            : 0.9816
  AUPR           : 0.9812
  F1             : 0.9377
  Accuracy       : 0.9375
  Recall         : 0.9415
  Specificity    : 0.9334
  Precision      : 0.9346

🎯 Top-1 Metrics Details:
  top1_precision : 0.7000
  top1_recall    : 0.6882
  top1_f1        : 0.6940

Total execution time: 2400.28 seconds

==========================================================================================
🎯 FINAL COMPREHENSIVE RESULTS WITH TOP-1 METRICS
==========================================================================================
📊 Binary Classification Metrics (Original):
  AUC: 0.9816
  AUPR: 0.9812
  F1: 0.9377
  Accuracy: 0.9375
  Recall: 0.9415
  Specificity: 0.9334
  Precision: 0.9346

🎯 CV_type Style Metrics (Enhanced):
  AUC: 0.9816
  AUPR: 0.9812
  F1: 0.9377
  Accuracy: 0.9375
  Recall: 0.9415
  Specificity: 0.9334
  Precision: 0.9346

🏆 Top-1 Metrics (NEW):
  Top-1 Precision: 0.7000
  Top-1 Recall: 0.6882
  Top-1 F1: 0.6940
==========================================================================================
