[CPU] torch.set_num_threads(8), interop=min(4, 8)
Using device: cpu
[INFO] Auto-computed BALANCED class weights (to prevent class collapse):
  Circulation  (  367 samples): 0.780
  Epigenetics  (  157 samples): 1.823
  Target       (  293 samples): 0.977
  Genetics     (  681 samples): 0.420
  [NOTE] Higher weights for minority classes to prevent model from only predicting majority class
[INFO] Using v2.0_495m383D dataset:
  miRNAs: 495
  Diseases: 383
  Expected associations: ~1498
  Types: 4 (Circulation, Epigenetics, Target, Genetics)

================================================================================
Configuration Summary
================================================================================
Dataset: v2.0_495m383D
Data Path: ./
Model: HeterogenousGraphCLAMIR
  - HGT Layers: 2
  - Attention Heads: 4
  - Association Types: 4
  - Inter-view CL: Enabled
    - Weight: 0.3
    - Temperature: 0.5
    - Margin: 0.5

Training:
  - Epochs: 650
  - Learning Rate: 0.0001
  - Dropout: 0.3
  - Weight Decay: 5e-05
  - Focal Loss: Enabled

Evaluation:
  - Cross-Validation Folds: 5
  - Primary Metric: AUPR

Device: cpu
Random Seed: 1234
================================================================================

[SEED] Re-seeded với args.seed = 1234
🚀 Running with comprehensive evaluation including Top-1 metrics...
🎯 Loading dual-view data...
Starting dual-view data preparation with new file format...
Loading all similarity and feature files from v2.0_495m383D...
✅ Loaded disease semantic similarity from D_SSM1.txt: (383, 383)
✅ Loaded miRNA functional similarity from M_FSM.txt: (495, 495)
✅ Loaded multi-type association pairs from ./v2.0_495m383D/multi_all_mirna_disease_pairs_without_negative.csv: (1679, 3)
✅ Created multi-type association matrix: (495, 383)
📊 Multi-type Association Statistics:
   无关联 (No association): 188087 pairs (99.21%)
   循环类型 (Circulation): 367 pairs (0.19%)
   表观遗传学 (Epigenetics): 157 pairs (0.08%)
   靶标类型 (Target): 293 pairs (0.15%)
   遗传学类型 (Genetics): 681 pairs (0.36%)
✅ Created association matrix from CSV: (495, 383)
✅ Loaded disease-gene features from D_SSM2.txt: torch.Size([383, 383])
✅ Loaded miRNA-sequence features from M_GSM.txt: torch.Size([495, 495])
Processing integrated similarity matrices...
Loaded similarity matrices from cache
Processing indices...
Loaded indices from cache (seed=1234)
✅ Dual-view data preparation completed in 0.26 seconds

============================================================
🎯 DUAL-VIEW CONFIGURATION SUMMARY (v2.0_495m383D)
============================================================
miRNA Dual Views:
  📊 View 1 (Sequence): M_GSM.txt torch.Size([495, 495])
  📊 View 2 (Function): M_FSM.txt torch.Size([495, 495])

Disease Dual Views:
  📊 View 1 (Gene): D_SSM2.txt torch.Size([383, 383])
  📊 View 2 (Semantic): D_SSM1.txt torch.Size([383, 383])

Association Matrix: torch.Size([495, 383])
Data source: v2.0_495m383D (495 miRNAs × 383 Diseases)
============================================================
Preloading dual-view data to device...
✅ Loaded disease-gene features to device: torch.Size([383, 383])
✅ Loaded miRNA-sequence features to device: torch.Size([495, 495])
✅ Loaded disease semantic similarity to device: torch.Size([383, 383])
✅ Loaded miRNA functional similarity to device: torch.Size([495, 495])
✅ Dual-view data preloading completed in 0.00 seconds
OptimizedDataset initialized with 5 folds
Using device: cpu
=== Cross Validation Fold 1/5 ===
Using hidden dimensions: [256, 256] with 4 attention heads
优化模型初始化: miRNA数量 = 495, 疾病数量 = 383
   节点维度: 256 → 128
   类型数量: 4
   Temperature: 2.0 (可学习)
   Loss mode: two_head
   loss_mode=two_head
   exist_weight=0.100, type_weight=0.900

✅ SimplifiedMultiTypeAssociationLoss 初始化 (改进版)
   类别权重 (beta=0.99999): ['0.780', '1.822', '0.977', '0.421']
Original positive index shape: torch.Size([1072, 2])
Original negative index shape: torch.Size([135416, 2])
采样后负样本数量: 10720
🎯 Building TRUE DUAL VIEWS from four different sources...
📊 Data sources loaded:
  Disease semantic: torch.Size([383, 383])
  miRNA functional: torch.Size([495, 495])
  Disease-gene: torch.Size([383, 383])
  miRNA-sequence: torch.Size([495, 495])
🧬 Building miRNA dual-view hypergraphs...
  📊 miRNA View 1 (Sequence): torch.Size([495, 878])
  📊 miRNA View 2 (Function): torch.Size([495, 878])
🦠 Building disease dual-view hypergraphs...
  📊 Disease View 1 (Gene): torch.Size([383, 878])
  📊 Disease View 2 (Semantic): torch.Size([383, 878])
✅ Successfully built TRUE DUAL VIEWS:
   🧬 miRNA: Sequence Features (m_ss.xlsx) vs Functional Similarity (mi_fun_sim_2.0.csv)
   🦠 Disease: Gene Features (d_gs.xlsx) vs Semantic Similarity (dis_sem_sim_2.0.csv)

🔧 Epoch 1 梯度检查:
================================================================================

  参数名称                              梯度范数         梯度均值 状态             
  ----------------------------------------------------------------------
  type_relations                0.000025     0.000001 ✅ 正常           
  exist_relation                0.000134     0.000010 ✅ 正常           
  mi_proj_layer0                0.455106     0.001707 ✅ 正常           
  dis_proj_layer0               0.474819     0.001874 ✅ 正常           
================================================================================

Epoch 1, Total Loss: 20.5398, Recover Loss: 1.3431, miRNA CL: 9.0301, Disease CL: 8.4425, Inter-view (est): 4.0321, Recon Loss: 1.4255, Time: 0.93s
[INFO] Hypergraph updated at epoch 5
[INFO] Hypergraph updated at epoch 10
[INFO] Hypergraph updated at epoch 15
[INFO] Hypergraph updated at epoch 20
[INFO] Hypergraph updated at epoch 25
[INFO] Hypergraph updated at epoch 30
[INFO] Hypergraph updated at epoch 35
[INFO] Hypergraph updated at epoch 40
[INFO] Hypergraph updated at epoch 45
[INFO] Hypergraph updated at epoch 50

🔧 Epoch 50 梯度检查:
================================================================================

  参数名称                              梯度范数         梯度均值 状态             
  ----------------------------------------------------------------------
  type_relations                0.000017     0.000000 ✅ 正常           
  exist_relation                0.000129     0.000009 ✅ 正常           
  mi_proj_layer0                0.127561     0.000514 ✅ 正常           
  dis_proj_layer0               0.142942     0.000571 ✅ 正常           
================================================================================

Epoch 50, Total Loss: 16.9759, Recover Loss: 1.1298, miRNA CL: 7.9222, Disease CL: 7.5686, Inter-view (est): 3.5748, Recon Loss: 0.0706, Time: 152.32s
[INFO] Hypergraph updated at epoch 100

🔧 Epoch 100 梯度检查:
================================================================================

  参数名称                              梯度范数         梯度均值 状态             
  ----------------------------------------------------------------------
  type_relations                0.000010     0.000000 ✅ 正常           
  exist_relation                0.000123     0.000008 ✅ 正常           
  mi_proj_layer0                0.100868     0.000414 ✅ 正常           
  dis_proj_layer0               0.123091     0.000488 ✅ 正常           
================================================================================

Epoch 100, Total Loss: 15.6431, Recover Loss: 1.0120, miRNA CL: 7.5754, Disease CL: 6.7541, Inter-view (est): 3.3068, Recon Loss: 0.0294, Time: 200.04s
[INFO] Hypergraph updated at epoch 150

🔧 Epoch 150 梯度检查:
================================================================================

  参数名称                              梯度范数         梯度均值 状态             
  ----------------------------------------------------------------------
  type_relations                0.000006     0.000000 ✅ 正常           
  exist_relation                0.000119     0.000008 ✅ 正常           
  mi_proj_layer0                0.092427     0.000386 ✅ 正常           
  dis_proj_layer0               0.102112     0.000427 ✅ 正常           
================================================================================

Epoch 150, Total Loss: 14.8722, Recover Loss: 0.9596, miRNA CL: 7.1944, Disease CL: 6.4254, Inter-view (est): 3.1430, Recon Loss: 0.0281, Time: 244.79s
[INFO] Hypergraph updated at epoch 200

🔧 Epoch 200 梯度检查:
================================================================================

  参数名称                              梯度范数         梯度均值 状态             
  ----------------------------------------------------------------------
  type_relations                0.000005     0.000000 ✅ 正常           
  exist_relation                0.000116     0.000008 ✅ 正常           
  mi_proj_layer0                0.089151     0.000378 ✅ 正常           
  dis_proj_layer0               0.087836     0.000362 ✅ 正常           
================================================================================

Epoch 200, Total Loss: 14.5940, Recover Loss: 0.9437, miRNA CL: 7.0169, Disease CL: 6.3446, Inter-view (est): 3.0834, Recon Loss: 0.0272, Time: 285.96s
[INFO] Hypergraph updated at epoch 250

🔧 Epoch 250 梯度检查:
================================================================================

  参数名称                              梯度范数         梯度均值 状态             
  ----------------------------------------------------------------------
  type_relations                0.000004     0.000000 ✅ 正常           
  exist_relation                0.000115     0.000008 ✅ 正常           
  mi_proj_layer0                0.083168     0.000348 ✅ 正常           
  dis_proj_layer0               0.092048     0.000379 ✅ 正常           
================================================================================

Epoch 250, Total Loss: 14.4099, Recover Loss: 0.9254, miRNA CL: 6.9008, Disease CL: 6.2980, Inter-view (est): 3.0459, Recon Loss: 0.0266, Time: 327.04s
[INFO] Hypergraph updated at epoch 300

🔧 Epoch 300 梯度检查:
================================================================================

  参数名称                              梯度范数         梯度均值 状态             
  ----------------------------------------------------------------------
  type_relations                0.000004     0.000000 ✅ 正常           
  exist_relation                0.000113     0.000007 ✅ 正常           
  mi_proj_layer0                0.075334     0.000319 ✅ 正常           
  dis_proj_layer0               0.075991     0.000318 ✅ 正常           
================================================================================

Epoch 300, Total Loss: 14.2763, Recover Loss: 0.9111, miRNA CL: 6.8190, Disease CL: 6.2630, Inter-view (est): 3.0189, Recon Loss: 0.0264, Time: 368.57s
[INFO] Hypergraph updated at epoch 350

🔧 Epoch 350 梯度检查:
================================================================================

  参数名称                              梯度范数         梯度均值 状态             
  ----------------------------------------------------------------------
  type_relations                0.000003     0.000000 ✅ 正常           
  exist_relation                0.000111     0.000007 ✅ 正常           
  mi_proj_layer0                0.117714     0.000478 ✅ 正常           
  dis_proj_layer0               0.109026     0.000443 ✅ 正常           
================================================================================

Epoch 350, Total Loss: 14.1702, Recover Loss: 0.9077, miRNA CL: 6.7513, Disease CL: 6.2307, Inter-view (est): 2.9958, Recon Loss: 0.0258, Time: 412.62s
[INFO] Hypergraph updated at epoch 400

🔧 Epoch 400 梯度检查:
================================================================================

  参数名称                              梯度范数         梯度均值 状态             
  ----------------------------------------------------------------------
  type_relations                0.000003     0.000000 ✅ 正常           
  exist_relation                0.000109     0.000007 ✅ 正常           
  mi_proj_layer0                0.073967     0.000314 ✅ 正常           
  dis_proj_layer0               0.074902     0.000315 ✅ 正常           
================================================================================

Epoch 400, Total Loss: 14.0681, Recover Loss: 0.8945, miRNA CL: 6.6927, Disease CL: 6.2024, Inter-view (est): 2.9758, Recon Loss: 0.0258, Time: 457.28s
[INFO] Hypergraph updated at epoch 450

🔧 Epoch 450 梯度检查:
================================================================================

  参数名称                              梯度范数         梯度均值 状态             
  ----------------------------------------------------------------------
  type_relations                0.000002     0.000000 ✅ 正常           
  exist_relation                0.000108     0.000007 ✅ 正常           
  mi_proj_layer0                0.072702     0.000307 ✅ 正常           
  dis_proj_layer0               0.077358     0.000321 ✅ 正常           
================================================================================

Epoch 450, Total Loss: 13.9890, Recover Loss: 0.8884, miRNA CL: 6.6465, Disease CL: 6.1780, Inter-view (est): 2.9595, Recon Loss: 0.0253, Time: 503.23s
[INFO] Hypergraph updated at epoch 500

🔧 Epoch 500 梯度检查:
================================================================================

  参数名称                              梯度范数         梯度均值 状态             
  ----------------------------------------------------------------------
  type_relations                0.000002     0.000000 ✅ 正常           
  exist_relation                0.000106     0.000007 ✅ 正常           
  mi_proj_layer0                0.067671     0.000287 ✅ 正常           
  dis_proj_layer0               0.063093     0.000266 ✅ 正常           
================================================================================

Epoch 500, Total Loss: 13.9446, Recover Loss: 0.8819, miRNA CL: 6.6299, Disease CL: 6.1586, Inter-view (est): 2.9512, Recon Loss: 0.0250, Time: 548.23s
[INFO] Hypergraph updated at epoch 550

🔧 Epoch 550 梯度检查:
================================================================================

  参数名称                              梯度范数         梯度均值 状态             
  ----------------------------------------------------------------------
  type_relations                0.000002     0.000000 ✅ 正常           
  exist_relation                0.000105     0.000007 ✅ 正常           
  mi_proj_layer0                0.070959     0.000300 ✅ 正常           
  dis_proj_layer0               0.072395     0.000303 ✅ 正常           
================================================================================

Epoch 550, Total Loss: 13.8972, Recover Loss: 0.8803, miRNA CL: 6.5997, Disease CL: 6.1447, Inter-view (est): 2.9410, Recon Loss: 0.0247, Time: 590.75s
[INFO] Hypergraph updated at epoch 600

🔧 Epoch 600 梯度检查:
================================================================================

  参数名称                              梯度范数         梯度均值 状态             
  ----------------------------------------------------------------------
  type_relations                0.000002     0.000000 ✅ 正常           
  exist_relation                0.000104     0.000007 ✅ 正常           
  mi_proj_layer0                0.091300     0.000389 ✅ 正常           
  dis_proj_layer0               0.085203     0.000356 ✅ 正常           
================================================================================

Epoch 600, Total Loss: 13.8602, Recover Loss: 0.8772, miRNA CL: 6.5796, Disease CL: 6.1316, Inter-view (est): 2.9333, Recon Loss: 0.0251, Time: 633.46s
[INFO] Hypergraph updated at epoch 650

🔧 Epoch 650 梯度检查:
================================================================================

  参数名称                              梯度范数         梯度均值 状态             
  ----------------------------------------------------------------------
  type_relations                0.000001     0.000000 ✅ 正常           
  exist_relation                0.000103     0.000007 ✅ 正常           
  mi_proj_layer0                0.077214     0.000323 ✅ 正常           
  dis_proj_layer0               0.064575     0.000270 ✅ 正常           
================================================================================

Epoch 650, Total Loss: 13.8196, Recover Loss: 0.8696, miRNA CL: 6.5613, Disease CL: 6.1184, Inter-view (est): 2.9261, Recon Loss: 0.0248, Time: 674.80s

================================================================================
Training completed. Running final test...
================================================================================
Fold 1 completed - AUC: 0.9773, Top-1 F1: 0.6697
Fold 1 training time: 676.18 seconds
=== Cross Validation Fold 2/5 ===
Using hidden dimensions: [256, 256] with 4 attention heads
优化模型初始化: miRNA数量 = 495, 疾病数量 = 383
   节点维度: 256 → 128
   类型数量: 4
   Temperature: 2.0 (可学习)
   Loss mode: two_head
   loss_mode=two_head
   exist_weight=0.100, type_weight=0.900

✅ SimplifiedMultiTypeAssociationLoss 初始化 (改进版)
   类别权重 (beta=0.99999): ['0.780', '1.822', '0.977', '0.421']
Original positive index shape: torch.Size([1072, 2])
Original negative index shape: torch.Size([135416, 2])
采样后负样本数量: 10720
🎯 Building TRUE DUAL VIEWS from four different sources...
📊 Data sources loaded:
  Disease semantic: torch.Size([383, 383])
  miRNA functional: torch.Size([495, 495])
  Disease-gene: torch.Size([383, 383])
  miRNA-sequence: torch.Size([495, 495])
🧬 Building miRNA dual-view hypergraphs...
  📊 miRNA View 1 (Sequence): torch.Size([495, 878])
  📊 miRNA View 2 (Function): torch.Size([495, 878])
🦠 Building disease dual-view hypergraphs...
  📊 Disease View 1 (Gene): torch.Size([383, 878])
  📊 Disease View 2 (Semantic): torch.Size([383, 878])
✅ Successfully built TRUE DUAL VIEWS:
   🧬 miRNA: Sequence Features (m_ss.xlsx) vs Functional Similarity (mi_fun_sim_2.0.csv)
   🦠 Disease: Gene Features (d_gs.xlsx) vs Semantic Similarity (dis_sem_sim_2.0.csv)

🔧 Epoch 1 梯度检查:
================================================================================

  参数名称                              梯度范数         梯度均值 状态             
  ----------------------------------------------------------------------
  type_relations                0.000025     0.000001 ✅ 正常           
  exist_relation                0.000155     0.000011 ✅ 正常           
  mi_proj_layer0                0.263595     0.001016 ✅ 正常           
  dis_proj_layer0               0.279356     0.001120 ✅ 正常           
================================================================================

Epoch 1, Total Loss: 20.4811, Recover Loss: 1.3169, miRNA CL: 8.9570, Disease CL: 8.4083, Inter-view (est): 4.0074, Recon Loss: 1.5001, Time: 0.78s
[INFO] Hypergraph updated at epoch 5
[INFO] Hypergraph updated at epoch 10
[INFO] Hypergraph updated at epoch 15
[INFO] Hypergraph updated at epoch 20
[INFO] Hypergraph updated at epoch 25
[INFO] Hypergraph updated at epoch 30
[INFO] Hypergraph updated at epoch 35
[INFO] Hypergraph updated at epoch 40
[INFO] Hypergraph updated at epoch 45
[INFO] Hypergraph updated at epoch 50

🔧 Epoch 50 梯度检查:
================================================================================

  参数名称                              梯度范数         梯度均值 状态             
  ----------------------------------------------------------------------
  type_relations                0.000017     0.000001 ✅ 正常           
  exist_relation                0.000150     0.000010 ✅ 正常           
  mi_proj_layer0                0.126617     0.000487 ✅ 正常           
  dis_proj_layer0               0.146142     0.000581 ✅ 正常           
================================================================================

Epoch 50, Total Loss: 17.0391, Recover Loss: 1.1304, miRNA CL: 7.9106, Disease CL: 7.6002, Inter-view (est): 3.5794, Recon Loss: 0.1129, Time: 164.45s
[INFO] Hypergraph updated at epoch 100

🔧 Epoch 100 梯度检查:
================================================================================

  参数名称                              梯度范数         梯度均值 状态             
  ----------------------------------------------------------------------
  type_relations                0.000009     0.000000 ✅ 正常           
  exist_relation                0.000144     0.000010 ✅ 正常           
  mi_proj_layer0                0.086271     0.000357 ✅ 正常           
  dis_proj_layer0               0.116810     0.000463 ✅ 正常           
================================================================================

Epoch 100, Total Loss: 15.7066, Recover Loss: 1.0245, miRNA CL: 7.5815, Disease CL: 6.7992, Inter-view (est): 3.3186, Recon Loss: 0.0300, Time: 210.65s
[INFO] Hypergraph updated at epoch 150

🔧 Epoch 150 梯度检查:
================================================================================

  参数名称                              梯度范数         梯度均值 状态             
  ----------------------------------------------------------------------
  type_relations                0.000006     0.000000 ✅ 正常           
  exist_relation                0.000139     0.000009 ✅ 正常           
  mi_proj_layer0                0.090933     0.000377 ✅ 正常           
  dis_proj_layer0               0.087371     0.000364 ✅ 正常           
================================================================================

Epoch 150, Total Loss: 14.8907, Recover Loss: 0.9713, miRNA CL: 7.1550, Disease CL: 6.4728, Inter-view (est): 3.1449, Recon Loss: 0.0289, Time: 251.12s
[INFO] Hypergraph updated at epoch 200

🔧 Epoch 200 梯度检查:
================================================================================

  参数名称                              梯度范数         梯度均值 状态             
  ----------------------------------------------------------------------
  type_relations                0.000004     0.000000 ✅ 正常           
  exist_relation                0.000135     0.000009 ✅ 正常           
  mi_proj_layer0                0.079354     0.000330 ✅ 正常           
  dis_proj_layer0               0.093483     0.000384 ✅ 正常           
================================================================================

Epoch 200, Total Loss: 14.5017, Recover Loss: 0.9393, miRNA CL: 6.9257, Disease CL: 6.3510, Inter-view (est): 3.0639, Recon Loss: 0.0280, Time: 293.23s
[INFO] Hypergraph updated at epoch 250

🔧 Epoch 250 梯度检查:
================================================================================

  参数名称                              梯度范数         梯度均值 状态             
  ----------------------------------------------------------------------
  type_relations                0.000003     0.000000 ✅ 正常           
  exist_relation                0.000133     0.000009 ✅ 正常           
  mi_proj_layer0                0.078140     0.000331 ✅ 正常           
  dis_proj_layer0               0.077960     0.000323 ✅ 正常           
================================================================================

Epoch 250, Total Loss: 14.3357, Recover Loss: 0.9252, miRNA CL: 6.8272, Disease CL: 6.3012, Inter-view (est): 3.0296, Recon Loss: 0.0273, Time: 335.59s
[INFO] Hypergraph updated at epoch 300

🔧 Epoch 300 梯度检查:
================================================================================

  参数名称                              梯度范数         梯度均值 状态             
  ----------------------------------------------------------------------
  type_relations                0.000003     0.000000 ✅ 正常           
  exist_relation                0.000132     0.000009 ✅ 正常           
  mi_proj_layer0                0.074691     0.000317 ✅ 正常           
  dis_proj_layer0               0.094926     0.000386 ✅ 正常           
================================================================================

Epoch 300, Total Loss: 14.2182, Recover Loss: 0.9125, miRNA CL: 6.7616, Disease CL: 6.2646, Inter-view (est): 3.0060, Recon Loss: 0.0269, Time: 376.28s
[INFO] Hypergraph updated at epoch 350

🔧 Epoch 350 梯度检查:
================================================================================

  参数名称                              梯度范数         梯度均值 状态             
  ----------------------------------------------------------------------
  type_relations                0.000002     0.000000 ✅ 正常           
  exist_relation                0.000130     0.000009 ✅ 正常           
  mi_proj_layer0                0.073554     0.000308 ✅ 正常           
  dis_proj_layer0               0.080468     0.000335 ✅ 正常           
================================================================================

Epoch 350, Total Loss: 14.1045, Recover Loss: 0.9002, miRNA CL: 6.7001, Disease CL: 6.2273, Inter-view (est): 2.9833, Recon Loss: 0.0267, Time: 417.65s
[INFO] Hypergraph updated at epoch 400

🔧 Epoch 400 梯度检查:
================================================================================

  参数名称                              梯度范数         梯度均值 状态             
  ----------------------------------------------------------------------
  type_relations                0.000002     0.000000 ✅ 正常           
  exist_relation                0.000128     0.000008 ✅ 正常           
  mi_proj_layer0                0.066448     0.000281 ✅ 正常           
  dis_proj_layer0               0.082385     0.000348 ✅ 正常           
================================================================================

Epoch 400, Total Loss: 14.0426, Recover Loss: 0.8977, miRNA CL: 6.6743, Disease CL: 6.1967, Inter-view (est): 2.9702, Recon Loss: 0.0259, Time: 458.09s
[INFO] Hypergraph updated at epoch 450

🔧 Epoch 450 梯度检查:
================================================================================

  参数名称                              梯度范数         梯度均值 状态             
  ----------------------------------------------------------------------
  type_relations                0.000002     0.000000 ✅ 正常           
  exist_relation                0.000127     0.000008 ✅ 正常           
  mi_proj_layer0                0.067258     0.000285 ✅ 正常           
  dis_proj_layer0               0.071531     0.000302 ✅ 正常           
================================================================================

Epoch 450, Total Loss: 13.9697, Recover Loss: 0.8907, miRNA CL: 6.6295, Disease CL: 6.1773, Inter-view (est): 2.9554, Recon Loss: 0.0258, Time: 499.59s
[INFO] Hypergraph updated at epoch 500

🔧 Epoch 500 梯度检查:
================================================================================

  参数名称                              梯度范数         梯度均值 状态             
  ----------------------------------------------------------------------
  type_relations                0.000002     0.000000 ✅ 正常           
  exist_relation                0.000125     0.000008 ✅ 正常           
  mi_proj_layer0                0.070875     0.000301 ✅ 正常           
  dis_proj_layer0               0.089767     0.000373 ✅ 正常           
================================================================================

Epoch 500, Total Loss: 13.9174, Recover Loss: 0.8851, miRNA CL: 6.6016, Disease CL: 6.1598, Inter-view (est): 2.9449, Recon Loss: 0.0258, Time: 540.61s
[INFO] Hypergraph updated at epoch 550

🔧 Epoch 550 梯度检查:
================================================================================

  参数名称                              梯度范数         梯度均值 状态             
  ----------------------------------------------------------------------
  type_relations                0.000001     0.000000 ✅ 正常           
  exist_relation                0.000124     0.000008 ✅ 正常           
  mi_proj_layer0                0.058409     0.000247 ✅ 正常           
  dis_proj_layer0               0.070054     0.000293 ✅ 正常           
================================================================================

Epoch 550, Total Loss: 13.8698, Recover Loss: 0.8779, miRNA CL: 6.5796, Disease CL: 6.1433, Inter-view (est): 2.9360, Recon Loss: 0.0255, Time: 588.39s
[INFO] Hypergraph updated at epoch 600

🔧 Epoch 600 梯度检查:
================================================================================

  参数名称                              梯度范数         梯度均值 状态             
  ----------------------------------------------------------------------
  type_relations                0.000001     0.000000 ✅ 正常           
  exist_relation                0.000122     0.000008 ✅ 正常           
  mi_proj_layer0                0.076537     0.000319 ✅ 正常           
  dis_proj_layer0               0.077518     0.000325 ✅ 正常           
================================================================================

Epoch 600, Total Loss: 13.8250, Recover Loss: 0.8754, miRNA CL: 6.5547, Disease CL: 6.1265, Inter-view (est): 2.9264, Recon Loss: 0.0263, Time: 639.04s
[INFO] Hypergraph updated at epoch 650

🔧 Epoch 650 梯度检查:
================================================================================

  参数名称                              梯度范数         梯度均值 状态             
  ----------------------------------------------------------------------
  type_relations                0.000001     0.000000 ✅ 正常           
  exist_relation                0.000121     0.000008 ✅ 正常           
  mi_proj_layer0                0.065596     0.000270 ✅ 正常           
  dis_proj_layer0               0.070769     0.000293 ✅ 正常           
================================================================================

Epoch 650, Total Loss: 13.8054, Recover Loss: 0.8701, miRNA CL: 6.5539, Disease CL: 6.1147, Inter-view (est): 2.9235, Recon Loss: 0.0258, Time: 686.77s

================================================================================
Training completed. Running final test...
================================================================================
Fold 2 completed - AUC: 0.9801, Top-1 F1: 0.7066
Fold 2 training time: 687.60 seconds
=== Cross Validation Fold 3/5 ===
Using hidden dimensions: [256, 256] with 4 attention heads
优化模型初始化: miRNA数量 = 495, 疾病数量 = 383
   节点维度: 256 → 128
   类型数量: 4
   Temperature: 2.0 (可学习)
   Loss mode: two_head
   loss_mode=two_head
   exist_weight=0.100, type_weight=0.900

✅ SimplifiedMultiTypeAssociationLoss 初始化 (改进版)
   类别权重 (beta=0.99999): ['0.780', '1.822', '0.977', '0.421']
Original positive index shape: torch.Size([1072, 2])
Original negative index shape: torch.Size([135416, 2])
采样后负样本数量: 10720
🎯 Building TRUE DUAL VIEWS from four different sources...
📊 Data sources loaded:
  Disease semantic: torch.Size([383, 383])
  miRNA functional: torch.Size([495, 495])
  Disease-gene: torch.Size([383, 383])
  miRNA-sequence: torch.Size([495, 495])
🧬 Building miRNA dual-view hypergraphs...
  📊 miRNA View 1 (Sequence): torch.Size([495, 878])
  📊 miRNA View 2 (Function): torch.Size([495, 878])
🦠 Building disease dual-view hypergraphs...
  📊 Disease View 1 (Gene): torch.Size([383, 878])
  📊 Disease View 2 (Semantic): torch.Size([383, 878])
✅ Successfully built TRUE DUAL VIEWS:
   🧬 miRNA: Sequence Features (m_ss.xlsx) vs Functional Similarity (mi_fun_sim_2.0.csv)
   🦠 Disease: Gene Features (d_gs.xlsx) vs Semantic Similarity (dis_sem_sim_2.0.csv)

🔧 Epoch 1 梯度检查:
================================================================================

  参数名称                              梯度范数         梯度均值 状态             
  ----------------------------------------------------------------------
  type_relations                0.000025     0.000001 ✅ 正常           
  exist_relation                0.000145     0.000010 ✅ 正常           
  mi_proj_layer0                0.387029     0.001437 ✅ 正常           
  dis_proj_layer0               0.414468     0.001591 ✅ 正常           
================================================================================

Epoch 1, Total Loss: 20.3721, Recover Loss: 1.3217, miRNA CL: 8.9103, Disease CL: 8.4278, Inter-view (est): 4.0011, Recon Loss: 1.4138, Time: 0.79s
[INFO] Hypergraph updated at epoch 5
[INFO] Hypergraph updated at epoch 10
[INFO] Hypergraph updated at epoch 15
[INFO] Hypergraph updated at epoch 20
[INFO] Hypergraph updated at epoch 25
[INFO] Hypergraph updated at epoch 30
[INFO] Hypergraph updated at epoch 35
[INFO] Hypergraph updated at epoch 40
[INFO] Hypergraph updated at epoch 45
[INFO] Hypergraph updated at epoch 50

🔧 Epoch 50 梯度检查:
================================================================================

  参数名称                              梯度范数         梯度均值 状态             
  ----------------------------------------------------------------------
  type_relations                0.000017     0.000000 ✅ 正常           
  exist_relation                0.000140     0.000010 ✅ 正常           
  mi_proj_layer0                0.149075     0.000583 ✅ 正常           
  dis_proj_layer0               0.139388     0.000546 ✅ 正常           
================================================================================

Epoch 50, Total Loss: 17.0248, Recover Loss: 1.1376, miRNA CL: 7.9048, Disease CL: 7.6184, Inter-view (est): 3.5823, Recon Loss: 0.0796, Time: 142.92s
[INFO] Hypergraph updated at epoch 100

🔧 Epoch 100 梯度检查:
================================================================================

  参数名称                              梯度范数         梯度均值 状态             
  ----------------------------------------------------------------------
  type_relations                0.000010     0.000000 ✅ 正常           
  exist_relation                0.000134     0.000009 ✅ 正常           
  mi_proj_layer0                0.092852     0.000380 ✅ 正常           
  dis_proj_layer0               0.107362     0.000436 ✅ 正常           
================================================================================

Epoch 100, Total Loss: 15.7047, Recover Loss: 1.0378, miRNA CL: 7.5424, Disease CL: 6.8243, Inter-view (est): 3.3154, Recon Loss: 0.0296, Time: 191.29s
[INFO] Hypergraph updated at epoch 150

🔧 Epoch 150 梯度检查:
================================================================================

  参数名称                              梯度范数         梯度均值 状态             
  ----------------------------------------------------------------------
  type_relations                0.000006     0.000000 ✅ 正常           
  exist_relation                0.000129     0.000009 ✅ 正常           
  mi_proj_layer0                0.094059     0.000395 ✅ 正常           
  dis_proj_layer0               0.113257     0.000459 ✅ 正常           
================================================================================

Epoch 150, Total Loss: 14.8709, Recover Loss: 0.9800, miRNA CL: 7.1317, Disease CL: 6.4682, Inter-view (est): 3.1384, Recon Loss: 0.0291, Time: 234.13s
[INFO] Hypergraph updated at epoch 200

🔧 Epoch 200 梯度检查:
================================================================================

  参数名称                              梯度范数         梯度均值 状态             
  ----------------------------------------------------------------------
  type_relations                0.000005     0.000000 ✅ 正常           
  exist_relation                0.000126     0.000008 ✅ 正常           
  mi_proj_layer0                0.105453     0.000434 ✅ 正常           
  dis_proj_layer0               0.107536     0.000422 ✅ 正常           
================================================================================

Epoch 200, Total Loss: 14.5071, Recover Loss: 0.9373, miRNA CL: 6.9329, Disease CL: 6.3517, Inter-view (est): 3.0657, Recon Loss: 0.0280, Time: 277.27s
[INFO] Hypergraph updated at epoch 250

🔧 Epoch 250 梯度检查:
================================================================================

  参数名称                              梯度范数         梯度均值 状态             
  ----------------------------------------------------------------------
  type_relations                0.000004     0.000000 ✅ 正常           
  exist_relation                0.000124     0.000008 ✅ 正常           
  mi_proj_layer0                0.072768     0.000310 ✅ 正常           
  dis_proj_layer0               0.080201     0.000323 ✅ 正常           
================================================================================

Epoch 250, Total Loss: 14.3376, Recover Loss: 0.9232, miRNA CL: 6.8329, Disease CL: 6.2992, Inter-view (est): 3.0305, Recon Loss: 0.0277, Time: 323.60s
[INFO] Hypergraph updated at epoch 300

🔧 Epoch 300 梯度检查:
================================================================================

  参数名称                              梯度范数         梯度均值 状态             
  ----------------------------------------------------------------------
  type_relations                0.000003     0.000000 ✅ 正常           
  exist_relation                0.000122     0.000008 ✅ 正常           
  mi_proj_layer0                0.090499     0.000374 ✅ 正常           
  dis_proj_layer0               0.084216     0.000349 ✅ 正常           
================================================================================

Epoch 300, Total Loss: 14.2061, Recover Loss: 0.9075, miRNA CL: 6.7591, Disease CL: 6.2608, Inter-view (est): 3.0046, Recon Loss: 0.0266, Time: 369.27s
[INFO] Hypergraph updated at epoch 350

🔧 Epoch 350 梯度检查:
================================================================================

  参数名称                              梯度范数         梯度均值 状态             
  ----------------------------------------------------------------------
  type_relations                0.000003     0.000000 ✅ 正常           
  exist_relation                0.000120     0.000008 ✅ 正常           
  mi_proj_layer0                0.078333     0.000330 ✅ 正常           
  dis_proj_layer0               0.080576     0.000325 ✅ 正常           
================================================================================

Epoch 350, Total Loss: 14.0983, Recover Loss: 0.8954, miRNA CL: 6.6984, Disease CL: 6.2279, Inter-view (est): 2.9830, Recon Loss: 0.0268, Time: 415.94s
[INFO] Hypergraph updated at epoch 400

🔧 Epoch 400 梯度检查:
================================================================================

  参数名称                              梯度范数         梯度均值 状态             
  ----------------------------------------------------------------------
  type_relations                0.000002     0.000000 ✅ 正常           
  exist_relation                0.000118     0.000008 ✅ 正常           
  mi_proj_layer0                0.087861     0.000369 ✅ 正常           
  dis_proj_layer0               0.104650     0.000423 ✅ 正常           
================================================================================

Epoch 400, Total Loss: 14.0130, Recover Loss: 0.8938, miRNA CL: 6.6471, Disease CL: 6.1985, Inter-view (est): 2.9644, Recon Loss: 0.0261, Time: 460.96s
[INFO] Hypergraph updated at epoch 450

🔧 Epoch 450 梯度检查:
================================================================================

  参数名称                              梯度范数         梯度均值 状态             
  ----------------------------------------------------------------------
  type_relations                0.000002     0.000000 ✅ 正常           
  exist_relation                0.000117     0.000008 ✅ 正常           
  mi_proj_layer0                0.064367     0.000271 ✅ 正常           
  dis_proj_layer0               0.059967     0.000252 ✅ 正常           
================================================================================

Epoch 450, Total Loss: 13.9462, Recover Loss: 0.8702, miRNA CL: 6.6238, Disease CL: 6.1808, Inter-view (est): 2.9549, Recon Loss: 0.0254, Time: 505.75s
[INFO] Hypergraph updated at epoch 500

🔧 Epoch 500 梯度检查:
================================================================================

  参数名称                              梯度范数         梯度均值 状态             
  ----------------------------------------------------------------------
  type_relations                0.000002     0.000000 ✅ 正常           
  exist_relation                0.000116     0.000007 ✅ 正常           
  mi_proj_layer0                0.076682     0.000326 ✅ 正常           
  dis_proj_layer0               0.068867     0.000282 ✅ 正常           
================================================================================

Epoch 500, Total Loss: 13.9111, Recover Loss: 0.8724, miRNA CL: 6.6029, Disease CL: 6.1658, Inter-view (est): 2.9466, Recon Loss: 0.0252, Time: 549.00s
[INFO] Hypergraph updated at epoch 550

🔧 Epoch 550 梯度检查:
================================================================================

  参数名称                              梯度范数         梯度均值 状态             
  ----------------------------------------------------------------------
  type_relations                0.000002     0.000000 ✅ 正常           
  exist_relation                0.000114     0.000007 ✅ 正常           
  mi_proj_layer0                0.058374     0.000248 ✅ 正常           
  dis_proj_layer0               0.066853     0.000278 ✅ 正常           
================================================================================

Epoch 550, Total Loss: 13.8647, Recover Loss: 0.8634, miRNA CL: 6.5820, Disease CL: 6.1505, Inter-view (est): 2.9383, Recon Loss: 0.0253, Time: 592.40s
[INFO] Hypergraph updated at epoch 600

🔧 Epoch 600 梯度检查:
================================================================================

  参数名称                              梯度范数         梯度均值 状态             
  ----------------------------------------------------------------------
  type_relations                0.000002     0.000000 ✅ 正常           
  exist_relation                0.000113     0.000007 ✅ 正常           
  mi_proj_layer0                0.078038     0.000325 ✅ 正常           
  dis_proj_layer0               0.073186     0.000297 ✅ 正常           
================================================================================

Epoch 600, Total Loss: 13.8335, Recover Loss: 0.8682, miRNA CL: 6.5631, Disease CL: 6.1355, Inter-view (est): 2.9305, Recon Loss: 0.0246, Time: 636.71s
[INFO] Hypergraph updated at epoch 650

🔧 Epoch 650 梯度检查:
================================================================================

  参数名称                              梯度范数         梯度均值 状态             
  ----------------------------------------------------------------------
  type_relations                0.000001     0.000000 ✅ 正常           
  exist_relation                0.000112     0.000007 ✅ 正常           
  mi_proj_layer0                0.063078     0.000267 ✅ 正常           
  dis_proj_layer0               0.065811     0.000266 ✅ 正常           
================================================================================

Epoch 650, Total Loss: 13.7913, Recover Loss: 0.8590, miRNA CL: 6.5461, Disease CL: 6.1209, Inter-view (est): 2.9232, Recon Loss: 0.0245, Time: 681.31s

================================================================================
Training completed. Running final test...
================================================================================
Fold 3 completed - AUC: 0.9807, Top-1 F1: 0.6884
Fold 3 training time: 682.10 seconds
=== Cross Validation Fold 4/5 ===
Using hidden dimensions: [256, 256] with 4 attention heads
优化模型初始化: miRNA数量 = 495, 疾病数量 = 383
   节点维度: 256 → 128
   类型数量: 4
   Temperature: 2.0 (可学习)
   Loss mode: two_head
   loss_mode=two_head
   exist_weight=0.100, type_weight=0.900

✅ SimplifiedMultiTypeAssociationLoss 初始化 (改进版)
   类别权重 (beta=0.99999): ['0.780', '1.822', '0.977', '0.421']
Original positive index shape: torch.Size([1072, 2])
Original negative index shape: torch.Size([135416, 2])
采样后负样本数量: 10720
🎯 Building TRUE DUAL VIEWS from four different sources...
📊 Data sources loaded:
  Disease semantic: torch.Size([383, 383])
  miRNA functional: torch.Size([495, 495])
  Disease-gene: torch.Size([383, 383])
  miRNA-sequence: torch.Size([495, 495])
🧬 Building miRNA dual-view hypergraphs...
  📊 miRNA View 1 (Sequence): torch.Size([495, 878])
  📊 miRNA View 2 (Function): torch.Size([495, 878])
🦠 Building disease dual-view hypergraphs...
  📊 Disease View 1 (Gene): torch.Size([383, 878])
  📊 Disease View 2 (Semantic): torch.Size([383, 878])
✅ Successfully built TRUE DUAL VIEWS:
   🧬 miRNA: Sequence Features (m_ss.xlsx) vs Functional Similarity (mi_fun_sim_2.0.csv)
   🦠 Disease: Gene Features (d_gs.xlsx) vs Semantic Similarity (dis_sem_sim_2.0.csv)

🔧 Epoch 1 梯度检查:
================================================================================

  参数名称                              梯度范数         梯度均值 状态             
  ----------------------------------------------------------------------
  type_relations                0.000025     0.000001 ✅ 正常           
  exist_relation                0.000133     0.000010 ✅ 正常           
  mi_proj_layer0                0.433565     0.001571 ✅ 正常           
  dis_proj_layer0               0.407425     0.001551 ✅ 正常           
================================================================================

Epoch 1, Total Loss: 20.5392, Recover Loss: 1.3318, miRNA CL: 9.0135, Disease CL: 8.4336, Inter-view (est): 4.0263, Recon Loss: 1.4613, Time: 0.84s
[INFO] Hypergraph updated at epoch 5
[INFO] Hypergraph updated at epoch 10
[INFO] Hypergraph updated at epoch 15
[INFO] Hypergraph updated at epoch 20
[INFO] Hypergraph updated at epoch 25
[INFO] Hypergraph updated at epoch 30
[INFO] Hypergraph updated at epoch 35
[INFO] Hypergraph updated at epoch 40
[INFO] Hypergraph updated at epoch 45
[INFO] Hypergraph updated at epoch 50

🔧 Epoch 50 梯度检查:
================================================================================

  参数名称                              梯度范数         梯度均值 状态             
  ----------------------------------------------------------------------
  type_relations                0.000017     0.000000 ✅ 正常           
  exist_relation                0.000128     0.000009 ✅ 正常           
  mi_proj_layer0                0.131403     0.000519 ✅ 正常           
  dis_proj_layer0               0.140504     0.000549 ✅ 正常           
================================================================================

Epoch 50, Total Loss: 17.0603, Recover Loss: 1.1337, miRNA CL: 7.9076, Disease CL: 7.6124, Inter-view (est): 3.5815, Recon Loss: 0.1215, Time: 148.12s
[INFO] Hypergraph updated at epoch 100

🔧 Epoch 100 梯度检查:
================================================================================

  参数名称                              梯度范数         梯度均值 状态             
  ----------------------------------------------------------------------
  type_relations                0.000010     0.000000 ✅ 正常           
  exist_relation                0.000122     0.000009 ✅ 正常           
  mi_proj_layer0                0.094971     0.000384 ✅ 正常           
  dis_proj_layer0               0.131861     0.000524 ✅ 正常           
================================================================================

Epoch 100, Total Loss: 15.7187, Recover Loss: 1.0287, miRNA CL: 7.5466, Disease CL: 6.8400, Inter-view (est): 3.3200, Recon Loss: 0.0308, Time: 199.64s
[INFO] Hypergraph updated at epoch 150

🔧 Epoch 150 梯度检查:
================================================================================

  参数名称                              梯度范数         梯度均值 状态             
  ----------------------------------------------------------------------
  type_relations                0.000006     0.000000 ✅ 正常           
  exist_relation                0.000117     0.000008 ✅ 正常           
  mi_proj_layer0                0.083479     0.000345 ✅ 正常           
  dis_proj_layer0               0.104585     0.000427 ✅ 正常           
================================================================================

Epoch 150, Total Loss: 14.9546, Recover Loss: 0.9778, miRNA CL: 7.1914, Disease CL: 6.4909, Inter-view (est): 3.1575, Recon Loss: 0.0292, Time: 244.10s
[INFO] Hypergraph updated at epoch 200

🔧 Epoch 200 梯度检查:
================================================================================

  参数名称                              梯度范数         梯度均值 状态             
  ----------------------------------------------------------------------
  type_relations                0.000005     0.000000 ✅ 正常           
  exist_relation                0.000115     0.000008 ✅ 正常           
  mi_proj_layer0                0.103263     0.000417 ✅ 正常           
  dis_proj_layer0               0.110947     0.000444 ✅ 正常           
================================================================================

Epoch 200, Total Loss: 14.6436, Recover Loss: 0.9570, miRNA CL: 7.0070, Disease CL: 6.3898, Inter-view (est): 3.0916, Recon Loss: 0.0281, Time: 288.27s
[INFO] Hypergraph updated at epoch 250

🔧 Epoch 250 梯度检查:
================================================================================

  参数名称                              梯度范数         梯度均值 状态             
  ----------------------------------------------------------------------
  type_relations                0.000004     0.000000 ✅ 正常           
  exist_relation                0.000113     0.000008 ✅ 正常           
  mi_proj_layer0                0.085072     0.000357 ✅ 正常           
  dis_proj_layer0               0.104541     0.000434 ✅ 正常           
================================================================================

Epoch 250, Total Loss: 14.4547, Recover Loss: 0.9394, miRNA CL: 6.8921, Disease CL: 6.3368, Inter-view (est): 3.0528, Recon Loss: 0.0274, Time: 331.60s
[INFO] Hypergraph updated at epoch 300

🔧 Epoch 300 梯度检查:
================================================================================

  参数名称                              梯度范数         梯度均值 状态             
  ----------------------------------------------------------------------
  type_relations                0.000004     0.000000 ✅ 正常           
  exist_relation                0.000111     0.000008 ✅ 正常           
  mi_proj_layer0                0.080975     0.000344 ✅ 正常           
  dis_proj_layer0               0.080246     0.000334 ✅ 正常           
================================================================================

Epoch 300, Total Loss: 14.2968, Recover Loss: 0.9187, miRNA CL: 6.8066, Disease CL: 6.2878, Inter-view (est): 3.0218, Recon Loss: 0.0273, Time: 373.23s
[INFO] Hypergraph updated at epoch 350

🔧 Epoch 350 梯度检查:
================================================================================

  参数名称                              梯度范数         梯度均值 状态             
  ----------------------------------------------------------------------
  type_relations                0.000003     0.000000 ✅ 正常           
  exist_relation                0.000109     0.000007 ✅ 正常           
  mi_proj_layer0                0.072975     0.000305 ✅ 正常           
  dis_proj_layer0               0.078905     0.000326 ✅ 正常           
================================================================================

Epoch 350, Total Loss: 14.1853, Recover Loss: 0.9110, miRNA CL: 6.7453, Disease CL: 6.2473, Inter-view (est): 2.9983, Recon Loss: 0.0277, Time: 415.38s
[INFO] Hypergraph updated at epoch 400

🔧 Epoch 400 梯度检查:
================================================================================

  参数名称                              梯度范数         梯度均值 状态             
  ----------------------------------------------------------------------
  type_relations                0.000003     0.000000 ✅ 正常           
  exist_relation                0.000106     0.000007 ✅ 正常           
  mi_proj_layer0                0.082886     0.000344 ✅ 正常           
  dis_proj_layer0               0.084755     0.000355 ✅ 正常           
================================================================================

Epoch 400, Total Loss: 14.0710, Recover Loss: 0.9027, miRNA CL: 6.6809, Disease CL: 6.2098, Inter-view (est): 2.9748, Recon Loss: 0.0263, Time: 457.72s
[INFO] Hypergraph updated at epoch 450

🔧 Epoch 450 梯度检查:
================================================================================

  参数名称                              梯度范数         梯度均值 状态             
  ----------------------------------------------------------------------
  type_relations                0.000002     0.000000 ✅ 正常           
  exist_relation                0.000104     0.000007 ✅ 正常           
  mi_proj_layer0                0.078571     0.000323 ✅ 正常           
  dis_proj_layer0               0.069283     0.000291 ✅ 正常           
================================================================================

Epoch 450, Total Loss: 13.9981, Recover Loss: 0.8945, miRNA CL: 6.6442, Disease CL: 6.1843, Inter-view (est): 2.9604, Recon Loss: 0.0258, Time: 501.78s
[INFO] Hypergraph updated at epoch 500

🔧 Epoch 500 梯度检查:
================================================================================

  参数名称                              梯度范数         梯度均值 状态             
  ----------------------------------------------------------------------
  type_relations                0.000002     0.000000 ✅ 正常           
  exist_relation                0.000103     0.000007 ✅ 正常           
  mi_proj_layer0                0.063488     0.000267 ✅ 正常           
  dis_proj_layer0               0.066454     0.000279 ✅ 正常           
================================================================================

Epoch 500, Total Loss: 13.9419, Recover Loss: 0.8868, miRNA CL: 6.6151, Disease CL: 6.1669, Inter-view (est): 2.9497, Recon Loss: 0.0254, Time: 545.70s
[INFO] Hypergraph updated at epoch 550

🔧 Epoch 550 梯度检查:
================================================================================

  参数名称                              梯度范数         梯度均值 状态             
  ----------------------------------------------------------------------
  type_relations                0.000002     0.000000 ✅ 正常           
  exist_relation                0.000101     0.000007 ✅ 正常           
  mi_proj_layer0                0.076955     0.000313 ✅ 正常           
  dis_proj_layer0               0.072680     0.000301 ✅ 正常           
================================================================================

Epoch 550, Total Loss: 13.8954, Recover Loss: 0.8835, miRNA CL: 6.5897, Disease CL: 6.1504, Inter-view (est): 2.9400, Recon Loss: 0.0255, Time: 590.27s
[INFO] Hypergraph updated at epoch 600

🔧 Epoch 600 梯度检查:
================================================================================

  参数名称                              梯度范数         梯度均值 状态             
  ----------------------------------------------------------------------
  type_relations                0.000001     0.000000 ✅ 正常           
  exist_relation                0.000100     0.000007 ✅ 正常           
  mi_proj_layer0                0.057730     0.000242 ✅ 正常           
  dis_proj_layer0               0.057594     0.000241 ✅ 正常           
================================================================================

Epoch 600, Total Loss: 13.8473, Recover Loss: 0.8756, miRNA CL: 6.5670, Disease CL: 6.1348, Inter-view (est): 2.9312, Recon Loss: 0.0252, Time: 631.54s
[INFO] Hypergraph updated at epoch 650

🔧 Epoch 650 梯度检查:
================================================================================

  参数名称                              梯度范数         梯度均值 状态             
  ----------------------------------------------------------------------
  type_relations                0.000001     0.000000 ✅ 正常           
  exist_relation                0.000098     0.000007 ✅ 正常           
  mi_proj_layer0                0.066307     0.000278 ✅ 正常           
  dis_proj_layer0               0.056821     0.000240 ✅ 正常           
================================================================================

Epoch 650, Total Loss: 13.8029, Recover Loss: 0.8702, miRNA CL: 6.5447, Disease CL: 6.1199, Inter-view (est): 2.9226, Recon Loss: 0.0249, Time: 672.29s

================================================================================
Training completed. Running final test...
================================================================================
Fold 4 completed - AUC: 0.9822, Top-1 F1: 0.6540
Fold 4 training time: 673.28 seconds
=== Cross Validation Fold 5/5 ===
Using hidden dimensions: [256, 256] with 4 attention heads
优化模型初始化: miRNA数量 = 495, 疾病数量 = 383
   节点维度: 256 → 128
   类型数量: 4
   Temperature: 2.0 (可学习)
   Loss mode: two_head
   loss_mode=two_head
   exist_weight=0.100, type_weight=0.900

✅ SimplifiedMultiTypeAssociationLoss 初始化 (改进版)
   类别权重 (beta=0.99999): ['0.780', '1.822', '0.977', '0.421']
Original positive index shape: torch.Size([1072, 2])
Original negative index shape: torch.Size([135416, 2])
采样后负样本数量: 10720
🎯 Building TRUE DUAL VIEWS from four different sources...
📊 Data sources loaded:
  Disease semantic: torch.Size([383, 383])
  miRNA functional: torch.Size([495, 495])
  Disease-gene: torch.Size([383, 383])
  miRNA-sequence: torch.Size([495, 495])
🧬 Building miRNA dual-view hypergraphs...
  📊 miRNA View 1 (Sequence): torch.Size([495, 878])
  📊 miRNA View 2 (Function): torch.Size([495, 878])
🦠 Building disease dual-view hypergraphs...
  📊 Disease View 1 (Gene): torch.Size([383, 878])
  📊 Disease View 2 (Semantic): torch.Size([383, 878])
✅ Successfully built TRUE DUAL VIEWS:
   🧬 miRNA: Sequence Features (m_ss.xlsx) vs Functional Similarity (mi_fun_sim_2.0.csv)
   🦠 Disease: Gene Features (d_gs.xlsx) vs Semantic Similarity (dis_sem_sim_2.0.csv)

🔧 Epoch 1 梯度检查:
================================================================================

  参数名称                              梯度范数         梯度均值 状态             
  ----------------------------------------------------------------------
  type_relations                0.000025     0.000001 ✅ 正常           
  exist_relation                0.000151     0.000011 ✅ 正常           
  mi_proj_layer0                0.285430     0.001059 ✅ 正常           
  dis_proj_layer0               0.315028     0.001242 ✅ 正常           
================================================================================

Epoch 1, Total Loss: 20.7444, Recover Loss: 1.3172, miRNA CL: 9.2419, Disease CL: 8.4386, Inter-view (est): 4.0801, Recon Loss: 1.4481, Time: 0.64s
[INFO] Hypergraph updated at epoch 5
[INFO] Hypergraph updated at epoch 10
[INFO] Hypergraph updated at epoch 15
[INFO] Hypergraph updated at epoch 20
[INFO] Hypergraph updated at epoch 25
[INFO] Hypergraph updated at epoch 30
[INFO] Hypergraph updated at epoch 35
[INFO] Hypergraph updated at epoch 40
[INFO] Hypergraph updated at epoch 45
[INFO] Hypergraph updated at epoch 50

🔧 Epoch 50 梯度检查:
================================================================================

  参数名称                              梯度范数         梯度均值 状态             
  ----------------------------------------------------------------------
  type_relations                0.000017     0.000000 ✅ 正常           
  exist_relation                0.000146     0.000010 ✅ 正常           
  mi_proj_layer0                0.132758     0.000514 ✅ 正常           
  dis_proj_layer0               0.133808     0.000536 ✅ 正常           
================================================================================

Epoch 50, Total Loss: 17.0860, Recover Loss: 1.1181, miRNA CL: 7.9416, Disease CL: 7.6642, Inter-view (est): 3.6013, Recon Loss: 0.0775, Time: 137.24s
[INFO] Hypergraph updated at epoch 100

🔧 Epoch 100 梯度检查:
================================================================================

  参数名称                              梯度范数         梯度均值 状态             
  ----------------------------------------------------------------------
  type_relations                0.000010     0.000000 ✅ 正常           
  exist_relation                0.000140     0.000010 ✅ 正常           
  mi_proj_layer0                0.086510     0.000361 ✅ 正常           
  dis_proj_layer0               0.124268     0.000498 ✅ 正常           
================================================================================

Epoch 100, Total Loss: 15.7843, Recover Loss: 1.0186, miRNA CL: 7.5926, Disease CL: 6.8708, Inter-view (est): 3.3377, Recon Loss: 0.0304, Time: 189.87s
[INFO] Hypergraph updated at epoch 150

🔧 Epoch 150 梯度检查:
================================================================================

  参数名称                              梯度范数         梯度均值 状态             
  ----------------------------------------------------------------------
  type_relations                0.000006     0.000000 ✅ 正常           
  exist_relation                0.000135     0.000009 ✅ 正常           
  mi_proj_layer0                0.077001     0.000326 ✅ 正常           
  dis_proj_layer0               0.092744     0.000385 ✅ 正常           
================================================================================

Epoch 150, Total Loss: 14.9457, Recover Loss: 0.9718, miRNA CL: 7.2013, Disease CL: 6.4802, Inter-view (est): 3.1573, Recon Loss: 0.0288, Time: 231.99s
[INFO] Hypergraph updated at epoch 200

🔧 Epoch 200 梯度检查:
================================================================================

  参数名称                              梯度范数         梯度均值 状态             
  ----------------------------------------------------------------------
  type_relations                0.000005     0.000000 ✅ 正常           
  exist_relation                0.000133     0.000009 ✅ 正常           
  mi_proj_layer0                0.073331     0.000310 ✅ 正常           
  dis_proj_layer0               0.075877     0.000319 ✅ 正常           
================================================================================

Epoch 200, Total Loss: 14.6469, Recover Loss: 0.9400, miRNA CL: 7.0301, Disease CL: 6.3882, Inter-view (est): 3.0965, Recon Loss: 0.0285, Time: 272.81s
[INFO] Hypergraph updated at epoch 250

🔧 Epoch 250 梯度检查:
================================================================================

  参数名称                              梯度范数         梯度均值 状态             
  ----------------------------------------------------------------------
  type_relations                0.000004     0.000000 ✅ 正常           
  exist_relation                0.000131     0.000009 ✅ 正常           
  mi_proj_layer0                0.073986     0.000311 ✅ 正常           
  dis_proj_layer0               0.078578     0.000331 ✅ 正常           
================================================================================

Epoch 250, Total Loss: 14.4375, Recover Loss: 0.9282, miRNA CL: 6.8954, Disease CL: 6.3289, Inter-view (est): 3.0518, Recon Loss: 0.0280, Time: 315.11s
[INFO] Hypergraph updated at epoch 300

🔧 Epoch 300 梯度检查:
================================================================================

  参数名称                              梯度范数         梯度均值 状态             
  ----------------------------------------------------------------------
  type_relations                0.000003     0.000000 ✅ 正常           
  exist_relation                0.000128     0.000008 ✅ 正常           
  mi_proj_layer0                0.069047     0.000293 ✅ 正常           
  dis_proj_layer0               0.071003     0.000301 ✅ 正常           
================================================================================

Epoch 300, Total Loss: 14.2672, Recover Loss: 0.9126, miRNA CL: 6.7938, Disease CL: 6.2791, Inter-view (est): 3.0168, Recon Loss: 0.0275, Time: 355.51s
[INFO] Hypergraph updated at epoch 350

🔧 Epoch 350 梯度检查:
================================================================================

  参数名称                              梯度范数         梯度均值 状态             
  ----------------------------------------------------------------------
  type_relations                0.000003     0.000000 ✅ 正常           
  exist_relation                0.000126     0.000008 ✅ 正常           
  mi_proj_layer0                0.074509     0.000318 ✅ 正常           
  dis_proj_layer0               0.070028     0.000291 ✅ 正常           
================================================================================

Epoch 350, Total Loss: 14.1467, Recover Loss: 0.8975, miRNA CL: 6.7279, Disease CL: 6.2426, Inter-view (est): 2.9932, Recon Loss: 0.0268, Time: 396.57s
[INFO] Hypergraph updated at epoch 400

🔧 Epoch 400 梯度检查:
================================================================================

  参数名称                              梯度范数         梯度均值 状态             
  ----------------------------------------------------------------------
  type_relations                0.000002     0.000000 ✅ 正常           
  exist_relation                0.000125     0.000008 ✅ 正常           
  mi_proj_layer0                0.068301     0.000290 ✅ 正常           
  dis_proj_layer0               0.069687     0.000297 ✅ 正常           
================================================================================

Epoch 400, Total Loss: 14.0510, Recover Loss: 0.8866, miRNA CL: 6.6747, Disease CL: 6.2134, Inter-view (est): 2.9742, Recon Loss: 0.0264, Time: 437.78s
[INFO] Hypergraph updated at epoch 450

🔧 Epoch 450 梯度检查:
================================================================================

  参数名称                              梯度范数         梯度均值 状态             
  ----------------------------------------------------------------------
  type_relations                0.000002     0.000000 ✅ 正常           
  exist_relation                0.000123     0.000008 ✅ 正常           
  mi_proj_layer0                0.064094     0.000272 ✅ 正常           
  dis_proj_layer0               0.060528     0.000256 ✅ 正常           
================================================================================

Epoch 450, Total Loss: 13.9996, Recover Loss: 0.8777, miRNA CL: 6.6511, Disease CL: 6.1959, Inter-view (est): 2.9647, Recon Loss: 0.0264, Time: 480.93s
[INFO] Hypergraph updated at epoch 500

🔧 Epoch 500 梯度检查:
================================================================================

  参数名称                              梯度范数         梯度均值 状态             
  ----------------------------------------------------------------------
  type_relations                0.000002     0.000000 ✅ 正常           
  exist_relation                0.000122     0.000008 ✅ 正常           
  mi_proj_layer0                0.072379     0.000302 ✅ 正常           
  dis_proj_layer0               0.073395     0.000305 ✅ 正常           
================================================================================

Epoch 500, Total Loss: 13.9525, Recover Loss: 0.8722, miRNA CL: 6.6264, Disease CL: 6.1810, Inter-view (est): 2.9556, Recon Loss: 0.0256, Time: 522.80s
[INFO] Hypergraph updated at epoch 550

🔧 Epoch 550 梯度检查:
================================================================================

  参数名称                              梯度范数         梯度均值 状态             
  ----------------------------------------------------------------------
  type_relations                0.000002     0.000000 ✅ 正常           
  exist_relation                0.000121     0.000008 ✅ 正常           
  mi_proj_layer0                0.088749     0.000363 ✅ 正常           
  dis_proj_layer0               0.083218     0.000335 ✅ 正常           
================================================================================

Epoch 550, Total Loss: 13.9105, Recover Loss: 0.8710, miRNA CL: 6.6020, Disease CL: 6.1662, Inter-view (est): 2.9465, Recon Loss: 0.0254, Time: 563.07s
[INFO] Hypergraph updated at epoch 600

🔧 Epoch 600 梯度检查:
================================================================================

  参数名称                              梯度范数         梯度均值 状态             
  ----------------------------------------------------------------------
  type_relations                0.000002     0.000000 ✅ 正常           
  exist_relation                0.000119     0.000008 ✅ 正常           
  mi_proj_layer0                0.068356     0.000288 ✅ 正常           
  dis_proj_layer0               0.064905     0.000271 ✅ 正常           
================================================================================

Epoch 600, Total Loss: 13.8664, Recover Loss: 0.8647, miRNA CL: 6.5803, Disease CL: 6.1517, Inter-view (est): 2.9382, Recon Loss: 0.0251, Time: 605.09s
[INFO] Hypergraph updated at epoch 650

🔧 Epoch 650 梯度检查:
================================================================================

  参数名称                              梯度范数         梯度均值 状态             
  ----------------------------------------------------------------------
  type_relations                0.000001     0.000000 ✅ 正常           
  exist_relation                0.000118     0.000008 ✅ 正常           
  mi_proj_layer0                0.056691     0.000239 ✅ 正常           
  dis_proj_layer0               0.049110     0.000209 ✅ 正常           
================================================================================

Epoch 650, Total Loss: 13.8231, Recover Loss: 0.8568, miRNA CL: 6.5603, Disease CL: 6.1377, Inter-view (est): 2.9303, Recon Loss: 0.0249, Time: 645.72s

================================================================================
Training completed. Running final test...
================================================================================
Fold 5 completed - AUC: 0.9829, Top-1 F1: 0.6854
Fold 5 training time: 646.70 seconds
Average binary metrics across folds: [[0.98062208 0.97997663 0.93546138 0.93485075 0.94432836 0.92537313
  0.92762456]]
🎯 Average Top-1 metrics across folds: {'top1_precision': 0.6776119402985075, 'top1_recall': np.float64(0.6845537118130451), 'top1_f1': np.float64(0.6808311435109927)}

📊 CV_type Style Metrics Details:
  AUC            : 0.9806
  AUPR           : 0.9800
  F1             : 0.9355
  Accuracy       : 0.9349
  Recall         : 0.9443
  Specificity    : 0.9254
  Precision      : 0.9276

🎯 Top-1 Metrics Details:
  top1_precision : 0.6776
  top1_recall    : 0.6846
  top1_f1        : 0.6808

Total execution time: 3366.14 seconds

==========================================================================================
🎯 FINAL COMPREHENSIVE RESULTS WITH TOP-1 METRICS
==========================================================================================
📊 Binary Classification Metrics (Original):
  AUC: 0.9806
  AUPR: 0.9800
  F1: 0.9355
  Accuracy: 0.9349
  Recall: 0.9443
  Specificity: 0.9254
  Precision: 0.9276

🎯 CV_type Style Metrics (Enhanced):
  AUC: 0.9806
  AUPR: 0.9800
  F1: 0.9355
  Accuracy: 0.9349
  Recall: 0.9443
  Specificity: 0.9254
  Precision: 0.9276

🏆 Top-1 Metrics (NEW):
  Top-1 Precision: 0.6776
  Top-1 Recall: 0.6846
  Top-1 F1: 0.6808
==========================================================================================
