[CPU] torch.set_num_threads(8), interop=min(4, 8)
Using device: cpu
[INFO] Auto-computed BALANCED class weights (to prevent class collapse):
  Circulation  (  367 samples): 0.780
  Epigenetics  (  157 samples): 1.823
  Target       (  293 samples): 0.977
  Genetics     (  681 samples): 0.420
  [NOTE] Higher weights for minority classes to prevent model from only predicting majority class
[INFO] Using v2.0_495m383D dataset:
  miRNAs: 495
  Diseases: 383
  Expected associations: ~1498
  Types: 4 (Circulation, Epigenetics, Target, Genetics)

================================================================================
Configuration Summary
================================================================================
Dataset: v2.0_495m383D
Data Path: ./
Model: HeterogenousGraphCLAMIR
  - HGT Layers: 2
  - Attention Heads: 4
  - Association Types: 4
  - Inter-view CL: Enabled
    - Weight: 0.3
    - Temperature: 0.5
    - Margin: 0.5

Training:
  - Epochs: 650
  - Learning Rate: 0.0001
  - Dropout: 0.3
  - Weight Decay: 5e-05
  - Focal Loss: Enabled

Evaluation:
  - Cross-Validation Folds: 5
  - Primary Metric: AUPR

Device: cpu
Random Seed: 1234
================================================================================

[SEED] Re-seeded với args.seed = 1234
🚀 Running with comprehensive evaluation including Top-1 metrics...
🎯 Loading dual-view data...
Starting dual-view data preparation with new file format...
Loading all similarity and feature files from v2.0_495m383D...
✅ Loaded disease semantic similarity from D_SSM1.txt: (383, 383)
✅ Loaded miRNA functional similarity from M_FSM.txt: (495, 495)
✅ Loaded multi-type association pairs from ./v2.0_495m383D/multi_all_mirna_disease_pairs_without_negative.csv: (1679, 3)
✅ Created multi-type association matrix: (495, 383)
📊 Multi-type Association Statistics:
   无关联 (No association): 188087 pairs (99.21%)
   循环类型 (Circulation): 367 pairs (0.19%)
   表观遗传学 (Epigenetics): 157 pairs (0.08%)
   靶标类型 (Target): 293 pairs (0.15%)
   遗传学类型 (Genetics): 681 pairs (0.36%)
✅ Created association matrix from CSV: (495, 383)
✅ Loaded disease-gene features from D_SSM2.txt: torch.Size([383, 383])
✅ Loaded miRNA-sequence features from M_GSM.txt: torch.Size([495, 495])
Processing integrated similarity matrices...
Loaded similarity matrices from cache
Processing indices...
Loaded indices from cache (seed=1234)
✅ Dual-view data preparation completed in 0.38 seconds

============================================================
🎯 DUAL-VIEW CONFIGURATION SUMMARY (v2.0_495m383D)
============================================================
miRNA Dual Views:
  📊 View 1 (Sequence): M_GSM.txt torch.Size([495, 495])
  📊 View 2 (Function): M_FSM.txt torch.Size([495, 495])

Disease Dual Views:
  📊 View 1 (Gene): D_SSM2.txt torch.Size([383, 383])
  📊 View 2 (Semantic): D_SSM1.txt torch.Size([383, 383])

Association Matrix: torch.Size([495, 383])
Data source: v2.0_495m383D (495 miRNAs × 383 Diseases)
============================================================
Preloading dual-view data to device...
✅ Loaded disease-gene features to device: torch.Size([383, 383])
✅ Loaded miRNA-sequence features to device: torch.Size([495, 495])
✅ Loaded disease semantic similarity to device: torch.Size([383, 383])
✅ Loaded miRNA functional similarity to device: torch.Size([495, 495])
✅ Dual-view data preloading completed in 0.00 seconds
OptimizedDataset initialized with 5 folds
Using device: cpu
=== Cross Validation Fold 1/5 ===
Using hidden dimensions: [256, 256] with 4 attention heads
[ABLATION] Running with mode = no_hgt
优化模型初始化: miRNA数量 = 495, 疾病数量 = 383
   节点维度: 256 → 128
   类型数量: 4
   Temperature: 2.0 (可学习)
   Loss mode: two_head
   loss_mode=two_head
   exist_weight=0.100, type_weight=0.900

✅ SimplifiedMultiTypeAssociationLoss 初始化 (改进版)
   类别权重 (beta=0.99999): ['0.780', '1.822', '0.977', '0.421']
Original positive index shape: torch.Size([1072, 2])
Original negative index shape: torch.Size([135416, 2])
采样后负样本数量: 10720
🎯 Building TRUE DUAL VIEWS from four different sources...
📊 Data sources loaded:
  Disease semantic: torch.Size([383, 383])
  miRNA functional: torch.Size([495, 495])
  Disease-gene: torch.Size([383, 383])
  miRNA-sequence: torch.Size([495, 495])
🧬 Building miRNA dual-view hypergraphs...
  📊 miRNA View 1 (Sequence): torch.Size([495, 878])
  📊 miRNA View 2 (Function): torch.Size([495, 878])
🦠 Building disease dual-view hypergraphs...
  📊 Disease View 1 (Gene): torch.Size([383, 878])
  📊 Disease View 2 (Semantic): torch.Size([383, 878])
✅ Successfully built TRUE DUAL VIEWS:
   🧬 miRNA: Sequence Features (m_ss.xlsx) vs Functional Similarity (mi_fun_sim_2.0.csv)
   🦠 Disease: Gene Features (d_gs.xlsx) vs Semantic Similarity (dis_sem_sim_2.0.csv)

🔧 Epoch 1 梯度检查:
================================================================================

  参数名称                              梯度范数         梯度均值 状态             
  ----------------------------------------------------------------------
  type_relations                0.000025     0.000001 ✅ 正常           
  exist_relation                0.000134     0.000010 ✅ 正常           
  mi_proj_layer0                0.413214     0.001429 ✅ 正常           
  dis_proj_layer0               0.306184     0.001227 ✅ 正常           
================================================================================

Epoch 1, Total Loss: 20.5703, Recover Loss: 1.3245, miRNA CL: 8.9735, Disease CL: 8.4526, Inter-view (est): 4.0214, Recon Loss: 1.5211, Time: 1.07s
[INFO] Hypergraph updated at epoch 5
[INFO] Hypergraph updated at epoch 10
[INFO] Hypergraph updated at epoch 15
[INFO] Hypergraph updated at epoch 20
[INFO] Hypergraph updated at epoch 25
[INFO] Hypergraph updated at epoch 30
[INFO] Hypergraph updated at epoch 35
[INFO] Hypergraph updated at epoch 40
[INFO] Hypergraph updated at epoch 45
[INFO] Hypergraph updated at epoch 50

🔧 Epoch 50 梯度检查:
================================================================================

  参数名称                              梯度范数         梯度均值 状态             
  ----------------------------------------------------------------------
  type_relations                0.000017     0.000000 ✅ 正常           
  exist_relation                0.000129     0.000009 ✅ 正常           
  mi_proj_layer0                0.256473     0.000884 ✅ 正常           
  dis_proj_layer0               0.203595     0.000762 ✅ 正常           
================================================================================

Epoch 50, Total Loss: 17.2028, Recover Loss: 1.1008, miRNA CL: 8.0244, Disease CL: 7.7005, Inter-view (est): 3.6288, Recon Loss: 0.1055, Time: 50.88s
[INFO] Hypergraph updated at epoch 100

🔧 Epoch 100 梯度检查:
================================================================================

  参数名称                              梯度范数         梯度均值 状态             
  ----------------------------------------------------------------------
  type_relations                0.000010     0.000000 ✅ 正常           
  exist_relation                0.000123     0.000008 ✅ 正常           
  mi_proj_layer0                0.212249     0.000808 ✅ 正常           
  dis_proj_layer0               0.311555     0.001183 ✅ 正常           
================================================================================

Epoch 100, Total Loss: 15.9833, Recover Loss: 0.9876, miRNA CL: 7.7635, Disease CL: 6.9589, Inter-view (est): 3.3975, Recon Loss: 0.0306, Time: 96.53s
[INFO] Hypergraph updated at epoch 150

🔧 Epoch 150 梯度检查:
================================================================================

  参数名称                              梯度范数         梯度均值 状态             
  ----------------------------------------------------------------------
  type_relations                0.000006     0.000000 ✅ 正常           
  exist_relation                0.000118     0.000008 ✅ 正常           
  mi_proj_layer0                0.543790     0.001891 ✅ 正常           
  dis_proj_layer0               0.462865     0.001755 ✅ 正常           
================================================================================

Epoch 150, Total Loss: 15.3730, Recover Loss: 0.9377, miRNA CL: 7.6033, Disease CL: 6.5792, Inter-view (est): 3.2729, Recon Loss: 0.0295, Time: 135.68s
[INFO] Hypergraph updated at epoch 200

🔧 Epoch 200 梯度检查:
================================================================================

  参数名称                              梯度范数         梯度均值 状态             
  ----------------------------------------------------------------------
  type_relations                0.000004     0.000000 ✅ 正常           
  exist_relation                0.000115     0.000008 ✅ 正常           
  mi_proj_layer0                0.289699     0.001030 ✅ 正常           
  dis_proj_layer0               0.273562     0.001065 ✅ 正常           
================================================================================

Epoch 200, Total Loss: 14.9723, Recover Loss: 0.9060, miRNA CL: 7.3846, Disease CL: 6.4418, Inter-view (est): 3.1907, Recon Loss: 0.0290, Time: 173.31s
[INFO] Hypergraph updated at epoch 250

🔧 Epoch 250 梯度检查:
================================================================================

  参数名称                              梯度范数         梯度均值 状态             
  ----------------------------------------------------------------------
  type_relations                0.000003     0.000000 ✅ 正常           
  exist_relation                0.000112     0.000007 ✅ 正常           
  mi_proj_layer0                0.268003     0.000974 ✅ 正常           
  dis_proj_layer0               0.242740     0.000930 ✅ 正常           
================================================================================

Epoch 250, Total Loss: 14.7742, Recover Loss: 0.8914, miRNA CL: 7.2662, Disease CL: 6.3845, Inter-view (est): 3.1502, Recon Loss: 0.0282, Time: 211.06s
[INFO] Hypergraph updated at epoch 300

🔧 Epoch 300 梯度检查:
================================================================================

  参数名称                              梯度范数         梯度均值 状态             
  ----------------------------------------------------------------------
  type_relations                0.000003     0.000000 ✅ 正常           
  exist_relation                0.000110     0.000007 ✅ 正常           
  mi_proj_layer0                0.271204     0.000958 ✅ 正常           
  dis_proj_layer0               0.205665     0.000811 ✅ 正常           
================================================================================

Epoch 300, Total Loss: 14.6008, Recover Loss: 0.8795, miRNA CL: 7.1618, Disease CL: 6.3348, Inter-view (est): 3.1146, Recon Loss: 0.0278, Time: 247.79s
[INFO] Hypergraph updated at epoch 350

🔧 Epoch 350 梯度检查:
================================================================================

  参数名称                              梯度范数         梯度均值 状态             
  ----------------------------------------------------------------------
  type_relations                0.000002     0.000000 ✅ 正常           
  exist_relation                0.000107     0.000007 ✅ 正常           
  mi_proj_layer0                0.276839     0.000978 ✅ 正常           
  dis_proj_layer0               0.202918     0.000801 ✅ 正常           
================================================================================

Epoch 350, Total Loss: 14.4327, Recover Loss: 0.8708, miRNA CL: 7.0613, Disease CL: 6.2826, Inter-view (est): 3.0794, Recon Loss: 0.0281, Time: 283.34s
[INFO] Hypergraph updated at epoch 400

🔧 Epoch 400 梯度检查:
================================================================================

  参数名称                              梯度范数         梯度均值 状态             
  ----------------------------------------------------------------------
  type_relations                0.000001     0.000000 ✅ 正常           
  exist_relation                0.000104     0.000007 ✅ 正常           
  mi_proj_layer0                0.241892     0.000891 ✅ 正常           
  dis_proj_layer0               0.282056     0.001069 ✅ 正常           
================================================================================

Epoch 400, Total Loss: 14.3074, Recover Loss: 0.8674, miRNA CL: 6.9805, Disease CL: 6.2471, Inter-view (est): 3.0525, Recon Loss: 0.0276, Time: 319.99s
[INFO] Hypergraph updated at epoch 450

🔧 Epoch 450 梯度检查:
================================================================================

  参数名称                              梯度范数         梯度均值 状态             
  ----------------------------------------------------------------------
  type_relations                0.000001     0.000000 ✅ 正常           
  exist_relation                0.000103     0.000006 ✅ 正常           
  mi_proj_layer0                0.193745     0.000712 ✅ 正常           
  dis_proj_layer0               0.211255     0.000811 ✅ 正常           
================================================================================

Epoch 450, Total Loss: 14.1932, Recover Loss: 0.8632, miRNA CL: 6.8939, Disease CL: 6.2269, Inter-view (est): 3.0279, Recon Loss: 0.0274, Time: 355.76s
[INFO] Hypergraph updated at epoch 500

🔧 Epoch 500 梯度检查:
================================================================================

  参数名称                              梯度范数         梯度均值 状态             
  ----------------------------------------------------------------------
  type_relations                0.000001     0.000000 ✅ 正常           
  exist_relation                0.000102     0.000006 ✅ 正常           
  mi_proj_layer0                0.299520     0.001050 ✅ 正常           
  dis_proj_layer0               0.258987     0.001006 ✅ 正常           
================================================================================

Epoch 500, Total Loss: 14.1490, Recover Loss: 0.8606, miRNA CL: 6.8647, Disease CL: 6.2162, Inter-view (est): 3.0187, Recon Loss: 0.0274, Time: 396.61s
[INFO] Hypergraph updated at epoch 550

🔧 Epoch 550 梯度检查:
================================================================================

  参数名称                              梯度范数         梯度均值 状态             
  ----------------------------------------------------------------------
  type_relations                0.000001     0.000000 ✅ 正常           
  exist_relation                0.000101     0.000006 ✅ 正常           
  mi_proj_layer0                0.204767     0.000754 ✅ 正常           
  dis_proj_layer0               0.168120     0.000637 ✅ 正常           
================================================================================

Epoch 550, Total Loss: 14.0918, Recover Loss: 0.8573, miRNA CL: 6.8205, Disease CL: 6.2083, Inter-view (est): 3.0066, Recon Loss: 0.0269, Time: 435.94s
[INFO] Hypergraph updated at epoch 600

🔧 Epoch 600 梯度检查:
================================================================================
  ⚠️ 警告: type_relations梯度几乎为0 (norm=0.00000098)
     → 类型分类器可能没有学习!

  参数名称                              梯度范数         梯度均值 状态             
  ----------------------------------------------------------------------
  type_relations                0.000001     0.000000 ✅ 正常           
  exist_relation                0.000100     0.000006 ✅ 正常           
  mi_proj_layer0                0.189437     0.000702 ✅ 正常           
  dis_proj_layer0               0.155641     0.000610 ✅ 正常           
================================================================================

Epoch 600, Total Loss: 14.0504, Recover Loss: 0.8540, miRNA CL: 6.7900, Disease CL: 6.2015, Inter-view (est): 2.9980, Recon Loss: 0.0272, Time: 473.98s
[INFO] Hypergraph updated at epoch 650

🔧 Epoch 650 梯度检查:
================================================================================
  ⚠️ 警告: type_relations梯度几乎为0 (norm=0.00000091)
     → 类型分类器可能没有学习!

  参数名称                              梯度范数         梯度均值 状态             
  ----------------------------------------------------------------------
  type_relations                0.000001     0.000000 ✅ 正常           
  exist_relation                0.000100     0.000006 ✅ 正常           
  mi_proj_layer0                0.212129     0.000805 ✅ 正常           
  dis_proj_layer0               0.171914     0.000684 ✅ 正常           
================================================================================

Epoch 650, Total Loss: 14.0262, Recover Loss: 0.8554, miRNA CL: 6.7731, Disease CL: 6.1944, Inter-view (est): 2.9925, Recon Loss: 0.0267, Time: 510.34s

================================================================================
Training completed. Running final test...
================================================================================
Fold 1 completed - AUC: 0.9759, Top-1 F1: 0.7091
Fold 1 training time: 511.71 seconds
=== Cross Validation Fold 2/5 ===
Using hidden dimensions: [256, 256] with 4 attention heads
[ABLATION] Running with mode = no_hgt
优化模型初始化: miRNA数量 = 495, 疾病数量 = 383
   节点维度: 256 → 128
   类型数量: 4
   Temperature: 2.0 (可学习)
   Loss mode: two_head
   loss_mode=two_head
   exist_weight=0.100, type_weight=0.900

✅ SimplifiedMultiTypeAssociationLoss 初始化 (改进版)
   类别权重 (beta=0.99999): ['0.780', '1.822', '0.977', '0.421']
Original positive index shape: torch.Size([1072, 2])
Original negative index shape: torch.Size([135416, 2])
采样后负样本数量: 10720
🎯 Building TRUE DUAL VIEWS from four different sources...
📊 Data sources loaded:
  Disease semantic: torch.Size([383, 383])
  miRNA functional: torch.Size([495, 495])
  Disease-gene: torch.Size([383, 383])
  miRNA-sequence: torch.Size([495, 495])
🧬 Building miRNA dual-view hypergraphs...
  📊 miRNA View 1 (Sequence): torch.Size([495, 878])
  📊 miRNA View 2 (Function): torch.Size([495, 878])
🦠 Building disease dual-view hypergraphs...
  📊 Disease View 1 (Gene): torch.Size([383, 878])
  📊 Disease View 2 (Semantic): torch.Size([383, 878])
✅ Successfully built TRUE DUAL VIEWS:
   🧬 miRNA: Sequence Features (m_ss.xlsx) vs Functional Similarity (mi_fun_sim_2.0.csv)
   🦠 Disease: Gene Features (d_gs.xlsx) vs Semantic Similarity (dis_sem_sim_2.0.csv)

🔧 Epoch 1 梯度检查:
================================================================================

  参数名称                              梯度范数         梯度均值 状态             
  ----------------------------------------------------------------------
  type_relations                0.000025     0.000001 ✅ 正常           
  exist_relation                0.000129     0.000009 ✅ 正常           
  mi_proj_layer0                0.304592     0.001122 ✅ 正常           
  dis_proj_layer0               0.280991     0.001025 ✅ 正常           
================================================================================

Epoch 1, Total Loss: 20.5112, Recover Loss: 1.3100, miRNA CL: 8.9492, Disease CL: 8.4282, Inter-view (est): 4.0102, Recon Loss: 1.5250, Time: 0.72s
[INFO] Hypergraph updated at epoch 5
[INFO] Hypergraph updated at epoch 10
[INFO] Hypergraph updated at epoch 15
[INFO] Hypergraph updated at epoch 20
[INFO] Hypergraph updated at epoch 25
[INFO] Hypergraph updated at epoch 30
[INFO] Hypergraph updated at epoch 35
[INFO] Hypergraph updated at epoch 40
[INFO] Hypergraph updated at epoch 45
[INFO] Hypergraph updated at epoch 50

🔧 Epoch 50 梯度检查:
================================================================================

  参数名称                              梯度范数         梯度均值 状态             
  ----------------------------------------------------------------------
  type_relations                0.000017     0.000001 ✅ 正常           
  exist_relation                0.000124     0.000008 ✅ 正常           
  mi_proj_layer0                0.203774     0.000735 ✅ 正常           
  dis_proj_layer0               0.147744     0.000506 ✅ 正常           
================================================================================

Epoch 50, Total Loss: 17.2953, Recover Loss: 1.1039, miRNA CL: 8.0287, Disease CL: 7.7260, Inter-view (est): 3.6357, Recon Loss: 0.1650, Time: 35.26s
[INFO] Hypergraph updated at epoch 100

🔧 Epoch 100 梯度检查:
================================================================================

  参数名称                              梯度范数         梯度均值 状态             
  ----------------------------------------------------------------------
  type_relations                0.000010     0.000000 ✅ 正常           
  exist_relation                0.000118     0.000008 ✅ 正常           
  mi_proj_layer0                0.260980     0.000954 ✅ 正常           
  dis_proj_layer0               0.229758     0.000847 ✅ 正常           
================================================================================

Epoch 100, Total Loss: 16.1007, Recover Loss: 1.0009, miRNA CL: 7.7589, Disease CL: 7.0660, Inter-view (est): 3.4211, Recon Loss: 0.0321, Time: 71.14s
[INFO] Hypergraph updated at epoch 150

🔧 Epoch 150 梯度检查:
================================================================================

  参数名称                              梯度范数         梯度均值 状态             
  ----------------------------------------------------------------------
  type_relations                0.000006     0.000000 ✅ 正常           
  exist_relation                0.000113     0.000007 ✅ 正常           
  mi_proj_layer0                0.469294     0.001614 ✅ 正常           
  dis_proj_layer0               0.436396     0.001509 ✅ 正常           
================================================================================

Epoch 150, Total Loss: 15.4493, Recover Loss: 0.9448, miRNA CL: 7.6164, Disease CL: 6.6354, Inter-view (est): 3.2889, Recon Loss: 0.0293, Time: 108.62s
[INFO] Hypergraph updated at epoch 200

🔧 Epoch 200 梯度检查:
================================================================================

  参数名称                              梯度范数         梯度均值 状态             
  ----------------------------------------------------------------------
  type_relations                0.000004     0.000000 ✅ 正常           
  exist_relation                0.000110     0.000007 ✅ 正常           
  mi_proj_layer0                0.143985     0.000557 ✅ 正常           
  dis_proj_layer0               0.176654     0.000691 ✅ 正常           
================================================================================

Epoch 200, Total Loss: 15.0539, Recover Loss: 0.9196, miRNA CL: 7.4076, Disease CL: 6.4868, Inter-view (est): 3.2064, Recon Loss: 0.0281, Time: 150.01s
[INFO] Hypergraph updated at epoch 250

🔧 Epoch 250 梯度检查:
================================================================================

  参数名称                              梯度范数         梯度均值 状态             
  ----------------------------------------------------------------------
  type_relations                0.000003     0.000000 ✅ 正常           
  exist_relation                0.000108     0.000007 ✅ 正常           
  mi_proj_layer0                0.194176     0.000724 ✅ 正常           
  dis_proj_layer0               0.222985     0.000814 ✅ 正常           
================================================================================

Epoch 250, Total Loss: 14.8314, Recover Loss: 0.9046, miRNA CL: 7.2643, Disease CL: 6.4297, Inter-view (est): 3.1601, Recon Loss: 0.0284, Time: 188.74s
[INFO] Hypergraph updated at epoch 300

🔧 Epoch 300 梯度检查:
================================================================================

  参数名称                              梯度范数         梯度均值 状态             
  ----------------------------------------------------------------------
  type_relations                0.000002     0.000000 ✅ 正常           
  exist_relation                0.000105     0.000007 ✅ 正常           
  mi_proj_layer0                0.501873     0.001788 ✅ 正常           
  dis_proj_layer0               0.545856     0.001947 ✅ 正常           
================================================================================

Epoch 300, Total Loss: 14.6815, Recover Loss: 0.8983, miRNA CL: 7.1717, Disease CL: 6.3857, Inter-view (est): 3.1286, Recon Loss: 0.0281, Time: 230.59s
[INFO] Hypergraph updated at epoch 350

🔧 Epoch 350 梯度检查:
================================================================================

  参数名称                              梯度范数         梯度均值 状态             
  ----------------------------------------------------------------------
  type_relations                0.000002     0.000000 ✅ 正常           
  exist_relation                0.000102     0.000006 ✅ 正常           
  mi_proj_layer0                0.286500     0.001040 ✅ 正常           
  dis_proj_layer0               0.234645     0.000883 ✅ 正常           
================================================================================

Epoch 350, Total Loss: 14.5307, Recover Loss: 0.8853, miRNA CL: 7.0804, Disease CL: 6.3453, Inter-view (est): 3.0982, Recon Loss: 0.0289, Time: 271.09s
[INFO] Hypergraph updated at epoch 400

🔧 Epoch 400 梯度检查:
================================================================================

  参数名称                              梯度范数         梯度均值 状态             
  ----------------------------------------------------------------------
  type_relations                0.000001     0.000000 ✅ 正常           
  exist_relation                0.000100     0.000006 ✅ 正常           
  mi_proj_layer0                0.288849     0.001040 ✅ 正常           
  dis_proj_layer0               0.305395     0.001163 ✅ 正常           
================================================================================

Epoch 400, Total Loss: 14.3966, Recover Loss: 0.8803, miRNA CL: 6.9946, Disease CL: 6.3094, Inter-view (est): 3.0702, Recon Loss: 0.0276, Time: 308.03s
[INFO] Hypergraph updated at epoch 450

🔧 Epoch 450 梯度检查:
================================================================================
  ⚠️ 警告: type_relations梯度几乎为0 (norm=0.00000099)
     → 类型分类器可能没有学习!

  参数名称                              梯度范数         梯度均值 状态             
  ----------------------------------------------------------------------
  type_relations                0.000001     0.000000 ✅ 正常           
  exist_relation                0.000098     0.000006 ✅ 正常           
  mi_proj_layer0                0.191723     0.000677 ✅ 正常           
  dis_proj_layer0               0.138309     0.000540 ✅ 正常           
================================================================================

Epoch 450, Total Loss: 14.2902, Recover Loss: 0.8725, miRNA CL: 6.9258, Disease CL: 6.2842, Inter-view (est): 3.0485, Recon Loss: 0.0271, Time: 343.46s
[INFO] Hypergraph updated at epoch 500

🔧 Epoch 500 梯度检查:
================================================================================
  ⚠️ 警告: type_relations梯度几乎为0 (norm=0.00000087)
     → 类型分类器可能没有学习!

  参数名称                              梯度范数         梯度均值 状态             
  ----------------------------------------------------------------------
  type_relations                0.000001     0.000000 ✅ 正常           
  exist_relation                0.000097     0.000006 ✅ 正常           
  mi_proj_layer0                0.402597     0.001334 ✅ 正常           
  dis_proj_layer0               0.264195     0.000975 ✅ 正常           
================================================================================

Epoch 500, Total Loss: 14.2291, Recover Loss: 0.8733, miRNA CL: 6.8795, Disease CL: 6.2712, Inter-view (est): 3.0348, Recon Loss: 0.0266, Time: 378.84s
[INFO] Hypergraph updated at epoch 550

🔧 Epoch 550 梯度检查:
================================================================================
  ⚠️ 警告: type_relations梯度几乎为0 (norm=0.00000078)
     → 类型分类器可能没有学习!

  参数名称                              梯度范数         梯度均值 状态             
  ----------------------------------------------------------------------
  type_relations                0.000001     0.000000 ✅ 正常           
  exist_relation                0.000096     0.000006 ✅ 正常           
  mi_proj_layer0                0.243191     0.000867 ✅ 正常           
  dis_proj_layer0               0.199468     0.000796 ✅ 正常           
================================================================================

Epoch 550, Total Loss: 14.1749, Recover Loss: 0.8706, miRNA CL: 6.8402, Disease CL: 6.2602, Inter-view (est): 3.0232, Recon Loss: 0.0269, Time: 414.50s
[INFO] Hypergraph updated at epoch 600

🔧 Epoch 600 梯度检查:
================================================================================
  ⚠️ 警告: type_relations梯度几乎为0 (norm=0.00000071)
     → 类型分类器可能没有学习!

  参数名称                              梯度范数         梯度均值 状态             
  ----------------------------------------------------------------------
  type_relations                0.000001     0.000000 ✅ 正常           
  exist_relation                0.000095     0.000006 ✅ 正常           
  mi_proj_layer0                0.107240     0.000410 ✅ 正常           
  dis_proj_layer0               0.147734     0.000565 ✅ 正常           
================================================================================

Epoch 600, Total Loss: 14.1287, Recover Loss: 0.8663, miRNA CL: 6.8097, Disease CL: 6.2504, Inter-view (est): 3.0139, Recon Loss: 0.0265, Time: 449.42s
[INFO] Hypergraph updated at epoch 650

🔧 Epoch 650 梯度检查:
================================================================================
  ⚠️ 警告: type_relations梯度几乎为0 (norm=0.00000066)
     → 类型分类器可能没有学习!

  参数名称                              梯度范数         梯度均值 状态             
  ----------------------------------------------------------------------
  type_relations                0.000001     0.000000 ✅ 正常           
  exist_relation                0.000094     0.000006 ✅ 正常           
  mi_proj_layer0                0.229230     0.000853 ✅ 正常           
  dis_proj_layer0               0.193548     0.000719 ✅ 正常           
================================================================================

Epoch 650, Total Loss: 14.1205, Recover Loss: 0.8699, miRNA CL: 6.8079, Disease CL: 6.2412, Inter-view (est): 3.0113, Recon Loss: 0.0269, Time: 484.90s

================================================================================
Training completed. Running final test...
================================================================================
Fold 2 completed - AUC: 0.9784, Top-1 F1: 0.6992
Fold 2 training time: 485.74 seconds
=== Cross Validation Fold 3/5 ===
Using hidden dimensions: [256, 256] with 4 attention heads
[ABLATION] Running with mode = no_hgt
优化模型初始化: miRNA数量 = 495, 疾病数量 = 383
   节点维度: 256 → 128
   类型数量: 4
   Temperature: 2.0 (可学习)
   Loss mode: two_head
   loss_mode=two_head
   exist_weight=0.100, type_weight=0.900

✅ SimplifiedMultiTypeAssociationLoss 初始化 (改进版)
   类别权重 (beta=0.99999): ['0.780', '1.822', '0.977', '0.421']
Original positive index shape: torch.Size([1072, 2])
Original negative index shape: torch.Size([135416, 2])
采样后负样本数量: 10720
🎯 Building TRUE DUAL VIEWS from four different sources...
📊 Data sources loaded:
  Disease semantic: torch.Size([383, 383])
  miRNA functional: torch.Size([495, 495])
  Disease-gene: torch.Size([383, 383])
  miRNA-sequence: torch.Size([495, 495])
🧬 Building miRNA dual-view hypergraphs...
  📊 miRNA View 1 (Sequence): torch.Size([495, 878])
  📊 miRNA View 2 (Function): torch.Size([495, 878])
🦠 Building disease dual-view hypergraphs...
  📊 Disease View 1 (Gene): torch.Size([383, 878])
  📊 Disease View 2 (Semantic): torch.Size([383, 878])
✅ Successfully built TRUE DUAL VIEWS:
   🧬 miRNA: Sequence Features (m_ss.xlsx) vs Functional Similarity (mi_fun_sim_2.0.csv)
   🦠 Disease: Gene Features (d_gs.xlsx) vs Semantic Similarity (dis_sem_sim_2.0.csv)

🔧 Epoch 1 梯度检查:
================================================================================

  参数名称                              梯度范数         梯度均值 状态             
  ----------------------------------------------------------------------
  type_relations                0.000025     0.000001 ✅ 正常           
  exist_relation                0.000132     0.000010 ✅ 正常           
  mi_proj_layer0                0.806525     0.003002 ✅ 正常           
  dis_proj_layer0               0.496977     0.001958 ✅ 正常           
================================================================================

Epoch 1, Total Loss: 20.4958, Recover Loss: 1.3249, miRNA CL: 8.8898, Disease CL: 8.4543, Inter-view (est): 4.0025, Recon Loss: 1.5283, Time: 0.62s
[INFO] Hypergraph updated at epoch 5
[INFO] Hypergraph updated at epoch 10
[INFO] Hypergraph updated at epoch 15
[INFO] Hypergraph updated at epoch 20
[INFO] Hypergraph updated at epoch 25
[INFO] Hypergraph updated at epoch 30
[INFO] Hypergraph updated at epoch 35
[INFO] Hypergraph updated at epoch 40
[INFO] Hypergraph updated at epoch 45
[INFO] Hypergraph updated at epoch 50

🔧 Epoch 50 梯度检查:
================================================================================

  参数名称                              梯度范数         梯度均值 状态             
  ----------------------------------------------------------------------
  type_relations                0.000017     0.000001 ✅ 正常           
  exist_relation                0.000128     0.000009 ✅ 正常           
  mi_proj_layer0                0.143434     0.000537 ✅ 正常           
  dis_proj_layer0               0.139027     0.000513 ✅ 正常           
================================================================================

Epoch 50, Total Loss: 17.3322, Recover Loss: 1.1084, miRNA CL: 8.0503, Disease CL: 7.7300, Inter-view (est): 3.6416, Recon Loss: 0.1719, Time: 35.96s
[INFO] Hypergraph updated at epoch 100

🔧 Epoch 100 梯度检查:
================================================================================

  参数名称                              梯度范数         梯度均值 状态             
  ----------------------------------------------------------------------
  type_relations                0.000010     0.000000 ✅ 正常           
  exist_relation                0.000122     0.000008 ✅ 正常           
  mi_proj_layer0                0.333506     0.001173 ✅ 正常           
  dis_proj_layer0               0.357557     0.001250 ✅ 正常           
================================================================================

Epoch 100, Total Loss: 16.0629, Recover Loss: 1.0137, miRNA CL: 7.7642, Disease CL: 7.0098, Inter-view (est): 3.4094, Recon Loss: 0.0320, Time: 74.98s
[INFO] Hypergraph updated at epoch 150

🔧 Epoch 150 梯度检查:
================================================================================

  参数名称                              梯度范数         梯度均值 状态             
  ----------------------------------------------------------------------
  type_relations                0.000006     0.000000 ✅ 正常           
  exist_relation                0.000116     0.000008 ✅ 正常           
  mi_proj_layer0                0.321547     0.001129 ✅ 正常           
  dis_proj_layer0               0.218281     0.000821 ✅ 正常           
================================================================================

Epoch 150, Total Loss: 15.4243, Recover Loss: 0.9552, miRNA CL: 7.6015, Disease CL: 6.6158, Inter-view (est): 3.2809, Recon Loss: 0.0295, Time: 114.67s
[INFO] Hypergraph updated at epoch 200

🔧 Epoch 200 梯度检查:
================================================================================

  参数名称                              梯度范数         梯度均值 状态             
  ----------------------------------------------------------------------
  type_relations                0.000004     0.000000 ✅ 正常           
  exist_relation                0.000113     0.000008 ✅ 正常           
  mi_proj_layer0                0.522561     0.001923 ✅ 正常           
  dis_proj_layer0               0.452892     0.001625 ✅ 正常           
================================================================================

Epoch 200, Total Loss: 15.0385, Recover Loss: 0.9311, miRNA CL: 7.3802, Disease CL: 6.4875, Inter-view (est): 3.2003, Recon Loss: 0.0296, Time: 153.08s
[INFO] Hypergraph updated at epoch 250

🔧 Epoch 250 梯度检查:
================================================================================

  参数名称                              梯度范数         梯度均值 状态             
  ----------------------------------------------------------------------
  type_relations                0.000003     0.000000 ✅ 正常           
  exist_relation                0.000109     0.000007 ✅ 正常           
  mi_proj_layer0                0.287490     0.001052 ✅ 正常           
  dis_proj_layer0               0.243845     0.000921 ✅ 正常           
================================================================================

Epoch 250, Total Loss: 14.7574, Recover Loss: 0.9105, miRNA CL: 7.2090, Disease CL: 6.4095, Inter-view (est): 3.1427, Recon Loss: 0.0282, Time: 188.92s
[INFO] Hypergraph updated at epoch 300

🔧 Epoch 300 梯度检查:
================================================================================

  参数名称                              梯度范数         梯度均值 状态             
  ----------------------------------------------------------------------
  type_relations                0.000002     0.000000 ✅ 正常           
  exist_relation                0.000107     0.000007 ✅ 正常           
  mi_proj_layer0                0.183869     0.000698 ✅ 正常           
  dis_proj_layer0               0.221058     0.000872 ✅ 正常           
================================================================================

Epoch 300, Total Loss: 14.5971, Recover Loss: 0.9017, miRNA CL: 7.1230, Disease CL: 6.3506, Inter-view (est): 3.1093, Recon Loss: 0.0283, Time: 223.90s
[INFO] Hypergraph updated at epoch 350

🔧 Epoch 350 梯度检查:
================================================================================

  参数名称                              梯度范数         梯度均值 状态             
  ----------------------------------------------------------------------
  type_relations                0.000002     0.000000 ✅ 正常           
  exist_relation                0.000104     0.000007 ✅ 正常           
  mi_proj_layer0                0.272987     0.000982 ✅ 正常           
  dis_proj_layer0               0.274245     0.000990 ✅ 正常           
================================================================================

Epoch 350, Total Loss: 14.4783, Recover Loss: 0.8938, miRNA CL: 7.0611, Disease CL: 6.3075, Inter-view (est): 3.0851, Recon Loss: 0.0274, Time: 260.23s
[INFO] Hypergraph updated at epoch 400

🔧 Epoch 400 梯度检查:
================================================================================

  参数名称                              梯度范数         梯度均值 状态             
  ----------------------------------------------------------------------
  type_relations                0.000001     0.000000 ✅ 正常           
  exist_relation                0.000102     0.000007 ✅ 正常           
  mi_proj_layer0                0.512257     0.001885 ✅ 正常           
  dis_proj_layer0               0.352829     0.001233 ✅ 正常           
================================================================================

Epoch 400, Total Loss: 14.3636, Recover Loss: 0.8900, miRNA CL: 6.9962, Disease CL: 6.2659, Inter-view (est): 3.0605, Recon Loss: 0.0279, Time: 301.86s
[INFO] Hypergraph updated at epoch 450

🔧 Epoch 450 梯度检查:
================================================================================

  参数名称                              梯度范数         梯度均值 状态             
  ----------------------------------------------------------------------
  type_relations                0.000001     0.000000 ✅ 正常           
  exist_relation                0.000100     0.000006 ✅ 正常           
  mi_proj_layer0                0.199886     0.000725 ✅ 正常           
  dis_proj_layer0               0.189691     0.000706 ✅ 正常           
================================================================================

Epoch 450, Total Loss: 14.2703, Recover Loss: 0.8814, miRNA CL: 6.9419, Disease CL: 6.2391, Inter-view (est): 3.0418, Recon Loss: 0.0276, Time: 341.53s
[INFO] Hypergraph updated at epoch 500

🔧 Epoch 500 梯度检查:
================================================================================
  ⚠️ 警告: type_relations梯度几乎为0 (norm=0.00000098)
     → 类型分类器可能没有学习!

  参数名称                              梯度范数         梯度均值 状态             
  ----------------------------------------------------------------------
  type_relations                0.000001     0.000000 ✅ 正常           
  exist_relation                0.000099     0.000006 ✅ 正常           
  mi_proj_layer0                0.198474     0.000726 ✅ 正常           
  dis_proj_layer0               0.159606     0.000632 ✅ 正常           
================================================================================

Epoch 500, Total Loss: 14.1864, Recover Loss: 0.8778, miRNA CL: 6.8778, Disease CL: 6.2258, Inter-view (est): 3.0239, Recon Loss: 0.0267, Time: 378.88s
[INFO] Hypergraph updated at epoch 550

🔧 Epoch 550 梯度检查:
================================================================================
  ⚠️ 警告: type_relations梯度几乎为0 (norm=0.00000090)
     → 类型分类器可能没有学习!

  参数名称                              梯度范数         梯度均值 状态             
  ----------------------------------------------------------------------
  type_relations                0.000001     0.000000 ✅ 正常           
  exist_relation                0.000098     0.000006 ✅ 正常           
  mi_proj_layer0                0.154098     0.000563 ✅ 正常           
  dis_proj_layer0               0.133281     0.000545 ✅ 正常           
================================================================================

Epoch 550, Total Loss: 14.1356, Recover Loss: 0.8778, miRNA CL: 6.8379, Disease CL: 6.2165, Inter-view (est): 3.0126, Recon Loss: 0.0266, Time: 416.13s
[INFO] Hypergraph updated at epoch 600

🔧 Epoch 600 梯度检查:
================================================================================
  ⚠️ 警告: type_relations梯度几乎为0 (norm=0.00000083)
     → 类型分类器可能没有学习!

  参数名称                              梯度范数         梯度均值 状态             
  ----------------------------------------------------------------------
  type_relations                0.000001     0.000000 ✅ 正常           
  exist_relation                0.000098     0.000006 ✅ 正常           
  mi_proj_layer0                0.209340     0.000790 ✅ 正常           
  dis_proj_layer0               0.183442     0.000717 ✅ 正常           
================================================================================

Epoch 600, Total Loss: 14.0945, Recover Loss: 0.8780, miRNA CL: 6.8053, Disease CL: 6.2086, Inter-view (est): 3.0032, Recon Loss: 0.0269, Time: 455.45s
[INFO] Hypergraph updated at epoch 650

🔧 Epoch 650 梯度检查:
================================================================================
  ⚠️ 警告: type_relations梯度几乎为0 (norm=0.00000078)
     → 类型分类器可能没有学习!

  参数名称                              梯度范数         梯度均值 状态             
  ----------------------------------------------------------------------
  type_relations                0.000001     0.000000 ✅ 正常           
  exist_relation                0.000097     0.000006 ✅ 正常           
  mi_proj_layer0                0.142131     0.000526 ✅ 正常           
  dis_proj_layer0               0.153335     0.000583 ✅ 正常           
================================================================================

Epoch 650, Total Loss: 14.0578, Recover Loss: 0.8750, miRNA CL: 6.7803, Disease CL: 6.2017, Inter-view (est): 2.9958, Recon Loss: 0.0263, Time: 493.56s

================================================================================
Training completed. Running final test...
================================================================================
Fold 3 completed - AUC: 0.9627, Top-1 F1: 0.6622
Fold 3 training time: 494.45 seconds
=== Cross Validation Fold 4/5 ===
Using hidden dimensions: [256, 256] with 4 attention heads
[ABLATION] Running with mode = no_hgt
优化模型初始化: miRNA数量 = 495, 疾病数量 = 383
   节点维度: 256 → 128
   类型数量: 4
   Temperature: 2.0 (可学习)
   Loss mode: two_head
   loss_mode=two_head
   exist_weight=0.100, type_weight=0.900

✅ SimplifiedMultiTypeAssociationLoss 初始化 (改进版)
   类别权重 (beta=0.99999): ['0.780', '1.822', '0.977', '0.421']
Original positive index shape: torch.Size([1072, 2])
Original negative index shape: torch.Size([135416, 2])
采样后负样本数量: 10720
🎯 Building TRUE DUAL VIEWS from four different sources...
📊 Data sources loaded:
  Disease semantic: torch.Size([383, 383])
  miRNA functional: torch.Size([495, 495])
  Disease-gene: torch.Size([383, 383])
  miRNA-sequence: torch.Size([495, 495])
🧬 Building miRNA dual-view hypergraphs...
  📊 miRNA View 1 (Sequence): torch.Size([495, 878])
  📊 miRNA View 2 (Function): torch.Size([495, 878])
🦠 Building disease dual-view hypergraphs...
  📊 Disease View 1 (Gene): torch.Size([383, 878])
  📊 Disease View 2 (Semantic): torch.Size([383, 878])
✅ Successfully built TRUE DUAL VIEWS:
   🧬 miRNA: Sequence Features (m_ss.xlsx) vs Functional Similarity (mi_fun_sim_2.0.csv)
   🦠 Disease: Gene Features (d_gs.xlsx) vs Semantic Similarity (dis_sem_sim_2.0.csv)

🔧 Epoch 1 梯度检查:
================================================================================

  参数名称                              梯度范数         梯度均值 状态             
  ----------------------------------------------------------------------
  type_relations                0.000025     0.000001 ✅ 正常           
  exist_relation                0.000139     0.000010 ✅ 正常           
  mi_proj_layer0                1.142179     0.004257 ✅ 正常           
  dis_proj_layer0               0.765762     0.002784 ✅ 正常           
================================================================================

Epoch 1, Total Loss: 20.5976, Recover Loss: 1.3706, miRNA CL: 8.9701, Disease CL: 8.4107, Inter-view (est): 4.0110, Recon Loss: 1.5474, Time: 0.62s
[INFO] Hypergraph updated at epoch 5
[INFO] Hypergraph updated at epoch 10
[INFO] Hypergraph updated at epoch 15
[INFO] Hypergraph updated at epoch 20
[INFO] Hypergraph updated at epoch 25
[INFO] Hypergraph updated at epoch 30
[INFO] Hypergraph updated at epoch 35
[INFO] Hypergraph updated at epoch 40
[INFO] Hypergraph updated at epoch 45
[INFO] Hypergraph updated at epoch 50

🔧 Epoch 50 梯度检查:
================================================================================

  参数名称                              梯度范数         梯度均值 状态             
  ----------------------------------------------------------------------
  type_relations                0.000017     0.000001 ✅ 正常           
  exist_relation                0.000134     0.000009 ✅ 正常           
  mi_proj_layer0                0.193433     0.000731 ✅ 正常           
  dis_proj_layer0               0.129968     0.000502 ✅ 正常           
================================================================================

Epoch 50, Total Loss: 17.2054, Recover Loss: 1.1012, miRNA CL: 8.0270, Disease CL: 7.6756, Inter-view (est): 3.6237, Recon Loss: 0.1298, Time: 35.07s
[INFO] Hypergraph updated at epoch 100

🔧 Epoch 100 梯度检查:
================================================================================

  参数名称                              梯度范数         梯度均值 状态             
  ----------------------------------------------------------------------
  type_relations                0.000009     0.000000 ✅ 正常           
  exist_relation                0.000128     0.000009 ✅ 正常           
  mi_proj_layer0                0.313011     0.001150 ✅ 正常           
  dis_proj_layer0               0.317269     0.001176 ✅ 正常           
================================================================================

Epoch 100, Total Loss: 16.0602, Recover Loss: 0.9944, miRNA CL: 7.7657, Disease CL: 7.0257, Inter-view (est): 3.4134, Recon Loss: 0.0316, Time: 69.65s
[INFO] Hypergraph updated at epoch 150

🔧 Epoch 150 梯度检查:
================================================================================

  参数名称                              梯度范数         梯度均值 状态             
  ----------------------------------------------------------------------
  type_relations                0.000006     0.000000 ✅ 正常           
  exist_relation                0.000123     0.000008 ✅ 正常           
  mi_proj_layer0                0.431077     0.001480 ✅ 正常           
  dis_proj_layer0               0.394252     0.001395 ✅ 正常           
================================================================================

Epoch 150, Total Loss: 15.4781, Recover Loss: 0.9323, miRNA CL: 7.6390, Disease CL: 6.6527, Inter-view (est): 3.2981, Recon Loss: 0.0299, Time: 105.26s
[INFO] Hypergraph updated at epoch 200

🔧 Epoch 200 梯度检查:
================================================================================

  参数名称                              梯度范数         梯度均值 状态             
  ----------------------------------------------------------------------
  type_relations                0.000004     0.000000 ✅ 正常           
  exist_relation                0.000120     0.000008 ✅ 正常           
  mi_proj_layer0                0.300529     0.001100 ✅ 正常           
  dis_proj_layer0               0.282964     0.001020 ✅ 正常           
================================================================================

Epoch 200, Total Loss: 15.0355, Recover Loss: 0.9018, miRNA CL: 7.4234, Disease CL: 6.4696, Inter-view (est): 3.2061, Recon Loss: 0.0292, Time: 141.73s
[INFO] Hypergraph updated at epoch 250

🔧 Epoch 250 梯度检查:
================================================================================

  参数名称                              梯度范数         梯度均值 状态             
  ----------------------------------------------------------------------
  type_relations                0.000003     0.000000 ✅ 正常           
  exist_relation                0.000117     0.000008 ✅ 正常           
  mi_proj_layer0                0.319934     0.001182 ✅ 正常           
  dis_proj_layer0               0.337900     0.001252 ✅ 正常           
================================================================================

Epoch 250, Total Loss: 14.7785, Recover Loss: 0.8929, miRNA CL: 7.2489, Disease CL: 6.4028, Inter-view (est): 3.1504, Recon Loss: 0.0303, Time: 176.90s
[INFO] Hypergraph updated at epoch 300

🔧 Epoch 300 梯度检查:
================================================================================

  参数名称                              梯度范数         梯度均值 状态             
  ----------------------------------------------------------------------
  type_relations                0.000002     0.000000 ✅ 正常           
  exist_relation                0.000114     0.000007 ✅ 正常           
  mi_proj_layer0                0.276417     0.000994 ✅ 正常           
  dis_proj_layer0               0.250263     0.000956 ✅ 正常           
================================================================================

Epoch 300, Total Loss: 14.5830, Recover Loss: 0.8781, miRNA CL: 7.1389, Disease CL: 6.3424, Inter-view (est): 3.1111, Recon Loss: 0.0287, Time: 212.23s
[INFO] Hypergraph updated at epoch 350

🔧 Epoch 350 梯度检查:
================================================================================

  参数名称                              梯度范数         梯度均值 状态             
  ----------------------------------------------------------------------
  type_relations                0.000002     0.000000 ✅ 正常           
  exist_relation                0.000111     0.000007 ✅ 正常           
  mi_proj_layer0                0.223766     0.000826 ✅ 正常           
  dis_proj_layer0               0.187418     0.000705 ✅ 正常           
================================================================================

Epoch 350, Total Loss: 14.4744, Recover Loss: 0.8720, miRNA CL: 7.0766, Disease CL: 6.3074, Inter-view (est): 3.0886, Recon Loss: 0.0284, Time: 246.53s
[INFO] Hypergraph updated at epoch 400

🔧 Epoch 400 梯度检查:
================================================================================

  参数名称                              梯度范数         梯度均值 状态             
  ----------------------------------------------------------------------
  type_relations                0.000001     0.000000 ✅ 正常           
  exist_relation                0.000109     0.000007 ✅ 正常           
  mi_proj_layer0                0.339117     0.001289 ✅ 正常           
  dis_proj_layer0               0.293597     0.001089 ✅ 正常           
================================================================================

Epoch 400, Total Loss: 14.3535, Recover Loss: 0.8691, miRNA CL: 7.0057, Disease CL: 6.2662, Inter-view (est): 3.0628, Recon Loss: 0.0284, Time: 285.97s
[INFO] Hypergraph updated at epoch 450

🔧 Epoch 450 梯度检查:
================================================================================
  ⚠️ 警告: type_relations梯度几乎为0 (norm=0.00000097)
     → 类型分类器可能没有学习!

  参数名称                              梯度范数         梯度均值 状态             
  ----------------------------------------------------------------------
  type_relations                0.000001     0.000000 ✅ 正常           
  exist_relation                0.000106     0.000007 ✅ 正常           
  mi_proj_layer0                0.494257     0.001808 ✅ 正常           
  dis_proj_layer0               0.536439     0.001946 ✅ 正常           
================================================================================

Epoch 450, Total Loss: 14.2331, Recover Loss: 0.8629, miRNA CL: 6.9292, Disease CL: 6.2342, Inter-view (est): 3.0377, Recon Loss: 0.0275, Time: 324.79s
[INFO] Hypergraph updated at epoch 500

🔧 Epoch 500 梯度检查:
================================================================================
  ⚠️ 警告: type_relations梯度几乎为0 (norm=0.00000082)
     → 类型分类器可能没有学习!

  参数名称                              梯度范数         梯度均值 状态             
  ----------------------------------------------------------------------
  type_relations                0.000001     0.000000 ✅ 正常           
  exist_relation                0.000105     0.000007 ✅ 正常           
  mi_proj_layer0                0.256128     0.000927 ✅ 正常           
  dis_proj_layer0               0.188425     0.000734 ✅ 正常           
================================================================================

Epoch 500, Total Loss: 14.1444, Recover Loss: 0.8571, miRNA CL: 6.8657, Disease CL: 6.2175, Inter-view (est): 3.0192, Recon Loss: 0.0275, Time: 361.64s
[INFO] Hypergraph updated at epoch 550

🔧 Epoch 550 梯度检查:
================================================================================
  ⚠️ 警告: type_relations梯度几乎为0 (norm=0.00000074)
     → 类型分类器可能没有学习!

  参数名称                              梯度范数         梯度均值 状态             
  ----------------------------------------------------------------------
  type_relations                0.000001     0.000000 ✅ 正常           
  exist_relation                0.000104     0.000006 ✅ 正常           
  mi_proj_layer0                0.123239     0.000466 ✅ 正常           
  dis_proj_layer0               0.158248     0.000623 ✅ 正常           
================================================================================

Epoch 550, Total Loss: 14.0902, Recover Loss: 0.8554, miRNA CL: 6.8245, Disease CL: 6.2086, Inter-view (est): 3.0076, Recon Loss: 0.0266, Time: 400.76s
[INFO] Hypergraph updated at epoch 600

🔧 Epoch 600 梯度检查:
================================================================================
  ⚠️ 警告: type_relations梯度几乎为0 (norm=0.00000070)
     → 类型分类器可能没有学习!

  参数名称                              梯度范数         梯度均值 状态             
  ----------------------------------------------------------------------
  type_relations                0.000001     0.000000 ✅ 正常           
  exist_relation                0.000103     0.000006 ✅ 正常           
  mi_proj_layer0                0.205363     0.000754 ✅ 正常           
  dis_proj_layer0               0.164707     0.000649 ✅ 正常           
================================================================================

Epoch 600, Total Loss: 14.0625, Recover Loss: 0.8524, miRNA CL: 6.8065, Disease CL: 6.2026, Inter-view (est): 3.0021, Recon Loss: 0.0268, Time: 439.73s
[INFO] Hypergraph updated at epoch 650

🔧 Epoch 650 梯度检查:
================================================================================
  ⚠️ 警告: type_relations梯度几乎为0 (norm=0.00000065)
     → 类型分类器可能没有学习!

  参数名称                              梯度范数         梯度均值 状态             
  ----------------------------------------------------------------------
  type_relations                0.000001     0.000000 ✅ 正常           
  exist_relation                0.000102     0.000006 ✅ 正常           
  mi_proj_layer0                0.210155     0.000777 ✅ 正常           
  dis_proj_layer0               0.185953     0.000736 ✅ 正常           
================================================================================

Epoch 650, Total Loss: 14.0388, Recover Loss: 0.8521, miRNA CL: 6.7898, Disease CL: 6.1964, Inter-view (est): 2.9968, Recon Loss: 0.0273, Time: 476.22s

================================================================================
Training completed. Running final test...
================================================================================
Fold 4 completed - AUC: 0.9681, Top-1 F1: 0.6595
Fold 4 training time: 477.03 seconds
=== Cross Validation Fold 5/5 ===
Using hidden dimensions: [256, 256] with 4 attention heads
[ABLATION] Running with mode = no_hgt
优化模型初始化: miRNA数量 = 495, 疾病数量 = 383
   节点维度: 256 → 128
   类型数量: 4
   Temperature: 2.0 (可学习)
   Loss mode: two_head
   loss_mode=two_head
   exist_weight=0.100, type_weight=0.900

✅ SimplifiedMultiTypeAssociationLoss 初始化 (改进版)
   类别权重 (beta=0.99999): ['0.780', '1.822', '0.977', '0.421']
Original positive index shape: torch.Size([1072, 2])
Original negative index shape: torch.Size([135416, 2])
采样后负样本数量: 10720
🎯 Building TRUE DUAL VIEWS from four different sources...
📊 Data sources loaded:
  Disease semantic: torch.Size([383, 383])
  miRNA functional: torch.Size([495, 495])
  Disease-gene: torch.Size([383, 383])
  miRNA-sequence: torch.Size([495, 495])
🧬 Building miRNA dual-view hypergraphs...
  📊 miRNA View 1 (Sequence): torch.Size([495, 878])
  📊 miRNA View 2 (Function): torch.Size([495, 878])
🦠 Building disease dual-view hypergraphs...
  📊 Disease View 1 (Gene): torch.Size([383, 878])
  📊 Disease View 2 (Semantic): torch.Size([383, 878])
✅ Successfully built TRUE DUAL VIEWS:
   🧬 miRNA: Sequence Features (m_ss.xlsx) vs Functional Similarity (mi_fun_sim_2.0.csv)
   🦠 Disease: Gene Features (d_gs.xlsx) vs Semantic Similarity (dis_sem_sim_2.0.csv)

🔧 Epoch 1 梯度检查:
================================================================================

  参数名称                              梯度范数         梯度均值 状态             
  ----------------------------------------------------------------------
  type_relations                0.000025     0.000001 ✅ 正常           
  exist_relation                0.000123     0.000009 ✅ 正常           
  mi_proj_layer0                0.387683     0.001516 ✅ 正常           
  dis_proj_layer0               0.273381     0.001128 ✅ 正常           
================================================================================

Epoch 1, Total Loss: 20.5624, Recover Loss: 1.3118, miRNA CL: 8.9570, Disease CL: 8.4634, Inter-view (est): 4.0201, Recon Loss: 1.5316, Time: 0.64s
[INFO] Hypergraph updated at epoch 5
[INFO] Hypergraph updated at epoch 10
[INFO] Hypergraph updated at epoch 15
[INFO] Hypergraph updated at epoch 20
[INFO] Hypergraph updated at epoch 25
[INFO] Hypergraph updated at epoch 30
[INFO] Hypergraph updated at epoch 35
[INFO] Hypergraph updated at epoch 40
[INFO] Hypergraph updated at epoch 45
[INFO] Hypergraph updated at epoch 50

🔧 Epoch 50 梯度检查:
================================================================================

  参数名称                              梯度范数         梯度均值 状态             
  ----------------------------------------------------------------------
  type_relations                0.000017     0.000000 ✅ 正常           
  exist_relation                0.000118     0.000008 ✅ 正常           
  mi_proj_layer0                0.218065     0.000806 ✅ 正常           
  dis_proj_layer0               0.165260     0.000605 ✅ 正常           
================================================================================

Epoch 50, Total Loss: 17.2383, Recover Loss: 1.0793, miRNA CL: 8.0461, Disease CL: 7.7300, Inter-view (est): 3.6406, Recon Loss: 0.1110, Time: 29.35s
[INFO] Hypergraph updated at epoch 100

🔧 Epoch 100 梯度检查:
================================================================================

  参数名称                              梯度范数         梯度均值 状态             
  ----------------------------------------------------------------------
  type_relations                0.000010     0.000000 ✅ 正常           
  exist_relation                0.000112     0.000008 ✅ 正常           
  mi_proj_layer0                0.410748     0.001504 ✅ 正常           
  dis_proj_layer0               0.284133     0.001021 ✅ 正常           
================================================================================

Epoch 100, Total Loss: 16.0992, Recover Loss: 0.9845, miRNA CL: 7.7782, Disease CL: 7.0598, Inter-view (est): 3.4242, Recon Loss: 0.0317, Time: 57.07s
[INFO] Hypergraph updated at epoch 150

🔧 Epoch 150 梯度检查:
================================================================================

  参数名称                              梯度范数         梯度均值 状态             
  ----------------------------------------------------------------------
  type_relations                0.000007     0.000000 ✅ 正常           
  exist_relation                0.000108     0.000007 ✅ 正常           
  mi_proj_layer0                0.371826     0.001287 ✅ 正常           
  dis_proj_layer0               0.411010     0.001439 ✅ 正常           
================================================================================

Epoch 150, Total Loss: 15.4829, Recover Loss: 0.9278, miRNA CL: 7.6438, Disease CL: 6.6568, Inter-view (est): 3.3001, Recon Loss: 0.0289, Time: 86.00s
[INFO] Hypergraph updated at epoch 200

🔧 Epoch 200 梯度检查:
================================================================================

  参数名称                              梯度范数         梯度均值 状态             
  ----------------------------------------------------------------------
  type_relations                0.000005     0.000000 ✅ 正常           
  exist_relation                0.000104     0.000007 ✅ 正常           
  mi_proj_layer0                0.207878     0.000753 ✅ 正常           
  dis_proj_layer0               0.190947     0.000737 ✅ 正常           
================================================================================

Epoch 200, Total Loss: 15.0954, Recover Loss: 0.8995, miRNA CL: 7.4554, Disease CL: 6.4993, Inter-view (est): 3.2203, Recon Loss: 0.0287, Time: 113.07s
[INFO] Hypergraph updated at epoch 250

🔧 Epoch 250 梯度检查:
================================================================================

  参数名称                              梯度范数         梯度均值 状态             
  ----------------------------------------------------------------------
  type_relations                0.000004     0.000000 ✅ 正常           
  exist_relation                0.000101     0.000007 ✅ 正常           
  mi_proj_layer0                0.350499     0.001240 ✅ 正常           
  dis_proj_layer0               0.472990     0.001639 ✅ 正常           
================================================================================

Epoch 250, Total Loss: 14.8511, Recover Loss: 0.8905, miRNA CL: 7.2805, Disease CL: 6.4472, Inter-view (est): 3.1679, Recon Loss: 0.0285, Time: 140.42s
[INFO] Hypergraph updated at epoch 300

🔧 Epoch 300 梯度检查:
================================================================================

  参数名称                              梯度范数         梯度均值 状态             
  ----------------------------------------------------------------------
  type_relations                0.000003     0.000000 ✅ 正常           
  exist_relation                0.000098     0.000006 ✅ 正常           
  mi_proj_layer0                0.255503     0.000925 ✅ 正常           
  dis_proj_layer0               0.300504     0.001117 ✅ 正常           
================================================================================

Epoch 300, Total Loss: 14.6691, Recover Loss: 0.8844, miRNA CL: 7.1575, Disease CL: 6.4023, Inter-view (est): 3.1292, Recon Loss: 0.0281, Time: 167.87s
[INFO] Hypergraph updated at epoch 350

🔧 Epoch 350 梯度检查:
================================================================================

  参数名称                              梯度范数         梯度均值 状态             
  ----------------------------------------------------------------------
  type_relations                0.000002     0.000000 ✅ 正常           
  exist_relation                0.000095     0.000006 ✅ 正常           
  mi_proj_layer0                0.188124     0.000669 ✅ 正常           
  dis_proj_layer0               0.192513     0.000743 ✅ 正常           
================================================================================

Epoch 350, Total Loss: 14.4789, Recover Loss: 0.8728, miRNA CL: 7.0468, Disease CL: 6.3417, Inter-view (est): 3.0896, Recon Loss: 0.0289, Time: 196.77s
[INFO] Hypergraph updated at epoch 400

🔧 Epoch 400 梯度检查:
================================================================================

  参数名称                              梯度范数         梯度均值 状态             
  ----------------------------------------------------------------------
  type_relations                0.000002     0.000000 ✅ 正常           
  exist_relation                0.000093     0.000006 ✅ 正常           
  mi_proj_layer0                0.300977     0.001081 ✅ 正常           
  dis_proj_layer0               0.210717     0.000806 ✅ 正常           
================================================================================

Epoch 400, Total Loss: 14.3379, Recover Loss: 0.8659, miRNA CL: 6.9582, Disease CL: 6.3024, Inter-view (est): 3.0601, Recon Loss: 0.0278, Time: 224.34s
[INFO] Hypergraph updated at epoch 450

🔧 Epoch 450 梯度检查:
================================================================================

  参数名称                              梯度范数         梯度均值 状态             
  ----------------------------------------------------------------------
  type_relations                0.000002     0.000000 ✅ 正常           
  exist_relation                0.000092     0.000006 ✅ 正常           
  mi_proj_layer0                0.462896     0.001509 ✅ 正常           
  dis_proj_layer0               0.388763     0.001360 ✅ 正常           
================================================================================

Epoch 450, Total Loss: 14.2515, Recover Loss: 0.8622, miRNA CL: 6.8944, Disease CL: 6.2862, Inter-view (est): 3.0417, Recon Loss: 0.0273, Time: 254.02s
[INFO] Hypergraph updated at epoch 500

🔧 Epoch 500 梯度检查:
================================================================================

  参数名称                              梯度范数         梯度均值 状态             
  ----------------------------------------------------------------------
  type_relations                0.000001     0.000000 ✅ 正常           
  exist_relation                0.000091     0.000006 ✅ 正常           
  mi_proj_layer0                0.214026     0.000777 ✅ 正常           
  dis_proj_layer0               0.238191     0.000880 ✅ 正常           
================================================================================

Epoch 500, Total Loss: 14.2065, Recover Loss: 0.8623, miRNA CL: 6.8616, Disease CL: 6.2759, Inter-view (est): 3.0317, Recon Loss: 0.0268, Time: 281.87s
[INFO] Hypergraph updated at epoch 550

🔧 Epoch 550 梯度检查:
================================================================================

  参数名称                              梯度范数         梯度均值 状态             
  ----------------------------------------------------------------------
  type_relations                0.000001     0.000000 ✅ 正常           
  exist_relation                0.000090     0.000006 ✅ 正常           
  mi_proj_layer0                0.228593     0.000852 ✅ 正常           
  dis_proj_layer0               0.206156     0.000840 ✅ 正常           
================================================================================

Epoch 550, Total Loss: 14.1670, Recover Loss: 0.8614, miRNA CL: 6.8332, Disease CL: 6.2659, Inter-view (est): 3.0229, Recon Loss: 0.0277, Time: 313.02s
[INFO] Hypergraph updated at epoch 600

🔧 Epoch 600 梯度检查:
================================================================================

  参数名称                              梯度范数         梯度均值 状态             
  ----------------------------------------------------------------------
  type_relations                0.000001     0.000000 ✅ 正常           
  exist_relation                0.000090     0.000005 ✅ 正常           
  mi_proj_layer0                0.259126     0.000925 ✅ 正常           
  dis_proj_layer0               0.207293     0.000814 ✅ 正常           
================================================================================

Epoch 600, Total Loss: 14.1242, Recover Loss: 0.8572, miRNA CL: 6.8067, Disease CL: 6.2558, Inter-view (est): 3.0144, Recon Loss: 0.0271, Time: 346.24s
[INFO] Hypergraph updated at epoch 650

🔧 Epoch 650 梯度检查:
================================================================================

  参数名称                              梯度范数         梯度均值 状态             
  ----------------------------------------------------------------------
  type_relations                0.000001     0.000000 ✅ 正常           
  exist_relation                0.000089     0.000005 ✅ 正常           
  mi_proj_layer0                0.256648     0.000903 ✅ 正常           
  dis_proj_layer0               0.216894     0.000807 ✅ 正常           
================================================================================

Epoch 650, Total Loss: 14.0905, Recover Loss: 0.8560, miRNA CL: 6.7864, Disease CL: 6.2454, Inter-view (est): 3.0073, Recon Loss: 0.0265, Time: 377.97s

================================================================================
Training completed. Running final test...
================================================================================
Fold 5 completed - AUC: 0.9670, Top-1 F1: 0.6827
Fold 5 training time: 378.66 seconds
Average binary metrics across folds: [[0.97041073 0.97183153 0.92443384 0.92440298 0.92477612 0.92402985
  0.92441742]]
🎯 Average Top-1 metrics across folds: {'top1_precision': 0.6932835820895522, 'top1_recall': np.float64(0.6722599993964348), 'top1_f1': np.float64(0.6825565163822014)}

📊 CV_type Style Metrics Details:
  AUC            : 0.9704
  AUPR           : 0.9718
  F1             : 0.9244
  Accuracy       : 0.9244
  Recall         : 0.9248
  Specificity    : 0.9240
  Precision      : 0.9244

🎯 Top-1 Metrics Details:
  top1_precision : 0.6933
  top1_recall    : 0.6723
  top1_f1        : 0.6826

Total execution time: 2347.97 seconds

==========================================================================================
🎯 FINAL COMPREHENSIVE RESULTS WITH TOP-1 METRICS
==========================================================================================
📊 Binary Classification Metrics (Original):
  AUC: 0.9704
  AUPR: 0.9718
  F1: 0.9244
  Accuracy: 0.9244
  Recall: 0.9248
  Specificity: 0.9240
  Precision: 0.9244

🎯 CV_type Style Metrics (Enhanced):
  AUC: 0.9704
  AUPR: 0.9718
  F1: 0.9244
  Accuracy: 0.9244
  Recall: 0.9248
  Specificity: 0.9240
  Precision: 0.9244

🏆 Top-1 Metrics (NEW):
  Top-1 Precision: 0.6933
  Top-1 Recall: 0.6723
  Top-1 F1: 0.6826
==========================================================================================
