[CPU] torch.set_num_threads(8), interop=min(4, 8)
Using device: cpu
[INFO] Auto-computed BALANCED class weights (to prevent class collapse):
  Circulation  (  367 samples): 0.780
  Epigenetics  (  157 samples): 1.823
  Target       (  293 samples): 0.977
  Genetics     (  681 samples): 0.420
  [NOTE] Higher weights for minority classes to prevent model from only predicting majority class
[INFO] Using v2.0_495m383D dataset:
  miRNAs: 495
  Diseases: 383
  Expected associations: ~1498
  Types: 4 (Circulation, Epigenetics, Target, Genetics)

================================================================================
Configuration Summary
================================================================================
Dataset: v2.0_495m383D
Data Path: ./
Model: HeterogenousGraphCLAMIR
  - HGT Layers: 2
  - Attention Heads: 4
  - Association Types: 4
  - Inter-view CL: Enabled
    - Weight: 0.3
    - Temperature: 0.5
    - Margin: 0.5

Training:
  - Epochs: 650
  - Learning Rate: 0.0001
  - Dropout: 0.3
  - Weight Decay: 5e-05
  - Focal Loss: Enabled

Evaluation:
  - Cross-Validation Folds: 5
  - Primary Metric: AUPR

Device: cpu
Random Seed: 42
================================================================================

[SEED] Re-seeded với args.seed = 42
🚀 Running with comprehensive evaluation including Top-1 metrics...
🎯 Loading dual-view data...
Starting dual-view data preparation with new file format...
Loading all similarity and feature files from v2.0_495m383D...
✅ Loaded disease semantic similarity from D_SSM1.txt: (383, 383)
✅ Loaded miRNA functional similarity from M_FSM.txt: (495, 495)
✅ Loaded multi-type association pairs from ./v2.0_495m383D/multi_all_mirna_disease_pairs_without_negative.csv: (1679, 3)
✅ Created multi-type association matrix: (495, 383)
📊 Multi-type Association Statistics:
   无关联 (No association): 188087 pairs (99.21%)
   循环类型 (Circulation): 367 pairs (0.19%)
   表观遗传学 (Epigenetics): 157 pairs (0.08%)
   靶标类型 (Target): 293 pairs (0.15%)
   遗传学类型 (Genetics): 681 pairs (0.36%)
✅ Created association matrix from CSV: (495, 383)
✅ Loaded disease-gene features from D_SSM2.txt: torch.Size([383, 383])
✅ Loaded miRNA-sequence features from M_GSM.txt: torch.Size([495, 495])
Processing integrated similarity matrices...
Loaded similarity matrices from cache
Processing indices...
Loaded indices from cache (seed=42)
✅ Dual-view data preparation completed in 0.28 seconds

============================================================
🎯 DUAL-VIEW CONFIGURATION SUMMARY (v2.0_495m383D)
============================================================
miRNA Dual Views:
  📊 View 1 (Sequence): M_GSM.txt torch.Size([495, 495])
  📊 View 2 (Function): M_FSM.txt torch.Size([495, 495])

Disease Dual Views:
  📊 View 1 (Gene): D_SSM2.txt torch.Size([383, 383])
  📊 View 2 (Semantic): D_SSM1.txt torch.Size([383, 383])

Association Matrix: torch.Size([495, 383])
Data source: v2.0_495m383D (495 miRNAs × 383 Diseases)
============================================================
Preloading dual-view data to device...
✅ Loaded disease-gene features to device: torch.Size([383, 383])
✅ Loaded miRNA-sequence features to device: torch.Size([495, 495])
✅ Loaded disease semantic similarity to device: torch.Size([383, 383])
✅ Loaded miRNA functional similarity to device: torch.Size([495, 495])
✅ Dual-view data preloading completed in 0.00 seconds
OptimizedDataset initialized with 5 folds
Using device: cpu
=== Cross Validation Fold 1/5 ===
Using hidden dimensions: [256, 256] with 4 attention heads
优化模型初始化: miRNA数量 = 495, 疾病数量 = 383
   节点维度: 256 → 128
   类型数量: 4
   Temperature: 2.0 (可学习)
   Loss mode: two_head
   loss_mode=two_head
   exist_weight=0.100, type_weight=0.900

✅ SimplifiedMultiTypeAssociationLoss 初始化 (改进版)
   类别权重 (beta=0.99999): ['0.780', '1.822', '0.977', '0.421']
Original positive index shape: torch.Size([1072, 2])
Original negative index shape: torch.Size([135416, 2])
采样后负样本数量: 10720
🎯 Building TRUE DUAL VIEWS from four different sources...
📊 Data sources loaded:
  Disease semantic: torch.Size([383, 383])
  miRNA functional: torch.Size([495, 495])
  Disease-gene: torch.Size([383, 383])
  miRNA-sequence: torch.Size([495, 495])
🧬 Building miRNA dual-view hypergraphs...
  📊 miRNA View 1 (Sequence): torch.Size([495, 878])
  📊 miRNA View 2 (Function): torch.Size([495, 878])
🦠 Building disease dual-view hypergraphs...
  📊 Disease View 1 (Gene): torch.Size([383, 878])
  📊 Disease View 2 (Semantic): torch.Size([383, 878])
✅ Successfully built TRUE DUAL VIEWS:
   🧬 miRNA: Sequence Features (m_ss.xlsx) vs Functional Similarity (mi_fun_sim_2.0.csv)
   🦠 Disease: Gene Features (d_gs.xlsx) vs Semantic Similarity (dis_sem_sim_2.0.csv)

🔧 Epoch 1 梯度检查:
================================================================================

  参数名称                              梯度范数         梯度均值 状态             
  ----------------------------------------------------------------------
  type_relations                0.000025     0.000001 ✅ 正常           
  exist_relation                0.000146     0.000010 ✅ 正常           
  mi_proj_layer0                0.317060     0.001218 ✅ 正常           
  dis_proj_layer0               0.331155     0.001326 ✅ 正常           
================================================================================

Epoch 1, Total Loss: 20.6597, Recover Loss: 1.3253, miRNA CL: 9.1464, Disease CL: 8.4300, Inter-view (est): 4.0561, Recon Loss: 1.4596, Time: 0.80s
[INFO] Hypergraph updated at epoch 5
[INFO] Hypergraph updated at epoch 10
[INFO] Hypergraph updated at epoch 15
[INFO] Hypergraph updated at epoch 20
[INFO] Hypergraph updated at epoch 25
[INFO] Hypergraph updated at epoch 30
[INFO] Hypergraph updated at epoch 35
[INFO] Hypergraph updated at epoch 40
[INFO] Hypergraph updated at epoch 45
[INFO] Hypergraph updated at epoch 50

🔧 Epoch 50 梯度检查:
================================================================================

  参数名称                              梯度范数         梯度均值 状态             
  ----------------------------------------------------------------------
  type_relations                0.000017     0.000000 ✅ 正常           
  exist_relation                0.000142     0.000010 ✅ 正常           
  mi_proj_layer0                0.134173     0.000530 ✅ 正常           
  dis_proj_layer0               0.135150     0.000521 ✅ 正常           
================================================================================

Epoch 50, Total Loss: 17.0285, Recover Loss: 1.1202, miRNA CL: 7.8835, Disease CL: 7.6384, Inter-view (est): 3.5820, Recon Loss: 0.1020, Time: 112.50s
[INFO] Hypergraph updated at epoch 100

🔧 Epoch 100 梯度检查:
================================================================================

  参数名称                              梯度范数         梯度均值 状态             
  ----------------------------------------------------------------------
  type_relations                0.000009     0.000000 ✅ 正常           
  exist_relation                0.000136     0.000009 ✅ 正常           
  mi_proj_layer0                0.092485     0.000390 ✅ 正常           
  dis_proj_layer0               0.108009     0.000440 ✅ 正常           
================================================================================

Epoch 100, Total Loss: 15.6054, Recover Loss: 1.0140, miRNA CL: 7.4699, Disease CL: 6.8218, Inter-view (est): 3.2981, Recon Loss: 0.0288, Time: 147.27s
[INFO] Hypergraph updated at epoch 150

🔧 Epoch 150 梯度检查:
================================================================================

  参数名称                              梯度范数         梯度均值 状态             
  ----------------------------------------------------------------------
  type_relations                0.000006     0.000000 ✅ 正常           
  exist_relation                0.000131     0.000009 ✅ 正常           
  mi_proj_layer0                0.079309     0.000338 ✅ 正常           
  dis_proj_layer0               0.101075     0.000405 ✅ 正常           
================================================================================

Epoch 150, Total Loss: 14.7911, Recover Loss: 0.9506, miRNA CL: 7.0356, Disease CL: 6.5135, Inter-view (est): 3.1267, Recon Loss: 0.0278, Time: 180.37s
[INFO] Hypergraph updated at epoch 200

🔧 Epoch 200 梯度检查:
================================================================================

  参数名称                              梯度范数         梯度均值 状态             
  ----------------------------------------------------------------------
  type_relations                0.000005     0.000000 ✅ 正常           
  exist_relation                0.000130     0.000009 ✅ 正常           
  mi_proj_layer0                0.077292     0.000327 ✅ 正常           
  dis_proj_layer0               0.088284     0.000358 ✅ 正常           
================================================================================

Epoch 200, Total Loss: 14.5410, Recover Loss: 0.9298, miRNA CL: 6.8948, Disease CL: 6.4290, Inter-view (est): 3.0747, Recon Loss: 0.0269, Time: 213.33s
[INFO] Hypergraph updated at epoch 250

🔧 Epoch 250 梯度检查:
================================================================================

  参数名称                              梯度范数         梯度均值 状态             
  ----------------------------------------------------------------------
  type_relations                0.000005     0.000000 ✅ 正常           
  exist_relation                0.000128     0.000008 ✅ 正常           
  mi_proj_layer0                0.077527     0.000328 ✅ 正常           
  dis_proj_layer0               0.088532     0.000362 ✅ 正常           
================================================================================

Epoch 250, Total Loss: 14.4168, Recover Loss: 0.9196, miRNA CL: 6.8317, Disease CL: 6.3800, Inter-view (est): 3.0488, Recon Loss: 0.0269, Time: 246.31s
[INFO] Hypergraph updated at epoch 300

🔧 Epoch 300 梯度检查:
================================================================================

  参数名称                              梯度范数         梯度均值 状态             
  ----------------------------------------------------------------------
  type_relations                0.000004     0.000000 ✅ 正常           
  exist_relation                0.000127     0.000008 ✅ 正常           
  mi_proj_layer0                0.067510     0.000288 ✅ 正常           
  dis_proj_layer0               0.072276     0.000304 ✅ 正常           
================================================================================

Epoch 300, Total Loss: 14.3083, Recover Loss: 0.9129, miRNA CL: 6.7772, Disease CL: 6.3352, Inter-view (est): 3.0260, Recon Loss: 0.0262, Time: 278.73s
[INFO] Hypergraph updated at epoch 350

🔧 Epoch 350 梯度检查:
================================================================================

  参数名称                              梯度范数         梯度均值 状态             
  ----------------------------------------------------------------------
  type_relations                0.000004     0.000000 ✅ 正常           
  exist_relation                0.000126     0.000008 ✅ 正常           
  mi_proj_layer0                0.070465     0.000297 ✅ 正常           
  dis_proj_layer0               0.069908     0.000292 ✅ 正常           
================================================================================

Epoch 350, Total Loss: 14.1994, Recover Loss: 0.8973, miRNA CL: 6.7255, Disease CL: 6.2961, Inter-view (est): 3.0050, Recon Loss: 0.0259, Time: 311.23s
[INFO] Hypergraph updated at epoch 400

🔧 Epoch 400 梯度检查:
================================================================================

  参数名称                              梯度范数         梯度均值 状态             
  ----------------------------------------------------------------------
  type_relations                0.000003     0.000000 ✅ 正常           
  exist_relation                0.000124     0.000008 ✅ 正常           
  mi_proj_layer0                0.069394     0.000290 ✅ 正常           
  dis_proj_layer0               0.067202     0.000280 ✅ 正常           
================================================================================

Epoch 400, Total Loss: 14.1065, Recover Loss: 0.8855, miRNA CL: 6.6795, Disease CL: 6.2633, Inter-view (est): 2.9868, Recon Loss: 0.0256, Time: 343.69s
[INFO] Hypergraph updated at epoch 450

🔧 Epoch 450 梯度检查:
================================================================================

  参数名称                              梯度范数         梯度均值 状态             
  ----------------------------------------------------------------------
  type_relations                0.000003     0.000000 ✅ 正常           
  exist_relation                0.000122     0.000008 ✅ 正常           
  mi_proj_layer0                0.065889     0.000281 ✅ 正常           
  dis_proj_layer0               0.067006     0.000281 ✅ 正常           
================================================================================

Epoch 450, Total Loss: 14.0287, Recover Loss: 0.8823, miRNA CL: 6.6360, Disease CL: 6.2346, Inter-view (est): 2.9701, Recon Loss: 0.0251, Time: 376.99s
[INFO] Hypergraph updated at epoch 500

🔧 Epoch 500 梯度检查:
================================================================================

  参数名称                              梯度范数         梯度均值 状态             
  ----------------------------------------------------------------------
  type_relations                0.000003     0.000000 ✅ 正常           
  exist_relation                0.000121     0.000008 ✅ 正常           
  mi_proj_layer0                0.071056     0.000299 ✅ 正常           
  dis_proj_layer0               0.078251     0.000325 ✅ 正常           
================================================================================

Epoch 500, Total Loss: 13.9567, Recover Loss: 0.8789, miRNA CL: 6.5967, Disease CL: 6.2072, Inter-view (est): 2.9548, Recon Loss: 0.0254, Time: 407.18s
[INFO] Hypergraph updated at epoch 550

🔧 Epoch 550 梯度检查:
================================================================================

  参数名称                              梯度范数         梯度均值 状态             
  ----------------------------------------------------------------------
  type_relations                0.000002     0.000000 ✅ 正常           
  exist_relation                0.000119     0.000008 ✅ 正常           
  mi_proj_layer0                0.078372     0.000331 ✅ 正常           
  dis_proj_layer0               0.084722     0.000344 ✅ 正常           
================================================================================

Epoch 550, Total Loss: 13.8841, Recover Loss: 0.8722, miRNA CL: 6.5607, Disease CL: 6.1801, Inter-view (est): 2.9402, Recon Loss: 0.0246, Time: 436.83s
[INFO] Hypergraph updated at epoch 600

🔧 Epoch 600 梯度检查:
================================================================================

  参数名称                              梯度范数         梯度均值 状态             
  ----------------------------------------------------------------------
  type_relations                0.000002     0.000000 ✅ 正常           
  exist_relation                0.000117     0.000007 ✅ 正常           
  mi_proj_layer0                0.059461     0.000252 ✅ 正常           
  dis_proj_layer0               0.060209     0.000251 ✅ 正常           
================================================================================

Epoch 600, Total Loss: 13.8180, Recover Loss: 0.8638, miRNA CL: 6.5310, Disease CL: 6.1540, Inter-view (est): 2.9273, Recon Loss: 0.0249, Time: 466.50s
[INFO] Hypergraph updated at epoch 650

🔧 Epoch 650 梯度检查:
================================================================================

  参数名称                              梯度范数         梯度均值 状态             
  ----------------------------------------------------------------------
  type_relations                0.000002     0.000000 ✅ 正常           
  exist_relation                0.000115     0.000007 ✅ 正常           
  mi_proj_layer0                0.075895     0.000315 ✅ 正常           
  dis_proj_layer0               0.070716     0.000294 ✅ 正常           
================================================================================

Epoch 650, Total Loss: 13.7664, Recover Loss: 0.8605, miRNA CL: 6.5054, Disease CL: 6.1335, Inter-view (est): 2.9167, Recon Loss: 0.0246, Time: 498.61s

================================================================================
Training completed. Running final test...
================================================================================
Fold 1 completed - AUC: 0.9826, Top-1 F1: 0.6620
Fold 1 training time: 499.79 seconds
=== Cross Validation Fold 2/5 ===
Using hidden dimensions: [256, 256] with 4 attention heads
优化模型初始化: miRNA数量 = 495, 疾病数量 = 383
   节点维度: 256 → 128
   类型数量: 4
   Temperature: 2.0 (可学习)
   Loss mode: two_head
   loss_mode=two_head
   exist_weight=0.100, type_weight=0.900

✅ SimplifiedMultiTypeAssociationLoss 初始化 (改进版)
   类别权重 (beta=0.99999): ['0.780', '1.822', '0.977', '0.421']
Original positive index shape: torch.Size([1072, 2])
Original negative index shape: torch.Size([135416, 2])
采样后负样本数量: 10720
🎯 Building TRUE DUAL VIEWS from four different sources...
📊 Data sources loaded:
  Disease semantic: torch.Size([383, 383])
  miRNA functional: torch.Size([495, 495])
  Disease-gene: torch.Size([383, 383])
  miRNA-sequence: torch.Size([495, 495])
🧬 Building miRNA dual-view hypergraphs...
  📊 miRNA View 1 (Sequence): torch.Size([495, 878])
  📊 miRNA View 2 (Function): torch.Size([495, 878])
🦠 Building disease dual-view hypergraphs...
  📊 Disease View 1 (Gene): torch.Size([383, 878])
  📊 Disease View 2 (Semantic): torch.Size([383, 878])
✅ Successfully built TRUE DUAL VIEWS:
   🧬 miRNA: Sequence Features (m_ss.xlsx) vs Functional Similarity (mi_fun_sim_2.0.csv)
   🦠 Disease: Gene Features (d_gs.xlsx) vs Semantic Similarity (dis_sem_sim_2.0.csv)

🔧 Epoch 1 梯度检查:
================================================================================

  参数名称                              梯度范数         梯度均值 状态             
  ----------------------------------------------------------------------
  type_relations                0.000025     0.000001 ✅ 正常           
  exist_relation                0.000134     0.000009 ✅ 正常           
  mi_proj_layer0                0.340250     0.001296 ✅ 正常           
  dis_proj_layer0               0.412744     0.001642 ✅ 正常           
================================================================================

Epoch 1, Total Loss: 20.5226, Recover Loss: 1.3296, miRNA CL: 9.0639, Disease CL: 8.4099, Inter-view (est): 4.0324, Recon Loss: 1.4206, Time: 0.79s
[INFO] Hypergraph updated at epoch 5
[INFO] Hypergraph updated at epoch 10
[INFO] Hypergraph updated at epoch 15
[INFO] Hypergraph updated at epoch 20
[INFO] Hypergraph updated at epoch 25
[INFO] Hypergraph updated at epoch 30
[INFO] Hypergraph updated at epoch 35
[INFO] Hypergraph updated at epoch 40
[INFO] Hypergraph updated at epoch 45
[INFO] Hypergraph updated at epoch 50

🔧 Epoch 50 梯度检查:
================================================================================

  参数名称                              梯度范数         梯度均值 状态             
  ----------------------------------------------------------------------
  type_relations                0.000017     0.000000 ✅ 正常           
  exist_relation                0.000130     0.000009 ✅ 正常           
  mi_proj_layer0                0.112229     0.000453 ✅ 正常           
  dis_proj_layer0               0.157570     0.000618 ✅ 正常           
================================================================================

Epoch 50, Total Loss: 16.9082, Recover Loss: 1.1161, miRNA CL: 7.8733, Disease CL: 7.5405, Inter-view (est): 3.5570, Recon Loss: 0.0940, Time: 90.59s
[INFO] Hypergraph updated at epoch 100

🔧 Epoch 100 梯度检查:
================================================================================

  参数名称                              梯度范数         梯度均值 状态             
  ----------------------------------------------------------------------
  type_relations                0.000010     0.000000 ✅ 正常           
  exist_relation                0.000124     0.000008 ✅ 正常           
  mi_proj_layer0                0.099629     0.000401 ✅ 正常           
  dis_proj_layer0               0.126428     0.000514 ✅ 正常           
================================================================================

Epoch 100, Total Loss: 15.5015, Recover Loss: 1.0037, miRNA CL: 7.4734, Disease CL: 6.7231, Inter-view (est): 3.2761, Recon Loss: 0.0297, Time: 121.25s
[INFO] Hypergraph updated at epoch 150

🔧 Epoch 150 梯度检查:
================================================================================

  参数名称                              梯度范数         梯度均值 状态             
  ----------------------------------------------------------------------
  type_relations                0.000007     0.000000 ✅ 正常           
  exist_relation                0.000120     0.000008 ✅ 正常           
  mi_proj_layer0                0.096403     0.000405 ✅ 正常           
  dis_proj_layer0               0.121459     0.000478 ✅ 正常           
================================================================================

Epoch 150, Total Loss: 14.7602, Recover Loss: 0.9524, miRNA CL: 7.0370, Disease CL: 6.4790, Inter-view (est): 3.1191, Recon Loss: 0.0272, Time: 150.83s
[INFO] Hypergraph updated at epoch 200

🔧 Epoch 200 梯度检查:
================================================================================

  参数名称                              梯度范数         梯度均值 状态             
  ----------------------------------------------------------------------
  type_relations                0.000006     0.000000 ✅ 正常           
  exist_relation                0.000118     0.000008 ✅ 正常           
  mi_proj_layer0                0.079069     0.000335 ✅ 正常           
  dis_proj_layer0               0.093590     0.000385 ✅ 正常           
================================================================================

Epoch 200, Total Loss: 14.5230, Recover Loss: 0.9340, miRNA CL: 6.8949, Disease CL: 6.4051, Inter-view (est): 3.0692, Recon Loss: 0.0272, Time: 181.49s
[INFO] Hypergraph updated at epoch 250

🔧 Epoch 250 梯度检查:
================================================================================

  参数名称                              梯度范数         梯度均值 状态             
  ----------------------------------------------------------------------
  type_relations                0.000005     0.000000 ✅ 正常           
  exist_relation                0.000116     0.000008 ✅ 正常           
  mi_proj_layer0                0.079098     0.000336 ✅ 正常           
  dis_proj_layer0               0.091543     0.000382 ✅ 正常           
================================================================================

Epoch 250, Total Loss: 14.3534, Recover Loss: 0.9205, miRNA CL: 6.8053, Disease CL: 6.3420, Inter-view (est): 3.0340, Recon Loss: 0.0265, Time: 211.58s
[INFO] Hypergraph updated at epoch 300

🔧 Epoch 300 梯度检查:
================================================================================

  参数名称                              梯度范数         梯度均值 状态             
  ----------------------------------------------------------------------
  type_relations                0.000004     0.000000 ✅ 正常           
  exist_relation                0.000114     0.000007 ✅ 正常           
  mi_proj_layer0                0.076660     0.000325 ✅ 正常           
  dis_proj_layer0               0.080155     0.000333 ✅ 正常           
================================================================================

Epoch 300, Total Loss: 14.2130, Recover Loss: 0.9052, miRNA CL: 6.7372, Disease CL: 6.2881, Inter-view (est): 3.0058, Recon Loss: 0.0260, Time: 242.25s
[INFO] Hypergraph updated at epoch 350

🔧 Epoch 350 梯度检查:
================================================================================

  参数名称                              梯度范数         梯度均值 状态             
  ----------------------------------------------------------------------
  type_relations                0.000004     0.000000 ✅ 正常           
  exist_relation                0.000113     0.000007 ✅ 正常           
  mi_proj_layer0                0.063452     0.000270 ✅ 正常           
  dis_proj_layer0               0.083162     0.000340 ✅ 正常           
================================================================================

Epoch 350, Total Loss: 14.0939, Recover Loss: 0.8887, miRNA CL: 6.6803, Disease CL: 6.2447, Inter-view (est): 2.9827, Recon Loss: 0.0263, Time: 272.66s
[INFO] Hypergraph updated at epoch 400

🔧 Epoch 400 梯度检查:
================================================================================

  参数名称                              梯度范数         梯度均值 状态             
  ----------------------------------------------------------------------
  type_relations                0.000003     0.000000 ✅ 正常           
  exist_relation                0.000111     0.000007 ✅ 正常           
  mi_proj_layer0                0.078991     0.000320 ✅ 正常           
  dis_proj_layer0               0.072017     0.000305 ✅ 正常           
================================================================================

Epoch 400, Total Loss: 14.0074, Recover Loss: 0.8860, miRNA CL: 6.6343, Disease CL: 6.2102, Inter-view (est): 2.9641, Recon Loss: 0.0254, Time: 302.30s
[INFO] Hypergraph updated at epoch 450

🔧 Epoch 450 梯度检查:
================================================================================

  参数名称                              梯度范数         梯度均值 状态             
  ----------------------------------------------------------------------
  type_relations                0.000003     0.000000 ✅ 正常           
  exist_relation                0.000109     0.000007 ✅ 正常           
  mi_proj_layer0                0.072468     0.000305 ✅ 正常           
  dis_proj_layer0               0.083062     0.000332 ✅ 正常           
================================================================================

Epoch 450, Total Loss: 13.9431, Recover Loss: 0.8743, miRNA CL: 6.6066, Disease CL: 6.1867, Inter-view (est): 2.9523, Recon Loss: 0.0260, Time: 332.04s
[INFO] Hypergraph updated at epoch 500

🔧 Epoch 500 梯度检查:
================================================================================

  参数名称                              梯度范数         梯度均值 状态             
  ----------------------------------------------------------------------
  type_relations                0.000003     0.000000 ✅ 正常           
  exist_relation                0.000108     0.000007 ✅ 正常           
  mi_proj_layer0                0.069484     0.000293 ✅ 正常           
  dis_proj_layer0               0.066260     0.000275 ✅ 正常           
================================================================================

Epoch 500, Total Loss: 13.8900, Recover Loss: 0.8703, miRNA CL: 6.5798, Disease CL: 6.1668, Inter-view (est): 2.9415, Recon Loss: 0.0252, Time: 362.19s
[INFO] Hypergraph updated at epoch 550

🔧 Epoch 550 梯度检查:
================================================================================

  参数名称                              梯度范数         梯度均值 状态             
  ----------------------------------------------------------------------
  type_relations                0.000002     0.000000 ✅ 正常           
  exist_relation                0.000106     0.000007 ✅ 正常           
  mi_proj_layer0                0.064850     0.000275 ✅ 正常           
  dis_proj_layer0               0.068317     0.000286 ✅ 正常           
================================================================================

Epoch 550, Total Loss: 13.8364, Recover Loss: 0.8664, miRNA CL: 6.5517, Disease CL: 6.1469, Inter-view (est): 2.9304, Recon Loss: 0.0254, Time: 392.03s
[INFO] Hypergraph updated at epoch 600

🔧 Epoch 600 梯度检查:
================================================================================

  参数名称                              梯度范数         梯度均值 状态             
  ----------------------------------------------------------------------
  type_relations                0.000002     0.000000 ✅ 正常           
  exist_relation                0.000105     0.000006 ✅ 正常           
  mi_proj_layer0                0.066158     0.000279 ✅ 正常           
  dis_proj_layer0               0.073767     0.000309 ✅ 正常           
================================================================================

Epoch 600, Total Loss: 13.7836, Recover Loss: 0.8582, miRNA CL: 6.5288, Disease CL: 6.1275, Inter-view (est): 2.9207, Recon Loss: 0.0248, Time: 421.79s
[INFO] Hypergraph updated at epoch 650

🔧 Epoch 650 梯度检查:
================================================================================

  参数名称                              梯度范数         梯度均值 状态             
  ----------------------------------------------------------------------
  type_relations                0.000002     0.000000 ✅ 正常           
  exist_relation                0.000103     0.000006 ✅ 正常           
  mi_proj_layer0                0.074262     0.000309 ✅ 正常           
  dis_proj_layer0               0.085686     0.000353 ✅ 正常           
================================================================================

Epoch 650, Total Loss: 13.7373, Recover Loss: 0.8559, miRNA CL: 6.5049, Disease CL: 6.1095, Inter-view (est): 2.9110, Recon Loss: 0.0244, Time: 457.37s

================================================================================
Training completed. Running final test...
================================================================================
Fold 2 completed - AUC: 0.9839, Top-1 F1: 0.7128
Fold 2 training time: 458.22 seconds
=== Cross Validation Fold 3/5 ===
Using hidden dimensions: [256, 256] with 4 attention heads
优化模型初始化: miRNA数量 = 495, 疾病数量 = 383
   节点维度: 256 → 128
   类型数量: 4
   Temperature: 2.0 (可学习)
   Loss mode: two_head
   loss_mode=two_head
   exist_weight=0.100, type_weight=0.900

✅ SimplifiedMultiTypeAssociationLoss 初始化 (改进版)
   类别权重 (beta=0.99999): ['0.780', '1.822', '0.977', '0.421']
Original positive index shape: torch.Size([1072, 2])
Original negative index shape: torch.Size([135416, 2])
采样后负样本数量: 10720
🎯 Building TRUE DUAL VIEWS from four different sources...
📊 Data sources loaded:
  Disease semantic: torch.Size([383, 383])
  miRNA functional: torch.Size([495, 495])
  Disease-gene: torch.Size([383, 383])
  miRNA-sequence: torch.Size([495, 495])
🧬 Building miRNA dual-view hypergraphs...
  📊 miRNA View 1 (Sequence): torch.Size([495, 878])
  📊 miRNA View 2 (Function): torch.Size([495, 878])
🦠 Building disease dual-view hypergraphs...
  📊 Disease View 1 (Gene): torch.Size([383, 878])
  📊 Disease View 2 (Semantic): torch.Size([383, 878])
✅ Successfully built TRUE DUAL VIEWS:
   🧬 miRNA: Sequence Features (m_ss.xlsx) vs Functional Similarity (mi_fun_sim_2.0.csv)
   🦠 Disease: Gene Features (d_gs.xlsx) vs Semantic Similarity (dis_sem_sim_2.0.csv)

🔧 Epoch 1 梯度检查:
================================================================================

  参数名称                              梯度范数         梯度均值 状态             
  ----------------------------------------------------------------------
  type_relations                0.000025     0.000001 ✅ 正常           
  exist_relation                0.000138     0.000010 ✅ 正常           
  mi_proj_layer0                0.274078     0.001038 ✅ 正常           
  dis_proj_layer0               0.274713     0.001083 ✅ 正常           
================================================================================

Epoch 1, Total Loss: 20.2421, Recover Loss: 1.3266, miRNA CL: 8.8925, Disease CL: 8.4205, Inter-view (est): 3.9953, Recon Loss: 1.3038, Time: 0.72s
[INFO] Hypergraph updated at epoch 5
[INFO] Hypergraph updated at epoch 10
[INFO] Hypergraph updated at epoch 15
[INFO] Hypergraph updated at epoch 20
[INFO] Hypergraph updated at epoch 25
[INFO] Hypergraph updated at epoch 30
[INFO] Hypergraph updated at epoch 35
[INFO] Hypergraph updated at epoch 40
[INFO] Hypergraph updated at epoch 45
[INFO] Hypergraph updated at epoch 50

🔧 Epoch 50 梯度检查:
================================================================================

  参数名称                              梯度范数         梯度均值 状态             
  ----------------------------------------------------------------------
  type_relations                0.000017     0.000000 ✅ 正常           
  exist_relation                0.000133     0.000009 ✅ 正常           
  mi_proj_layer0                0.097548     0.000398 ✅ 正常           
  dis_proj_layer0               0.129138     0.000521 ✅ 正常           
================================================================================

Epoch 50, Total Loss: 16.9038, Recover Loss: 1.1034, miRNA CL: 7.9006, Disease CL: 7.5537, Inter-view (est): 3.5664, Recon Loss: 0.0611, Time: 76.17s
[INFO] Hypergraph updated at epoch 100

🔧 Epoch 100 梯度检查:
================================================================================

  参数名称                              梯度范数         梯度均值 状态             
  ----------------------------------------------------------------------
  type_relations                0.000010     0.000000 ✅ 正常           
  exist_relation                0.000127     0.000008 ✅ 正常           
  mi_proj_layer0                0.087671     0.000363 ✅ 正常           
  dis_proj_layer0               0.098976     0.000392 ✅ 正常           
================================================================================

Epoch 100, Total Loss: 15.5865, Recover Loss: 0.9967, miRNA CL: 7.5136, Disease CL: 6.7747, Inter-view (est): 3.2973, Recon Loss: 0.0292, Time: 106.15s
[INFO] Hypergraph updated at epoch 150

🔧 Epoch 150 梯度检查:
================================================================================

  参数名称                              梯度范数         梯度均值 状态             
  ----------------------------------------------------------------------
  type_relations                0.000007     0.000000 ✅ 正常           
  exist_relation                0.000123     0.000008 ✅ 正常           
  mi_proj_layer0                0.080570     0.000337 ✅ 正常           
  dis_proj_layer0               0.091127     0.000374 ✅ 正常           
================================================================================

Epoch 150, Total Loss: 14.8274, Recover Loss: 0.9576, miRNA CL: 7.0925, Disease CL: 6.4840, Inter-view (est): 3.1330, Recon Loss: 0.0282, Time: 135.47s
[INFO] Hypergraph updated at epoch 200

🔧 Epoch 200 梯度检查:
================================================================================

  参数名称                              梯度范数         梯度均值 状态             
  ----------------------------------------------------------------------
  type_relations                0.000006     0.000000 ✅ 正常           
  exist_relation                0.000122     0.000008 ✅ 正常           
  mi_proj_layer0                0.084327     0.000351 ✅ 正常           
  dis_proj_layer0               0.080965     0.000336 ✅ 正常           
================================================================================

Epoch 200, Total Loss: 14.5779, Recover Loss: 0.9365, miRNA CL: 6.9462, Disease CL: 6.4056, Inter-view (est): 3.0812, Recon Loss: 0.0274, Time: 165.10s
[INFO] Hypergraph updated at epoch 250

🔧 Epoch 250 梯度检查:
================================================================================

  参数名称                              梯度范数         梯度均值 状态             
  ----------------------------------------------------------------------
  type_relations                0.000005     0.000000 ✅ 正常           
  exist_relation                0.000120     0.000008 ✅ 正常           
  mi_proj_layer0                0.078522     0.000330 ✅ 正常           
  dis_proj_layer0               0.084081     0.000345 ✅ 正常           
================================================================================

Epoch 250, Total Loss: 14.4337, Recover Loss: 0.9236, miRNA CL: 6.8684, Disease CL: 6.3548, Inter-view (est): 3.0515, Recon Loss: 0.0267, Time: 194.72s
[INFO] Hypergraph updated at epoch 300

🔧 Epoch 300 梯度检查:
================================================================================

  参数名称                              梯度范数         梯度均值 状态             
  ----------------------------------------------------------------------
  type_relations                0.000004     0.000000 ✅ 正常           
  exist_relation                0.000119     0.000008 ✅ 正常           
  mi_proj_layer0                0.090014     0.000374 ✅ 正常           
  dis_proj_layer0               0.087224     0.000368 ✅ 正常           
================================================================================

Epoch 300, Total Loss: 14.3162, Recover Loss: 0.9122, miRNA CL: 6.8055, Disease CL: 6.3142, Inter-view (est): 3.0276, Recon Loss: 0.0262, Time: 224.27s
[INFO] Hypergraph updated at epoch 350

🔧 Epoch 350 梯度检查:
================================================================================

  参数名称                              梯度范数         梯度均值 状态             
  ----------------------------------------------------------------------
  type_relations                0.000004     0.000000 ✅ 正常           
  exist_relation                0.000118     0.000008 ✅ 正常           
  mi_proj_layer0                0.074212     0.000310 ✅ 正常           
  dis_proj_layer0               0.079769     0.000332 ✅ 正常           
================================================================================

Epoch 350, Total Loss: 14.2023, Recover Loss: 0.8963, miRNA CL: 6.7473, Disease CL: 6.2762, Inter-view (est): 3.0054, Recon Loss: 0.0263, Time: 254.12s
[INFO] Hypergraph updated at epoch 400

🔧 Epoch 400 梯度检查:
================================================================================

  参数名称                              梯度范数         梯度均值 状态             
  ----------------------------------------------------------------------
  type_relations                0.000003     0.000000 ✅ 正常           
  exist_relation                0.000116     0.000007 ✅ 正常           
  mi_proj_layer0                0.081565     0.000338 ✅ 正常           
  dis_proj_layer0               0.088062     0.000366 ✅ 正常           
================================================================================

Epoch 400, Total Loss: 14.1122, Recover Loss: 0.8898, miRNA CL: 6.6980, Disease CL: 6.2432, Inter-view (est): 2.9864, Recon Loss: 0.0269, Time: 283.63s
[INFO] Hypergraph updated at epoch 450

🔧 Epoch 450 梯度检查:
================================================================================

  参数名称                              梯度范数         梯度均值 状态             
  ----------------------------------------------------------------------
  type_relations                0.000003     0.000000 ✅ 正常           
  exist_relation                0.000114     0.000007 ✅ 正常           
  mi_proj_layer0                0.065072     0.000277 ✅ 正常           
  dis_proj_layer0               0.068225     0.000287 ✅ 正常           
================================================================================

Epoch 450, Total Loss: 14.0238, Recover Loss: 0.8763, miRNA CL: 6.6553, Disease CL: 6.2140, Inter-view (est): 2.9698, Recon Loss: 0.0262, Time: 313.46s
[INFO] Hypergraph updated at epoch 500

🔧 Epoch 500 梯度检查:
================================================================================

  参数名称                              梯度范数         梯度均值 状态             
  ----------------------------------------------------------------------
  type_relations                0.000003     0.000000 ✅ 正常           
  exist_relation                0.000113     0.000007 ✅ 正常           
  mi_proj_layer0                0.062457     0.000264 ✅ 正常           
  dis_proj_layer0               0.068924     0.000285 ✅ 正常           
================================================================================

Epoch 500, Total Loss: 13.9434, Recover Loss: 0.8632, miRNA CL: 6.6170, Disease CL: 6.1874, Inter-view (est): 2.9549, Recon Loss: 0.0257, Time: 342.93s
[INFO] Hypergraph updated at epoch 550

🔧 Epoch 550 梯度检查:
================================================================================

  参数名称                              梯度范数         梯度均值 状态             
  ----------------------------------------------------------------------
  type_relations                0.000002     0.000000 ✅ 正常           
  exist_relation                0.000111     0.000007 ✅ 正常           
  mi_proj_layer0                0.064141     0.000273 ✅ 正常           
  dis_proj_layer0               0.070406     0.000287 ✅ 正常           
================================================================================

Epoch 550, Total Loss: 13.9409, Recover Loss: 0.8590, miRNA CL: 6.6450, Disease CL: 6.1633, Inter-view (est): 2.9558, Recon Loss: 0.0254, Time: 372.46s
[INFO] Hypergraph updated at epoch 600

🔧 Epoch 600 梯度检查:
================================================================================

  参数名称                              梯度范数         梯度均值 状态             
  ----------------------------------------------------------------------
  type_relations                0.000002     0.000000 ✅ 正常           
  exist_relation                0.000110     0.000007 ✅ 正常           
  mi_proj_layer0                0.063007     0.000266 ✅ 正常           
  dis_proj_layer0               0.057287     0.000245 ✅ 正常           
================================================================================

Epoch 600, Total Loss: 13.8474, Recover Loss: 0.8558, miRNA CL: 6.5699, Disease CL: 6.1494, Inter-view (est): 2.9352, Recon Loss: 0.0253, Time: 401.93s
[INFO] Hypergraph updated at epoch 650

🔧 Epoch 650 梯度检查:
================================================================================

  参数名称                              梯度范数         梯度均值 状态             
  ----------------------------------------------------------------------
  type_relations                0.000002     0.000000 ✅ 正常           
  exist_relation                0.000109     0.000007 ✅ 正常           
  mi_proj_layer0                0.061550     0.000258 ✅ 正常           
  dis_proj_layer0               0.073792     0.000304 ✅ 正常           
================================================================================

Epoch 650, Total Loss: 13.8096, Recover Loss: 0.8527, miRNA CL: 6.5517, Disease CL: 6.1349, Inter-view (est): 2.9277, Recon Loss: 0.0247, Time: 439.13s

================================================================================
Training completed. Running final test...
================================================================================
Fold 3 completed - AUC: 0.9826, Top-1 F1: 0.7202
Fold 3 training time: 439.90 seconds
=== Cross Validation Fold 4/5 ===
Using hidden dimensions: [256, 256] with 4 attention heads
优化模型初始化: miRNA数量 = 495, 疾病数量 = 383
   节点维度: 256 → 128
   类型数量: 4
   Temperature: 2.0 (可学习)
   Loss mode: two_head
   loss_mode=two_head
   exist_weight=0.100, type_weight=0.900

✅ SimplifiedMultiTypeAssociationLoss 初始化 (改进版)
   类别权重 (beta=0.99999): ['0.780', '1.822', '0.977', '0.421']
Original positive index shape: torch.Size([1072, 2])
Original negative index shape: torch.Size([135416, 2])
采样后负样本数量: 10720
🎯 Building TRUE DUAL VIEWS from four different sources...
📊 Data sources loaded:
  Disease semantic: torch.Size([383, 383])
  miRNA functional: torch.Size([495, 495])
  Disease-gene: torch.Size([383, 383])
  miRNA-sequence: torch.Size([495, 495])
🧬 Building miRNA dual-view hypergraphs...
  📊 miRNA View 1 (Sequence): torch.Size([495, 878])
  📊 miRNA View 2 (Function): torch.Size([495, 878])
🦠 Building disease dual-view hypergraphs...
  📊 Disease View 1 (Gene): torch.Size([383, 878])
  📊 Disease View 2 (Semantic): torch.Size([383, 878])
✅ Successfully built TRUE DUAL VIEWS:
   🧬 miRNA: Sequence Features (m_ss.xlsx) vs Functional Similarity (mi_fun_sim_2.0.csv)
   🦠 Disease: Gene Features (d_gs.xlsx) vs Semantic Similarity (dis_sem_sim_2.0.csv)

🔧 Epoch 1 梯度检查:
================================================================================

  参数名称                              梯度范数         梯度均值 状态             
  ----------------------------------------------------------------------
  type_relations                0.000025     0.000001 ✅ 正常           
  exist_relation                0.000140     0.000010 ✅ 正常           
  mi_proj_layer0                0.430372     0.001623 ✅ 正常           
  dis_proj_layer0               0.474273     0.001821 ✅ 正常           
================================================================================

Epoch 1, Total Loss: 20.3203, Recover Loss: 1.3533, miRNA CL: 8.8583, Disease CL: 8.4200, Inter-view (est): 3.9873, Recon Loss: 1.3903, Time: 0.74s
[INFO] Hypergraph updated at epoch 5
[INFO] Hypergraph updated at epoch 10
[INFO] Hypergraph updated at epoch 15
[INFO] Hypergraph updated at epoch 20
[INFO] Hypergraph updated at epoch 25
[INFO] Hypergraph updated at epoch 30
[INFO] Hypergraph updated at epoch 35
[INFO] Hypergraph updated at epoch 40
[INFO] Hypergraph updated at epoch 45
[INFO] Hypergraph updated at epoch 50

🔧 Epoch 50 梯度检查:
================================================================================

  参数名称                              梯度范数         梯度均值 状态             
  ----------------------------------------------------------------------
  type_relations                0.000017     0.000000 ✅ 正常           
  exist_relation                0.000135     0.000009 ✅ 正常           
  mi_proj_layer0                0.119556     0.000473 ✅ 正常           
  dis_proj_layer0               0.172223     0.000690 ✅ 正常           
================================================================================

Epoch 50, Total Loss: 16.9881, Recover Loss: 1.1119, miRNA CL: 7.8541, Disease CL: 7.6163, Inter-view (est): 3.5701, Recon Loss: 0.1212, Time: 82.73s
[INFO] Hypergraph updated at epoch 100

🔧 Epoch 100 梯度检查:
================================================================================

  参数名称                              梯度范数         梯度均值 状态             
  ----------------------------------------------------------------------
  type_relations                0.000010     0.000000 ✅ 正常           
  exist_relation                0.000129     0.000009 ✅ 正常           
  mi_proj_layer0                0.082967     0.000345 ✅ 正常           
  dis_proj_layer0               0.110370     0.000449 ✅ 正常           
================================================================================

Epoch 100, Total Loss: 15.6111, Recover Loss: 1.0066, miRNA CL: 7.4448, Disease CL: 6.8571, Inter-view (est): 3.3005, Recon Loss: 0.0307, Time: 114.28s
[INFO] Hypergraph updated at epoch 150

🔧 Epoch 150 梯度检查:
================================================================================

  参数名称                              梯度范数         梯度均值 状态             
  ----------------------------------------------------------------------
  type_relations                0.000007     0.000000 ✅ 正常           
  exist_relation                0.000126     0.000008 ✅ 正常           
  mi_proj_layer0                0.077915     0.000329 ✅ 正常           
  dis_proj_layer0               0.091235     0.000375 ✅ 正常           
================================================================================

Epoch 150, Total Loss: 14.8848, Recover Loss: 0.9705, miRNA CL: 7.0684, Disease CL: 6.5515, Inter-view (est): 3.1431, Recon Loss: 0.0286, Time: 143.47s
[INFO] Hypergraph updated at epoch 200

🔧 Epoch 200 梯度检查:
================================================================================

  参数名称                              梯度范数         梯度均值 状态             
  ----------------------------------------------------------------------
  type_relations                0.000006     0.000000 ✅ 正常           
  exist_relation                0.000124     0.000008 ✅ 正常           
  mi_proj_layer0                0.074868     0.000314 ✅ 正常           
  dis_proj_layer0               0.088788     0.000355 ✅ 正常           
================================================================================

Epoch 200, Total Loss: 14.6208, Recover Loss: 0.9510, miRNA CL: 6.9361, Disease CL: 6.4433, Inter-view (est): 3.0876, Recon Loss: 0.0276, Time: 172.49s
[INFO] Hypergraph updated at epoch 250

🔧 Epoch 250 梯度检查:
================================================================================

  参数名称                              梯度范数         梯度均值 状态             
  ----------------------------------------------------------------------
  type_relations                0.000005     0.000000 ✅ 正常           
  exist_relation                0.000123     0.000008 ✅ 正常           
  mi_proj_layer0                0.077558     0.000333 ✅ 正常           
  dis_proj_layer0               0.081872     0.000345 ✅ 正常           
================================================================================

Epoch 250, Total Loss: 14.4417, Recover Loss: 0.9435, miRNA CL: 6.8392, Disease CL: 6.3711, Inter-view (est): 3.0485, Recon Loss: 0.0278, Time: 201.69s
[INFO] Hypergraph updated at epoch 300

🔧 Epoch 300 梯度检查:
================================================================================

  参数名称                              梯度范数         梯度均值 状态             
  ----------------------------------------------------------------------
  type_relations                0.000005     0.000000 ✅ 正常           
  exist_relation                0.000121     0.000008 ✅ 正常           
  mi_proj_layer0                0.080233     0.000342 ✅ 正常           
  dis_proj_layer0               0.087198     0.000369 ✅ 正常           
================================================================================

Epoch 300, Total Loss: 14.3050, Recover Loss: 0.9269, miRNA CL: 6.7742, Disease CL: 6.3188, Inter-view (est): 3.0215, Recon Loss: 0.0273, Time: 231.12s
[INFO] Hypergraph updated at epoch 350

🔧 Epoch 350 梯度检查:
================================================================================

  参数名称                              梯度范数         梯度均值 状态             
  ----------------------------------------------------------------------
  type_relations                0.000004     0.000000 ✅ 正常           
  exist_relation                0.000119     0.000008 ✅ 正常           
  mi_proj_layer0                0.071539     0.000306 ✅ 正常           
  dis_proj_layer0               0.079320     0.000333 ✅ 正常           
================================================================================

Epoch 350, Total Loss: 14.1794, Recover Loss: 0.9068, miRNA CL: 6.7178, Disease CL: 6.2723, Inter-view (est): 2.9977, Recon Loss: 0.0272, Time: 260.49s
[INFO] Hypergraph updated at epoch 400

🔧 Epoch 400 梯度检查:
================================================================================

  参数名称                              梯度范数         梯度均值 状态             
  ----------------------------------------------------------------------
  type_relations                0.000003     0.000000 ✅ 正常           
  exist_relation                0.000118     0.000008 ✅ 正常           
  mi_proj_layer0                0.060996     0.000259 ✅ 正常           
  dis_proj_layer0               0.057890     0.000244 ✅ 正常           
================================================================================

Epoch 400, Total Loss: 14.0752, Recover Loss: 0.8921, miRNA CL: 6.6694, Disease CL: 6.2345, Inter-view (est): 2.9778, Recon Loss: 0.0264, Time: 289.82s
[INFO] Hypergraph updated at epoch 450

🔧 Epoch 450 梯度检查:
================================================================================

  参数名称                              梯度范数         梯度均值 状态             
  ----------------------------------------------------------------------
  type_relations                0.000003     0.000000 ✅ 正常           
  exist_relation                0.000116     0.000007 ✅ 正常           
  mi_proj_layer0                0.070985     0.000301 ✅ 正常           
  dis_proj_layer0               0.083286     0.000348 ✅ 正常           
================================================================================

Epoch 450, Total Loss: 13.9948, Recover Loss: 0.8871, miRNA CL: 6.6270, Disease CL: 6.2040, Inter-view (est): 2.9610, Recon Loss: 0.0263, Time: 319.61s
[INFO] Hypergraph updated at epoch 500

🔧 Epoch 500 梯度检查:
================================================================================

  参数名称                              梯度范数         梯度均值 状态             
  ----------------------------------------------------------------------
  type_relations                0.000002     0.000000 ✅ 正常           
  exist_relation                0.000114     0.000007 ✅ 正常           
  mi_proj_layer0                0.066023     0.000280 ✅ 正常           
  dis_proj_layer0               0.074183     0.000307 ✅ 正常           
================================================================================

Epoch 500, Total Loss: 13.9429, Recover Loss: 0.8799, miRNA CL: 6.6093, Disease CL: 6.1781, Inter-view (est): 2.9509, Recon Loss: 0.0274, Time: 350.16s
[INFO] Hypergraph updated at epoch 550

🔧 Epoch 550 梯度检查:
================================================================================

  参数名称                              梯度范数         梯度均值 状态             
  ----------------------------------------------------------------------
  type_relations                0.000002     0.000000 ✅ 正常           
  exist_relation                0.000113     0.000007 ✅ 正常           
  mi_proj_layer0                0.075787     0.000318 ✅ 正常           
  dis_proj_layer0               0.083692     0.000347 ✅ 正常           
================================================================================

Epoch 550, Total Loss: 13.8773, Recover Loss: 0.8729, miRNA CL: 6.5711, Disease CL: 6.1609, Inter-view (est): 2.9382, Recon Loss: 0.0257, Time: 380.58s
[INFO] Hypergraph updated at epoch 600

🔧 Epoch 600 梯度检查:
================================================================================

  参数名称                              梯度范数         梯度均值 状态             
  ----------------------------------------------------------------------
  type_relations                0.000002     0.000000 ✅ 正常           
  exist_relation                0.000111     0.000007 ✅ 正常           
  mi_proj_layer0                0.073601     0.000309 ✅ 正常           
  dis_proj_layer0               0.077748     0.000322 ✅ 正常           
================================================================================

Epoch 600, Total Loss: 13.8284, Recover Loss: 0.8683, miRNA CL: 6.5462, Disease CL: 6.1434, Inter-view (est): 2.9284, Recon Loss: 0.0255, Time: 414.81s
[INFO] Hypergraph updated at epoch 650

🔧 Epoch 650 梯度检查:
================================================================================

  参数名称                              梯度范数         梯度均值 状态             
  ----------------------------------------------------------------------
  type_relations                0.000002     0.000000 ✅ 正常           
  exist_relation                0.000110     0.000007 ✅ 正常           
  mi_proj_layer0                0.060963     0.000255 ✅ 正常           
  dis_proj_layer0               0.066184     0.000274 ✅ 正常           
================================================================================

Epoch 650, Total Loss: 13.7764, Recover Loss: 0.8604, miRNA CL: 6.5222, Disease CL: 6.1257, Inter-view (est): 2.9188, Recon Loss: 0.0248, Time: 451.15s

================================================================================
Training completed. Running final test...
================================================================================
Fold 4 completed - AUC: 0.9813, Top-1 F1: 0.7086
Fold 4 training time: 451.93 seconds
=== Cross Validation Fold 5/5 ===
Using hidden dimensions: [256, 256] with 4 attention heads
优化模型初始化: miRNA数量 = 495, 疾病数量 = 383
   节点维度: 256 → 128
   类型数量: 4
   Temperature: 2.0 (可学习)
   Loss mode: two_head
   loss_mode=two_head
   exist_weight=0.100, type_weight=0.900

✅ SimplifiedMultiTypeAssociationLoss 初始化 (改进版)
   类别权重 (beta=0.99999): ['0.780', '1.822', '0.977', '0.421']
Original positive index shape: torch.Size([1072, 2])
Original negative index shape: torch.Size([135416, 2])
采样后负样本数量: 10720
🎯 Building TRUE DUAL VIEWS from four different sources...
📊 Data sources loaded:
  Disease semantic: torch.Size([383, 383])
  miRNA functional: torch.Size([495, 495])
  Disease-gene: torch.Size([383, 383])
  miRNA-sequence: torch.Size([495, 495])
🧬 Building miRNA dual-view hypergraphs...
  📊 miRNA View 1 (Sequence): torch.Size([495, 878])
  📊 miRNA View 2 (Function): torch.Size([495, 878])
🦠 Building disease dual-view hypergraphs...
  📊 Disease View 1 (Gene): torch.Size([383, 878])
  📊 Disease View 2 (Semantic): torch.Size([383, 878])
✅ Successfully built TRUE DUAL VIEWS:
   🧬 miRNA: Sequence Features (m_ss.xlsx) vs Functional Similarity (mi_fun_sim_2.0.csv)
   🦠 Disease: Gene Features (d_gs.xlsx) vs Semantic Similarity (dis_sem_sim_2.0.csv)

🔧 Epoch 1 梯度检查:
================================================================================

  参数名称                              梯度范数         梯度均值 状态             
  ----------------------------------------------------------------------
  type_relations                0.000025     0.000001 ✅ 正常           
  exist_relation                0.000165     0.000012 ✅ 正常           
  mi_proj_layer0                0.472065     0.001785 ✅ 正常           
  dis_proj_layer0               0.446439     0.001756 ✅ 正常           
================================================================================

Epoch 1, Total Loss: 20.3555, Recover Loss: 1.3348, miRNA CL: 8.9279, Disease CL: 8.4071, Inter-view (est): 4.0004, Recon Loss: 1.3869, Time: 0.67s
[INFO] Hypergraph updated at epoch 5
[INFO] Hypergraph updated at epoch 10
[INFO] Hypergraph updated at epoch 15
[INFO] Hypergraph updated at epoch 20
[INFO] Hypergraph updated at epoch 25
[INFO] Hypergraph updated at epoch 30
[INFO] Hypergraph updated at epoch 35
[INFO] Hypergraph updated at epoch 40
[INFO] Hypergraph updated at epoch 45
[INFO] Hypergraph updated at epoch 50

🔧 Epoch 50 梯度检查:
================================================================================

  参数名称                              梯度范数         梯度均值 状态             
  ----------------------------------------------------------------------
  type_relations                0.000017     0.000000 ✅ 正常           
  exist_relation                0.000160     0.000011 ✅ 正常           
  mi_proj_layer0                0.099914     0.000396 ✅ 正常           
  dis_proj_layer0               0.138046     0.000556 ✅ 正常           
================================================================================

Epoch 50, Total Loss: 16.9236, Recover Loss: 1.1203, miRNA CL: 7.8431, Disease CL: 7.5857, Inter-view (est): 3.5605, Recon Loss: 0.0896, Time: 77.12s
[INFO] Hypergraph updated at epoch 100

🔧 Epoch 100 梯度检查:
================================================================================

  参数名称                              梯度范数         梯度均值 状态             
  ----------------------------------------------------------------------
  type_relations                0.000010     0.000000 ✅ 正常           
  exist_relation                0.000155     0.000010 ✅ 正常           
  mi_proj_layer0                0.077869     0.000324 ✅ 正常           
  dis_proj_layer0               0.095602     0.000395 ✅ 正常           
================================================================================

Epoch 100, Total Loss: 15.5634, Recover Loss: 1.0229, miRNA CL: 7.4064, Disease CL: 6.8323, Inter-view (est): 3.2858, Recon Loss: 0.0299, Time: 108.08s
[INFO] Hypergraph updated at epoch 150

🔧 Epoch 150 梯度检查:
================================================================================

  参数名称                              梯度范数         梯度均值 状态             
  ----------------------------------------------------------------------
  type_relations                0.000007     0.000000 ✅ 正常           
  exist_relation                0.000151     0.000010 ✅ 正常           
  mi_proj_layer0                0.078942     0.000329 ✅ 正常           
  dis_proj_layer0               0.095115     0.000394 ✅ 正常           
================================================================================

Epoch 150, Total Loss: 14.7897, Recover Loss: 0.9762, miRNA CL: 7.0113, Disease CL: 6.5076, Inter-view (est): 3.1197, Recon Loss: 0.0287, Time: 138.16s
[INFO] Hypergraph updated at epoch 200

🔧 Epoch 200 梯度检查:
================================================================================

  参数名称                              梯度范数         梯度均值 状态             
  ----------------------------------------------------------------------
  type_relations                0.000006     0.000000 ✅ 正常           
  exist_relation                0.000149     0.000010 ✅ 正常           
  mi_proj_layer0                0.060977     0.000258 ✅ 正常           
  dis_proj_layer0               0.064963     0.000276 ✅ 正常           
================================================================================

Epoch 200, Total Loss: 14.5406, Recover Loss: 0.9498, miRNA CL: 6.8966, Disease CL: 6.4035, Inter-view (est): 3.0692, Recon Loss: 0.0275, Time: 168.17s
[INFO] Hypergraph updated at epoch 250

🔧 Epoch 250 梯度检查:
================================================================================

  参数名称                              梯度范数         梯度均值 状态             
  ----------------------------------------------------------------------
  type_relations                0.000005     0.000000 ✅ 正常           
  exist_relation                0.000148     0.000010 ✅ 正常           
  mi_proj_layer0                0.074468     0.000315 ✅ 正常           
  dis_proj_layer0               0.091733     0.000367 ✅ 正常           
================================================================================

Epoch 250, Total Loss: 14.3739, Recover Loss: 0.9343, miRNA CL: 6.8174, Disease CL: 6.3339, Inter-view (est): 3.0349, Recon Loss: 0.0276, Time: 197.54s
[INFO] Hypergraph updated at epoch 300

🔧 Epoch 300 梯度检查:
================================================================================

  参数名称                              梯度范数         梯度均值 状态             
  ----------------------------------------------------------------------
  type_relations                0.000005     0.000000 ✅ 正常           
  exist_relation                0.000146     0.000010 ✅ 正常           
  mi_proj_layer0                0.099143     0.000408 ✅ 正常           
  dis_proj_layer0               0.119706     0.000455 ✅ 正常           
================================================================================

Epoch 300, Total Loss: 14.2440, Recover Loss: 0.9278, miRNA CL: 6.7483, Disease CL: 6.2836, Inter-view (est): 3.0074, Recon Loss: 0.0265, Time: 226.52s
[INFO] Hypergraph updated at epoch 350

🔧 Epoch 350 梯度检查:
================================================================================

  参数名称                              梯度范数         梯度均值 状态             
  ----------------------------------------------------------------------
  type_relations                0.000004     0.000000 ✅ 正常           
  exist_relation                0.000144     0.000009 ✅ 正常           
  mi_proj_layer0                0.069532     0.000294 ✅ 正常           
  dis_proj_layer0               0.075584     0.000317 ✅ 正常           
================================================================================

Epoch 350, Total Loss: 14.1267, Recover Loss: 0.9036, miRNA CL: 6.6943, Disease CL: 6.2472, Inter-view (est): 2.9865, Recon Loss: 0.0264, Time: 255.89s
[INFO] Hypergraph updated at epoch 400

🔧 Epoch 400 梯度检查:
================================================================================

  参数名称                              梯度范数         梯度均值 状态             
  ----------------------------------------------------------------------
  type_relations                0.000003     0.000000 ✅ 正常           
  exist_relation                0.000142     0.000009 ✅ 正常           
  mi_proj_layer0                0.071583     0.000302 ✅ 正常           
  dis_proj_layer0               0.075194     0.000313 ✅ 正常           
================================================================================

Epoch 400, Total Loss: 14.0427, Recover Loss: 0.8857, miRNA CL: 6.6562, Disease CL: 6.2215, Inter-view (est): 2.9718, Recon Loss: 0.0260, Time: 285.32s
[INFO] Hypergraph updated at epoch 450

🔧 Epoch 450 梯度检查:
================================================================================

  参数名称                              梯度范数         梯度均值 状态             
  ----------------------------------------------------------------------
  type_relations                0.000003     0.000000 ✅ 正常           
  exist_relation                0.000141     0.000009 ✅ 正常           
  mi_proj_layer0                0.082963     0.000345 ✅ 正常           
  dis_proj_layer0               0.086665     0.000361 ✅ 正常           
================================================================================

Epoch 450, Total Loss: 13.9768, Recover Loss: 0.8823, miRNA CL: 6.6214, Disease CL: 6.1962, Inter-view (est): 2.9579, Recon Loss: 0.0256, Time: 314.52s
[INFO] Hypergraph updated at epoch 500

🔧 Epoch 500 梯度检查:
================================================================================

  参数名称                              梯度范数         梯度均值 状态             
  ----------------------------------------------------------------------
  type_relations                0.000003     0.000000 ✅ 正常           
  exist_relation                0.000139     0.000009 ✅ 正常           
  mi_proj_layer0                0.072029     0.000304 ✅ 正常           
  dis_proj_layer0               0.067250     0.000282 ✅ 正常           
================================================================================

Epoch 500, Total Loss: 13.9095, Recover Loss: 0.8725, miRNA CL: 6.5890, Disease CL: 6.1730, Inter-view (est): 2.9451, Recon Loss: 0.0257, Time: 343.99s
[INFO] Hypergraph updated at epoch 550

🔧 Epoch 550 梯度检查:
================================================================================

  参数名称                              梯度范数         梯度均值 状态             
  ----------------------------------------------------------------------
  type_relations                0.000002     0.000000 ✅ 正常           
  exist_relation                0.000137     0.000009 ✅ 正常           
  mi_proj_layer0                0.076301     0.000322 ✅ 正常           
  dis_proj_layer0               0.086156     0.000358 ✅ 正常           
================================================================================

Epoch 550, Total Loss: 13.8519, Recover Loss: 0.8680, miRNA CL: 6.5592, Disease CL: 6.1523, Inter-view (est): 2.9334, Recon Loss: 0.0251, Time: 373.39s
[INFO] Hypergraph updated at epoch 600

🔧 Epoch 600 梯度检查:
================================================================================

  参数名称                              梯度范数         梯度均值 状态             
  ----------------------------------------------------------------------
  type_relations                0.000002     0.000000 ✅ 正常           
  exist_relation                0.000136     0.000009 ✅ 正常           
  mi_proj_layer0                0.069150     0.000290 ✅ 正常           
  dis_proj_layer0               0.068000     0.000289 ✅ 正常           
================================================================================

Epoch 600, Total Loss: 13.8128, Recover Loss: 0.8606, miRNA CL: 6.5479, Disease CL: 6.1335, Inter-view (est): 2.9265, Recon Loss: 0.0252, Time: 400.60s
[INFO] Hypergraph updated at epoch 650

🔧 Epoch 650 梯度检查:
================================================================================

  参数名称                              梯度范数         梯度均值 状态             
  ----------------------------------------------------------------------
  type_relations                0.000002     0.000000 ✅ 正常           
  exist_relation                0.000134     0.000008 ✅ 正常           
  mi_proj_layer0                0.059504     0.000252 ✅ 正常           
  dis_proj_layer0               0.064760     0.000268 ✅ 正常           
================================================================================

Epoch 650, Total Loss: 13.7608, Recover Loss: 0.8564, miRNA CL: 6.5153, Disease CL: 6.1201, Inter-view (est): 2.9159, Recon Loss: 0.0247, Time: 427.47s

================================================================================
Training completed. Running final test...
================================================================================
Fold 5 completed - AUC: 0.9813, Top-1 F1: 0.6834
Fold 5 training time: 428.14 seconds
Average binary metrics across folds: [[0.98232179 0.98109473 0.93980003 0.9391791  0.94895522 0.92940298
  0.93130493]]
🎯 Average Top-1 metrics across folds: {'top1_precision': 0.7007462686567163, 'top1_recall': np.float64(0.6941529475708708), 'top1_f1': np.float64(0.6974001331397031)}

📊 CV_type Style Metrics Details:
  AUC            : 0.9823
  AUPR           : 0.9811
  F1             : 0.9398
  Accuracy       : 0.9392
  Recall         : 0.9490
  Specificity    : 0.9294
  Precision      : 0.9313

🎯 Top-1 Metrics Details:
  top1_precision : 0.7007
  top1_recall    : 0.6942
  top1_f1        : 0.6974

Total execution time: 2278.27 seconds

==========================================================================================
🎯 FINAL COMPREHENSIVE RESULTS WITH TOP-1 METRICS
==========================================================================================
📊 Binary Classification Metrics (Original):
  AUC: 0.9823
  AUPR: 0.9811
  F1: 0.9398
  Accuracy: 0.9392
  Recall: 0.9490
  Specificity: 0.9294
  Precision: 0.9313

🎯 CV_type Style Metrics (Enhanced):
  AUC: 0.9823
  AUPR: 0.9811
  F1: 0.9398
  Accuracy: 0.9392
  Recall: 0.9490
  Specificity: 0.9294
  Precision: 0.9313

🏆 Top-1 Metrics (NEW):
  Top-1 Precision: 0.7007
  Top-1 Recall: 0.6942
  Top-1 F1: 0.6974
==========================================================================================
