================================================================
 COUNCIL MATRIX: 2 experiments, 2 lanes x 8 threads
================================================================
[START] D2_fb_K2_s1234 (main_experiments_hetero1.py) flags: --seed 1234 --predictor_mode full_bilinear --exist_weight 0.1 --loss_mode two_head --K_neigs 2 --epoch 650 --validation 5
[START] D1_fb_K1_s1234 (main_experiments_hetero1.py) flags: --seed 1234 --predictor_mode full_bilinear --exist_weight 0.1 --loss_mode two_head --K_neigs 1 --epoch 650 --validation 5
[DONE] D1_fb_K1_s1234 -> results/council_D1_fb_K1_s1234.json
[DONE] D2_fb_K2_s1234 -> results/council_D2_fb_K2_s1234.json
================================================================
 MATRIX COMPLETE in 2405s
================================================================
  results/council_A1_fb_K7_s1234.json
  results/council_A2b_fb_K3_s0.json
  results/council_A2c_fb_K3_s42.json
  results/council_A2_fb_K3_s1234.json
  results/council_A3_fb_softmax5_s1234.json
  results/council_A4_ens_fb_s0.json
  results/council_A5_ens_fb_s42.json
  results/council_A6_fb_K3_no_hgcn.json
  results/council_B1_fb_abl_no_cl.json
  results/council_B2_fb_abl_no_hgt.json
  results/council_B3_fb_abl_no_hgcn.json
  results/council_B4_fb_abl_no_dv.json
  results/council_B5_fb_abl_no_avf.json
  results/council_C1_v32_fb_softmax5.json
  results/council_D1_fb_K1_s1234.json
  results/council_D2_fb_K2_s1234.json
  results/council_matrix.json
  results/council_matrix_wave2.json
  results/council_matrix_wave3.json
  results/council_R0_baseline_fb.json
  results/council_summary.json
