s0 fold0 gip_only: F1=0.6024 P=0.6640 maR=0.5513 macroAUPR=0.3920
s0 fold1 gip_only: F1=0.5833 P=0.6491 maR=0.5296 macroAUPR=0.4215
s0 fold2 gip_only: F1=0.5820 P=0.6451 maR=0.5302 macroAUPR=0.4016
s0 fold3 gip_only: F1=0.5960 P=0.6583 maR=0.5445 macroAUPR=0.4078
s0 fold4 gip_only: F1=0.5914 P=0.6623 maR=0.5342 macroAUPR=0.4313
s0 fold0 dssm_only: F1=0.4263 P=0.4837 maR=0.3810 macroAUPR=0.3821
s0 fold1 dssm_only: F1=0.4148 P=0.4751 maR=0.3681 macroAUPR=0.4162
s0 fold2 dssm_only: F1=0.4183 P=0.4797 maR=0.3709 macroAUPR=0.3963
s0 fold3 dssm_only: F1=0.4136 P=0.4705 maR=0.3690 macroAUPR=0.3870
s0 fold4 dssm_only: F1=0.4134 P=0.4814 maR=0.3623 macroAUPR=0.4070
s0 fold0 gip_dssm: F1=0.5733 P=0.6354 maR=0.5223 macroAUPR=0.4278
s0 fold1 gip_dssm: F1=0.5611 P=0.6279 maR=0.5071 macroAUPR=0.4715
s0 fold2 gip_dssm: F1=0.5586 P=0.6216 maR=0.5072 macroAUPR=0.4478
s0 fold3 gip_dssm: F1=0.5456 P=0.6073 maR=0.4953 macroAUPR=0.4494
s0 fold4 gip_dssm: F1=0.5610 P=0.6342 maR=0.5029 macroAUPR=0.4714
s0 fold0 gip_dssm_j: F1=0.5743 P=0.6365 maR=0.5232 macroAUPR=0.4076
s0 fold1 gip_dssm_j: F1=0.5625 P=0.6291 maR=0.5087 macroAUPR=0.4511
s0 fold2 gip_dssm_j: F1=0.5611 P=0.6239 maR=0.5097 macroAUPR=0.4266
s0 fold3 gip_dssm_j: F1=0.5470 P=0.6085 maR=0.4968 macroAUPR=0.4359
s0 fold4 gip_dssm_j: F1=0.5602 P=0.6331 maR=0.5024 macroAUPR=0.4530
s0 fold0 fmisim_dssm: F1=0.5904 P=0.6531 maR=0.5386 macroAUPR=0.4138
s0 fold1 fmisim_dssm: F1=0.5733 P=0.6400 maR=0.5192 macroAUPR=0.4525
s0 fold2 fmisim_dssm: F1=0.5659 P=0.6285 maR=0.5147 macroAUPR=0.4300
s0 fold3 fmisim_dssm: F1=0.5565 P=0.6193 maR=0.5052 macroAUPR=0.4354
s0 fold4 fmisim_dssm: F1=0.5805 P=0.6543 maR=0.5218 macroAUPR=0.4597
s0 fold0 gip_gip: F1=0.5786 P=0.6400 maR=0.5279 macroAUPR=0.4078
s0 fold1 gip_gip: F1=0.5672 P=0.6342 maR=0.5130 macroAUPR=0.4413
s0 fold2 gip_gip: F1=0.5580 P=0.6211 maR=0.5066 macroAUPR=0.4171
s0 fold3 gip_gip: F1=0.5577 P=0.6205 maR=0.5064 macroAUPR=0.4216
s0 fold4 gip_gip: F1=0.5658 P=0.6365 maR=0.5093 macroAUPR=0.4490
s0 fold0 misim_dssm: F1=0.5944 P=0.6571 maR=0.5426 macroAUPR=0.4139
s0 fold1 misim_dssm: F1=0.5783 P=0.6451 maR=0.5241 macroAUPR=0.4525
s0 fold2 misim_dssm: F1=0.5763 P=0.6388 maR=0.5250 macroAUPR=0.4299
s0 fold3 misim_dssm: F1=0.5660 P=0.6291 maR=0.5145 macroAUPR=0.4342
s0 fold4 misim_dssm: F1=0.5843 P=0.6577 maR=0.5257 macroAUPR=0.4592
s1 fold0 gip_dssm: F1=0.5551 P=0.6199 maR=0.5026 macroAUPR=0.4592
s1 fold1 gip_dssm: F1=0.5509 P=0.6199 maR=0.4957 macroAUPR=0.4511
s1 fold2 gip_dssm: F1=0.5744 P=0.6371 maR=0.5230 macroAUPR=0.4475
s1 fold3 gip_dssm: F1=0.5721 P=0.6365 maR=0.5196 macroAUPR=0.4518
s1 fold4 gip_dssm: F1=0.5557 P=0.6193 maR=0.5039 macroAUPR=0.4527
s2 fold0 gip_dssm: F1=0.5476 P=0.6085 maR=0.4978 macroAUPR=0.4407
s2 fold1 gip_dssm: F1=0.5614 P=0.6251 maR=0.5096 macroAUPR=0.4755
s2 fold2 gip_dssm: F1=0.5744 P=0.6451 maR=0.5176 macroAUPR=0.4471
s2 fold3 gip_dssm: F1=0.5607 P=0.6239 maR=0.5092 macroAUPR=0.4544
s2 fold4 gip_dssm: F1=0.5696 P=0.6354 maR=0.5161 macroAUPR=0.4500
done /home/ubuntu/repos/DHGCMDA-fork/forensics/final_suite_results.json
