[CPU] torch.set_num_threads(28), interop=min(4, 28)
Using device: cpu
[INFO] Auto-computed BALANCED class weights (to prevent class collapse):
  Circulation  (  367 samples): 0.780
  Epigenetics  (  157 samples): 1.823
  Target       (  293 samples): 0.977
  Genetics     (  681 samples): 0.420
  [NOTE] Higher weights for minority classes to prevent model from only predicting majority class
[INFO] Using v2.0_495m383D dataset:
  miRNAs: 495
  Diseases: 383
  Expected associations: ~1498
  Types: 4 (Circulation, Epigenetics, Target, Genetics)

================================================================================
Configuration Summary
================================================================================
Dataset: v2.0_495m383D
Data Path: ./
Model: HeterogenousGraphCLAMIR
  - HGT Layers: 2
  - Attention Heads: 4
  - Association Types: 4
  - Inter-view CL: Enabled
    - Weight: 0.3
    - Temperature: 0.5
    - Margin: 0.5

Training:
  - Epochs: 650
  - Learning Rate: 0.0001
  - Dropout: 0.3
  - Weight Decay: 5e-05
  - Focal Loss: Enabled

Evaluation:
  - Cross-Validation Folds: 5
  - Primary Metric: AUPR

Device: cpu
Random Seed: 1234
================================================================================

[SEED] Re-seeded với args.seed = 1234
[P10 manifest] Ghi provenance → results/manifests/manifest_v2.0_495m383D_seed1234_20260713_023538.json  (leakage_free=True, cv_scheme=full)
🚀 Running with comprehensive evaluation including Top-1 metrics...
🎯 Loading dual-view data...
Starting dual-view data preparation with new file format...
Loading all similarity and feature files from v2.0_495m383D...
✅ Loaded disease semantic similarity from D_SSM1.txt: (383, 383)
✅ Loaded miRNA functional similarity from M_FSM.txt: (495, 495)
✅ Loaded multi-type association pairs from ./v2.0_495m383D/multi_all_mirna_disease_pairs_without_negative.csv: (1679, 3)
✅ Created multi-type association matrix: (495, 383)
📊 Multi-type Association Statistics:
   无关联 (No association): 188087 pairs (99.21%)
   循环类型 (Circulation): 367 pairs (0.19%)
   表观遗传学 (Epigenetics): 157 pairs (0.08%)
   靶标类型 (Target): 293 pairs (0.15%)
   遗传学类型 (Genetics): 681 pairs (0.36%)
✅ Created association matrix from CSV: (495, 383)
✅ Loaded disease-gene features from D_SSM2.txt: torch.Size([383, 383])
✅ Loaded miRNA View-1 features from M_GSM.txt (=GIP): torch.Size([495, 495])
Processing integrated similarity matrices...
Loaded similarity matrices from cache
Processing indices...
Loaded indices from cache (seed=1234)
✅ Dual-view data preparation completed in 0.25 seconds

============================================================
🎯 DUAL-VIEW CONFIGURATION SUMMARY (v2.0_495m383D)
============================================================
miRNA Dual Views:
  📊 View 1 (Sequence): M_GSM.txt torch.Size([495, 495])
  📊 View 2 (Function): M_FSM.txt torch.Size([495, 495])

Disease Dual Views:
  📊 View 1 (Gene): D_SSM2.txt torch.Size([383, 383])
  📊 View 2 (Semantic): D_SSM1.txt torch.Size([383, 383])

Association Matrix: torch.Size([495, 383])
Data source: v2.0_495m383D (495 miRNAs × 383 Diseases)
============================================================
Preloading dual-view data to device...
✅ Loaded disease-gene features to device: torch.Size([383, 383])
✅ Loaded miRNA-sequence features to device: torch.Size([495, 495])
✅ Loaded disease semantic similarity to device: torch.Size([383, 383])
✅ Loaded miRNA functional similarity to device: torch.Size([495, 495])
✅ Dual-view data preloading completed in 0.00 seconds
OptimizedDataset initialized with 5 folds
Using device: cpu
=== Cross Validation Fold 1/5 ===
Using hidden dimensions: [256, 256] with 4 attention heads
优化模型初始化: miRNA数量 = 495, 疾病数量 = 383
   节点维度: 256 → 128
   类型数量: 4
   Temperature: 2.0 (可学习)
   Loss mode: two_head
   loss_mode=two_head
   exist_weight=0.300, type_weight=0.700

✅ SimplifiedMultiTypeAssociationLoss 初始化 (改进版)
   类别权重 (beta=0.99999): ['0.780', '1.822', '0.977', '0.421']
Original positive index shape: torch.Size([1198, 2])
Original negative index shape: torch.Size([150469, 2])
采样后负样本数量: 11980
[B4 leakage_free] Masked 300 test-positive entries khỏi input association matrix trước khi dựng hypergraph. (P7 verify: 0/300 test cell còn khác 0)
🎯 Building TRUE DUAL VIEWS from four different sources...
[P7 leakage_free] Recomputed miRNA GIP (m_ss) từ association ĐÃ MASK (495, 495) — miRNA View 1 không còn chứa test-edge (nguồn rò rỉ còn lại duy nhất trong nhánh chính, theo audit F1).
📊 Data sources loaded:
  Disease semantic: torch.Size([383, 383])
  miRNA functional: torch.Size([495, 495])
  Disease-gene: torch.Size([383, 383])
  miRNA-sequence: torch.Size([495, 495])
🧬 Building miRNA dual-view hypergraphs...
  📊 miRNA View 1 (Sequence): torch.Size([495, 878])
  📊 miRNA View 2 (Function): torch.Size([495, 878])
🦠 Building disease dual-view hypergraphs...
  📊 Disease View 1 (Gene): torch.Size([383, 878])
  📊 Disease View 2 (Semantic): torch.Size([383, 878])
✅ Successfully built TRUE DUAL VIEWS:
   🧬 miRNA: Sequence Features (m_ss.xlsx) vs Functional Similarity (mi_fun_sim_2.0.csv)
   🦠 Disease: Gene Features (d_gs.xlsx) vs Semantic Similarity (dis_sem_sim_2.0.csv)

🔧 Epoch 1 梯度检查:
================================================================================

  参数名称                              梯度范数         梯度均值 状态             
  ----------------------------------------------------------------------
  type_relations                0.000025     0.000001 ✅ 正常           
  exist_relation                0.000134     0.000010 ✅ 正常           
  mi_proj_layer0                1.225205     0.004455 ✅ 正常           
  dis_proj_layer0               1.179259     0.004552 ✅ 正常           
================================================================================

Epoch 1, Total Loss: 20.4521, Recover Loss: 1.1459, miRNA CL: 9.1375, Disease CL: 8.4479, Inter-view (est): 4.0582, Recon Loss: 1.4222, Time: 0.59s
[INFO] Hypergraph updated at epoch 5
[INFO] Hypergraph updated at epoch 10
[INFO] Hypergraph updated at epoch 15
[INFO] Hypergraph updated at epoch 20
[INFO] Hypergraph updated at epoch 25
[INFO] Hypergraph updated at epoch 30
[INFO] Hypergraph updated at epoch 35
[INFO] Hypergraph updated at epoch 40
[INFO] Hypergraph updated at epoch 45
[INFO] Hypergraph updated at epoch 50

🔧 Epoch 50 梯度检查:
================================================================================

  参数名称                              梯度范数         梯度均值 状态             
  ----------------------------------------------------------------------
  type_relations                0.000017     0.000000 ✅ 正常           
  exist_relation                0.000129     0.000009 ✅ 正常           
  mi_proj_layer0                0.095116     0.000383 ✅ 正常           
  dis_proj_layer0               0.109151     0.000430 ✅ 正常           
================================================================================

Epoch 50, Total Loss: 16.7259, Recover Loss: 0.8830, miRNA CL: 7.9213, Disease CL: 7.5679, Inter-view (est): 3.5744, Recon Loss: 0.0698, Time: 70.40s
[INFO] Hypergraph updated at epoch 100

🔧 Epoch 100 梯度检查:
================================================================================

  参数名称                              梯度范数         梯度均值 状态             
  ----------------------------------------------------------------------
  type_relations                0.000009     0.000000 ✅ 正常           
  exist_relation                0.000123     0.000008 ✅ 正常           
  mi_proj_layer0                0.086046     0.000342 ✅ 正常           
  dis_proj_layer0               0.095381     0.000373 ✅ 正常           
================================================================================

Epoch 100, Total Loss: 15.3257, Recover Loss: 0.8018, miRNA CL: 7.4696, Disease CL: 6.7540, Inter-view (est): 3.2824, Recon Loss: 0.0305, Time: 98.60s
[INFO] Hypergraph updated at epoch 150

🔧 Epoch 150 梯度检查:
================================================================================

  参数名称                              梯度范数         梯度均值 状态             
  ----------------------------------------------------------------------
  type_relations                0.000007     0.000000 ✅ 正常           
  exist_relation                0.000120     0.000008 ✅ 正常           
  mi_proj_layer0                0.073228     0.000305 ✅ 正常           
  dis_proj_layer0               0.085707     0.000342 ✅ 正常           
================================================================================

Epoch 150, Total Loss: 14.7248, Recover Loss: 0.7773, miRNA CL: 7.1652, Disease CL: 6.4900, Inter-view (est): 3.1512, Recon Loss: 0.0290, Time: 126.81s
[INFO] Hypergraph updated at epoch 200

🔧 Epoch 200 梯度检查:
================================================================================

  参数名称                              梯度范数         梯度均值 状态             
  ----------------------------------------------------------------------
  type_relations                0.000006     0.000000 ✅ 正常           
  exist_relation                0.000118     0.000008 ✅ 正常           
  mi_proj_layer0                0.058934     0.000249 ✅ 正常           
  dis_proj_layer0               0.059584     0.000251 ✅ 正常           
================================================================================

Epoch 200, Total Loss: 14.5746, Recover Loss: 0.7602, miRNA CL: 7.0995, Disease CL: 6.4259, Inter-view (est): 3.1212, Recon Loss: 0.0282, Time: 154.15s
[INFO] Hypergraph updated at epoch 250

🔧 Epoch 250 梯度检查:
================================================================================

  参数名称                              梯度范数         梯度均值 状态             
  ----------------------------------------------------------------------
  type_relations                0.000006     0.000000 ✅ 正常           
  exist_relation                0.000117     0.000008 ✅ 正常           
  mi_proj_layer0                0.068029     0.000285 ✅ 正常           
  dis_proj_layer0               0.071425     0.000295 ✅ 正常           
================================================================================

Epoch 250, Total Loss: 14.4885, Recover Loss: 0.7530, miRNA CL: 7.0612, Disease CL: 6.3870, Inter-view (est): 3.1034, Recon Loss: 0.0281, Time: 182.07s
[INFO] Hypergraph updated at epoch 300

🔧 Epoch 300 梯度检查:
================================================================================

  参数名称                              梯度范数         梯度均值 状态             
  ----------------------------------------------------------------------
  type_relations                0.000005     0.000000 ✅ 正常           
  exist_relation                0.000116     0.000008 ✅ 正常           
  mi_proj_layer0                0.062292     0.000262 ✅ 正常           
  dis_proj_layer0               0.058808     0.000247 ✅ 正常           
================================================================================

Epoch 300, Total Loss: 14.3915, Recover Loss: 0.7372, miRNA CL: 7.0196, Disease CL: 6.3500, Inter-view (est): 3.0853, Recon Loss: 0.0273, Time: 209.65s
[INFO] Hypergraph updated at epoch 350

🔧 Epoch 350 梯度检查:
================================================================================

  参数名称                              梯度范数         梯度均值 状态             
  ----------------------------------------------------------------------
  type_relations                0.000005     0.000000 ✅ 正常           
  exist_relation                0.000115     0.000008 ✅ 正常           
  mi_proj_layer0                0.063461     0.000268 ✅ 正常           
  dis_proj_layer0               0.073478     0.000289 ✅ 正常           
================================================================================

Epoch 350, Total Loss: 14.3152, Recover Loss: 0.7302, miRNA CL: 6.9880, Disease CL: 6.3134, Inter-view (est): 3.0696, Recon Loss: 0.0280, Time: 237.66s
[INFO] Hypergraph updated at epoch 400

🔧 Epoch 400 梯度检查:
================================================================================

  参数名称                              梯度范数         梯度均值 状态             
  ----------------------------------------------------------------------
  type_relations                0.000004     0.000000 ✅ 正常           
  exist_relation                0.000114     0.000008 ✅ 正常           
  mi_proj_layer0                0.064672     0.000274 ✅ 正常           
  dis_proj_layer0               0.074245     0.000308 ✅ 正常           
================================================================================

Epoch 400, Total Loss: 14.2378, Recover Loss: 0.7246, miRNA CL: 6.9536, Disease CL: 6.2787, Inter-view (est): 3.0536, Recon Loss: 0.0274, Time: 264.43s
[INFO] Hypergraph updated at epoch 450

🔧 Epoch 450 梯度检查:
================================================================================

  参数名称                              梯度范数         梯度均值 状态             
  ----------------------------------------------------------------------
  type_relations                0.000004     0.000000 ✅ 正常           
  exist_relation                0.000112     0.000007 ✅ 正常           
  mi_proj_layer0                0.057308     0.000243 ✅ 正常           
  dis_proj_layer0               0.072145     0.000294 ✅ 正常           
================================================================================

Epoch 450, Total Loss: 14.1563, Recover Loss: 0.7101, miRNA CL: 6.9215, Disease CL: 6.2457, Inter-view (est): 3.0386, Recon Loss: 0.0278, Time: 292.60s
[INFO] Hypergraph updated at epoch 500

🔧 Epoch 500 梯度检查:
================================================================================

  参数名称                              梯度范数         梯度均值 状态             
  ----------------------------------------------------------------------
  type_relations                0.000003     0.000000 ✅ 正常           
  exist_relation                0.000111     0.000007 ✅ 正常           
  mi_proj_layer0                0.063472     0.000268 ✅ 正常           
  dis_proj_layer0               0.077903     0.000321 ✅ 正常           
================================================================================

Epoch 500, Total Loss: 14.0875, Recover Loss: 0.7077, miRNA CL: 6.8902, Disease CL: 6.2142, Inter-view (est): 3.0241, Recon Loss: 0.0265, Time: 321.02s
[INFO] Hypergraph updated at epoch 550

🔧 Epoch 550 梯度检查:
================================================================================

  参数名称                              梯度范数         梯度均值 状态             
  ----------------------------------------------------------------------
  type_relations                0.000003     0.000000 ✅ 正常           
  exist_relation                0.000109     0.000007 ✅ 正常           
  mi_proj_layer0                0.045983     0.000197 ✅ 正常           
  dis_proj_layer0               0.048114     0.000201 ✅ 正常           
================================================================================

Epoch 550, Total Loss: 14.0182, Recover Loss: 0.6973, miRNA CL: 6.8635, Disease CL: 6.1845, Inter-view (est): 3.0111, Recon Loss: 0.0265, Time: 349.13s
[INFO] Hypergraph updated at epoch 600

🔧 Epoch 600 梯度检查:
================================================================================

  参数名称                              梯度范数         梯度均值 状态             
  ----------------------------------------------------------------------
  type_relations                0.000002     0.000000 ✅ 正常           
  exist_relation                0.000107     0.000007 ✅ 正常           
  mi_proj_layer0                0.056784     0.000239 ✅ 正常           
  dis_proj_layer0               0.059235     0.000247 ✅ 正常           
================================================================================

Epoch 600, Total Loss: 13.9733, Recover Loss: 0.6953, miRNA CL: 6.8488, Disease CL: 6.1583, Inter-view (est): 3.0016, Recon Loss: 0.0266, Time: 374.84s
[INFO] Hypergraph updated at epoch 650

🔧 Epoch 650 梯度检查:
================================================================================

  参数名称                              梯度范数         梯度均值 状态             
  ----------------------------------------------------------------------
  type_relations                0.000002     0.000000 ✅ 正常           
  exist_relation                0.000105     0.000007 ✅ 正常           
  mi_proj_layer0                0.045413     0.000194 ✅ 正常           
  dis_proj_layer0               0.051133     0.000216 ✅ 正常           
================================================================================

Epoch 650, Total Loss: 13.9194, Recover Loss: 0.6894, miRNA CL: 6.8237, Disease CL: 6.1384, Inter-view (est): 2.9912, Recon Loss: 0.0257, Time: 401.89s

================================================================================
Training completed. Running final test...
================================================================================
Fold 1 completed - AUC: 0.9420, Top-1 F1: 0.6047
Fold 1 training time: 403.07 seconds
=== Cross Validation Fold 2/5 ===
Using hidden dimensions: [256, 256] with 4 attention heads
优化模型初始化: miRNA数量 = 495, 疾病数量 = 383
   节点维度: 256 → 128
   类型数量: 4
   Temperature: 2.0 (可学习)
   Loss mode: two_head
   loss_mode=two_head
   exist_weight=0.300, type_weight=0.700

✅ SimplifiedMultiTypeAssociationLoss 初始化 (改进版)
   类别权重 (beta=0.99999): ['0.780', '1.822', '0.977', '0.421']
Original positive index shape: torch.Size([1198, 2])
Original negative index shape: torch.Size([150469, 2])
采样后负样本数量: 11980
[B4 leakage_free] Masked 300 test-positive entries khỏi input association matrix trước khi dựng hypergraph. (P7 verify: 0/300 test cell còn khác 0)
🎯 Building TRUE DUAL VIEWS from four different sources...
[P7 leakage_free] Recomputed miRNA GIP (m_ss) từ association ĐÃ MASK (495, 495) — miRNA View 1 không còn chứa test-edge (nguồn rò rỉ còn lại duy nhất trong nhánh chính, theo audit F1).
📊 Data sources loaded:
  Disease semantic: torch.Size([383, 383])
  miRNA functional: torch.Size([495, 495])
  Disease-gene: torch.Size([383, 383])
  miRNA-sequence: torch.Size([495, 495])
🧬 Building miRNA dual-view hypergraphs...
  📊 miRNA View 1 (Sequence): torch.Size([495, 878])
  📊 miRNA View 2 (Function): torch.Size([495, 878])
🦠 Building disease dual-view hypergraphs...
  📊 Disease View 1 (Gene): torch.Size([383, 878])
  📊 Disease View 2 (Semantic): torch.Size([383, 878])
✅ Successfully built TRUE DUAL VIEWS:
   🧬 miRNA: Sequence Features (m_ss.xlsx) vs Functional Similarity (mi_fun_sim_2.0.csv)
   🦠 Disease: Gene Features (d_gs.xlsx) vs Semantic Similarity (dis_sem_sim_2.0.csv)

🔧 Epoch 1 梯度检查:
================================================================================

  参数名称                              梯度范数         梯度均值 状态             
  ----------------------------------------------------------------------
  type_relations                0.000025     0.000001 ✅ 正常           
  exist_relation                0.000155     0.000011 ✅ 正常           
  mi_proj_layer0                0.849169     0.003234 ✅ 正常           
  dis_proj_layer0               0.847714     0.003233 ✅ 正常           
================================================================================

Epoch 1, Total Loss: 20.2077, Recover Loss: 1.1028, miRNA CL: 8.9253, Disease CL: 8.4158, Inter-view (est): 4.0018, Recon Loss: 1.4651, Time: 0.52s
[INFO] Hypergraph updated at epoch 5
[INFO] Hypergraph updated at epoch 10
[INFO] Hypergraph updated at epoch 15
[INFO] Hypergraph updated at epoch 20
[INFO] Hypergraph updated at epoch 25
[INFO] Hypergraph updated at epoch 30
[INFO] Hypergraph updated at epoch 35
[INFO] Hypergraph updated at epoch 40
[INFO] Hypergraph updated at epoch 45
[INFO] Hypergraph updated at epoch 50

🔧 Epoch 50 梯度检查:
================================================================================

  参数名称                              梯度范数         梯度均值 状态             
  ----------------------------------------------------------------------
  type_relations                0.000017     0.000000 ✅ 正常           
  exist_relation                0.000151     0.000010 ✅ 正常           
  mi_proj_layer0                0.101927     0.000401 ✅ 正常           
  dis_proj_layer0               0.102935     0.000407 ✅ 正常           
================================================================================

Epoch 50, Total Loss: 16.8438, Recover Loss: 0.8984, miRNA CL: 7.9529, Disease CL: 7.6247, Inter-view (est): 3.5948, Recon Loss: 0.0831, Time: 73.31s
[INFO] Hypergraph updated at epoch 100

🔧 Epoch 100 梯度检查:
================================================================================

  参数名称                              梯度范数         梯度均值 状态             
  ----------------------------------------------------------------------
  type_relations                0.000010     0.000000 ✅ 正常           
  exist_relation                0.000145     0.000010 ✅ 正常           
  mi_proj_layer0                0.081968     0.000331 ✅ 正常           
  dis_proj_layer0               0.113408     0.000432 ✅ 正常           
================================================================================

Epoch 100, Total Loss: 15.5772, Recover Loss: 0.8167, miRNA CL: 7.5182, Disease CL: 6.9404, Inter-view (est): 3.3366, Recon Loss: 0.0309, Time: 101.94s
[INFO] Hypergraph updated at epoch 150

🔧 Epoch 150 梯度检查:
================================================================================

  参数名称                              梯度范数         梯度均值 状态             
  ----------------------------------------------------------------------
  type_relations                0.000007     0.000000 ✅ 正常           
  exist_relation                0.000141     0.000009 ✅ 正常           
  mi_proj_layer0                0.070554     0.000298 ✅ 正常           
  dis_proj_layer0               0.077674     0.000320 ✅ 正常           
================================================================================

Epoch 150, Total Loss: 14.9070, Recover Loss: 0.7802, miRNA CL: 7.1970, Disease CL: 6.6367, Inter-view (est): 3.1924, Recon Loss: 0.0295, Time: 129.67s
[INFO] Hypergraph updated at epoch 200

🔧 Epoch 200 梯度检查:
================================================================================

  参数名称                              梯度范数         梯度均值 状态             
  ----------------------------------------------------------------------
  type_relations                0.000006     0.000000 ✅ 正常           
  exist_relation                0.000140     0.000009 ✅ 正常           
  mi_proj_layer0                0.070726     0.000289 ✅ 正常           
  dis_proj_layer0               0.072913     0.000302 ✅ 正常           
================================================================================

Epoch 200, Total Loss: 14.7497, Recover Loss: 0.7686, miRNA CL: 7.1168, Disease CL: 6.5729, Inter-view (est): 3.1592, Recon Loss: 0.0294, Time: 157.64s
[INFO] Hypergraph updated at epoch 250

🔧 Epoch 250 梯度检查:
================================================================================

  参数名称                              梯度范数         梯度均值 状态             
  ----------------------------------------------------------------------
  type_relations                0.000006     0.000000 ✅ 正常           
  exist_relation                0.000139     0.000009 ✅ 正常           
  mi_proj_layer0                0.062674     0.000261 ✅ 正常           
  dis_proj_layer0               0.081598     0.000326 ✅ 正常           
================================================================================

Epoch 250, Total Loss: 14.6482, Recover Loss: 0.7553, miRNA CL: 7.0820, Disease CL: 6.5211, Inter-view (est): 3.1392, Recon Loss: 0.0292, Time: 185.15s
[INFO] Hypergraph updated at epoch 300

🔧 Epoch 300 梯度检查:
================================================================================

  参数名称                              梯度范数         梯度均值 状态             
  ----------------------------------------------------------------------
  type_relations                0.000006     0.000000 ✅ 正常           
  exist_relation                0.000138     0.000009 ✅ 正常           
  mi_proj_layer0                0.066302     0.000280 ✅ 正常           
  dis_proj_layer0               0.074376     0.000307 ✅ 正常           
================================================================================

Epoch 300, Total Loss: 14.5472, Recover Loss: 0.7494, miRNA CL: 7.0433, Disease CL: 6.4669, Inter-view (est): 3.1177, Recon Loss: 0.0287, Time: 213.16s
[INFO] Hypergraph updated at epoch 350

🔧 Epoch 350 梯度检查:
================================================================================

  参数名称                              梯度范数         梯度均值 状态             
  ----------------------------------------------------------------------
  type_relations                0.000005     0.000000 ✅ 正常           
  exist_relation                0.000137     0.000009 ✅ 正常           
  mi_proj_layer0                0.069702     0.000292 ✅ 正常           
  dis_proj_layer0               0.079371     0.000325 ✅ 正常           
================================================================================

Epoch 350, Total Loss: 14.4433, Recover Loss: 0.7362, miRNA CL: 7.0057, Disease CL: 6.4156, Inter-view (est): 3.0972, Recon Loss: 0.0289, Time: 241.43s
[INFO] Hypergraph updated at epoch 400

🔧 Epoch 400 梯度检查:
================================================================================

  参数名称                              梯度范数         梯度均值 状态             
  ----------------------------------------------------------------------
  type_relations                0.000005     0.000000 ✅ 正常           
  exist_relation                0.000135     0.000009 ✅ 正常           
  mi_proj_layer0                0.061433     0.000261 ✅ 正常           
  dis_proj_layer0               0.073784     0.000305 ✅ 正常           
================================================================================

Epoch 400, Total Loss: 14.3544, Recover Loss: 0.7251, miRNA CL: 6.9740, Disease CL: 6.3725, Inter-view (est): 3.0800, Recon Loss: 0.0278, Time: 268.37s
[INFO] Hypergraph updated at epoch 450

🔧 Epoch 450 梯度检查:
================================================================================

  参数名称                              梯度范数         梯度均值 状态             
  ----------------------------------------------------------------------
  type_relations                0.000004     0.000000 ✅ 正常           
  exist_relation                0.000134     0.000009 ✅ 正常           
  mi_proj_layer0                0.057490     0.000245 ✅ 正常           
  dis_proj_layer0               0.061329     0.000256 ✅ 正常           
================================================================================

Epoch 450, Total Loss: 14.2648, Recover Loss: 0.7147, miRNA CL: 6.9401, Disease CL: 6.3290, Inter-view (est): 3.0621, Recon Loss: 0.0281, Time: 296.09s
[INFO] Hypergraph updated at epoch 500

🔧 Epoch 500 梯度检查:
================================================================================

  参数名称                              梯度范数         梯度均值 状态             
  ----------------------------------------------------------------------
  type_relations                0.000004     0.000000 ✅ 正常           
  exist_relation                0.000132     0.000008 ✅ 正常           
  mi_proj_layer0                0.055674     0.000237 ✅ 正常           
  dis_proj_layer0               0.063923     0.000262 ✅ 正常           
================================================================================

Epoch 500, Total Loss: 14.1756, Recover Loss: 0.7090, miRNA CL: 6.9037, Disease CL: 6.2848, Inter-view (est): 3.0435, Recon Loss: 0.0276, Time: 324.02s
[INFO] Hypergraph updated at epoch 550

🔧 Epoch 550 梯度检查:
================================================================================

  参数名称                              梯度范数         梯度均值 状态             
  ----------------------------------------------------------------------
  type_relations                0.000003     0.000000 ✅ 正常           
  exist_relation                0.000131     0.000008 ✅ 正常           
  mi_proj_layer0                0.072202     0.000305 ✅ 正常           
  dis_proj_layer0               0.075632     0.000313 ✅ 正常           
================================================================================

Epoch 550, Total Loss: 14.0987, Recover Loss: 0.7056, miRNA CL: 6.8711, Disease CL: 6.2471, Inter-view (est): 3.0273, Recon Loss: 0.0268, Time: 349.64s
[INFO] Hypergraph updated at epoch 600

🔧 Epoch 600 梯度检查:
================================================================================

  参数名称                              梯度范数         梯度均值 状态             
  ----------------------------------------------------------------------
  type_relations                0.000003     0.000000 ✅ 正常           
  exist_relation                0.000129     0.000008 ✅ 正常           
  mi_proj_layer0                0.069283     0.000286 ✅ 正常           
  dis_proj_layer0               0.089228     0.000361 ✅ 正常           
================================================================================

Epoch 600, Total Loss: 14.0499, Recover Loss: 0.6964, miRNA CL: 6.8610, Disease CL: 6.2190, Inter-view (est): 3.0184, Recon Loss: 0.0272, Time: 375.72s
[INFO] Hypergraph updated at epoch 650

🔧 Epoch 650 梯度检查:
================================================================================

  参数名称                              梯度范数         梯度均值 状态             
  ----------------------------------------------------------------------
  type_relations                0.000003     0.000000 ✅ 正常           
  exist_relation                0.000128     0.000008 ✅ 正常           
  mi_proj_layer0                0.054868     0.000235 ✅ 正常           
  dis_proj_layer0               0.063317     0.000266 ✅ 正常           
================================================================================

Epoch 650, Total Loss: 13.9864, Recover Loss: 0.6886, miRNA CL: 6.8326, Disease CL: 6.1944, Inter-view (est): 3.0062, Recon Loss: 0.0261, Time: 403.29s

================================================================================
Training completed. Running final test...
================================================================================
Fold 2 completed - AUC: 0.9380, Top-1 F1: 0.6301
Fold 2 training time: 404.40 seconds
=== Cross Validation Fold 3/5 ===
Using hidden dimensions: [256, 256] with 4 attention heads
优化模型初始化: miRNA数量 = 495, 疾病数量 = 383
   节点维度: 256 → 128
   类型数量: 4
   Temperature: 2.0 (可学习)
   Loss mode: two_head
   loss_mode=two_head
   exist_weight=0.300, type_weight=0.700

✅ SimplifiedMultiTypeAssociationLoss 初始化 (改进版)
   类别权重 (beta=0.99999): ['0.780', '1.822', '0.977', '0.421']
Original positive index shape: torch.Size([1198, 2])
Original negative index shape: torch.Size([150470, 2])
采样后负样本数量: 11980
[B4 leakage_free] Masked 300 test-positive entries khỏi input association matrix trước khi dựng hypergraph. (P7 verify: 0/300 test cell còn khác 0)
🎯 Building TRUE DUAL VIEWS from four different sources...
[P7 leakage_free] Recomputed miRNA GIP (m_ss) từ association ĐÃ MASK (495, 495) — miRNA View 1 không còn chứa test-edge (nguồn rò rỉ còn lại duy nhất trong nhánh chính, theo audit F1).
📊 Data sources loaded:
  Disease semantic: torch.Size([383, 383])
  miRNA functional: torch.Size([495, 495])
  Disease-gene: torch.Size([383, 383])
  miRNA-sequence: torch.Size([495, 495])
🧬 Building miRNA dual-view hypergraphs...
  📊 miRNA View 1 (Sequence): torch.Size([495, 878])
  📊 miRNA View 2 (Function): torch.Size([495, 878])
🦠 Building disease dual-view hypergraphs...
  📊 Disease View 1 (Gene): torch.Size([383, 878])
  📊 Disease View 2 (Semantic): torch.Size([383, 878])
✅ Successfully built TRUE DUAL VIEWS:
   🧬 miRNA: Sequence Features (m_ss.xlsx) vs Functional Similarity (mi_fun_sim_2.0.csv)
   🦠 Disease: Gene Features (d_gs.xlsx) vs Semantic Similarity (dis_sem_sim_2.0.csv)

🔧 Epoch 1 梯度检查:
================================================================================

  参数名称                              梯度范数         梯度均值 状态             
  ----------------------------------------------------------------------
  type_relations                0.000025     0.000001 ✅ 正常           
  exist_relation                0.000157     0.000011 ✅ 正常           
  mi_proj_layer0                0.611471     0.002191 ✅ 正常           
  dis_proj_layer0               0.614311     0.002336 ✅ 正常           
================================================================================

Epoch 1, Total Loss: 20.1361, Recover Loss: 1.0863, miRNA CL: 8.8959, Disease CL: 8.4346, Inter-view (est): 3.9993, Recon Loss: 1.4205, Time: 0.54s
[INFO] Hypergraph updated at epoch 5
[INFO] Hypergraph updated at epoch 10
[INFO] Hypergraph updated at epoch 15
[INFO] Hypergraph updated at epoch 20
[INFO] Hypergraph updated at epoch 25
[INFO] Hypergraph updated at epoch 30
[INFO] Hypergraph updated at epoch 35
[INFO] Hypergraph updated at epoch 40
[INFO] Hypergraph updated at epoch 45
[INFO] Hypergraph updated at epoch 50

🔧 Epoch 50 梯度检查:
================================================================================

  参数名称                              梯度范数         梯度均值 状态             
  ----------------------------------------------------------------------
  type_relations                0.000017     0.000000 ✅ 正常           
  exist_relation                0.000152     0.000011 ✅ 正常           
  mi_proj_layer0                0.089714     0.000355 ✅ 正常           
  dis_proj_layer0               0.117175     0.000467 ✅ 正常           
================================================================================

Epoch 50, Total Loss: 16.8385, Recover Loss: 0.8887, miRNA CL: 7.8966, Disease CL: 7.6821, Inter-view (est): 3.5951, Recon Loss: 0.0868, Time: 72.26s
[INFO] Hypergraph updated at epoch 100

🔧 Epoch 100 梯度检查:
================================================================================

  参数名称                              梯度范数         梯度均值 状态             
  ----------------------------------------------------------------------
  type_relations                0.000009     0.000000 ✅ 正常           
  exist_relation                0.000146     0.000010 ✅ 正常           
  mi_proj_layer0                0.073878     0.000299 ✅ 正常           
  dis_proj_layer0               0.089513     0.000354 ✅ 正常           
================================================================================

Epoch 100, Total Loss: 15.5078, Recover Loss: 0.8223, miRNA CL: 7.4867, Disease CL: 6.8969, Inter-view (est): 3.3193, Recon Loss: 0.0318, Time: 101.42s
[INFO] Hypergraph updated at epoch 150

🔧 Epoch 150 梯度检查:
================================================================================

  参数名称                              梯度范数         梯度均值 状态             
  ----------------------------------------------------------------------
  type_relations                0.000007     0.000000 ✅ 正常           
  exist_relation                0.000142     0.000010 ✅ 正常           
  mi_proj_layer0                0.069667     0.000290 ✅ 正常           
  dis_proj_layer0               0.081829     0.000332 ✅ 正常           
================================================================================

Epoch 150, Total Loss: 14.8232, Recover Loss: 0.7787, miRNA CL: 7.1773, Disease CL: 6.5754, Inter-view (est): 3.1737, Recon Loss: 0.0291, Time: 128.23s
[INFO] Hypergraph updated at epoch 200

🔧 Epoch 200 梯度检查:
================================================================================

  参数名称                              梯度范数         梯度均值 状态             
  ----------------------------------------------------------------------
  type_relations                0.000006     0.000000 ✅ 正常           
  exist_relation                0.000141     0.000010 ✅ 正常           
  mi_proj_layer0                0.063247     0.000267 ✅ 正常           
  dis_proj_layer0               0.069900     0.000286 ✅ 正常           
================================================================================

Epoch 200, Total Loss: 14.6493, Recover Loss: 0.7578, miRNA CL: 7.1126, Disease CL: 6.4904, Inter-view (est): 3.1391, Recon Loss: 0.0287, Time: 154.18s
[INFO] Hypergraph updated at epoch 250

🔧 Epoch 250 梯度检查:
================================================================================

  参数名称                              梯度范数         梯度均值 状态             
  ----------------------------------------------------------------------
  type_relations                0.000005     0.000000 ✅ 正常           
  exist_relation                0.000140     0.000009 ✅ 正常           
  mi_proj_layer0                0.059638     0.000251 ✅ 正常           
  dis_proj_layer0               0.065152     0.000270 ✅ 正常           
================================================================================

Epoch 250, Total Loss: 14.5356, Recover Loss: 0.7474, miRNA CL: 7.0606, Disease CL: 6.4409, Inter-view (est): 3.1157, Recon Loss: 0.0286, Time: 180.33s
[INFO] Hypergraph updated at epoch 300

🔧 Epoch 300 梯度检查:
================================================================================

  参数名称                              梯度范数         梯度均值 状态             
  ----------------------------------------------------------------------
  type_relations                0.000005     0.000000 ✅ 正常           
  exist_relation                0.000138     0.000009 ✅ 正常           
  mi_proj_layer0                0.061278     0.000260 ✅ 正常           
  dis_proj_layer0               0.071139     0.000285 ✅ 正常           
================================================================================

Epoch 300, Total Loss: 14.4320, Recover Loss: 0.7336, miRNA CL: 7.0209, Disease CL: 6.3941, Inter-view (est): 3.0958, Recon Loss: 0.0275, Time: 208.06s
[INFO] Hypergraph updated at epoch 350

🔧 Epoch 350 梯度检查:
================================================================================

  参数名称                              梯度范数         梯度均值 状态             
  ----------------------------------------------------------------------
  type_relations                0.000004     0.000000 ✅ 正常           
  exist_relation                0.000137     0.000009 ✅ 正常           
  mi_proj_layer0                0.067226     0.000286 ✅ 正常           
  dis_proj_layer0               0.067042     0.000280 ✅ 正常           
================================================================================

Epoch 350, Total Loss: 14.3293, Recover Loss: 0.7187, miRNA CL: 6.9815, Disease CL: 6.3467, Inter-view (est): 3.0757, Recon Loss: 0.0287, Time: 236.20s
[INFO] Hypergraph updated at epoch 400

🔧 Epoch 400 梯度检查:
================================================================================

  参数名称                              梯度范数         梯度均值 状态             
  ----------------------------------------------------------------------
  type_relations                0.000004     0.000000 ✅ 正常           
  exist_relation                0.000135     0.000009 ✅ 正常           
  mi_proj_layer0                0.055048     0.000233 ✅ 正常           
  dis_proj_layer0               0.058852     0.000245 ✅ 正常           
================================================================================

Epoch 400, Total Loss: 14.2397, Recover Loss: 0.7121, miRNA CL: 6.9458, Disease CL: 6.3028, Inter-view (est): 3.0574, Recon Loss: 0.0275, Time: 263.60s
[INFO] Hypergraph updated at epoch 450

🔧 Epoch 450 梯度检查:
================================================================================

  参数名称                              梯度范数         梯度均值 状态             
  ----------------------------------------------------------------------
  type_relations                0.000003     0.000000 ✅ 正常           
  exist_relation                0.000134     0.000009 ✅ 正常           
  mi_proj_layer0                0.059419     0.000251 ✅ 正常           
  dis_proj_layer0               0.067811     0.000282 ✅ 正常           
================================================================================

Epoch 450, Total Loss: 14.1671, Recover Loss: 0.7048, miRNA CL: 6.9204, Disease CL: 6.2662, Inter-view (est): 3.0431, Recon Loss: 0.0267, Time: 291.69s
[INFO] Hypergraph updated at epoch 500

🔧 Epoch 500 梯度检查:
================================================================================

  参数名称                              梯度范数         梯度均值 状态             
  ----------------------------------------------------------------------
  type_relations                0.000003     0.000000 ✅ 正常           
  exist_relation                0.000132     0.000009 ✅ 正常           
  mi_proj_layer0                0.061262     0.000256 ✅ 正常           
  dis_proj_layer0               0.057186     0.000241 ✅ 正常           
================================================================================

Epoch 500, Total Loss: 14.1045, Recover Loss: 0.6999, miRNA CL: 6.8919, Disease CL: 6.2388, Inter-view (est): 3.0302, Recon Loss: 0.0269, Time: 319.88s
[INFO] Hypergraph updated at epoch 550

🔧 Epoch 550 梯度检查:
================================================================================

  参数名称                              梯度范数         梯度均值 状态             
  ----------------------------------------------------------------------
  type_relations                0.000002     0.000000 ✅ 正常           
  exist_relation                0.000131     0.000009 ✅ 正常           
  mi_proj_layer0                0.055507     0.000234 ✅ 正常           
  dis_proj_layer0               0.057250     0.000239 ✅ 正常           
================================================================================

Epoch 550, Total Loss: 14.0431, Recover Loss: 0.6882, miRNA CL: 6.8736, Disease CL: 6.2109, Inter-view (est): 3.0195, Recon Loss: 0.0256, Time: 348.07s
[INFO] Hypergraph updated at epoch 600

🔧 Epoch 600 梯度检查:
================================================================================

  参数名称                              梯度范数         梯度均值 状态             
  ----------------------------------------------------------------------
  type_relations                0.000002     0.000000 ✅ 正常           
  exist_relation                0.000129     0.000008 ✅ 正常           
  mi_proj_layer0                0.051232     0.000218 ✅ 正常           
  dis_proj_layer0               0.055867     0.000234 ✅ 正常           
================================================================================

Epoch 600, Total Loss: 13.9966, Recover Loss: 0.6877, miRNA CL: 6.8502, Disease CL: 6.1901, Inter-view (est): 3.0093, Recon Loss: 0.0257, Time: 378.21s
[INFO] Hypergraph updated at epoch 650

🔧 Epoch 650 梯度检查:
================================================================================

  参数名称                              梯度范数         梯度均值 状态             
  ----------------------------------------------------------------------
  type_relations                0.000002     0.000000 ✅ 正常           
  exist_relation                0.000128     0.000008 ✅ 正常           
  mi_proj_layer0                0.044385     0.000190 ✅ 正常           
  dis_proj_layer0               0.042439     0.000180 ✅ 正常           
================================================================================

Epoch 650, Total Loss: 13.9511, Recover Loss: 0.6801, miRNA CL: 6.8336, Disease CL: 6.1702, Inter-view (est): 3.0009, Recon Loss: 0.0260, Time: 405.84s

================================================================================
Training completed. Running final test...
================================================================================
Fold 3 completed - AUC: 0.9408, Top-1 F1: 0.6063
Fold 3 training time: 407.00 seconds
=== Cross Validation Fold 4/5 ===
Using hidden dimensions: [256, 256] with 4 attention heads
优化模型初始化: miRNA数量 = 495, 疾病数量 = 383
   节点维度: 256 → 128
   类型数量: 4
   Temperature: 2.0 (可学习)
   Loss mode: two_head
   loss_mode=two_head
   exist_weight=0.300, type_weight=0.700

✅ SimplifiedMultiTypeAssociationLoss 初始化 (改进版)
   类别权重 (beta=0.99999): ['0.780', '1.822', '0.977', '0.421']
Original positive index shape: torch.Size([1199, 2])
Original negative index shape: torch.Size([150470, 2])
采样后负样本数量: 11990
[B4 leakage_free] Masked 299 test-positive entries khỏi input association matrix trước khi dựng hypergraph. (P7 verify: 0/299 test cell còn khác 0)
🎯 Building TRUE DUAL VIEWS from four different sources...
[P7 leakage_free] Recomputed miRNA GIP (m_ss) từ association ĐÃ MASK (495, 495) — miRNA View 1 không còn chứa test-edge (nguồn rò rỉ còn lại duy nhất trong nhánh chính, theo audit F1).
📊 Data sources loaded:
  Disease semantic: torch.Size([383, 383])
  miRNA functional: torch.Size([495, 495])
  Disease-gene: torch.Size([383, 383])
  miRNA-sequence: torch.Size([495, 495])
🧬 Building miRNA dual-view hypergraphs...
  📊 miRNA View 1 (Sequence): torch.Size([495, 878])
  📊 miRNA View 2 (Function): torch.Size([495, 878])
🦠 Building disease dual-view hypergraphs...
  📊 Disease View 1 (Gene): torch.Size([383, 878])
  📊 Disease View 2 (Semantic): torch.Size([383, 878])
✅ Successfully built TRUE DUAL VIEWS:
   🧬 miRNA: Sequence Features (m_ss.xlsx) vs Functional Similarity (mi_fun_sim_2.0.csv)
   🦠 Disease: Gene Features (d_gs.xlsx) vs Semantic Similarity (dis_sem_sim_2.0.csv)

🔧 Epoch 1 梯度检查:
================================================================================

  参数名称                              梯度范数         梯度均值 状态             
  ----------------------------------------------------------------------
  type_relations                0.000025     0.000001 ✅ 正常           
  exist_relation                0.000143     0.000010 ✅ 正常           
  mi_proj_layer0                0.372745     0.001441 ✅ 正常           
  dis_proj_layer0               0.420199     0.001629 ✅ 正常           
================================================================================

Epoch 1, Total Loss: 20.1293, Recover Loss: 1.0596, miRNA CL: 8.8740, Disease CL: 8.4489, Inter-view (est): 3.9976, Recon Loss: 1.4478, Time: 0.56s
[INFO] Hypergraph updated at epoch 5
[INFO] Hypergraph updated at epoch 10
[INFO] Hypergraph updated at epoch 15
[INFO] Hypergraph updated at epoch 20
[INFO] Hypergraph updated at epoch 25
[INFO] Hypergraph updated at epoch 30
[INFO] Hypergraph updated at epoch 35
[INFO] Hypergraph updated at epoch 40
[INFO] Hypergraph updated at epoch 45
[INFO] Hypergraph updated at epoch 50

🔧 Epoch 50 梯度检查:
================================================================================

  参数名称                              梯度范数         梯度均值 状态             
  ----------------------------------------------------------------------
  type_relations                0.000017     0.000000 ✅ 正常           
  exist_relation                0.000138     0.000010 ✅ 正常           
  mi_proj_layer0                0.086837     0.000343 ✅ 正常           
  dis_proj_layer0               0.115742     0.000457 ✅ 正常           
================================================================================

Epoch 50, Total Loss: 16.8016, Recover Loss: 0.8697, miRNA CL: 7.9351, Disease CL: 7.6372, Inter-view (est): 3.5936, Recon Loss: 0.0748, Time: 72.73s
[INFO] Hypergraph updated at epoch 100

🔧 Epoch 100 梯度检查:
================================================================================

  参数名称                              梯度范数         梯度均值 状态             
  ----------------------------------------------------------------------
  type_relations                0.000010     0.000000 ✅ 正常           
  exist_relation                0.000132     0.000009 ✅ 正常           
  mi_proj_layer0                0.078015     0.000313 ✅ 正常           
  dis_proj_layer0               0.082068     0.000335 ✅ 正常           
================================================================================

Epoch 100, Total Loss: 15.4697, Recover Loss: 0.7905, miRNA CL: 7.4935, Disease CL: 6.8850, Inter-view (est): 3.3181, Recon Loss: 0.0302, Time: 102.97s
[INFO] Hypergraph updated at epoch 150

🔧 Epoch 150 梯度检查:
================================================================================

  参数名称                              梯度范数         梯度均值 状态             
  ----------------------------------------------------------------------
  type_relations                0.000008     0.000000 ✅ 正常           
  exist_relation                0.000129     0.000009 ✅ 正常           
  mi_proj_layer0                0.067958     0.000282 ✅ 正常           
  dis_proj_layer0               0.077573     0.000314 ✅ 正常           
================================================================================

Epoch 150, Total Loss: 14.8207, Recover Loss: 0.7557, miRNA CL: 7.1596, Disease CL: 6.6131, Inter-view (est): 3.1783, Recon Loss: 0.0287, Time: 135.93s
[INFO] Hypergraph updated at epoch 200

🔧 Epoch 200 梯度检查:
================================================================================

  参数名称                              梯度范数         梯度均值 状态             
  ----------------------------------------------------------------------
  type_relations                0.000007     0.000000 ✅ 正常           
  exist_relation                0.000128     0.000009 ✅ 正常           
  mi_proj_layer0                0.063759     0.000266 ✅ 正常           
  dis_proj_layer0               0.062887     0.000261 ✅ 正常           
================================================================================

Epoch 200, Total Loss: 14.6692, Recover Loss: 0.7432, miRNA CL: 7.0917, Disease CL: 6.5442, Inter-view (est): 3.1468, Recon Loss: 0.0284, Time: 164.75s
[INFO] Hypergraph updated at epoch 250

🔧 Epoch 250 梯度检查:
================================================================================

  参数名称                              梯度范数         梯度均值 状态             
  ----------------------------------------------------------------------
  type_relations                0.000007     0.000000 ✅ 正常           
  exist_relation                0.000127     0.000009 ✅ 正常           
  mi_proj_layer0                0.059846     0.000251 ✅ 正常           
  dis_proj_layer0               0.058724     0.000245 ✅ 正常           
================================================================================

Epoch 250, Total Loss: 14.5698, Recover Loss: 0.7404, miRNA CL: 7.0550, Disease CL: 6.4860, Inter-view (est): 3.1249, Recon Loss: 0.0284, Time: 194.03s
[INFO] Hypergraph updated at epoch 300

🔧 Epoch 300 梯度检查:
================================================================================

  参数名称                              梯度范数         梯度均值 状态             
  ----------------------------------------------------------------------
  type_relations                0.000006     0.000000 ✅ 正常           
  exist_relation                0.000126     0.000009 ✅ 正常           
  mi_proj_layer0                0.056211     0.000238 ✅ 正常           
  dis_proj_layer0               0.064165     0.000266 ✅ 正常           
================================================================================

Epoch 300, Total Loss: 14.4794, Recover Loss: 0.7351, miRNA CL: 7.0232, Disease CL: 6.4348, Inter-view (est): 3.1057, Recon Loss: 0.0281, Time: 221.69s
[INFO] Hypergraph updated at epoch 350

🔧 Epoch 350 梯度检查:
================================================================================

  参数名称                              梯度范数         梯度均值 状态             
  ----------------------------------------------------------------------
  type_relations                0.000006     0.000000 ✅ 正常           
  exist_relation                0.000125     0.000009 ✅ 正常           
  mi_proj_layer0                0.057188     0.000242 ✅ 正常           
  dis_proj_layer0               0.063967     0.000269 ✅ 正常           
================================================================================

Epoch 350, Total Loss: 14.4036, Recover Loss: 0.7260, miRNA CL: 7.0027, Disease CL: 6.3904, Inter-view (est): 3.0907, Recon Loss: 0.0280, Time: 250.75s
[INFO] Hypergraph updated at epoch 400

🔧 Epoch 400 梯度检查:
================================================================================

  参数名称                              梯度范数         梯度均值 状态             
  ----------------------------------------------------------------------
  type_relations                0.000005     0.000000 ✅ 正常           
  exist_relation                0.000124     0.000008 ✅ 正常           
  mi_proj_layer0                0.057478     0.000244 ✅ 正常           
  dis_proj_layer0               0.061174     0.000256 ✅ 正常           
================================================================================

Epoch 400, Total Loss: 14.3324, Recover Loss: 0.7234, miRNA CL: 6.9730, Disease CL: 6.3534, Inter-view (est): 3.0753, Recon Loss: 0.0277, Time: 278.49s
[INFO] Hypergraph updated at epoch 450

🔧 Epoch 450 梯度检查:
================================================================================

  参数名称                              梯度范数         梯度均值 状态             
  ----------------------------------------------------------------------
  type_relations                0.000005     0.000000 ✅ 正常           
  exist_relation                0.000122     0.000008 ✅ 正常           
  mi_proj_layer0                0.056554     0.000237 ✅ 正常           
  dis_proj_layer0               0.060389     0.000249 ✅ 正常           
================================================================================

Epoch 450, Total Loss: 14.2475, Recover Loss: 0.7138, miRNA CL: 6.9399, Disease CL: 6.3139, Inter-view (est): 3.0586, Recon Loss: 0.0271, Time: 306.12s
[INFO] Hypergraph updated at epoch 500

🔧 Epoch 500 梯度检查:
================================================================================

  参数名称                              梯度范数         梯度均值 状态             
  ----------------------------------------------------------------------
  type_relations                0.000004     0.000000 ✅ 正常           
  exist_relation                0.000121     0.000008 ✅ 正常           
  mi_proj_layer0                0.049606     0.000211 ✅ 正常           
  dis_proj_layer0               0.056212     0.000233 ✅ 正常           
================================================================================

Epoch 500, Total Loss: 14.1942, Recover Loss: 0.7069, miRNA CL: 6.9278, Disease CL: 6.2817, Inter-view (est): 3.0483, Recon Loss: 0.0270, Time: 333.83s
[INFO] Hypergraph updated at epoch 550

🔧 Epoch 550 梯度检查:
================================================================================

  参数名称                              梯度范数         梯度均值 状态             
  ----------------------------------------------------------------------
  type_relations                0.000004     0.000000 ✅ 正常           
  exist_relation                0.000120     0.000008 ✅ 正常           
  mi_proj_layer0                0.055590     0.000234 ✅ 正常           
  dis_proj_layer0               0.066511     0.000274 ✅ 正常           
================================================================================

Epoch 550, Total Loss: 14.1706, Recover Loss: 0.7020, miRNA CL: 6.9357, Disease CL: 6.2566, Inter-view (est): 3.0444, Recon Loss: 0.0271, Time: 361.44s
[INFO] Hypergraph updated at epoch 600

🔧 Epoch 600 梯度检查:
================================================================================

  参数名称                              梯度范数         梯度均值 状态             
  ----------------------------------------------------------------------
  type_relations                0.000004     0.000000 ✅ 正常           
  exist_relation                0.000118     0.000008 ✅ 正常           
  mi_proj_layer0                0.054029     0.000223 ✅ 正常           
  dis_proj_layer0               0.066911     0.000274 ✅ 正常           
================================================================================

Epoch 600, Total Loss: 14.1007, Recover Loss: 0.6968, miRNA CL: 6.8944, Disease CL: 6.2350, Inter-view (est): 3.0299, Recon Loss: 0.0271, Time: 388.62s
[INFO] Hypergraph updated at epoch 650

🔧 Epoch 650 梯度检查:
================================================================================

  参数名称                              梯度范数         梯度均值 状态             
  ----------------------------------------------------------------------
  type_relations                0.000003     0.000000 ✅ 正常           
  exist_relation                0.000117     0.000008 ✅ 正常           
  mi_proj_layer0                0.051707     0.000217 ✅ 正常           
  dis_proj_layer0               0.059120     0.000242 ✅ 正常           
================================================================================

Epoch 650, Total Loss: 14.0681, Recover Loss: 0.6966, miRNA CL: 6.8872, Disease CL: 6.2132, Inter-view (est): 3.0232, Recon Loss: 0.0257, Time: 415.85s

================================================================================
Training completed. Running final test...
================================================================================
Fold 4 completed - AUC: 0.9332, Top-1 F1: 0.6209
Fold 4 training time: 416.96 seconds
=== Cross Validation Fold 5/5 ===
Using hidden dimensions: [256, 256] with 4 attention heads
优化模型初始化: miRNA数量 = 495, 疾病数量 = 383
   节点维度: 256 → 128
   类型数量: 4
   Temperature: 2.0 (可学习)
   Loss mode: two_head
   loss_mode=two_head
   exist_weight=0.300, type_weight=0.700

✅ SimplifiedMultiTypeAssociationLoss 初始化 (改进版)
   类别权重 (beta=0.99999): ['0.780', '1.822', '0.977', '0.421']
Original positive index shape: torch.Size([1199, 2])
Original negative index shape: torch.Size([150470, 2])
采样后负样本数量: 11990
[B4 leakage_free] Masked 299 test-positive entries khỏi input association matrix trước khi dựng hypergraph. (P7 verify: 0/299 test cell còn khác 0)
🎯 Building TRUE DUAL VIEWS from four different sources...
[P7 leakage_free] Recomputed miRNA GIP (m_ss) từ association ĐÃ MASK (495, 495) — miRNA View 1 không còn chứa test-edge (nguồn rò rỉ còn lại duy nhất trong nhánh chính, theo audit F1).
📊 Data sources loaded:
  Disease semantic: torch.Size([383, 383])
  miRNA functional: torch.Size([495, 495])
  Disease-gene: torch.Size([383, 383])
  miRNA-sequence: torch.Size([495, 495])
🧬 Building miRNA dual-view hypergraphs...
  📊 miRNA View 1 (Sequence): torch.Size([495, 878])
  📊 miRNA View 2 (Function): torch.Size([495, 878])
🦠 Building disease dual-view hypergraphs...
  📊 Disease View 1 (Gene): torch.Size([383, 878])
  📊 Disease View 2 (Semantic): torch.Size([383, 878])
✅ Successfully built TRUE DUAL VIEWS:
   🧬 miRNA: Sequence Features (m_ss.xlsx) vs Functional Similarity (mi_fun_sim_2.0.csv)
   🦠 Disease: Gene Features (d_gs.xlsx) vs Semantic Similarity (dis_sem_sim_2.0.csv)

🔧 Epoch 1 梯度检查:
================================================================================

  参数名称                              梯度范数         梯度均值 状态             
  ----------------------------------------------------------------------
  type_relations                0.000025     0.000001 ✅ 正常           
  exist_relation                0.000141     0.000010 ✅ 正常           
  mi_proj_layer0                0.449024     0.001659 ✅ 正常           
  dis_proj_layer0               0.516896     0.001966 ✅ 正常           
================================================================================

Epoch 1, Total Loss: 20.1132, Recover Loss: 1.0758, miRNA CL: 8.9025, Disease CL: 8.4252, Inter-view (est): 3.9987, Recon Loss: 1.4110, Time: 0.57s
[INFO] Hypergraph updated at epoch 5
[INFO] Hypergraph updated at epoch 10
[INFO] Hypergraph updated at epoch 15
[INFO] Hypergraph updated at epoch 20
[INFO] Hypergraph updated at epoch 25
[INFO] Hypergraph updated at epoch 30
[INFO] Hypergraph updated at epoch 35
[INFO] Hypergraph updated at epoch 40
[INFO] Hypergraph updated at epoch 45
[INFO] Hypergraph updated at epoch 50

🔧 Epoch 50 梯度检查:
================================================================================

  参数名称                              梯度范数         梯度均值 状态             
  ----------------------------------------------------------------------
  type_relations                0.000017     0.000000 ✅ 正常           
  exist_relation                0.000136     0.000009 ✅ 正常           
  mi_proj_layer0                0.104090     0.000404 ✅ 正常           
  dis_proj_layer0               0.117062     0.000457 ✅ 正常           
================================================================================

Epoch 50, Total Loss: 16.7843, Recover Loss: 0.8789, miRNA CL: 7.9265, Disease CL: 7.5935, Inter-view (est): 3.5816, Recon Loss: 0.1016, Time: 69.33s
[INFO] Hypergraph updated at epoch 100

🔧 Epoch 100 梯度检查:
================================================================================

  参数名称                              梯度范数         梯度均值 状态             
  ----------------------------------------------------------------------
  type_relations                0.000009     0.000000 ✅ 正常           
  exist_relation                0.000130     0.000009 ✅ 正常           
  mi_proj_layer0                0.077577     0.000314 ✅ 正常           
  dis_proj_layer0               0.104321     0.000415 ✅ 正常           
================================================================================

Epoch 100, Total Loss: 15.3705, Recover Loss: 0.8141, miRNA CL: 7.4673, Disease CL: 6.7884, Inter-view (est): 3.2898, Recon Loss: 0.0313, Time: 99.41s
[INFO] Hypergraph updated at epoch 150

🔧 Epoch 150 梯度检查:
================================================================================

  参数名称                              梯度范数         梯度均值 状态             
  ----------------------------------------------------------------------
  type_relations                0.000007     0.000000 ✅ 正常           
  exist_relation                0.000127     0.000009 ✅ 正常           
  mi_proj_layer0                0.062489     0.000263 ✅ 正常           
  dis_proj_layer0               0.080407     0.000332 ✅ 正常           
================================================================================

Epoch 150, Total Loss: 14.7837, Recover Loss: 0.7796, miRNA CL: 7.1695, Disease CL: 6.5413, Inter-view (est): 3.1640, Recon Loss: 0.0302, Time: 126.42s
[INFO] Hypergraph updated at epoch 200

🔧 Epoch 200 梯度检查:
================================================================================

  参数名称                              梯度范数         梯度均值 状态             
  ----------------------------------------------------------------------
  type_relations                0.000006     0.000000 ✅ 正常           
  exist_relation                0.000126     0.000008 ✅ 正常           
  mi_proj_layer0                0.064320     0.000272 ✅ 正常           
  dis_proj_layer0               0.073278     0.000305 ✅ 正常           
================================================================================

Epoch 200, Total Loss: 14.6553, Recover Loss: 0.7720, miRNA CL: 7.1090, Disease CL: 6.4837, Inter-view (est): 3.1368, Recon Loss: 0.0293, Time: 152.32s
[INFO] Hypergraph updated at epoch 250

🔧 Epoch 250 梯度检查:
================================================================================

  参数名称                              梯度范数         梯度均值 状态             
  ----------------------------------------------------------------------
  type_relations                0.000006     0.000000 ✅ 正常           
  exist_relation                0.000126     0.000008 ✅ 正常           
  mi_proj_layer0                0.065387     0.000274 ✅ 正常           
  dis_proj_layer0               0.083852     0.000333 ✅ 正常           
================================================================================

Epoch 250, Total Loss: 14.5874, Recover Loss: 0.7640, miRNA CL: 7.0965, Disease CL: 6.4381, Inter-view (est): 3.1234, Recon Loss: 0.0290, Time: 180.17s
[INFO] Hypergraph updated at epoch 300

🔧 Epoch 300 梯度检查:
================================================================================

  参数名称                              梯度范数         梯度均值 状态             
  ----------------------------------------------------------------------
  type_relations                0.000005     0.000000 ✅ 正常           
  exist_relation                0.000125     0.000008 ✅ 正常           
  mi_proj_layer0                0.060035     0.000252 ✅ 正常           
  dis_proj_layer0               0.068595     0.000286 ✅ 正常           
================================================================================

Epoch 300, Total Loss: 14.4952, Recover Loss: 0.7552, miRNA CL: 7.0519, Disease CL: 6.4008, Inter-view (est): 3.1045, Recon Loss: 0.0289, Time: 208.03s
[INFO] Hypergraph updated at epoch 350

🔧 Epoch 350 梯度检查:
================================================================================

  参数名称                              梯度范数         梯度均值 状态             
  ----------------------------------------------------------------------
  type_relations                0.000005     0.000000 ✅ 正常           
  exist_relation                0.000124     0.000008 ✅ 正常           
  mi_proj_layer0                0.065463     0.000277 ✅ 正常           
  dis_proj_layer0               0.066819     0.000281 ✅ 正常           
================================================================================

Epoch 350, Total Loss: 14.4232, Recover Loss: 0.7489, miRNA CL: 7.0244, Disease CL: 6.3647, Inter-view (est): 3.0898, Recon Loss: 0.0284, Time: 235.05s
[INFO] Hypergraph updated at epoch 400

🔧 Epoch 400 梯度检查:
================================================================================

  参数名称                              梯度范数         梯度均值 状态             
  ----------------------------------------------------------------------
  type_relations                0.000005     0.000000 ✅ 正常           
  exist_relation                0.000123     0.000008 ✅ 正常           
  mi_proj_layer0                0.064422     0.000272 ✅ 正常           
  dis_proj_layer0               0.060103     0.000255 ✅ 正常           
================================================================================

Epoch 400, Total Loss: 14.3469, Recover Loss: 0.7387, miRNA CL: 6.9948, Disease CL: 6.3306, Inter-view (est): 3.0751, Recon Loss: 0.0277, Time: 262.28s
[INFO] Hypergraph updated at epoch 450

🔧 Epoch 450 梯度检查:
================================================================================

  参数名称                              梯度范数         梯度均值 状态             
  ----------------------------------------------------------------------
  type_relations                0.000004     0.000000 ✅ 正常           
  exist_relation                0.000122     0.000008 ✅ 正常           
  mi_proj_layer0                0.056388     0.000238 ✅ 正常           
  dis_proj_layer0               0.065458     0.000274 ✅ 正常           
================================================================================

Epoch 450, Total Loss: 14.2807, Recover Loss: 0.7288, miRNA CL: 6.9708, Disease CL: 6.2997, Inter-view (est): 3.0624, Recon Loss: 0.0280, Time: 291.32s
[INFO] Hypergraph updated at epoch 500

🔧 Epoch 500 梯度检查:
================================================================================

  参数名称                              梯度范数         梯度均值 状态             
  ----------------------------------------------------------------------
  type_relations                0.000004     0.000000 ✅ 正常           
  exist_relation                0.000121     0.000008 ✅ 正常           
  mi_proj_layer0                0.060542     0.000257 ✅ 正常           
  dis_proj_layer0               0.068096     0.000283 ✅ 正常           
================================================================================

Epoch 500, Total Loss: 14.2157, Recover Loss: 0.7214, miRNA CL: 6.9444, Disease CL: 6.2710, Inter-view (est): 3.0497, Recon Loss: 0.0275, Time: 318.03s
[INFO] Hypergraph updated at epoch 550

🔧 Epoch 550 梯度检查:
================================================================================

  参数名称                              梯度范数         梯度均值 状态             
  ----------------------------------------------------------------------
  type_relations                0.000003     0.000000 ✅ 正常           
  exist_relation                0.000120     0.000008 ✅ 正常           
  mi_proj_layer0                0.057194     0.000244 ✅ 正常           
  dis_proj_layer0               0.063822     0.000261 ✅ 正常           
================================================================================

Epoch 550, Total Loss: 14.1509, Recover Loss: 0.7116, miRNA CL: 6.9191, Disease CL: 6.2438, Inter-view (est): 3.0376, Recon Loss: 0.0269, Time: 346.13s
[INFO] Hypergraph updated at epoch 600

🔧 Epoch 600 梯度检查:
================================================================================

  参数名称                              梯度范数         梯度均值 状态             
  ----------------------------------------------------------------------
  type_relations                0.000003     0.000000 ✅ 正常           
  exist_relation                0.000118     0.000008 ✅ 正常           
  mi_proj_layer0                0.058220     0.000246 ✅ 正常           
  dis_proj_layer0               0.065604     0.000268 ✅ 正常           
================================================================================

Epoch 600, Total Loss: 14.0912, Recover Loss: 0.7022, miRNA CL: 6.8962, Disease CL: 6.2185, Inter-view (est): 3.0265, Recon Loss: 0.0270, Time: 374.19s
[INFO] Hypergraph updated at epoch 650

🔧 Epoch 650 梯度检查:
================================================================================

  参数名称                              梯度范数         梯度均值 状态             
  ----------------------------------------------------------------------
  type_relations                0.000003     0.000000 ✅ 正常           
  exist_relation                0.000117     0.000007 ✅ 正常           
  mi_proj_layer0                0.062818     0.000266 ✅ 正常           
  dis_proj_layer0               0.076813     0.000300 ✅ 正常           
================================================================================

Epoch 650, Total Loss: 14.0411, Recover Loss: 0.7001, miRNA CL: 6.8743, Disease CL: 6.1951, Inter-view (est): 3.0160, Recon Loss: 0.0265, Time: 402.99s

================================================================================
Training completed. Running final test...
================================================================================
Fold 5 completed - AUC: 0.9232, Top-1 F1: 0.6186
Fold 5 training time: 404.13 seconds
Average binary metrics across folds: [[0.93545131 0.93578189 0.87294109 0.86841048 0.90291327 0.83390769
  0.84625371]]
🎯 Average Top-1 metrics across folds: {'top1_precision': 0.594129319955407, 'top1_recall': np.float64(0.64003729679227), 'top1_f1': np.float64(0.6161320467676383)}

📊 CV_type Style Metrics Details:
  AUC            : 0.9355
  AUPR           : 0.9358
  F1             : 0.8729
  Accuracy       : 0.8684
  Recall         : 0.9029
  Specificity    : 0.8339
  Precision      : 0.8463

🎯 Top-1 Metrics Details:
  top1_precision : 0.5941
  top1_recall    : 0.6400
  top1_f1        : 0.6161

Total execution time: 2035.82 seconds

==========================================================================================
🎯 FINAL COMPREHENSIVE RESULTS WITH TOP-1 METRICS
==========================================================================================
📊 Binary Classification Metrics (Original):
  AUC: 0.9355
  AUPR: 0.9358
  F1: 0.8729
  Accuracy: 0.8684
  Recall: 0.9029
  Specificity: 0.8339
  Precision: 0.8463

🎯 CV_type Style Metrics (Enhanced):
  AUC: 0.9355
  AUPR: 0.9358
  F1: 0.8729
  Accuracy: 0.8684
  Recall: 0.9029
  Specificity: 0.8339
  Precision: 0.8463

🏆 Top-1 Metrics (NEW):
  Top-1 Precision: 0.5941
  Top-1 Recall: 0.6400
  Top-1 F1: 0.6161
==========================================================================================
