[CPU] torch.set_num_threads(28), interop=min(4, 28)
Using device: cpu
[INFO] Auto-computed BALANCED class weights (to prevent class collapse):
  Circulation  (  367 samples): 0.780
  Epigenetics  (  157 samples): 1.823
  Target       (  293 samples): 0.977
  Genetics     (  681 samples): 0.420
  [NOTE] Higher weights for minority classes to prevent model from only predicting majority class
[INFO] Using v2.0_495m383D dataset:
  miRNAs: 495
  Diseases: 383
  Expected associations: ~1498
  Types: 4 (Circulation, Epigenetics, Target, Genetics)

================================================================================
Configuration Summary
================================================================================
Dataset: v2.0_495m383D
Data Path: ./
Model: HeterogenousGraphCLAMIR
  - HGT Layers: 2
  - Attention Heads: 4
  - Association Types: 4
  - Inter-view CL: Enabled
    - Weight: 0.3
    - Temperature: 0.5
    - Margin: 0.5

Training:
  - Epochs: 650
  - Learning Rate: 0.0001
  - Dropout: 0.3
  - Weight Decay: 5e-05
  - Focal Loss: Enabled

Evaluation:
  - Cross-Validation Folds: 5
  - Primary Metric: AUPR

Device: cpu
Random Seed: 0
================================================================================

[SEED] Re-seeded với args.seed = 0
[P10 manifest] Ghi provenance → results/manifests/manifest_v2.0_495m383D_seed0_20260713_001016.json  (leakage_free=True, cv_scheme=full)
🚀 Running with comprehensive evaluation including Top-1 metrics...
🎯 Loading dual-view data...
Starting dual-view data preparation with new file format...
Loading all similarity and feature files from v2.0_495m383D...
✅ Loaded disease semantic similarity from D_SSM1.txt: (383, 383)
✅ Loaded miRNA functional similarity from M_FSM.txt: (495, 495)
✅ Loaded multi-type association pairs from ./v2.0_495m383D/multi_all_mirna_disease_pairs_without_negative.csv: (1679, 3)
✅ Created multi-type association matrix: (495, 383)
📊 Multi-type Association Statistics:
   无关联 (No association): 188087 pairs (99.21%)
   循环类型 (Circulation): 367 pairs (0.19%)
   表观遗传学 (Epigenetics): 157 pairs (0.08%)
   靶标类型 (Target): 293 pairs (0.15%)
   遗传学类型 (Genetics): 681 pairs (0.36%)
✅ Created association matrix from CSV: (495, 383)
✅ Loaded disease-gene features from D_SSM2.txt: torch.Size([383, 383])
✅ Loaded miRNA View-1 features from M_GSM.txt (=GIP): torch.Size([495, 495])
Processing integrated similarity matrices...
Loaded similarity matrices from cache
Processing indices...
Loaded indices from cache (seed=0)
✅ Dual-view data preparation completed in 0.26 seconds

============================================================
🎯 DUAL-VIEW CONFIGURATION SUMMARY (v2.0_495m383D)
============================================================
miRNA Dual Views:
  📊 View 1 (Sequence): M_GSM.txt torch.Size([495, 495])
  📊 View 2 (Function): M_FSM.txt torch.Size([495, 495])

Disease Dual Views:
  📊 View 1 (Gene): D_SSM2.txt torch.Size([383, 383])
  📊 View 2 (Semantic): D_SSM1.txt torch.Size([383, 383])

Association Matrix: torch.Size([495, 383])
Data source: v2.0_495m383D (495 miRNAs × 383 Diseases)
============================================================
Preloading dual-view data to device...
✅ Loaded disease-gene features to device: torch.Size([383, 383])
✅ Loaded miRNA-sequence features to device: torch.Size([495, 495])
✅ Loaded disease semantic similarity to device: torch.Size([383, 383])
✅ Loaded miRNA functional similarity to device: torch.Size([495, 495])
✅ Dual-view data preloading completed in 0.00 seconds
OptimizedDataset initialized with 5 folds
Using device: cpu
=== Cross Validation Fold 1/5 ===
Using hidden dimensions: [256, 256] with 4 attention heads
优化模型初始化: miRNA数量 = 495, 疾病数量 = 383
   节点维度: 256 → 128
   类型数量: 4
   Temperature: 2.0 (可学习)
   Loss mode: two_head
   loss_mode=two_head
   exist_weight=0.300, type_weight=0.700

✅ SimplifiedMultiTypeAssociationLoss 初始化 (改进版)
   类别权重 (beta=0.99999): ['0.780', '1.822', '0.977', '0.421']
Original positive index shape: torch.Size([1198, 2])
Original negative index shape: torch.Size([150469, 2])
采样后负样本数量: 11980
[B4 leakage_free] Masked 300 test-positive entries khỏi input association matrix trước khi dựng hypergraph. (P7 verify: 0/300 test cell còn khác 0)
🎯 Building TRUE DUAL VIEWS from four different sources...
[P7 leakage_free] Recomputed miRNA GIP (m_ss) từ association ĐÃ MASK (495, 495) — miRNA View 1 không còn chứa test-edge (nguồn rò rỉ còn lại duy nhất trong nhánh chính, theo audit F1).
📊 Data sources loaded:
  Disease semantic: torch.Size([383, 383])
  miRNA functional: torch.Size([495, 495])
  Disease-gene: torch.Size([383, 383])
  miRNA-sequence: torch.Size([495, 495])
🧬 Building miRNA dual-view hypergraphs...
  📊 miRNA View 1 (Sequence): torch.Size([495, 878])
  📊 miRNA View 2 (Function): torch.Size([495, 878])
🦠 Building disease dual-view hypergraphs...
  📊 Disease View 1 (Gene): torch.Size([383, 878])
  📊 Disease View 2 (Semantic): torch.Size([383, 878])
✅ Successfully built TRUE DUAL VIEWS:
   🧬 miRNA: Sequence Features (m_ss.xlsx) vs Functional Similarity (mi_fun_sim_2.0.csv)
   🦠 Disease: Gene Features (d_gs.xlsx) vs Semantic Similarity (dis_sem_sim_2.0.csv)

🔧 Epoch 1 梯度检查:
================================================================================

  参数名称                              梯度范数         梯度均值 状态             
  ----------------------------------------------------------------------
  type_relations                0.000025     0.000001 ✅ 正常           
  exist_relation                0.000145     0.000010 ✅ 正常           
  mi_proj_layer0                0.701808     0.002561 ✅ 正常           
  dis_proj_layer0               0.686001     0.002632 ✅ 正常           
================================================================================

Epoch 1, Total Loss: 20.2042, Recover Loss: 1.0815, miRNA CL: 8.9501, Disease CL: 8.4484, Inter-view (est): 4.0150, Recon Loss: 1.4256, Time: 0.69s
[INFO] Hypergraph updated at epoch 5
[INFO] Hypergraph updated at epoch 10
[INFO] Hypergraph updated at epoch 15
[INFO] Hypergraph updated at epoch 20
[INFO] Hypergraph updated at epoch 25
[INFO] Hypergraph updated at epoch 30
[INFO] Hypergraph updated at epoch 35
[INFO] Hypergraph updated at epoch 40
[INFO] Hypergraph updated at epoch 45
[INFO] Hypergraph updated at epoch 50

🔧 Epoch 50 梯度检查:
================================================================================

  参数名称                              梯度范数         梯度均值 状态             
  ----------------------------------------------------------------------
  type_relations                0.000017     0.000000 ✅ 正常           
  exist_relation                0.000140     0.000010 ✅ 正常           
  mi_proj_layer0                0.079307     0.000320 ✅ 正常           
  dis_proj_layer0               0.099825     0.000402 ✅ 正常           
================================================================================

Epoch 50, Total Loss: 16.8009, Recover Loss: 0.8729, miRNA CL: 7.9060, Disease CL: 7.6553, Inter-view (est): 3.5911, Recon Loss: 0.0826, Time: 75.42s
[INFO] Hypergraph updated at epoch 100

🔧 Epoch 100 梯度检查:
================================================================================

  参数名称                              梯度范数         梯度均值 状态             
  ----------------------------------------------------------------------
  type_relations                0.000010     0.000000 ✅ 正常           
  exist_relation                0.000134     0.000009 ✅ 正常           
  mi_proj_layer0                0.077594     0.000314 ✅ 正常           
  dis_proj_layer0               0.097551     0.000400 ✅ 正常           
================================================================================

Epoch 100, Total Loss: 15.4716, Recover Loss: 0.8010, miRNA CL: 7.4659, Disease CL: 6.9040, Inter-view (est): 3.3161, Recon Loss: 0.0304, Time: 105.31s
[INFO] Hypergraph updated at epoch 150

🔧 Epoch 150 梯度检查:
================================================================================

  参数名称                              梯度范数         梯度均值 状态             
  ----------------------------------------------------------------------
  type_relations                0.000007     0.000000 ✅ 正常           
  exist_relation                0.000131     0.000009 ✅ 正常           
  mi_proj_layer0                0.067009     0.000280 ✅ 正常           
  dis_proj_layer0               0.083674     0.000345 ✅ 正常           
================================================================================

Epoch 150, Total Loss: 14.9051, Recover Loss: 0.7651, miRNA CL: 7.1802, Disease CL: 6.6665, Inter-view (est): 3.1954, Recon Loss: 0.0289, Time: 134.47s
[INFO] Hypergraph updated at epoch 200

🔧 Epoch 200 梯度检查:
================================================================================

  参数名称                              梯度范数         梯度均值 状态             
  ----------------------------------------------------------------------
  type_relations                0.000006     0.000000 ✅ 正常           
  exist_relation                0.000130     0.000009 ✅ 正常           
  mi_proj_layer0                0.063672     0.000267 ✅ 正常           
  dis_proj_layer0               0.074919     0.000309 ✅ 正常           
================================================================================

Epoch 200, Total Loss: 14.7645, Recover Loss: 0.7561, miRNA CL: 7.1173, Disease CL: 6.5996, Inter-view (est): 3.1654, Recon Loss: 0.0288, Time: 162.07s
[INFO] Hypergraph updated at epoch 250

🔧 Epoch 250 梯度检查:
================================================================================

  参数名称                              梯度范数         梯度均值 状态             
  ----------------------------------------------------------------------
  type_relations                0.000006     0.000000 ✅ 正常           
  exist_relation                0.000129     0.000009 ✅ 正常           
  mi_proj_layer0                0.059362     0.000252 ✅ 正常           
  dis_proj_layer0               0.073208     0.000304 ✅ 正常           
================================================================================

Epoch 250, Total Loss: 14.6725, Recover Loss: 0.7485, miRNA CL: 7.0824, Disease CL: 6.5520, Inter-view (est): 3.1464, Recon Loss: 0.0282, Time: 190.01s
[INFO] Hypergraph updated at epoch 300

🔧 Epoch 300 梯度检查:
================================================================================

  参数名称                              梯度范数         梯度均值 状态             
  ----------------------------------------------------------------------
  type_relations                0.000006     0.000000 ✅ 正常           
  exist_relation                0.000128     0.000009 ✅ 正常           
  mi_proj_layer0                0.056190     0.000240 ✅ 正常           
  dis_proj_layer0               0.068047     0.000287 ✅ 正常           
================================================================================

Epoch 300, Total Loss: 14.5922, Recover Loss: 0.7422, miRNA CL: 7.0523, Disease CL: 6.5092, Inter-view (est): 3.1296, Recon Loss: 0.0284, Time: 217.55s
[INFO] Hypergraph updated at epoch 350

🔧 Epoch 350 梯度检查:
================================================================================

  参数名称                              梯度范数         梯度均值 状态             
  ----------------------------------------------------------------------
  type_relations                0.000005     0.000000 ✅ 正常           
  exist_relation                0.000127     0.000009 ✅ 正常           
  mi_proj_layer0                0.057911     0.000242 ✅ 正常           
  dis_proj_layer0               0.066842     0.000278 ✅ 正常           
================================================================================

Epoch 350, Total Loss: 14.5111, Recover Loss: 0.7362, miRNA CL: 7.0246, Disease CL: 6.4639, Inter-view (est): 3.1127, Recon Loss: 0.0276, Time: 245.83s
[INFO] Hypergraph updated at epoch 400

🔧 Epoch 400 梯度检查:
================================================================================

  参数名称                              梯度范数         梯度均值 状态             
  ----------------------------------------------------------------------
  type_relations                0.000005     0.000000 ✅ 正常           
  exist_relation                0.000126     0.000009 ✅ 正常           
  mi_proj_layer0                0.059001     0.000251 ✅ 正常           
  dis_proj_layer0               0.077292     0.000321 ✅ 正常           
================================================================================

Epoch 400, Total Loss: 14.4351, Recover Loss: 0.7339, miRNA CL: 6.9988, Disease CL: 6.4175, Inter-view (est): 3.0961, Recon Loss: 0.0277, Time: 273.37s
[INFO] Hypergraph updated at epoch 450

🔧 Epoch 450 梯度检查:
================================================================================

  参数名称                              梯度范数         梯度均值 状态             
  ----------------------------------------------------------------------
  type_relations                0.000004     0.000000 ✅ 正常           
  exist_relation                0.000125     0.000008 ✅ 正常           
  mi_proj_layer0                0.054857     0.000231 ✅ 正常           
  dis_proj_layer0               0.053281     0.000224 ✅ 正常           
================================================================================

Epoch 450, Total Loss: 14.3477, Recover Loss: 0.7199, miRNA CL: 6.9736, Disease CL: 6.3713, Inter-view (est): 3.0796, Recon Loss: 0.0275, Time: 301.04s
[INFO] Hypergraph updated at epoch 500

🔧 Epoch 500 梯度检查:
================================================================================

  参数名称                              梯度范数         梯度均值 状态             
  ----------------------------------------------------------------------
  type_relations                0.000004     0.000000 ✅ 正常           
  exist_relation                0.000124     0.000008 ✅ 正常           
  mi_proj_layer0                0.055747     0.000233 ✅ 正常           
  dis_proj_layer0               0.062083     0.000260 ✅ 正常           
================================================================================

Epoch 500, Total Loss: 14.2849, Recover Loss: 0.7162, miRNA CL: 6.9598, Disease CL: 6.3279, Inter-view (est): 3.0664, Recon Loss: 0.0275, Time: 329.14s
[INFO] Hypergraph updated at epoch 550

🔧 Epoch 550 梯度检查:
================================================================================

  参数名称                              梯度范数         梯度均值 状态             
  ----------------------------------------------------------------------
  type_relations                0.000003     0.000000 ✅ 正常           
  exist_relation                0.000122     0.000008 ✅ 正常           
  mi_proj_layer0                0.053790     0.000227 ✅ 正常           
  dis_proj_layer0               0.060030     0.000254 ✅ 正常           
================================================================================

Epoch 550, Total Loss: 14.2086, Recover Loss: 0.7117, miRNA CL: 6.9240, Disease CL: 6.2944, Inter-view (est): 3.0504, Recon Loss: 0.0269, Time: 356.90s
[INFO] Hypergraph updated at epoch 600

🔧 Epoch 600 梯度检查:
================================================================================

  参数名称                              梯度范数         梯度均值 状态             
  ----------------------------------------------------------------------
  type_relations                0.000003     0.000000 ✅ 正常           
  exist_relation                0.000121     0.000008 ✅ 正常           
  mi_proj_layer0                0.047050     0.000199 ✅ 正常           
  dis_proj_layer0               0.058279     0.000244 ✅ 正常           
================================================================================

Epoch 600, Total Loss: 14.1455, Recover Loss: 0.7057, miRNA CL: 6.9010, Disease CL: 6.2627, Inter-view (est): 3.0378, Recon Loss: 0.0265, Time: 385.83s
[INFO] Hypergraph updated at epoch 650

🔧 Epoch 650 梯度检查:
================================================================================

  参数名称                              梯度范数         梯度均值 状态             
  ----------------------------------------------------------------------
  type_relations                0.000003     0.000000 ✅ 正常           
  exist_relation                0.000119     0.000008 ✅ 正常           
  mi_proj_layer0                0.045141     0.000194 ✅ 正常           
  dis_proj_layer0               0.051976     0.000218 ✅ 正常           
================================================================================

Epoch 650, Total Loss: 14.0837, Recover Loss: 0.6977, miRNA CL: 6.8791, Disease CL: 6.2332, Inter-view (est): 3.0259, Recon Loss: 0.0263, Time: 413.52s

================================================================================
Training completed. Running final test...
================================================================================
Fold 1 completed - AUC: 0.9525, Top-1 F1: 0.5943
Fold 1 training time: 414.72 seconds
=== Cross Validation Fold 2/5 ===
Using hidden dimensions: [256, 256] with 4 attention heads
优化模型初始化: miRNA数量 = 495, 疾病数量 = 383
   节点维度: 256 → 128
   类型数量: 4
   Temperature: 2.0 (可学习)
   Loss mode: two_head
   loss_mode=two_head
   exist_weight=0.300, type_weight=0.700

✅ SimplifiedMultiTypeAssociationLoss 初始化 (改进版)
   类别权重 (beta=0.99999): ['0.780', '1.822', '0.977', '0.421']
Original positive index shape: torch.Size([1198, 2])
Original negative index shape: torch.Size([150469, 2])
采样后负样本数量: 11980
[B4 leakage_free] Masked 300 test-positive entries khỏi input association matrix trước khi dựng hypergraph. (P7 verify: 0/300 test cell còn khác 0)
🎯 Building TRUE DUAL VIEWS from four different sources...
[P7 leakage_free] Recomputed miRNA GIP (m_ss) từ association ĐÃ MASK (495, 495) — miRNA View 1 không còn chứa test-edge (nguồn rò rỉ còn lại duy nhất trong nhánh chính, theo audit F1).
📊 Data sources loaded:
  Disease semantic: torch.Size([383, 383])
  miRNA functional: torch.Size([495, 495])
  Disease-gene: torch.Size([383, 383])
  miRNA-sequence: torch.Size([495, 495])
🧬 Building miRNA dual-view hypergraphs...
  📊 miRNA View 1 (Sequence): torch.Size([495, 878])
  📊 miRNA View 2 (Function): torch.Size([495, 878])
🦠 Building disease dual-view hypergraphs...
  📊 Disease View 1 (Gene): torch.Size([383, 878])
  📊 Disease View 2 (Semantic): torch.Size([383, 878])
✅ Successfully built TRUE DUAL VIEWS:
   🧬 miRNA: Sequence Features (m_ss.xlsx) vs Functional Similarity (mi_fun_sim_2.0.csv)
   🦠 Disease: Gene Features (d_gs.xlsx) vs Semantic Similarity (dis_sem_sim_2.0.csv)

🔧 Epoch 1 梯度检查:
================================================================================

  参数名称                              梯度范数         梯度均值 状态             
  ----------------------------------------------------------------------
  type_relations                0.000025     0.000001 ✅ 正常           
  exist_relation                0.000138     0.000010 ✅ 正常           
  mi_proj_layer0                0.469241     0.001724 ✅ 正常           
  dis_proj_layer0               0.442684     0.001725 ✅ 正常           
================================================================================

Epoch 1, Total Loss: 20.1693, Recover Loss: 1.0717, miRNA CL: 8.9298, Disease CL: 8.4447, Inter-view (est): 4.0095, Recon Loss: 1.4245, Time: 0.53s
[INFO] Hypergraph updated at epoch 5
[INFO] Hypergraph updated at epoch 10
[INFO] Hypergraph updated at epoch 15
[INFO] Hypergraph updated at epoch 20
[INFO] Hypergraph updated at epoch 25
[INFO] Hypergraph updated at epoch 30
[INFO] Hypergraph updated at epoch 35
[INFO] Hypergraph updated at epoch 40
[INFO] Hypergraph updated at epoch 45
[INFO] Hypergraph updated at epoch 50

🔧 Epoch 50 梯度检查:
================================================================================

  参数名称                              梯度范数         梯度均值 状态             
  ----------------------------------------------------------------------
  type_relations                0.000017     0.000000 ✅ 正常           
  exist_relation                0.000134     0.000009 ✅ 正常           
  mi_proj_layer0                0.092862     0.000370 ✅ 正常           
  dis_proj_layer0               0.105794     0.000423 ✅ 正常           
================================================================================

Epoch 50, Total Loss: 16.8423, Recover Loss: 0.8939, miRNA CL: 7.9126, Disease CL: 7.6543, Inter-view (est): 3.5924, Recon Loss: 0.0972, Time: 72.62s
[INFO] Hypergraph updated at epoch 100

🔧 Epoch 100 梯度检查:
================================================================================

  参数名称                              梯度范数         梯度均值 状态             
  ----------------------------------------------------------------------
  type_relations                0.000010     0.000000 ✅ 正常           
  exist_relation                0.000127     0.000009 ✅ 正常           
  mi_proj_layer0                0.090451     0.000353 ✅ 正常           
  dis_proj_layer0               0.105370     0.000422 ✅ 正常           
================================================================================

Epoch 100, Total Loss: 15.4684, Recover Loss: 0.8159, miRNA CL: 7.4688, Disease CL: 6.8813, Inter-view (est): 3.3116, Recon Loss: 0.0320, Time: 103.38s
[INFO] Hypergraph updated at epoch 150

🔧 Epoch 150 梯度检查:
================================================================================

  参数名称                              梯度范数         梯度均值 状态             
  ----------------------------------------------------------------------
  type_relations                0.000008     0.000000 ✅ 正常           
  exist_relation                0.000124     0.000009 ✅ 正常           
  mi_proj_layer0                0.068683     0.000286 ✅ 正常           
  dis_proj_layer0               0.082054     0.000336 ✅ 正常           
================================================================================

Epoch 150, Total Loss: 14.8822, Recover Loss: 0.7793, miRNA CL: 7.1897, Disease CL: 6.6188, Inter-view (est): 3.1866, Recon Loss: 0.0298, Time: 132.64s
[INFO] Hypergraph updated at epoch 200

🔧 Epoch 200 梯度检查:
================================================================================

  参数名称                              梯度范数         梯度均值 状态             
  ----------------------------------------------------------------------
  type_relations                0.000007     0.000000 ✅ 正常           
  exist_relation                0.000123     0.000008 ✅ 正常           
  mi_proj_layer0                0.058081     0.000245 ✅ 正常           
  dis_proj_layer0               0.073004     0.000302 ✅ 正常           
================================================================================

Epoch 200, Total Loss: 14.7254, Recover Loss: 0.7624, miRNA CL: 7.1325, Disease CL: 6.5383, Inter-view (est): 3.1548, Recon Loss: 0.0294, Time: 162.57s
[INFO] Hypergraph updated at epoch 250

🔧 Epoch 250 梯度检查:
================================================================================

  参数名称                              梯度范数         梯度均值 状态             
  ----------------------------------------------------------------------
  type_relations                0.000007     0.000000 ✅ 正常           
  exist_relation                0.000122     0.000008 ✅ 正常           
  mi_proj_layer0                0.064270     0.000267 ✅ 正常           
  dis_proj_layer0               0.069736     0.000287 ✅ 正常           
================================================================================

Epoch 250, Total Loss: 14.6138, Recover Loss: 0.7490, miRNA CL: 7.0895, Disease CL: 6.4847, Inter-view (est): 3.1325, Recon Loss: 0.0293, Time: 191.23s
[INFO] Hypergraph updated at epoch 300

🔧 Epoch 300 梯度检查:
================================================================================

  参数名称                              梯度范数         梯度均值 状态             
  ----------------------------------------------------------------------
  type_relations                0.000006     0.000000 ✅ 正常           
  exist_relation                0.000121     0.000008 ✅ 正常           
  mi_proj_layer0                0.058657     0.000246 ✅ 正常           
  dis_proj_layer0               0.066288     0.000275 ✅ 正常           
================================================================================

Epoch 300, Total Loss: 14.5251, Recover Loss: 0.7443, miRNA CL: 7.0560, Disease CL: 6.4364, Inter-view (est): 3.1136, Recon Loss: 0.0288, Time: 220.49s
[INFO] Hypergraph updated at epoch 350

🔧 Epoch 350 梯度检查:
================================================================================

  参数名称                              梯度范数         梯度均值 状态             
  ----------------------------------------------------------------------
  type_relations                0.000006     0.000000 ✅ 正常           
  exist_relation                0.000120     0.000008 ✅ 正常           
  mi_proj_layer0                0.060215     0.000253 ✅ 正常           
  dis_proj_layer0               0.069304     0.000288 ✅ 正常           
================================================================================

Epoch 350, Total Loss: 14.4404, Recover Loss: 0.7366, miRNA CL: 7.0249, Disease CL: 6.3924, Inter-view (est): 3.0963, Recon Loss: 0.0287, Time: 249.14s
[INFO] Hypergraph updated at epoch 400

🔧 Epoch 400 梯度检查:
================================================================================

  参数名称                              梯度范数         梯度均值 状态             
  ----------------------------------------------------------------------
  type_relations                0.000005     0.000000 ✅ 正常           
  exist_relation                0.000119     0.000008 ✅ 正常           
  mi_proj_layer0                0.058301     0.000248 ✅ 正常           
  dis_proj_layer0               0.064203     0.000266 ✅ 正常           
================================================================================

Epoch 400, Total Loss: 14.3519, Recover Loss: 0.7275, miRNA CL: 6.9899, Disease CL: 6.3508, Inter-view (est): 3.0786, Recon Loss: 0.0281, Time: 277.45s
[INFO] Hypergraph updated at epoch 450

🔧 Epoch 450 梯度检查:
================================================================================

  参数名称                              梯度范数         梯度均值 状态             
  ----------------------------------------------------------------------
  type_relations                0.000005     0.000000 ✅ 正常           
  exist_relation                0.000118     0.000008 ✅ 正常           
  mi_proj_layer0                0.060513     0.000255 ✅ 正常           
  dis_proj_layer0               0.060135     0.000253 ✅ 正常           
================================================================================

Epoch 450, Total Loss: 14.2683, Recover Loss: 0.7171, miRNA CL: 6.9585, Disease CL: 6.3113, Inter-view (est): 3.0623, Recon Loss: 0.0279, Time: 306.68s
[INFO] Hypergraph updated at epoch 500

🔧 Epoch 500 梯度检查:
================================================================================

  参数名称                              梯度范数         梯度均值 状态             
  ----------------------------------------------------------------------
  type_relations                0.000004     0.000000 ✅ 正常           
  exist_relation                0.000116     0.000008 ✅ 正常           
  mi_proj_layer0                0.053596     0.000227 ✅ 正常           
  dis_proj_layer0               0.059448     0.000253 ✅ 正常           
================================================================================

Epoch 500, Total Loss: 14.1962, Recover Loss: 0.7143, miRNA CL: 6.9274, Disease CL: 6.2754, Inter-view (est): 3.0468, Recon Loss: 0.0277, Time: 335.43s
[INFO] Hypergraph updated at epoch 550

🔧 Epoch 550 梯度检查:
================================================================================

  参数名称                              梯度范数         梯度均值 状态             
  ----------------------------------------------------------------------
  type_relations                0.000004     0.000000 ✅ 正常           
  exist_relation                0.000115     0.000008 ✅ 正常           
  mi_proj_layer0                0.064740     0.000267 ✅ 正常           
  dis_proj_layer0               0.065552     0.000270 ✅ 正常           
================================================================================

Epoch 550, Total Loss: 14.1271, Recover Loss: 0.7068, miRNA CL: 6.9011, Disease CL: 6.2426, Inter-view (est): 3.0332, Recon Loss: 0.0276, Time: 364.25s
[INFO] Hypergraph updated at epoch 600

🔧 Epoch 600 梯度检查:
================================================================================

  参数名称                              梯度范数         梯度均值 状态             
  ----------------------------------------------------------------------
  type_relations                0.000003     0.000000 ✅ 正常           
  exist_relation                0.000113     0.000007 ✅ 正常           
  mi_proj_layer0                0.067342     0.000275 ✅ 正常           
  dis_proj_layer0               0.071050     0.000286 ✅ 正常           
================================================================================

Epoch 600, Total Loss: 14.0653, Recover Loss: 0.7063, miRNA CL: 6.8732, Disease CL: 6.2120, Inter-view (est): 3.0196, Recon Loss: 0.0271, Time: 392.67s
[INFO] Hypergraph updated at epoch 650

🔧 Epoch 650 梯度检查:
================================================================================

  参数名称                              梯度范数         梯度均值 状态             
  ----------------------------------------------------------------------
  type_relations                0.000003     0.000000 ✅ 正常           
  exist_relation                0.000111     0.000007 ✅ 正常           
  mi_proj_layer0                0.058233     0.000240 ✅ 正常           
  dis_proj_layer0               0.075315     0.000308 ✅ 正常           
================================================================================

Epoch 650, Total Loss: 13.9996, Recover Loss: 0.6934, miRNA CL: 6.8527, Disease CL: 6.1826, Inter-view (est): 3.0081, Recon Loss: 0.0266, Time: 421.10s

================================================================================
Training completed. Running final test...
================================================================================
Fold 2 completed - AUC: 0.9256, Top-1 F1: 0.6615
Fold 2 training time: 422.23 seconds
=== Cross Validation Fold 3/5 ===
Using hidden dimensions: [256, 256] with 4 attention heads
优化模型初始化: miRNA数量 = 495, 疾病数量 = 383
   节点维度: 256 → 128
   类型数量: 4
   Temperature: 2.0 (可学习)
   Loss mode: two_head
   loss_mode=two_head
   exist_weight=0.300, type_weight=0.700

✅ SimplifiedMultiTypeAssociationLoss 初始化 (改进版)
   类别权重 (beta=0.99999): ['0.780', '1.822', '0.977', '0.421']
Original positive index shape: torch.Size([1198, 2])
Original negative index shape: torch.Size([150470, 2])
采样后负样本数量: 11980
[B4 leakage_free] Masked 300 test-positive entries khỏi input association matrix trước khi dựng hypergraph. (P7 verify: 0/300 test cell còn khác 0)
🎯 Building TRUE DUAL VIEWS from four different sources...
[P7 leakage_free] Recomputed miRNA GIP (m_ss) từ association ĐÃ MASK (495, 495) — miRNA View 1 không còn chứa test-edge (nguồn rò rỉ còn lại duy nhất trong nhánh chính, theo audit F1).
📊 Data sources loaded:
  Disease semantic: torch.Size([383, 383])
  miRNA functional: torch.Size([495, 495])
  Disease-gene: torch.Size([383, 383])
  miRNA-sequence: torch.Size([495, 495])
🧬 Building miRNA dual-view hypergraphs...
  📊 miRNA View 1 (Sequence): torch.Size([495, 878])
  📊 miRNA View 2 (Function): torch.Size([495, 878])
🦠 Building disease dual-view hypergraphs...
  📊 Disease View 1 (Gene): torch.Size([383, 878])
  📊 Disease View 2 (Semantic): torch.Size([383, 878])
✅ Successfully built TRUE DUAL VIEWS:
   🧬 miRNA: Sequence Features (m_ss.xlsx) vs Functional Similarity (mi_fun_sim_2.0.csv)
   🦠 Disease: Gene Features (d_gs.xlsx) vs Semantic Similarity (dis_sem_sim_2.0.csv)

🔧 Epoch 1 梯度检查:
================================================================================

  参数名称                              梯度范数         梯度均值 状态             
  ----------------------------------------------------------------------
  type_relations                0.000025     0.000001 ✅ 正常           
  exist_relation                0.000136     0.000010 ✅ 正常           
  mi_proj_layer0                1.071923     0.003775 ✅ 正常           
  dis_proj_layer0               0.971957     0.003445 ✅ 正常           
================================================================================

Epoch 1, Total Loss: 20.3807, Recover Loss: 1.1235, miRNA CL: 9.1358, Disease CL: 8.4264, Inter-view (est): 4.0528, Recon Loss: 1.3964, Time: 0.59s
[INFO] Hypergraph updated at epoch 5
[INFO] Hypergraph updated at epoch 10
[INFO] Hypergraph updated at epoch 15
[INFO] Hypergraph updated at epoch 20
[INFO] Hypergraph updated at epoch 25
[INFO] Hypergraph updated at epoch 30
[INFO] Hypergraph updated at epoch 35
[INFO] Hypergraph updated at epoch 40
[INFO] Hypergraph updated at epoch 45
[INFO] Hypergraph updated at epoch 50

🔧 Epoch 50 梯度检查:
================================================================================

  参数名称                              梯度范数         梯度均值 状态             
  ----------------------------------------------------------------------
  type_relations                0.000017     0.000000 ✅ 正常           
  exist_relation                0.000131     0.000009 ✅ 正常           
  mi_proj_layer0                0.091600     0.000355 ✅ 正常           
  dis_proj_layer0               0.109294     0.000437 ✅ 正常           
================================================================================

Epoch 50, Total Loss: 16.7374, Recover Loss: 0.8754, miRNA CL: 7.9357, Disease CL: 7.5710, Inter-view (est): 3.5784, Recon Loss: 0.0716, Time: 69.04s
[INFO] Hypergraph updated at epoch 100

🔧 Epoch 100 梯度检查:
================================================================================

  参数名称                              梯度范数         梯度均值 状态             
  ----------------------------------------------------------------------
  type_relations                0.000009     0.000000 ✅ 正常           
  exist_relation                0.000125     0.000009 ✅ 正常           
  mi_proj_layer0                0.111788     0.000450 ✅ 正常           
  dis_proj_layer0               0.173967     0.000614 ✅ 正常           
================================================================================

Epoch 100, Total Loss: 15.4779, Recover Loss: 0.8082, miRNA CL: 7.5166, Disease CL: 6.8527, Inter-view (est): 3.3160, Recon Loss: 0.0306, Time: 98.84s
[INFO] Hypergraph updated at epoch 150

🔧 Epoch 150 梯度检查:
================================================================================

  参数名称                              梯度范数         梯度均值 状态             
  ----------------------------------------------------------------------
  type_relations                0.000006     0.000000 ✅ 正常           
  exist_relation                0.000121     0.000008 ✅ 正常           
  mi_proj_layer0                0.092170     0.000376 ✅ 正常           
  dis_proj_layer0               0.094606     0.000387 ✅ 正常           
================================================================================

Epoch 150, Total Loss: 14.8407, Recover Loss: 0.7705, miRNA CL: 7.1824, Disease CL: 6.5967, Inter-view (est): 3.1798, Recon Loss: 0.0284, Time: 126.00s
[INFO] Hypergraph updated at epoch 200

🔧 Epoch 200 梯度检查:
================================================================================

  参数名称                              梯度范数         梯度均值 状态             
  ----------------------------------------------------------------------
  type_relations                0.000006     0.000000 ✅ 正常           
  exist_relation                0.000120     0.000008 ✅ 正常           
  mi_proj_layer0                0.067774     0.000283 ✅ 正常           
  dis_proj_layer0               0.075269     0.000315 ✅ 正常           
================================================================================

Epoch 200, Total Loss: 14.6651, Recover Loss: 0.7510, miRNA CL: 7.1127, Disease CL: 6.5127, Inter-view (est): 3.1443, Recon Loss: 0.0284, Time: 151.96s
[INFO] Hypergraph updated at epoch 250

🔧 Epoch 250 梯度检查:
================================================================================

  参数名称                              梯度范数         梯度均值 状态             
  ----------------------------------------------------------------------
  type_relations                0.000005     0.000000 ✅ 正常           
  exist_relation                0.000119     0.000008 ✅ 正常           
  mi_proj_layer0                0.076497     0.000322 ✅ 正常           
  dis_proj_layer0               0.104965     0.000408 ✅ 正常           
================================================================================

Epoch 250, Total Loss: 14.5525, Recover Loss: 0.7430, miRNA CL: 7.0728, Disease CL: 6.4503, Inter-view (est): 3.1207, Recon Loss: 0.0279, Time: 181.53s
[INFO] Hypergraph updated at epoch 300

🔧 Epoch 300 梯度检查:
================================================================================

  参数名称                              梯度范数         梯度均值 状态             
  ----------------------------------------------------------------------
  type_relations                0.000005     0.000000 ✅ 正常           
  exist_relation                0.000118     0.000008 ✅ 正常           
  mi_proj_layer0                0.069358     0.000291 ✅ 正常           
  dis_proj_layer0               0.070134     0.000286 ✅ 正常           
================================================================================

Epoch 300, Total Loss: 14.4663, Recover Loss: 0.7415, miRNA CL: 7.0428, Disease CL: 6.3972, Inter-view (est): 3.1015, Recon Loss: 0.0278, Time: 210.48s
[INFO] Hypergraph updated at epoch 350

🔧 Epoch 350 梯度检查:
================================================================================

  参数名称                              梯度范数         梯度均值 状态             
  ----------------------------------------------------------------------
  type_relations                0.000004     0.000000 ✅ 正常           
  exist_relation                0.000117     0.000008 ✅ 正常           
  mi_proj_layer0                0.063434     0.000270 ✅ 正常           
  dis_proj_layer0               0.071633     0.000296 ✅ 正常           
================================================================================

Epoch 350, Total Loss: 14.3703, Recover Loss: 0.7291, miRNA CL: 7.0058, Disease CL: 6.3525, Inter-view (est): 3.0827, Recon Loss: 0.0277, Time: 239.08s
[INFO] Hypergraph updated at epoch 400

🔧 Epoch 400 梯度检查:
================================================================================

  参数名称                              梯度范数         梯度均值 状态             
  ----------------------------------------------------------------------
  type_relations                0.000004     0.000000 ✅ 正常           
  exist_relation                0.000115     0.000008 ✅ 正常           
  mi_proj_layer0                0.060571     0.000254 ✅ 正常           
  dis_proj_layer0               0.066316     0.000279 ✅ 正常           
================================================================================

Epoch 400, Total Loss: 14.3028, Recover Loss: 0.7258, miRNA CL: 6.9791, Disease CL: 6.3178, Inter-view (est): 3.0685, Recon Loss: 0.0266, Time: 267.36s
[INFO] Hypergraph updated at epoch 450

🔧 Epoch 450 梯度检查:
================================================================================

  参数名称                              梯度范数         梯度均值 状态             
  ----------------------------------------------------------------------
  type_relations                0.000004     0.000000 ✅ 正常           
  exist_relation                0.000114     0.000008 ✅ 正常           
  mi_proj_layer0                0.070131     0.000291 ✅ 正常           
  dis_proj_layer0               0.072715     0.000295 ✅ 正常           
================================================================================

Epoch 450, Total Loss: 14.2509, Recover Loss: 0.7190, miRNA CL: 6.9645, Disease CL: 6.2889, Inter-view (est): 3.0585, Recon Loss: 0.0266, Time: 294.50s
[INFO] Hypergraph updated at epoch 500

🔧 Epoch 500 梯度检查:
================================================================================

  参数名称                              梯度范数         梯度均值 状态             
  ----------------------------------------------------------------------
  type_relations                0.000003     0.000000 ✅ 正常           
  exist_relation                0.000113     0.000007 ✅ 正常           
  mi_proj_layer0                0.056934     0.000241 ✅ 正常           
  dis_proj_layer0               0.063547     0.000268 ✅ 正常           
================================================================================

Epoch 500, Total Loss: 14.1852, Recover Loss: 0.7121, miRNA CL: 6.9357, Disease CL: 6.2606, Inter-view (est): 3.0453, Recon Loss: 0.0269, Time: 323.65s
[INFO] Hypergraph updated at epoch 550

🔧 Epoch 550 梯度检查:
================================================================================

  参数名称                              梯度范数         梯度均值 状态             
  ----------------------------------------------------------------------
  type_relations                0.000003     0.000000 ✅ 正常           
  exist_relation                0.000111     0.000007 ✅ 正常           
  mi_proj_layer0                0.044063     0.000189 ✅ 正常           
  dis_proj_layer0               0.055883     0.000234 ✅ 正常           
================================================================================

Epoch 550, Total Loss: 14.1113, Recover Loss: 0.6998, miRNA CL: 6.9022, Disease CL: 6.2348, Inter-view (est): 3.0316, Recon Loss: 0.0266, Time: 351.77s
[INFO] Hypergraph updated at epoch 600

🔧 Epoch 600 梯度检查:
================================================================================

  参数名称                              梯度范数         梯度均值 状态             
  ----------------------------------------------------------------------
  type_relations                0.000002     0.000000 ✅ 正常           
  exist_relation                0.000110     0.000007 ✅ 正常           
  mi_proj_layer0                0.053818     0.000225 ✅ 正常           
  dis_proj_layer0               0.063386     0.000260 ✅ 正常           
================================================================================

Epoch 600, Total Loss: 14.0757, Recover Loss: 0.7013, miRNA CL: 6.8884, Disease CL: 6.2140, Inter-view (est): 3.0236, Recon Loss: 0.0259, Time: 379.40s
[INFO] Hypergraph updated at epoch 650

🔧 Epoch 650 梯度检查:
================================================================================

  参数名称                              梯度范数         梯度均值 状态             
  ----------------------------------------------------------------------
  type_relations                0.000002     0.000000 ✅ 正常           
  exist_relation                0.000109     0.000007 ✅ 正常           
  mi_proj_layer0                0.059902     0.000250 ✅ 正常           
  dis_proj_layer0               0.062126     0.000250 ✅ 正常           
================================================================================

Epoch 650, Total Loss: 14.0247, Recover Loss: 0.6915, miRNA CL: 6.8664, Disease CL: 6.1968, Inter-view (est): 3.0146, Recon Loss: 0.0254, Time: 407.14s

================================================================================
Training completed. Running final test...
================================================================================
Fold 3 completed - AUC: 0.9387, Top-1 F1: 0.6390
Fold 3 training time: 408.29 seconds
=== Cross Validation Fold 4/5 ===
Using hidden dimensions: [256, 256] with 4 attention heads
优化模型初始化: miRNA数量 = 495, 疾病数量 = 383
   节点维度: 256 → 128
   类型数量: 4
   Temperature: 2.0 (可学习)
   Loss mode: two_head
   loss_mode=two_head
   exist_weight=0.300, type_weight=0.700

✅ SimplifiedMultiTypeAssociationLoss 初始化 (改进版)
   类别权重 (beta=0.99999): ['0.780', '1.822', '0.977', '0.421']
Original positive index shape: torch.Size([1199, 2])
Original negative index shape: torch.Size([150470, 2])
采样后负样本数量: 11990
[B4 leakage_free] Masked 299 test-positive entries khỏi input association matrix trước khi dựng hypergraph. (P7 verify: 0/299 test cell còn khác 0)
🎯 Building TRUE DUAL VIEWS from four different sources...
[P7 leakage_free] Recomputed miRNA GIP (m_ss) từ association ĐÃ MASK (495, 495) — miRNA View 1 không còn chứa test-edge (nguồn rò rỉ còn lại duy nhất trong nhánh chính, theo audit F1).
📊 Data sources loaded:
  Disease semantic: torch.Size([383, 383])
  miRNA functional: torch.Size([495, 495])
  Disease-gene: torch.Size([383, 383])
  miRNA-sequence: torch.Size([495, 495])
🧬 Building miRNA dual-view hypergraphs...
  📊 miRNA View 1 (Sequence): torch.Size([495, 878])
  📊 miRNA View 2 (Function): torch.Size([495, 878])
🦠 Building disease dual-view hypergraphs...
  📊 Disease View 1 (Gene): torch.Size([383, 878])
  📊 Disease View 2 (Semantic): torch.Size([383, 878])
✅ Successfully built TRUE DUAL VIEWS:
   🧬 miRNA: Sequence Features (m_ss.xlsx) vs Functional Similarity (mi_fun_sim_2.0.csv)
   🦠 Disease: Gene Features (d_gs.xlsx) vs Semantic Similarity (dis_sem_sim_2.0.csv)

🔧 Epoch 1 梯度检查:
================================================================================

  参数名称                              梯度范数         梯度均值 状态             
  ----------------------------------------------------------------------
  type_relations                0.000025     0.000001 ✅ 正常           
  exist_relation                0.000139     0.000010 ✅ 正常           
  mi_proj_layer0                1.696614     0.005956 ✅ 正常           
  dis_proj_layer0               1.317420     0.004935 ✅ 正常           
================================================================================

Epoch 1, Total Loss: 20.3806, Recover Loss: 1.1790, miRNA CL: 9.0478, Disease CL: 8.4394, Inter-view (est): 4.0355, Recon Loss: 1.4159, Time: 0.56s
[INFO] Hypergraph updated at epoch 5
[INFO] Hypergraph updated at epoch 10
[INFO] Hypergraph updated at epoch 15
[INFO] Hypergraph updated at epoch 20
[INFO] Hypergraph updated at epoch 25
[INFO] Hypergraph updated at epoch 30
[INFO] Hypergraph updated at epoch 35
[INFO] Hypergraph updated at epoch 40
[INFO] Hypergraph updated at epoch 45
[INFO] Hypergraph updated at epoch 50

🔧 Epoch 50 梯度检查:
================================================================================

  参数名称                              梯度范数         梯度均值 状态             
  ----------------------------------------------------------------------
  type_relations                0.000017     0.000000 ✅ 正常           
  exist_relation                0.000134     0.000009 ✅ 正常           
  mi_proj_layer0                0.098091     0.000396 ✅ 正常           
  dis_proj_layer0               0.118380     0.000464 ✅ 正常           
================================================================================

Epoch 50, Total Loss: 16.7545, Recover Loss: 0.8953, miRNA CL: 7.9144, Disease CL: 7.5760, Inter-view (est): 3.5747, Recon Loss: 0.0847, Time: 69.83s
[INFO] Hypergraph updated at epoch 100

🔧 Epoch 100 梯度检查:
================================================================================

  参数名称                              梯度范数         梯度均值 状态             
  ----------------------------------------------------------------------
  type_relations                0.000009     0.000000 ✅ 正常           
  exist_relation                0.000128     0.000009 ✅ 正常           
  mi_proj_layer0                0.072933     0.000299 ✅ 正常           
  dis_proj_layer0               0.079337     0.000323 ✅ 正常           
================================================================================

Epoch 100, Total Loss: 15.3831, Recover Loss: 0.8184, miRNA CL: 7.4388, Disease CL: 6.8254, Inter-view (est): 3.2917, Recon Loss: 0.0304, Time: 97.75s
[INFO] Hypergraph updated at epoch 150

🔧 Epoch 150 梯度检查:
================================================================================

  参数名称                              梯度范数         梯度均值 状态             
  ----------------------------------------------------------------------
  type_relations                0.000007     0.000000 ✅ 正常           
  exist_relation                0.000125     0.000008 ✅ 正常           
  mi_proj_layer0                0.077113     0.000324 ✅ 正常           
  dis_proj_layer0               0.086378     0.000347 ✅ 正常           
================================================================================

Epoch 150, Total Loss: 14.7785, Recover Loss: 0.7831, miRNA CL: 7.1455, Disease CL: 6.5577, Inter-view (est): 3.1623, Recon Loss: 0.0286, Time: 124.42s
[INFO] Hypergraph updated at epoch 200

🔧 Epoch 200 梯度检查:
================================================================================

  参数名称                              梯度范数         梯度均值 状态             
  ----------------------------------------------------------------------
  type_relations                0.000006     0.000000 ✅ 正常           
  exist_relation                0.000123     0.000008 ✅ 正常           
  mi_proj_layer0                0.074247     0.000311 ✅ 正常           
  dis_proj_layer0               0.077998     0.000319 ✅ 正常           
================================================================================

Epoch 200, Total Loss: 14.6077, Recover Loss: 0.7715, miRNA CL: 7.0802, Disease CL: 6.4663, Inter-view (est): 3.1261, Recon Loss: 0.0290, Time: 150.81s
[INFO] Hypergraph updated at epoch 250

🔧 Epoch 250 梯度检查:
================================================================================

  参数名称                              梯度范数         梯度均值 状态             
  ----------------------------------------------------------------------
  type_relations                0.000005     0.000000 ✅ 正常           
  exist_relation                0.000122     0.000008 ✅ 正常           
  mi_proj_layer0                0.064733     0.000275 ✅ 正常           
  dis_proj_layer0               0.068256     0.000282 ✅ 正常           
================================================================================

Epoch 250, Total Loss: 14.4919, Recover Loss: 0.7455, miRNA CL: 7.0484, Disease CL: 6.4112, Inter-view (est): 3.1061, Recon Loss: 0.0281, Time: 178.08s
[INFO] Hypergraph updated at epoch 300

🔧 Epoch 300 梯度检查:
================================================================================

  参数名称                              梯度范数         梯度均值 状态             
  ----------------------------------------------------------------------
  type_relations                0.000005     0.000000 ✅ 正常           
  exist_relation                0.000121     0.000008 ✅ 正常           
  mi_proj_layer0                0.069652     0.000294 ✅ 正常           
  dis_proj_layer0               0.079735     0.000326 ✅ 正常           
================================================================================

Epoch 300, Total Loss: 14.4243, Recover Loss: 0.7426, miRNA CL: 7.0206, Disease CL: 6.3751, Inter-view (est): 3.0913, Recon Loss: 0.0288, Time: 206.07s
[INFO] Hypergraph updated at epoch 350

🔧 Epoch 350 梯度检查:
================================================================================

  参数名称                              梯度范数         梯度均值 状态             
  ----------------------------------------------------------------------
  type_relations                0.000004     0.000000 ✅ 正常           
  exist_relation                0.000120     0.000008 ✅ 正常           
  mi_proj_layer0                0.067004     0.000284 ✅ 正常           
  dis_proj_layer0               0.073032     0.000302 ✅ 正常           
================================================================================

Epoch 350, Total Loss: 14.3449, Recover Loss: 0.7302, miRNA CL: 6.9912, Disease CL: 6.3404, Inter-view (est): 3.0765, Recon Loss: 0.0276, Time: 233.27s
[INFO] Hypergraph updated at epoch 400

🔧 Epoch 400 梯度检查:
================================================================================

  参数名称                              梯度范数         梯度均值 状态             
  ----------------------------------------------------------------------
  type_relations                0.000004     0.000000 ✅ 正常           
  exist_relation                0.000118     0.000008 ✅ 正常           
  mi_proj_layer0                0.066391     0.000283 ✅ 正常           
  dis_proj_layer0               0.069358     0.000289 ✅ 正常           
================================================================================

Epoch 400, Total Loss: 14.2690, Recover Loss: 0.7179, miRNA CL: 6.9620, Disease CL: 6.3080, Inter-view (est): 3.0623, Recon Loss: 0.0277, Time: 262.54s
[INFO] Hypergraph updated at epoch 450

🔧 Epoch 450 梯度检查:
================================================================================

  参数名称                              梯度范数         梯度均值 状态             
  ----------------------------------------------------------------------
  type_relations                0.000004     0.000000 ✅ 正常           
  exist_relation                0.000117     0.000008 ✅ 正常           
  mi_proj_layer0                0.066811     0.000280 ✅ 正常           
  dis_proj_layer0               0.067523     0.000281 ✅ 正常           
================================================================================

Epoch 450, Total Loss: 14.2032, Recover Loss: 0.7128, miRNA CL: 6.9350, Disease CL: 6.2771, Inter-view (est): 3.0490, Recon Loss: 0.0269, Time: 289.50s
[INFO] Hypergraph updated at epoch 500

🔧 Epoch 500 梯度检查:
================================================================================

  参数名称                              梯度范数         梯度均值 状态             
  ----------------------------------------------------------------------
  type_relations                0.000003     0.000000 ✅ 正常           
  exist_relation                0.000116     0.000008 ✅ 正常           
  mi_proj_layer0                0.055603     0.000235 ✅ 正常           
  dis_proj_layer0               0.058094     0.000240 ✅ 正常           
================================================================================

Epoch 500, Total Loss: 14.1337, Recover Loss: 0.7010, miRNA CL: 6.9079, Disease CL: 6.2487, Inter-view (est): 3.0361, Recon Loss: 0.0268, Time: 317.62s
[INFO] Hypergraph updated at epoch 550

🔧 Epoch 550 梯度检查:
================================================================================

  参数名称                              梯度范数         梯度均值 状态             
  ----------------------------------------------------------------------
  type_relations                0.000003     0.000000 ✅ 正常           
  exist_relation                0.000114     0.000007 ✅ 正常           
  mi_proj_layer0                0.068555     0.000288 ✅ 正常           
  dis_proj_layer0               0.074091     0.000306 ✅ 正常           
================================================================================

Epoch 550, Total Loss: 14.0761, Recover Loss: 0.6987, miRNA CL: 6.8812, Disease CL: 6.2224, Inter-view (est): 3.0239, Recon Loss: 0.0265, Time: 346.21s
[INFO] Hypergraph updated at epoch 600

🔧 Epoch 600 梯度检查:
================================================================================

  参数名称                              梯度范数         梯度均值 状态             
  ----------------------------------------------------------------------
  type_relations                0.000002     0.000000 ✅ 正常           
  exist_relation                0.000112     0.000007 ✅ 正常           
  mi_proj_layer0                0.063884     0.000270 ✅ 正常           
  dis_proj_layer0               0.058799     0.000243 ✅ 正常           
================================================================================

Epoch 600, Total Loss: 14.0200, Recover Loss: 0.6958, miRNA CL: 6.8563, Disease CL: 6.1969, Inter-view (est): 3.0123, Recon Loss: 0.0261, Time: 375.16s
[INFO] Hypergraph updated at epoch 650

🔧 Epoch 650 梯度检查:
================================================================================

  参数名称                              梯度范数         梯度均值 状态             
  ----------------------------------------------------------------------
  type_relations                0.000002     0.000000 ✅ 正常           
  exist_relation                0.000110     0.000007 ✅ 正常           
  mi_proj_layer0                0.057671     0.000241 ✅ 正常           
  dis_proj_layer0               0.055911     0.000235 ✅ 正常           
================================================================================

Epoch 650, Total Loss: 13.9620, Recover Loss: 0.6888, miRNA CL: 6.8336, Disease CL: 6.1710, Inter-view (est): 3.0011, Recon Loss: 0.0259, Time: 403.36s

================================================================================
Training completed. Running final test...
================================================================================
Fold 4 completed - AUC: 0.9336, Top-1 F1: 0.6164
Fold 4 training time: 404.49 seconds
=== Cross Validation Fold 5/5 ===
Using hidden dimensions: [256, 256] with 4 attention heads
优化模型初始化: miRNA数量 = 495, 疾病数量 = 383
   节点维度: 256 → 128
   类型数量: 4
   Temperature: 2.0 (可学习)
   Loss mode: two_head
   loss_mode=two_head
   exist_weight=0.300, type_weight=0.700

✅ SimplifiedMultiTypeAssociationLoss 初始化 (改进版)
   类别权重 (beta=0.99999): ['0.780', '1.822', '0.977', '0.421']
Original positive index shape: torch.Size([1199, 2])
Original negative index shape: torch.Size([150470, 2])
采样后负样本数量: 11990
[B4 leakage_free] Masked 299 test-positive entries khỏi input association matrix trước khi dựng hypergraph. (P7 verify: 0/299 test cell còn khác 0)
🎯 Building TRUE DUAL VIEWS from four different sources...
[P7 leakage_free] Recomputed miRNA GIP (m_ss) từ association ĐÃ MASK (495, 495) — miRNA View 1 không còn chứa test-edge (nguồn rò rỉ còn lại duy nhất trong nhánh chính, theo audit F1).
📊 Data sources loaded:
  Disease semantic: torch.Size([383, 383])
  miRNA functional: torch.Size([495, 495])
  Disease-gene: torch.Size([383, 383])
  miRNA-sequence: torch.Size([495, 495])
🧬 Building miRNA dual-view hypergraphs...
  📊 miRNA View 1 (Sequence): torch.Size([495, 878])
  📊 miRNA View 2 (Function): torch.Size([495, 878])
🦠 Building disease dual-view hypergraphs...
  📊 Disease View 1 (Gene): torch.Size([383, 878])
  📊 Disease View 2 (Semantic): torch.Size([383, 878])
✅ Successfully built TRUE DUAL VIEWS:
   🧬 miRNA: Sequence Features (m_ss.xlsx) vs Functional Similarity (mi_fun_sim_2.0.csv)
   🦠 Disease: Gene Features (d_gs.xlsx) vs Semantic Similarity (dis_sem_sim_2.0.csv)

🔧 Epoch 1 梯度检查:
================================================================================

  参数名称                              梯度范数         梯度均值 状态             
  ----------------------------------------------------------------------
  type_relations                0.000025     0.000001 ✅ 正常           
  exist_relation                0.000139     0.000009 ✅ 正常           
  mi_proj_layer0                1.284347     0.004714 ✅ 正常           
  dis_proj_layer0               1.442050     0.005120 ✅ 正常           
================================================================================

Epoch 1, Total Loss: 20.2929, Recover Loss: 1.1635, miRNA CL: 8.9551, Disease CL: 8.4267, Inter-view (est): 4.0112, Recon Loss: 1.4489, Time: 0.53s
[INFO] Hypergraph updated at epoch 5
[INFO] Hypergraph updated at epoch 10
[INFO] Hypergraph updated at epoch 15
[INFO] Hypergraph updated at epoch 20
[INFO] Hypergraph updated at epoch 25
[INFO] Hypergraph updated at epoch 30
[INFO] Hypergraph updated at epoch 35
[INFO] Hypergraph updated at epoch 40
[INFO] Hypergraph updated at epoch 45
[INFO] Hypergraph updated at epoch 50

🔧 Epoch 50 梯度检查:
================================================================================

  参数名称                              梯度范数         梯度均值 状态             
  ----------------------------------------------------------------------
  type_relations                0.000017     0.000000 ✅ 正常           
  exist_relation                0.000134     0.000009 ✅ 正常           
  mi_proj_layer0                0.093523     0.000378 ✅ 正常           
  dis_proj_layer0               0.109538     0.000437 ✅ 正常           
================================================================================

Epoch 50, Total Loss: 16.8802, Recover Loss: 0.8784, miRNA CL: 7.9287, Disease CL: 7.6950, Inter-view (est): 3.6055, Recon Loss: 0.0936, Time: 73.78s
[INFO] Hypergraph updated at epoch 100

🔧 Epoch 100 梯度检查:
================================================================================

  参数名称                              梯度范数         梯度均值 状态             
  ----------------------------------------------------------------------
  type_relations                0.000010     0.000000 ✅ 正常           
  exist_relation                0.000129     0.000008 ✅ 正常           
  mi_proj_layer0                0.085180     0.000336 ✅ 正常           
  dis_proj_layer0               0.112680     0.000442 ✅ 正常           
================================================================================

Epoch 100, Total Loss: 15.5440, Recover Loss: 0.8080, miRNA CL: 7.4882, Disease CL: 6.9464, Inter-view (est): 3.3311, Recon Loss: 0.0314, Time: 104.35s
[INFO] Hypergraph updated at epoch 150

🔧 Epoch 150 梯度检查:
================================================================================

  参数名称                              梯度范数         梯度均值 状态             
  ----------------------------------------------------------------------
  type_relations                0.000007     0.000000 ✅ 正常           
  exist_relation                0.000126     0.000008 ✅ 正常           
  mi_proj_layer0                0.059507     0.000253 ✅ 正常           
  dis_proj_layer0               0.085808     0.000338 ✅ 正常           
================================================================================

Epoch 150, Total Loss: 14.8900, Recover Loss: 0.7678, miRNA CL: 7.1782, Disease CL: 6.6508, Inter-view (est): 3.1913, Recon Loss: 0.0296, Time: 133.09s
[INFO] Hypergraph updated at epoch 200

🔧 Epoch 200 梯度检查:
================================================================================

  参数名称                              梯度范数         梯度均值 状态             
  ----------------------------------------------------------------------
  type_relations                0.000007     0.000000 ✅ 正常           
  exist_relation                0.000125     0.000008 ✅ 正常           
  mi_proj_layer0                0.059509     0.000253 ✅ 正常           
  dis_proj_layer0               0.075606     0.000310 ✅ 正常           
================================================================================

Epoch 200, Total Loss: 14.7525, Recover Loss: 0.7605, miRNA CL: 7.1248, Disease CL: 6.5763, Inter-view (est): 3.1618, Recon Loss: 0.0293, Time: 161.40s
[INFO] Hypergraph updated at epoch 250

🔧 Epoch 250 梯度检查:
================================================================================

  参数名称                              梯度范数         梯度均值 状态             
  ----------------------------------------------------------------------
  type_relations                0.000006     0.000000 ✅ 正常           
  exist_relation                0.000124     0.000008 ✅ 正常           
  mi_proj_layer0                0.062080     0.000262 ✅ 正常           
  dis_proj_layer0               0.078112     0.000317 ✅ 正常           
================================================================================

Epoch 250, Total Loss: 14.6257, Recover Loss: 0.7524, miRNA CL: 7.0771, Disease CL: 6.5077, Inter-view (est): 3.1349, Recon Loss: 0.0288, Time: 190.29s
[INFO] Hypergraph updated at epoch 300

🔧 Epoch 300 梯度检查:
================================================================================

  参数名称                              梯度范数         梯度均值 状态             
  ----------------------------------------------------------------------
  type_relations                0.000006     0.000000 ✅ 正常           
  exist_relation                0.000123     0.000008 ✅ 正常           
  mi_proj_layer0                0.069617     0.000291 ✅ 正常           
  dis_proj_layer0               0.071656     0.000298 ✅ 正常           
================================================================================

Epoch 300, Total Loss: 14.5243, Recover Loss: 0.7429, miRNA CL: 7.0435, Disease CL: 6.4517, Inter-view (est): 3.1143, Recon Loss: 0.0283, Time: 218.16s
[INFO] Hypergraph updated at epoch 350

🔧 Epoch 350 梯度检查:
================================================================================

  参数名称                              梯度范数         梯度均值 状态             
  ----------------------------------------------------------------------
  type_relations                0.000005     0.000000 ✅ 正常           
  exist_relation                0.000122     0.000008 ✅ 正常           
  mi_proj_layer0                0.065305     0.000270 ✅ 正常           
  dis_proj_layer0               0.079713     0.000313 ✅ 正常           
================================================================================

Epoch 350, Total Loss: 14.4384, Recover Loss: 0.7315, miRNA CL: 7.0139, Disease CL: 6.4090, Inter-view (est): 3.0976, Recon Loss: 0.0279, Time: 245.61s
[INFO] Hypergraph updated at epoch 400

🔧 Epoch 400 梯度检查:
================================================================================

  参数名称                              梯度范数         梯度均值 状态             
  ----------------------------------------------------------------------
  type_relations                0.000005     0.000000 ✅ 正常           
  exist_relation                0.000121     0.000008 ✅ 正常           
  mi_proj_layer0                0.065687     0.000277 ✅ 正常           
  dis_proj_layer0               0.086267     0.000350 ✅ 正常           
================================================================================

Epoch 400, Total Loss: 14.3750, Recover Loss: 0.7294, miRNA CL: 6.9904, Disease CL: 6.3730, Inter-view (est): 3.0839, Recon Loss: 0.0278, Time: 273.19s
[INFO] Hypergraph updated at epoch 450

🔧 Epoch 450 梯度检查:
================================================================================

  参数名称                              梯度范数         梯度均值 状态             
  ----------------------------------------------------------------------
  type_relations                0.000004     0.000000 ✅ 正常           
  exist_relation                0.000120     0.000007 ✅ 正常           
  mi_proj_layer0                0.055727     0.000240 ✅ 正常           
  dis_proj_layer0               0.061961     0.000259 ✅ 正常           
================================================================================

Epoch 450, Total Loss: 14.3027, Recover Loss: 0.7206, miRNA CL: 6.9631, Disease CL: 6.3387, Inter-view (est): 3.0696, Recon Loss: 0.0276, Time: 300.89s
[INFO] Hypergraph updated at epoch 500

🔧 Epoch 500 梯度检查:
================================================================================

  参数名称                              梯度范数         梯度均值 状态             
  ----------------------------------------------------------------------
  type_relations                0.000004     0.000000 ✅ 正常           
  exist_relation                0.000118     0.000007 ✅ 正常           
  mi_proj_layer0                0.050826     0.000216 ✅ 正常           
  dis_proj_layer0               0.056013     0.000233 ✅ 正常           
================================================================================

Epoch 500, Total Loss: 14.2398, Recover Loss: 0.7169, miRNA CL: 6.9397, Disease CL: 6.3045, Inter-view (est): 3.0564, Recon Loss: 0.0278, Time: 328.29s
[INFO] Hypergraph updated at epoch 550

🔧 Epoch 550 梯度检查:
================================================================================

  参数名称                              梯度范数         梯度均值 状态             
  ----------------------------------------------------------------------
  type_relations                0.000004     0.000000 ✅ 正常           
  exist_relation                0.000117     0.000007 ✅ 正常           
  mi_proj_layer0                0.062396     0.000261 ✅ 正常           
  dis_proj_layer0               0.077908     0.000290 ✅ 正常           
================================================================================

Epoch 550, Total Loss: 14.1761, Recover Loss: 0.7109, miRNA CL: 6.9162, Disease CL: 6.2730, Inter-view (est): 3.0437, Recon Loss: 0.0270, Time: 354.15s
[INFO] Hypergraph updated at epoch 600

🔧 Epoch 600 梯度检查:
================================================================================

  参数名称                              梯度范数         梯度均值 状态             
  ----------------------------------------------------------------------
  type_relations                0.000003     0.000000 ✅ 正常           
  exist_relation                0.000116     0.000007 ✅ 正常           
  mi_proj_layer0                0.054077     0.000231 ✅ 正常           
  dis_proj_layer0               0.048970     0.000200 ✅ 正常           
================================================================================

Epoch 600, Total Loss: 14.1117, Recover Loss: 0.7025, miRNA CL: 6.8922, Disease CL: 6.2440, Inter-view (est): 3.0314, Recon Loss: 0.0261, Time: 382.58s
[INFO] Hypergraph updated at epoch 650

🔧 Epoch 650 梯度检查:
================================================================================

  参数名称                              梯度范数         梯度均值 状态             
  ----------------------------------------------------------------------
  type_relations                0.000003     0.000000 ✅ 正常           
  exist_relation                0.000114     0.000007 ✅ 正常           
  mi_proj_layer0                0.062637     0.000252 ✅ 正常           
  dis_proj_layer0               0.064596     0.000266 ✅ 正常           
================================================================================

Epoch 650, Total Loss: 14.0581, Recover Loss: 0.7027, miRNA CL: 6.8689, Disease CL: 6.2157, Inter-view (est): 3.0195, Recon Loss: 0.0260, Time: 410.99s

================================================================================
Training completed. Running final test...
================================================================================
Fold 5 completed - AUC: 0.9384, Top-1 F1: 0.6208
Fold 5 training time: 412.13 seconds
Average binary metrics across folds: [[0.93777455 0.9372016  0.87979663 0.87631014 0.90504972 0.84757057
  0.85723236]]
🎯 Average Top-1 metrics across folds: {'top1_precision': 0.6041315496098105, 'top1_recall': np.float64(0.6508169709193881), 'top1_f1': np.float64(0.6264171701572943)}

📊 CV_type Style Metrics Details:
  AUC            : 0.9378
  AUPR           : 0.9372
  F1             : 0.8798
  Accuracy       : 0.8763
  Recall         : 0.9050
  Specificity    : 0.8476
  Precision      : 0.8572

🎯 Top-1 Metrics Details:
  top1_precision : 0.6041
  top1_recall    : 0.6508
  top1_f1        : 0.6264

Total execution time: 2062.12 seconds

==========================================================================================
🎯 FINAL COMPREHENSIVE RESULTS WITH TOP-1 METRICS
==========================================================================================
📊 Binary Classification Metrics (Original):
  AUC: 0.9378
  AUPR: 0.9372
  F1: 0.8798
  Accuracy: 0.8763
  Recall: 0.9050
  Specificity: 0.8476
  Precision: 0.8572

🎯 CV_type Style Metrics (Enhanced):
  AUC: 0.9378
  AUPR: 0.9372
  F1: 0.8798
  Accuracy: 0.8763
  Recall: 0.9050
  Specificity: 0.8476
  Precision: 0.8572

🏆 Top-1 Metrics (NEW):
  Top-1 Precision: 0.6041
  Top-1 Recall: 0.6508
  Top-1 F1: 0.6264
==========================================================================================
