fold0 distmult: F1=0.2304 P=0.2696 miR=0.2031 maR=0.2012 Hit@1=0.2696 [train]
fold0 bilinear: F1=0.3003 P=0.3400 miR=0.2561 maR=0.2688 Hit@1=0.3400 [train]
fold0 simknn_j: F1=0.5733 P=0.6354 miR=0.4787 maR=0.5223 Hit@1=0.6354 [train+static_dssm]
fold0 simknn_misim: F1=0.5944 P=0.6571 miR=0.4950 maR=0.5426 Hit@1=0.6571 [LEAKY(misim_static)]
fold1 distmult: F1=0.2399 P=0.2833 miR=0.2089 maR=0.2080 Hit@1=0.2833 [train]
fold1 bilinear: F1=0.2676 P=0.3091 miR=0.2279 maR=0.2360 Hit@1=0.3091 [train]
fold1 simknn_j: F1=0.5648 P=0.6314 miR=0.4656 maR=0.5109 Hit@1=0.6314 [train+static_dssm]
fold1 simknn_misim: F1=0.5783 P=0.6451 miR=0.4757 maR=0.5241 Hit@1=0.6451 [LEAKY(misim_static)]
fold2 distmult: F1=0.2576 P=0.2942 miR=0.2214 maR=0.2291 Hit@1=0.2942 [train]
fold2 bilinear: F1=0.3074 P=0.3497 miR=0.2631 maR=0.2742 Hit@1=0.3497 [train]
fold2 simknn_j: F1=0.5607 P=0.6234 miR=0.4690 maR=0.5094 Hit@1=0.6234 [train+static_dssm]
fold2 simknn_misim: F1=0.5763 P=0.6388 miR=0.4806 maR=0.5250 Hit@1=0.6388 [LEAKY(misim_static)]
fold3 distmult: F1=0.2213 P=0.2587 miR=0.1943 maR=0.1934 Hit@1=0.2587 [train]
fold3 bilinear: F1=0.2944 P=0.3354 miR=0.2519 maR=0.2623 Hit@1=0.3354 [train]
fold3 simknn_j: F1=0.5518 P=0.6131 miR=0.4604 maR=0.5016 Hit@1=0.6131 [train+static_dssm]
fold3 simknn_misim: F1=0.5660 P=0.6291 miR=0.4725 maR=0.5145 Hit@1=0.6291 [LEAKY(misim_static)]
fold4 distmult: F1=0.2641 P=0.3114 miR=0.2255 maR=0.2293 Hit@1=0.3114 [train]
fold4 bilinear: F1=0.2825 P=0.3297 miR=0.2388 maR=0.2470 Hit@1=0.3297 [train]
fold4 simknn_j: F1=0.5610 P=0.6342 miR=0.4594 maR=0.5029 Hit@1=0.6342 [train+static_dssm]
fold4 simknn_misim: F1=0.5843 P=0.6577 miR=0.4764 maR=0.5257 Hit@1=0.6577 [LEAKY(misim_static)]
== distmult: {'legacy_top1_precision': 0.283457355466514, 'legacy_micro_recall': 0.21065571984512776, 'legacy_macro_recall': 0.21221713413470694, 'legacy_f1': 0.2426900893221478, 'macro_AUPR': 0.2791915136335458, 'micro_AUPR': 0.27623696830193806, 'Hit@1': 0.283457355466514, 'Recall@3': 0.6201659988551802, 'micro_F1@0.5': 0.08244533215007308, 'macro_F1@0.5': 0.07960163106011187}
== bilinear: {'legacy_top1_precision': 0.3327990841442473, 'legacy_micro_recall': 0.2475930040978589, 'legacy_macro_recall': 0.2576664758633847, 'legacy_f1': 0.29042498380064913, 'macro_AUPR': 0.32167436423716406, 'micro_AUPR': 0.31859306435342283, 'Hit@1': 0.3327990841442473, 'Recall@3': 0.6543293264644151, 'micro_F1@0.5': 0.2749723747998875, 'macro_F1@0.5': 0.2519539940334198}
== simknn_j: {'legacy_top1_precision': 0.6274756725815684, 'legacy_micro_recall': 0.46661221521884, 'legacy_macro_recall': 0.5094314062201877, 'legacy_f1': 0.5623021989596294, 'macro_AUPR': 0.4254114659784866, 'micro_AUPR': 0.5212198475088969, 'Hit@1': 0.6274756725815684, 'Recall@3': 0.9150047700820458, 'micro_F1@0.5': 0.0703215376699736, 'macro_F1@0.5': 0.04046613138470652}
== simknn_misim: {'legacy_top1_precision': 0.6455638236977675, 'legacy_micro_recall': 0.48004847764493, 'legacy_macro_recall': 0.5263747376454881, 'legacy_f1': 0.5798897249861088, 'macro_AUPR': 0.43792480195201877, 'micro_AUPR': 0.5573744877940336, 'Hit@1': 0.6455638236977675, 'Recall@3': 0.9153005151688614, 'micro_F1@0.5': 0.09288738694827312, 'macro_F1@0.5': 0.051627166729309434}
total 9.2 s
