[CPU] torch.set_num_threads(14), interop=min(4, 14)
Using device: cpu
Y 411x271x5 pairs=8735 prov=DSSM+GIP(train)
优化模型初始化: miRNA数量 = 411, 疾病数量 = 271
   节点维度: 256 → 128
   类型数量: 5
   Temperature: 2.0 (可学习)
   Loss mode: multilabel_bce
   loss_mode=multilabel_bce
   class_weights_5 (neg+4types): ['0.023', '0.564', '3.548', '0.324', '1.171', '0.370']

✅ SimplifiedMultiTypeAssociationLoss 初始化 (改进版)
   类别权重 (beta=0.99999): ['0.472', '2.968', '0.271', '0.980', '0.310']
fold0 ep100 loss=15.1016 valF1=0.4265 best=0.4265
fold0 ep200 loss=14.0195 valF1=0.4693 best=0.4693
fold0 ep300 loss=13.3517 valF1=0.4550 best=0.4693
[fold 0] F1=0.4790 P=0.5386 miR=0.4058 maR=0.4313 Hit@1=0.5386 macroAUPR=0.3464 [1244.9s]
优化模型初始化: miRNA数量 = 411, 疾病数量 = 271
   节点维度: 256 → 128
   类型数量: 5
   Temperature: 2.0 (可学习)
   Loss mode: multilabel_bce
   loss_mode=multilabel_bce
   class_weights_5 (neg+4types): ['0.023', '0.564', '3.548', '0.324', '1.171', '0.370']

✅ SimplifiedMultiTypeAssociationLoss 初始化 (改进版)
   类别权重 (beta=0.99999): ['0.472', '2.968', '0.271', '0.980', '0.310']
fold1 ep100 loss=15.0912 valF1=0.4263 best=0.4299
[fold 1] F1=0.4333 P=0.4957 miR=0.3656 maR=0.3849 Hit@1=0.4957 macroAUPR=0.3361 [684.7s]
优化模型初始化: miRNA数量 = 411, 疾病数量 = 271
   节点维度: 256 → 128
   类型数量: 5
   Temperature: 2.0 (可学习)
   Loss mode: multilabel_bce
   loss_mode=multilabel_bce
   class_weights_5 (neg+4types): ['0.023', '0.564', '3.548', '0.324', '1.171', '0.370']

✅ SimplifiedMultiTypeAssociationLoss 初始化 (改进版)
   类别权重 (beta=0.99999): ['0.472', '2.968', '0.271', '0.980', '0.310']
fold2 ep100 loss=15.1129 valF1=0.4539 best=0.4543
[fold 2] F1=0.4268 P=0.4848 miR=0.3648 maR=0.3812 Hit@1=0.4848 macroAUPR=0.3420 [718.1s]
优化模型初始化: miRNA数量 = 411, 疾病数量 = 271
   节点维度: 256 → 128
   类型数量: 5
   Temperature: 2.0 (可学习)
   Loss mode: multilabel_bce
   loss_mode=multilabel_bce
   class_weights_5 (neg+4types): ['0.023', '0.564', '3.548', '0.324', '1.171', '0.370']

✅ SimplifiedMultiTypeAssociationLoss 初始化 (改进版)
   类别权重 (beta=0.99999): ['0.472', '2.968', '0.271', '0.980', '0.310']
fold3 ep100 loss=15.0616 valF1=0.4413 best=0.4427
fold3 ep200 loss=13.9700 valF1=0.4644 best=0.4644
fold3 ep300 loss=13.3609 valF1=0.4651 best=0.4651
[fold 3] F1=0.4541 P=0.5129 miR=0.3852 maR=0.4074 Hit@1=0.5129 macroAUPR=0.3683 [1417.8s]
优化模型初始化: miRNA数量 = 411, 疾病数量 = 271
   节点维度: 256 → 128
   类型数量: 5
   Temperature: 2.0 (可学习)
   Loss mode: multilabel_bce
   loss_mode=multilabel_bce
   class_weights_5 (neg+4types): ['0.023', '0.564', '3.548', '0.324', '1.171', '0.370']

✅ SimplifiedMultiTypeAssociationLoss 初始化 (改进版)
   类别权重 (beta=0.99999): ['0.472', '2.968', '0.271', '0.980', '0.310']
fold4 ep100 loss=15.1127 valF1=0.4298 best=0.4298
fold4 ep200 loss=13.9206 valF1=0.4179 best=0.4351
fold4 ep300 loss=13.2700 valF1=0.4373 best=0.4373
[fold 4] F1=0.4473 P=0.5152 miR=0.3731 maR=0.3952 Hit@1=0.5152 macroAUPR=0.3727 [1231.5s]
Traceback (most recent call last):
  File "/home/ubuntu/repos/DHGCMDA-fork/forensics/run_v32_spldeval.py", line 216, in <module>
    main()
  File "/home/ubuntu/repos/DHGCMDA-fork/forensics/run_v32_spldeval.py", line 209, in main
    json.dump({'aggregate': agg, 'folds': fold_rows,
  File "/usr/lib/python3.10/json/__init__.py", line 179, in dump
    for chunk in iterable:
  File "/usr/lib/python3.10/json/encoder.py", line 431, in _iterencode
    yield from _iterencode_dict(o, _current_indent_level)
  File "/usr/lib/python3.10/json/encoder.py", line 405, in _iterencode_dict
    yield from chunks
  File "/usr/lib/python3.10/json/encoder.py", line 325, in _iterencode_list
    yield from chunks
  File "/usr/lib/python3.10/json/encoder.py", line 405, in _iterencode_dict
    yield from chunks
  File "/usr/lib/python3.10/json/encoder.py", line 438, in _iterencode
    o = _default(o)
  File "/usr/lib/python3.10/json/encoder.py", line 179, in default
    raise TypeError(f'Object of type {o.__class__.__name__} '
TypeError: Object of type float32 is not JSON serializable
