Job1 (PID 1): seeds 0,42 (6 runs)
Job2 (PID 3): seed 1234 (3 runs)
[00:02:00] Job1=Running, Job2=Running
[00:04:00] Job1=Running, Job2=Running
[00:06:00] Job1=Running, Job2=Running
[00:08:00] Job1=Running, Job2=Running
[00:10:00] Job1=Running, Job2=Running
[00:12:00] Job1=Running, Job2=Running
[00:14:00] Job1=Running, Job2=Running
[00:16:00] Job1=Running, Job2=Running
[00:18:00] Job1=Running, Job2=Running
[00:20:00] Job1=Running, Job2=Running
[00:22:00] Job1=Running, Job2=Running
[00:24:00] Job1=Running, Job2=Running
[00:26:00] Job1=Running, Job2=Running
[00:28:01] Job1=Running, Job2=Running
[00:30:01] Job1=Running, Job2=Running
[00:32:01] Job1=Running, Job2=Running
[00:34:01] Job1=Running, Job2=Running
[00:36:01] Job1=Running, Job2=Running
[00:38:01] Job1=Running, Job2=Running
[00:40:01] Job1=Running, Job2=Running
[00:42:01] Job1=Running, Job2=Running
[00:44:01] Job1=Running, Job2=Running
[00:46:01] Job1=Running, Job2=Running
[00:48:01] Job1=Running, Job2=Running
[00:50:01] Job1=Running, Job2=Running
[00:52:01] Job1=Running, Job2=Running
[00:54:01] Job1=Running, Job2=Running
[00:56:01] Job1=Running, Job2=Running
[00:58:01] Job1=Running, Job2=Running
[01:00:01] Job1=Running, Job2=Running
[01:02:01] Job1=Running, Job2=Running
[01:04:01] Job1=Running, Job2=Running
[01:06:01] Job1=Running, Job2=Running
[01:08:01] Job1=Running, Job2=Running
[01:10:01] Job1=Running, Job2=Running
[01:12:01] Job1=Running, Job2=Running
[01:14:01] Job1=Running, Job2=Running
[01:16:01] Job1=Running, Job2=Running
[01:18:01] Job1=Running, Job2=Running
[01:20:01] Job1=Running, Job2=Running
[01:22:01] Job1=Running, Job2=Running
[01:24:01] Job1=Running, Job2=Running
[01:26:01] Job1=Running, Job2=Running
[01:28:01] Job1=Running, Job2=Running
[01:30:01] Job1=Running, Job2=Running
[01:32:01] Job1=Running, Job2=Running
[01:34:01] Job1=Running, Job2=Running
[01:36:01] Job1=Running, Job2=Running
[01:38:01] Job1=Running, Job2=Running
[01:40:01] Job1=Running, Job2=Running
[01:42:01] Job1=Running, Job2=Running
[01:44:01] Job1=Running, Job2=Running
[01:46:01] Job1=Running, Job2=Running
[01:48:01] Job1=Running, Job2=Running
[01:50:01] Job1=Running, Job2=Running
[01:52:01] Job1=Running, Job2=Running
[01:54:01] Job1=Running, Job2=Running
[01:56:01] Job1=Running, Job2=Running
[01:58:01] Job1=Running, Job2=Running
[02:00:01] Job1=Running, Job2=Running
[02:02:01] Job1=Running, Job2=Running
[02:04:01] Job1=Running, Job2=Running
[02:06:01] Job1=Running, Job2=Running
[02:08:01] Job1=Running, Job2=Running
[02:10:01] Job1=Running, Job2=Running
[02:12:01] Job1=Running, Job2=Running
[02:14:02] Job1=Running, Job2=Running
[02:16:02] Job1=Running, Job2=Running
[02:18:02] Job1=Running, Job2=Running
[02:20:02] Job1=Running, Job2=Running
[02:22:02] Job1=Running, Job2=Running
[02:24:02] Job1=Running, Job2=Running
[02:26:02] Job1=Running, Job2=Running
[02:28:02] Job1=Running, Job2=Running
[02:30:02] Job1=Running, Job2=Running
[02:32:02] Job1=Running, Job2=Running
[02:34:02] Job1=Running, Job2=Running
[02:36:02] Job1=Running, Job2=Running
[02:38:02] Job1=Running, Job2=Running
[02:40:02] Job1=Running, Job2=Running
[02:42:02] Job1=Running, Job2=Running
[02:44:02] Job1=Running, Job2=Running
[02:46:02] Job1=Running, Job2=Completed
[02:48:02] Job1=Running, Job2=Completed
[02:50:02] Job1=Running, Job2=Completed
[02:52:02] Job1=Running, Job2=Completed
[02:54:02] Job1=Running, Job2=Completed
[02:56:02] Job1=Running, Job2=Completed
[02:58:02] Job1=Running, Job2=Completed
[03:00:02] Job1=Running, Job2=Completed
[03:02:02] Job1=Running, Job2=Completed
[03:04:02] Job1=Running, Job2=Completed
[03:06:02] Job1=Running, Job2=Completed
[03:08:02] Job1=Running, Job2=Completed
[03:10:02] Job1=Running, Job2=Completed
[03:12:02] Job1=Running, Job2=Completed
[03:14:02] Job1=Running, Job2=Completed
[03:16:02] Job1=Running, Job2=Completed
[03:18:02] Job1=Running, Job2=Completed
[03:20:02] Job1=Running, Job2=Completed
[03:22:02] Job1=Running, Job2=Completed
[03:24:02] Job1=Running, Job2=Completed
[03:26:02] Job1=Running, Job2=Completed
[03:28:02] Job1=Running, Job2=Completed
[03:30:02] Job1=Running, Job2=Completed
[03:32:02] Job1=Running, Job2=Completed
[03:34:02] Job1=Running, Job2=Completed
[03:36:02] Job1=Running, Job2=Completed
[03:38:02] Job1=Running, Job2=Completed
[03:40:02] Job1=Running, Job2=Completed
[03:42:02] Job1=Running, Job2=Completed
[03:44:02] Job1=Running, Job2=Completed
[03:46:02] Job1=Running, Job2=Completed
[03:48:02] Job1=Running, Job2=Completed
[03:50:02] Job1=Running, Job2=Completed
[03:52:02] Job1=Running, Job2=Completed
[03:54:02] Job1=Running, Job2=Completed
[03:56:02] Job1=Running, Job2=Completed
[03:58:02] Job1=Running, Job2=Completed
[04:00:02] Job1=Running, Job2=Completed
[04:02:02] Job1=Running, Job2=Completed
[04:04:02] Job1=Running, Job2=Completed
[04:06:02] Job1=Running, Job2=Completed
[04:08:02] Job1=Running, Job2=Completed
[04:10:02] Job1=Running, Job2=Completed
[04:12:03] Job1=Running, Job2=Completed
[04:14:03] Job1=Running, Job2=Completed
[04:16:03] Job1=Running, Job2=Completed
[04:18:03] Job1=Running, Job2=Completed
[04:20:03] Job1=Completed, Job2=Completed
[MS-Job1] seed=0 baseline...
[MS-Job1] seed=0 no_cl...
[MS-Job1] seed=0 no_hgt...
[MS-Job1] seed=42 baseline...
[MS-Job1] seed=42 no_cl...
[MS-Job1] seed=42 no_hgt...
[MS-Job1] DONE
  Top-1 F1: 0.6403
==========================================================================================
[MS-Job2] seed=1234 baseline...
[MS-Job2] seed=1234 no_cl...
[MS-Job2] seed=1234 no_hgt...
[MS-Job2] DONE
  Top-1 F1: 0.6344
==========================================================================================
DONE in 04:20:03
