======================================================================
[PATCH] Metric_fun.compute_top1_metrics -> general-K CORRECT version
[PATCH] NO repo source file modified. Fix lives in this script only.
======================================================================
[INFO] Auto-computed BALANCED class weights (to prevent class collapse):
  Circulation  (  367 samples): 0.780
  Epigenetics  (  157 samples): 1.823
  Target       (  293 samples): 0.977
  Genetics     (  681 samples): 0.420
  [NOTE] Higher weights for minority classes to prevent model from only predicting majority class
[INFO] Using v3.2_wang dataset (Wang MeSH semantic + functional sim):
  miRNAs: 713
  Diseases: 447
  Expected associations: ~16,341 (TDRC preprocessing)
  Types: 5 (Circulation, Epigenetics, Target, Genetics, Tissue)

================================================================================
Configuration Summary
================================================================================
Dataset: v3.2_wang
Data Path: ./
Model: HeterogenousGraphCLAMIR
  - HGT Layers: 2
  - Attention Heads: 4
  - Association Types: 5
  - Inter-view CL: Enabled
    - Weight: 0.3
    - Temperature: 0.5
    - Margin: 0.5

Training:
  - Epochs: 300
  - Learning Rate: 0.0001
  - Dropout: 0.3
  - Weight Decay: 5e-05
  - Focal Loss: Enabled

Evaluation:
  - Cross-Validation Folds: 3
  - Primary Metric: AUPR

Device: cpu
Random Seed: 1234
================================================================================

[RUN] dataset=v3.2_wang loss_mode=two_head epoch=300 validation=3 predictor_mode=full_bilinear
[CPU] torch.set_num_threads(8), interop=min(4, 8)
Using device: cpu
🎯 Loading dual-view data...
Starting dual-view data preparation with new file format...
Loading all similarity and feature files from v3.2_wang...
✅ Loaded disease semantic similarity from D_SSM1.txt: (447, 447)
✅ Loaded miRNA functional similarity from M_FSM.txt: (713, 713)
✅ Loaded multi-type association pairs from ./v3.2_wang/multi_all_mirna_disease_pairs_without_negative.csv: (12534, 3)
✅ Created multi-type association matrix: (713, 447)
📊 Multi-type Association Statistics:
   无关联 (No association): 306177 pairs (96.07%)
   循环类型 (Circulation): 3310 pairs (1.04%)
   表观遗传学 (Epigenetics): 411 pairs (0.13%)
   靶标类型 (Target): 4810 pairs (1.51%)
   遗传学类型 (Genetics): 850 pairs (0.27%)
   组织表达 (Tissue): 3153 pairs (0.99%)
✅ Created association matrix from CSV: (713, 447)
✅ Loaded disease-gene features from D_SSM2.txt: torch.Size([447, 447])
✅ Loaded miRNA-sequence features from M_GSM.txt: torch.Size([713, 713])
Processing integrated similarity matrices...
Computing similarity matrices...
Similarity matrices computed in 0.08 seconds
Processing indices...
Computing indices (seed=1234)...
Indices computed in 1.95 seconds
✅ Dual-view data preparation completed in 2.52 seconds

============================================================
🎯 DUAL-VIEW CONFIGURATION SUMMARY (v3.2_wang)
============================================================
miRNA Dual Views:
  📊 View 1 (Sequence): M_GSM.txt torch.Size([713, 713])
  📊 View 2 (Function): M_FSM.txt torch.Size([713, 713])

Disease Dual Views:
  📊 View 1 (Gene): D_SSM2.txt torch.Size([447, 447])
  📊 View 2 (Semantic): D_SSM1.txt torch.Size([447, 447])

Association Matrix: torch.Size([713, 447])
Data source: v3.2_wang (713 miRNAs × 447 Diseases)
============================================================
Preloading dual-view data to device...
✅ Loaded disease-gene features to device: torch.Size([447, 447])
✅ Loaded miRNA-sequence features to device: torch.Size([713, 713])
✅ Loaded disease semantic similarity to device: torch.Size([447, 447])
✅ Loaded miRNA functional similarity to device: torch.Size([713, 713])
✅ Dual-view data preloading completed in 0.00 seconds
OptimizedDataset initialized with 3 folds
Using device: cpu
=== Cross Validation Fold 1/3 ===
Using hidden dimensions: [256, 256] with 4 attention heads
优化模型初始化: miRNA数量 = 713, 疾病数量 = 447
   节点维度: 256 → 128
   类型数量: 5
   Temperature: 2.0 (可学习)
   Loss mode: two_head
   loss_mode=two_head
   exist_weight=0.300, type_weight=0.700

✅ SimplifiedMultiTypeAssociationLoss 初始化 (改进版)
   类别权重 (beta=0.99999): ['0.344', '2.732', '0.239', '1.324', '0.361']
Original positive index shape: torch.Size([7518, 2])
Original negative index shape: torch.Size([183702, 2])
采样后负样本数量: 75180
🎯 Building TRUE DUAL VIEWS from four different sources...
📊 Data sources loaded:
  Disease semantic: torch.Size([447, 447])
  miRNA functional: torch.Size([713, 713])
  Disease-gene: torch.Size([447, 447])
  miRNA-sequence: torch.Size([713, 713])
🧬 Building miRNA dual-view hypergraphs...
  📊 miRNA View 1 (Sequence): torch.Size([713, 1160])
  📊 miRNA View 2 (Function): torch.Size([713, 1160])
🦠 Building disease dual-view hypergraphs...
  📊 Disease View 1 (Gene): torch.Size([447, 1160])
  📊 Disease View 2 (Semantic): torch.Size([447, 1160])
✅ Successfully built TRUE DUAL VIEWS:
   🧬 miRNA: Sequence Features (m_ss.xlsx) vs Functional Similarity (mi_fun_sim_2.0.csv)
   🦠 Disease: Gene Features (d_gs.xlsx) vs Semantic Similarity (dis_sem_sim_2.0.csv)

🔧 Epoch 1 梯度检查:
================================================================================

  参数名称                              梯度范数         梯度均值 状态             
  ----------------------------------------------------------------------
  type_relations                0.000028     0.000001 ✅ 正常           
  exist_relation                0.000142     0.000010 ✅ 正常           
  mi_proj_layer0                0.989618     0.003553 ✅ 正常           
  dis_proj_layer0               1.225199     0.004669 ✅ 正常           
================================================================================

Epoch 1, Total Loss: 20.7138, Recover Loss: 1.3845, miRNA CL: 9.2200, Disease CL: 8.6334, Inter-view (est): 4.1200, Recon Loss: 1.1586, Time: 4.81s
[INFO] Hypergraph updated at epoch 5
[INFO] Hypergraph updated at epoch 10
[INFO] Hypergraph updated at epoch 15
[INFO] Hypergraph updated at epoch 20
[INFO] Hypergraph updated at epoch 25
[INFO] Hypergraph updated at epoch 30
[INFO] Hypergraph updated at epoch 35
[INFO] Hypergraph updated at epoch 40
[INFO] Hypergraph updated at epoch 45
[INFO] Hypergraph updated at epoch 50

🔧 Epoch 50 梯度检查:
================================================================================

  参数名称                              梯度范数         梯度均值 状态             
  ----------------------------------------------------------------------
  type_relations                0.000019     0.000000 ✅ 正常           
  exist_relation                0.000137     0.000009 ✅ 正常           
  mi_proj_layer0                0.057803     0.000204 ✅ 正常           
  dis_proj_layer0               0.056887     0.000215 ✅ 正常           
================================================================================

Epoch 50, Total Loss: 17.4472, Recover Loss: 1.2065, miRNA CL: 8.0391, Disease CL: 7.8176, Inter-view (est): 3.6592, Recon Loss: 0.0783, Time: 310.11s
[INFO] Hypergraph updated at epoch 100

🔧 Epoch 100 梯度检查:
================================================================================

  参数名称                              梯度范数         梯度均值 状态             
  ----------------------------------------------------------------------
  type_relations                0.000011     0.000000 ✅ 正常           
  exist_relation                0.000131     0.000009 ✅ 正常           
  mi_proj_layer0                0.050173     0.000184 ✅ 正常           
  dis_proj_layer0               0.041233     0.000153 ✅ 正常           
================================================================================

Epoch 100, Total Loss: 16.0137, Recover Loss: 1.1811, miRNA CL: 7.4599, Disease CL: 7.0504, Inter-view (est): 3.3485, Recon Loss: 0.0295, Time: 555.47s
[INFO] Hypergraph updated at epoch 150

🔧 Epoch 150 梯度检查:
================================================================================

  参数名称                              梯度范数         梯度均值 状态             
  ----------------------------------------------------------------------
  type_relations                0.000007     0.000000 ✅ 正常           
  exist_relation                0.000127     0.000008 ✅ 正常           
  mi_proj_layer0                0.061065     0.000215 ✅ 正常           
  dis_proj_layer0               0.070274     0.000244 ✅ 正常           
================================================================================

Epoch 150, Total Loss: 15.3167, Recover Loss: 1.1647, miRNA CL: 7.1274, Disease CL: 6.7153, Inter-view (est): 3.1945, Recon Loss: 0.0270, Time: 887.84s
[INFO] Hypergraph updated at epoch 200

🔧 Epoch 200 梯度检查:
================================================================================

  参数名称                              梯度范数         梯度均值 状态             
  ----------------------------------------------------------------------
  type_relations                0.000004     0.000000 ✅ 正常           
  exist_relation                0.000122     0.000008 ✅ 正常           
  mi_proj_layer0                0.044213     0.000158 ✅ 正常           
  dis_proj_layer0               0.038059     0.000138 ✅ 正常           
================================================================================

Epoch 200, Total Loss: 15.0701, Recover Loss: 1.1501, miRNA CL: 7.0310, Disease CL: 6.5896, Inter-view (est): 3.1432, Recon Loss: 0.0253, Time: 1209.10s
[INFO] Hypergraph updated at epoch 250

🔧 Epoch 250 梯度检查:
================================================================================

  参数名称                              梯度范数         梯度均值 状态             
  ----------------------------------------------------------------------
  type_relations                0.000003     0.000000 ✅ 正常           
  exist_relation                0.000118     0.000007 ✅ 正常           
  mi_proj_layer0                0.030380     0.000122 ✅ 正常           
  dis_proj_layer0               0.031030     0.000119 ✅ 正常           
================================================================================

Epoch 250, Total Loss: 14.9170, Recover Loss: 1.1364, miRNA CL: 6.9750, Disease CL: 6.5147, Inter-view (est): 3.1130, Recon Loss: 0.0238, Time: 1584.11s
[INFO] Hypergraph updated at epoch 300

🔧 Epoch 300 梯度检查:
================================================================================

  参数名称                              梯度范数         梯度均值 状态             
  ----------------------------------------------------------------------
  type_relations                0.000002     0.000000 ✅ 正常           
  exist_relation                0.000114     0.000007 ✅ 正常           
  mi_proj_layer0                0.035829     0.000137 ✅ 正常           
  dis_proj_layer0               0.041022     0.000156 ✅ 正常           
================================================================================

Epoch 300, Total Loss: 14.8122, Recover Loss: 1.1203, miRNA CL: 6.9389, Disease CL: 6.4695, Inter-view (est): 3.0942, Recon Loss: 0.0225, Time: 1893.48s

================================================================================
Training completed. Running final test...
================================================================================
[CORRECT-METRIC] valid_samples=3759 P=0.2932 R=0.3616 F1=0.3238 | acc=0.2932 macroP=0.2409 macroR=0.3616 macroF1=0.2183 weightedF1=0.2282 per_type_total={2: 1448, 4: 932, 1: 112, 0: 1019, 3: 248}
[CORRECT-METRIC] valid_samples=3759 P=0.2932 R=0.3616 F1=0.3238 | acc=0.2932 macroP=0.2409 macroR=0.3616 macroF1=0.2183 weightedF1=0.2282 per_type_total={2: 1448, 4: 932, 1: 112, 0: 1019, 3: 248}
[CORRECT-METRIC] valid_samples=3759 P=0.2932 R=0.3616 F1=0.3238 | acc=0.2932 macroP=0.2409 macroR=0.3616 macroF1=0.2183 weightedF1=0.2282 per_type_total={2: 1448, 4: 932, 1: 112, 0: 1019, 3: 248}
[CORRECT-METRIC] valid_samples=3759 P=0.2932 R=0.3616 F1=0.3238 | acc=0.2932 macroP=0.2409 macroR=0.3616 macroF1=0.2183 weightedF1=0.2282 per_type_total={2: 1448, 4: 932, 1: 112, 0: 1019, 3: 248}
[CORRECT-METRIC] valid_samples=3759 P=0.2932 R=0.3616 F1=0.3238 | acc=0.2932 macroP=0.2409 macroR=0.3616 macroF1=0.2183 weightedF1=0.2282 per_type_total={2: 1448, 4: 932, 1: 112, 0: 1019, 3: 248}
Fold 1 completed - AUC: 0.9108, Top-1 F1: 0.3238
Fold 1 training time: 1899.86 seconds
=== Cross Validation Fold 2/3 ===
Using hidden dimensions: [256, 256] with 4 attention heads
优化模型初始化: miRNA数量 = 713, 疾病数量 = 447
   节点维度: 256 → 128
   类型数量: 5
   Temperature: 2.0 (可学习)
   Loss mode: two_head
   loss_mode=two_head
   exist_weight=0.300, type_weight=0.700

✅ SimplifiedMultiTypeAssociationLoss 初始化 (改进版)
   类别权重 (beta=0.99999): ['0.344', '2.732', '0.239', '1.324', '0.361']
Original positive index shape: torch.Size([7518, 2])
Original negative index shape: torch.Size([183702, 2])
采样后负样本数量: 75180
🎯 Building TRUE DUAL VIEWS from four different sources...
📊 Data sources loaded:
  Disease semantic: torch.Size([447, 447])
  miRNA functional: torch.Size([713, 713])
  Disease-gene: torch.Size([447, 447])
  miRNA-sequence: torch.Size([713, 713])
🧬 Building miRNA dual-view hypergraphs...
  📊 miRNA View 1 (Sequence): torch.Size([713, 1160])
  📊 miRNA View 2 (Function): torch.Size([713, 1160])
🦠 Building disease dual-view hypergraphs...
  📊 Disease View 1 (Gene): torch.Size([447, 1160])
  📊 Disease View 2 (Semantic): torch.Size([447, 1160])
✅ Successfully built TRUE DUAL VIEWS:
   🧬 miRNA: Sequence Features (m_ss.xlsx) vs Functional Similarity (mi_fun_sim_2.0.csv)
   🦠 Disease: Gene Features (d_gs.xlsx) vs Semantic Similarity (dis_sem_sim_2.0.csv)

🔧 Epoch 1 梯度检查:
================================================================================

  参数名称                              梯度范数         梯度均值 状态             
  ----------------------------------------------------------------------
  type_relations                0.000028     0.000001 ✅ 正常           
  exist_relation                0.000144     0.000010 ✅ 正常           
  mi_proj_layer0                1.046801     0.003978 ✅ 正常           
  dis_proj_layer0               1.012381     0.003656 ✅ 正常           
================================================================================

Epoch 1, Total Loss: 20.7574, Recover Loss: 1.3802, miRNA CL: 9.2691, Disease CL: 8.6133, Inter-view (est): 4.1267, Recon Loss: 1.1771, Time: 5.75s
[INFO] Hypergraph updated at epoch 5
[INFO] Hypergraph updated at epoch 10
[INFO] Hypergraph updated at epoch 15
[INFO] Hypergraph updated at epoch 20
[INFO] Hypergraph updated at epoch 25
[INFO] Hypergraph updated at epoch 30
[INFO] Hypergraph updated at epoch 35
[INFO] Hypergraph updated at epoch 40
[INFO] Hypergraph updated at epoch 45
[INFO] Hypergraph updated at epoch 50

🔧 Epoch 50 梯度检查:
================================================================================

  参数名称                              梯度范数         梯度均值 状态             
  ----------------------------------------------------------------------
  type_relations                0.000019     0.000000 ✅ 正常           
  exist_relation                0.000139     0.000010 ✅ 正常           
  mi_proj_layer0                0.065513     0.000235 ✅ 正常           
  dis_proj_layer0               0.066182     0.000244 ✅ 正常           
================================================================================

Epoch 50, Total Loss: 17.4833, Recover Loss: 1.2128, miRNA CL: 8.0346, Disease CL: 7.8560, Inter-view (est): 3.6671, Recon Loss: 0.0744, Time: 462.24s
[INFO] Hypergraph updated at epoch 100

🔧 Epoch 100 梯度检查:
================================================================================

  参数名称                              梯度范数         梯度均值 状态             
  ----------------------------------------------------------------------
  type_relations                0.000011     0.000000 ✅ 正常           
  exist_relation                0.000134     0.000009 ✅ 正常           
  mi_proj_layer0                0.049490     0.000181 ✅ 正常           
  dis_proj_layer0               0.046623     0.000168 ✅ 正常           
================================================================================

Epoch 100, Total Loss: 16.0426, Recover Loss: 1.1890, miRNA CL: 7.3956, Disease CL: 7.1376, Inter-view (est): 3.3538, Recon Loss: 0.0289, Time: 793.56s
[INFO] Hypergraph updated at epoch 150

🔧 Epoch 150 梯度检查:
================================================================================

  参数名称                              梯度范数         梯度均值 状态             
  ----------------------------------------------------------------------
  type_relations                0.000006     0.000000 ✅ 正常           
  exist_relation                0.000129     0.000008 ✅ 正常           
  mi_proj_layer0                0.050408     0.000186 ✅ 正常           
  dis_proj_layer0               0.043803     0.000159 ✅ 正常           
================================================================================

Epoch 150, Total Loss: 15.3426, Recover Loss: 1.1679, miRNA CL: 7.1064, Disease CL: 6.7619, Inter-view (est): 3.2004, Recon Loss: 0.0254, Time: 1170.59s
[INFO] Hypergraph updated at epoch 200

🔧 Epoch 200 梯度检查:
================================================================================

  参数名称                              梯度范数         梯度均值 状态             
  ----------------------------------------------------------------------
  type_relations                0.000004     0.000000 ✅ 正常           
  exist_relation                0.000124     0.000008 ✅ 正常           
  mi_proj_layer0                0.041613     0.000159 ✅ 正常           
  dis_proj_layer0               0.041884     0.000157 ✅ 正常           
================================================================================

Epoch 200, Total Loss: 15.0862, Recover Loss: 1.1504, miRNA CL: 7.0161, Disease CL: 6.6225, Inter-view (est): 3.1474, Recon Loss: 0.0248, Time: 1488.97s
[INFO] Hypergraph updated at epoch 250

🔧 Epoch 250 梯度检查:
================================================================================

  参数名称                              梯度范数         梯度均值 状态             
  ----------------------------------------------------------------------
  type_relations                0.000002     0.000000 ✅ 正常           
  exist_relation                0.000120     0.000008 ✅ 正常           
  mi_proj_layer0                0.035791     0.000144 ✅ 正常           
  dis_proj_layer0               0.036927     0.000141 ✅ 正常           
================================================================================

Epoch 250, Total Loss: 14.9278, Recover Loss: 1.1328, miRNA CL: 6.9649, Disease CL: 6.5414, Inter-view (est): 3.1168, Recon Loss: 0.0235, Time: 1853.72s
[INFO] Hypergraph updated at epoch 300

🔧 Epoch 300 梯度检查:
================================================================================

  参数名称                              梯度范数         梯度均值 状态             
  ----------------------------------------------------------------------
  type_relations                0.000001     0.000000 ✅ 正常           
  exist_relation                0.000116     0.000007 ✅ 正常           
  mi_proj_layer0                0.048886     0.000192 ✅ 正常           
  dis_proj_layer0               0.048614     0.000182 ✅ 正常           
================================================================================

Epoch 300, Total Loss: 14.8187, Recover Loss: 1.1196, miRNA CL: 6.9314, Disease CL: 6.4862, Inter-view (est): 3.0964, Recon Loss: 0.0225, Time: 2163.46s

================================================================================
Training completed. Running final test...
================================================================================
[CORRECT-METRIC] valid_samples=3759 P=0.2897 R=0.3743 F1=0.3266 | acc=0.2897 macroP=0.2536 macroR=0.3743 macroF1=0.2168 weightedF1=0.2040 per_type_total={0: 973, 4: 988, 2: 1425, 1: 129, 3: 244}
[CORRECT-METRIC] valid_samples=3759 P=0.2897 R=0.3743 F1=0.3266 | acc=0.2897 macroP=0.2536 macroR=0.3743 macroF1=0.2168 weightedF1=0.2040 per_type_total={0: 973, 4: 988, 2: 1425, 1: 129, 3: 244}
[CORRECT-METRIC] valid_samples=3759 P=0.2897 R=0.3743 F1=0.3266 | acc=0.2897 macroP=0.2536 macroR=0.3743 macroF1=0.2168 weightedF1=0.2040 per_type_total={0: 973, 4: 988, 2: 1425, 1: 129, 3: 244}
[CORRECT-METRIC] valid_samples=3759 P=0.2897 R=0.3743 F1=0.3266 | acc=0.2897 macroP=0.2536 macroR=0.3743 macroF1=0.2168 weightedF1=0.2040 per_type_total={0: 973, 4: 988, 2: 1425, 1: 129, 3: 244}
[CORRECT-METRIC] valid_samples=3759 P=0.2897 R=0.3743 F1=0.3266 | acc=0.2897 macroP=0.2536 macroR=0.3743 macroF1=0.2168 weightedF1=0.2040 per_type_total={0: 973, 4: 988, 2: 1425, 1: 129, 3: 244}
Fold 2 completed - AUC: 0.9180, Top-1 F1: 0.3266
Fold 2 training time: 2168.98 seconds
=== Cross Validation Fold 3/3 ===
Using hidden dimensions: [256, 256] with 4 attention heads
优化模型初始化: miRNA数量 = 713, 疾病数量 = 447
   节点维度: 256 → 128
   类型数量: 5
   Temperature: 2.0 (可学习)
   Loss mode: two_head
   loss_mode=two_head
   exist_weight=0.300, type_weight=0.700

✅ SimplifiedMultiTypeAssociationLoss 初始化 (改进版)
   类别权重 (beta=0.99999): ['0.344', '2.732', '0.239', '1.324', '0.361']
Original positive index shape: torch.Size([7518, 2])
Original negative index shape: torch.Size([183702, 2])
采样后负样本数量: 75180
🎯 Building TRUE DUAL VIEWS from four different sources...
📊 Data sources loaded:
  Disease semantic: torch.Size([447, 447])
  miRNA functional: torch.Size([713, 713])
  Disease-gene: torch.Size([447, 447])
  miRNA-sequence: torch.Size([713, 713])
🧬 Building miRNA dual-view hypergraphs...
  📊 miRNA View 1 (Sequence): torch.Size([713, 1160])
  📊 miRNA View 2 (Function): torch.Size([713, 1160])
🦠 Building disease dual-view hypergraphs...
  📊 Disease View 1 (Gene): torch.Size([447, 1160])
  📊 Disease View 2 (Semantic): torch.Size([447, 1160])
✅ Successfully built TRUE DUAL VIEWS:
   🧬 miRNA: Sequence Features (m_ss.xlsx) vs Functional Similarity (mi_fun_sim_2.0.csv)
   🦠 Disease: Gene Features (d_gs.xlsx) vs Semantic Similarity (dis_sem_sim_2.0.csv)

🔧 Epoch 1 梯度检查:
================================================================================

  参数名称                              梯度范数         梯度均值 状态             
  ----------------------------------------------------------------------
  type_relations                0.000028     0.000001 ✅ 正常           
  exist_relation                0.000136     0.000010 ✅ 正常           
  mi_proj_layer0                1.054683     0.003969 ✅ 正常           
  dis_proj_layer0               1.406932     0.005327 ✅ 正常           
================================================================================

Epoch 1, Total Loss: 20.7846, Recover Loss: 1.4015, miRNA CL: 9.2921, Disease CL: 8.6483, Inter-view (est): 4.1401, Recon Loss: 1.1252, Time: 5.09s
[INFO] Hypergraph updated at epoch 5
[INFO] Hypergraph updated at epoch 10
[INFO] Hypergraph updated at epoch 15
[INFO] Hypergraph updated at epoch 20
[INFO] Hypergraph updated at epoch 25
[INFO] Hypergraph updated at epoch 30
[INFO] Hypergraph updated at epoch 35
[INFO] Hypergraph updated at epoch 40
[INFO] Hypergraph updated at epoch 45
[INFO] Hypergraph updated at epoch 50

🔧 Epoch 50 梯度检查:
================================================================================

  参数名称                              梯度范数         梯度均值 状态             
  ----------------------------------------------------------------------
  type_relations                0.000019     0.000000 ✅ 正常           
  exist_relation                0.000131     0.000009 ✅ 正常           
  mi_proj_layer0                0.047302     0.000172 ✅ 正常           
  dis_proj_layer0               0.054158     0.000199 ✅ 正常           
================================================================================

Epoch 50, Total Loss: 17.4537, Recover Loss: 1.2130, miRNA CL: 8.0449, Disease CL: 7.8198, Inter-view (est): 3.6611, Recon Loss: 0.0703, Time: 412.58s
[INFO] Hypergraph updated at epoch 100

🔧 Epoch 100 梯度检查:
================================================================================

  参数名称                              梯度范数         梯度均值 状态             
  ----------------------------------------------------------------------
  type_relations                0.000011     0.000000 ✅ 正常           
  exist_relation                0.000126     0.000008 ✅ 正常           
  mi_proj_layer0                0.054675     0.000198 ✅ 正常           
  dis_proj_layer0               0.040747     0.000149 ✅ 正常           
================================================================================

Epoch 100, Total Loss: 16.0536, Recover Loss: 1.1877, miRNA CL: 7.4585, Disease CL: 7.0848, Inter-view (est): 3.3561, Recon Loss: 0.0306, Time: 743.89s
[INFO] Hypergraph updated at epoch 150

🔧 Epoch 150 梯度检查:
================================================================================

  参数名称                              梯度范数         梯度均值 状态             
  ----------------------------------------------------------------------
  type_relations                0.000007     0.000000 ✅ 正常           
  exist_relation                0.000121     0.000008 ✅ 正常           
  mi_proj_layer0                0.042606     0.000157 ✅ 正常           
  dis_proj_layer0               0.036943     0.000141 ✅ 正常           
================================================================================

Epoch 150, Total Loss: 15.3211, Recover Loss: 1.1696, miRNA CL: 7.1264, Disease CL: 6.7174, Inter-view (est): 3.1947, Recon Loss: 0.0262, Time: 1063.67s
[INFO] Hypergraph updated at epoch 200

🔧 Epoch 200 梯度检查:
================================================================================

  参数名称                              梯度范数         梯度均值 状态             
  ----------------------------------------------------------------------
  type_relations                0.000005     0.000000 ✅ 正常           
  exist_relation                0.000116     0.000008 ✅ 正常           
  mi_proj_layer0                0.031859     0.000126 ✅ 正常           
  dis_proj_layer0               0.033186     0.000127 ✅ 正常           
================================================================================

Epoch 200, Total Loss: 15.0728, Recover Loss: 1.1519, miRNA CL: 7.0257, Disease CL: 6.5978, Inter-view (est): 3.1439, Recon Loss: 0.0245, Time: 1388.01s
[INFO] Hypergraph updated at epoch 250

🔧 Epoch 250 梯度检查:
================================================================================

  参数名称                              梯度范数         梯度均值 状态             
  ----------------------------------------------------------------------
  type_relations                0.000003     0.000000 ✅ 正常           
  exist_relation                0.000112     0.000007 ✅ 正常           
  mi_proj_layer0                0.036129     0.000141 ✅ 正常           
  dis_proj_layer0               0.039262     0.000154 ✅ 正常           
================================================================================

Epoch 250, Total Loss: 14.9171, Recover Loss: 1.1355, miRNA CL: 6.9678, Disease CL: 6.5244, Inter-view (est): 3.1136, Recon Loss: 0.0238, Time: 1704.90s
[INFO] Hypergraph updated at epoch 300

🔧 Epoch 300 梯度检查:
================================================================================

  参数名称                              梯度范数         梯度均值 状态             
  ----------------------------------------------------------------------
  type_relations                0.000002     0.000000 ✅ 正常           
  exist_relation                0.000108     0.000007 ✅ 正常           
  mi_proj_layer0                0.042997     0.000170 ✅ 正常           
  dis_proj_layer0               0.052600     0.000200 ✅ 正常           
================================================================================

Epoch 300, Total Loss: 14.8100, Recover Loss: 1.1194, miRNA CL: 6.9317, Disease CL: 6.4774, Inter-view (est): 3.0944, Recon Loss: 0.0222, Time: 2025.37s

================================================================================
Training completed. Running final test...
================================================================================
[CORRECT-METRIC] valid_samples=3759 P=0.2852 R=0.3622 F1=0.3191 | acc=0.2852 macroP=0.2556 macroR=0.3622 macroF1=0.2159 weightedF1=0.2060 per_type_total={2: 1480, 3: 275, 4: 917, 0: 968, 1: 119}
[CORRECT-METRIC] valid_samples=3759 P=0.2852 R=0.3622 F1=0.3191 | acc=0.2852 macroP=0.2556 macroR=0.3622 macroF1=0.2159 weightedF1=0.2060 per_type_total={2: 1480, 3: 275, 4: 917, 0: 968, 1: 119}
[CORRECT-METRIC] valid_samples=3759 P=0.2852 R=0.3622 F1=0.3191 | acc=0.2852 macroP=0.2556 macroR=0.3622 macroF1=0.2159 weightedF1=0.2060 per_type_total={2: 1480, 3: 275, 4: 917, 0: 968, 1: 119}
[CORRECT-METRIC] valid_samples=3759 P=0.2852 R=0.3622 F1=0.3191 | acc=0.2852 macroP=0.2556 macroR=0.3622 macroF1=0.2159 weightedF1=0.2060 per_type_total={2: 1480, 3: 275, 4: 917, 0: 968, 1: 119}
[CORRECT-METRIC] valid_samples=3759 P=0.2852 R=0.3622 F1=0.3191 | acc=0.2852 macroP=0.2556 macroR=0.3622 macroF1=0.2159 weightedF1=0.2060 per_type_total={2: 1480, 3: 275, 4: 917, 0: 968, 1: 119}
Fold 3 completed - AUC: 0.9112, Top-1 F1: 0.3191
Fold 3 training time: 2030.85 seconds
Average binary metrics across folds: [[0.91333995 0.91157982 0.83794809 0.8298927  0.87961337 0.78017203
  0.80015944]]
🎯 Average Top-1 metrics across folds: {'top1_precision': 0.2893500044338033, 'top1_recall': 0.36601630404066093, 'top1_f1': 0.3231697416227355}

📊 CV_type Style Metrics Details:
  AUC            : 0.9133
  AUPR           : 0.9116
  F1             : 0.8379
  Accuracy       : 0.8299
  Recall         : 0.8796
  Specificity    : 0.7802
  Precision      : 0.8002

🎯 Top-1 Metrics Details:
  top1_precision : 0.2894
  top1_recall    : 0.3660
  top1_f1        : 0.3232
