Both jobs started. Polling every 60s...
Job1 (PID: 1): baseline, no_cl, no_hgcn
Job2 (PID: 3): no_avf, no_hgt, no_dv
[00:01:00] Job1=Running, Job2=Running
[00:02:01] Job1=Running, Job2=Running
[00:03:01] Job1=Running, Job2=Running
[00:04:01] Job1=Running, Job2=Running
[00:05:01] Job1=Running, Job2=Running
[00:06:01] Job1=Running, Job2=Running
[00:07:01] Job1=Running, Job2=Running
[00:08:01] Job1=Running, Job2=Running
[00:09:01] Job1=Running, Job2=Running
[00:10:01] Job1=Running, Job2=Running
[00:11:01] Job1=Running, Job2=Running
[00:12:01] Job1=Running, Job2=Running
[00:13:01] Job1=Running, Job2=Running
[00:14:01] Job1=Running, Job2=Running
[00:15:01] Job1=Running, Job2=Running
[00:16:01] Job1=Running, Job2=Running
[00:17:01] Job1=Running, Job2=Running
[00:18:01] Job1=Running, Job2=Running
[00:19:01] Job1=Running, Job2=Running
[00:20:01] Job1=Running, Job2=Running
[00:21:01] Job1=Running, Job2=Running
[00:22:01] Job1=Running, Job2=Running
[00:23:01] Job1=Running, Job2=Running
[00:24:01] Job1=Running, Job2=Running
[00:25:01] Job1=Running, Job2=Running
[00:26:01] Job1=Running, Job2=Running
[00:27:01] Job1=Running, Job2=Running
[00:28:01] Job1=Running, Job2=Running
[00:29:01] Job1=Running, Job2=Running
[00:30:01] Job1=Running, Job2=Running
[00:31:01] Job1=Running, Job2=Running
[00:32:01] Job1=Running, Job2=Running
[00:33:01] Job1=Running, Job2=Running
[00:34:01] Job1=Running, Job2=Running
[00:35:01] Job1=Running, Job2=Running
[00:36:01] Job1=Running, Job2=Running
[00:37:01] Job1=Running, Job2=Running
[00:38:01] Job1=Running, Job2=Running
[00:39:01] Job1=Running, Job2=Running
[00:40:01] Job1=Running, Job2=Running
[00:41:01] Job1=Running, Job2=Running
[00:42:01] Job1=Running, Job2=Running
[00:43:01] Job1=Running, Job2=Running
[00:44:01] Job1=Running, Job2=Running
[00:45:01] Job1=Running, Job2=Running
[00:46:01] Job1=Running, Job2=Running
[00:47:01] Job1=Running, Job2=Running
[00:48:01] Job1=Running, Job2=Running
[00:49:01] Job1=Running, Job2=Running
[00:50:01] Job1=Running, Job2=Running
[00:51:01] Job1=Running, Job2=Running
[00:52:01] Job1=Running, Job2=Running
[00:53:01] Job1=Running, Job2=Running
[00:54:01] Job1=Running, Job2=Running
[00:55:01] Job1=Running, Job2=Running
[00:56:01] Job1=Running, Job2=Running
[00:57:01] Job1=Running, Job2=Running
[00:58:01] Job1=Running, Job2=Running
[00:59:01] Job1=Running, Job2=Running
[01:00:01] Job1=Running, Job2=Running
[01:01:01] Job1=Running, Job2=Running
[01:02:01] Job1=Running, Job2=Running
[01:03:01] Job1=Running, Job2=Running
[01:04:01] Job1=Running, Job2=Running
[01:05:01] Job1=Running, Job2=Running
[01:06:01] Job1=Running, Job2=Running
[01:07:01] Job1=Running, Job2=Running
[01:08:01] Job1=Running, Job2=Running
[01:09:01] Job1=Running, Job2=Running
[01:10:01] Job1=Running, Job2=Running
[01:11:02] Job1=Running, Job2=Running
[01:12:02] Job1=Running, Job2=Running
[01:13:02] Job1=Running, Job2=Running
[01:14:02] Job1=Running, Job2=Running
[01:15:02] Job1=Running, Job2=Running
[01:16:02] Job1=Running, Job2=Running
[01:17:02] Job1=Running, Job2=Running
[01:18:02] Job1=Running, Job2=Running
[01:19:02] Job1=Running, Job2=Running
[01:20:02] Job1=Running, Job2=Running
[01:21:02] Job1=Running, Job2=Running
[01:22:02] Job1=Running, Job2=Running
[01:23:02] Job1=Running, Job2=Running
[01:24:02] Job1=Running, Job2=Running
[01:25:02] Job1=Running, Job2=Running
[01:26:02] Job1=Running, Job2=Running
[01:27:02] Job1=Running, Job2=Running
[01:28:02] Job1=Running, Job2=Running
[01:29:02] Job1=Running, Job2=Running
[01:30:02] Job1=Running, Job2=Running
[01:31:02] Job1=Running, Job2=Running
[01:32:02] Job1=Running, Job2=Running
[01:33:02] Job1=Running, Job2=Running
[01:34:02] Job1=Running, Job2=Running
[01:35:02] Job1=Running, Job2=Running
[01:36:02] Job1=Running, Job2=Running
[01:37:02] Job1=Running, Job2=Running
[01:38:02] Job1=Running, Job2=Running
[01:39:02] Job1=Running, Job2=Running
[01:40:02] Job1=Running, Job2=Running
[01:41:02] Job1=Running, Job2=Running
[01:42:02] Job1=Running, Job2=Running
[01:43:02] Job1=Running, Job2=Running
[01:44:02] Job1=Running, Job2=Running
[01:45:02] Job1=Running, Job2=Running
[01:46:02] Job1=Running, Job2=Running
[01:47:02] Job1=Running, Job2=Running
[01:48:02] Job1=Running, Job2=Running
[01:49:02] Job1=Running, Job2=Running
[01:50:02] Job1=Running, Job2=Running
[01:51:02] Job1=Running, Job2=Running
[01:52:02] Job1=Running, Job2=Running
[01:53:02] Job1=Running, Job2=Running
[01:54:02] Job1=Running, Job2=Running
[01:55:02] Job1=Running, Job2=Running
[01:56:02] Job1=Running, Job2=Running
[01:57:02] Job1=Running, Job2=Running
[01:58:02] Job1=Running, Job2=Running
[01:59:02] Job1=Running, Job2=Running
[02:00:02] Job1=Running, Job2=Running
[02:01:02] Job1=Running, Job2=Running
[02:02:02] Job1=Running, Job2=Running
[02:03:02] Job1=Running, Job2=Running
[02:04:02] Job1=Running, Job2=Running
[02:05:02] Job1=Running, Job2=Running
[02:06:02] Job1=Running, Job2=Running
[02:07:02] Job1=Running, Job2=Running
[02:08:02] Job1=Running, Job2=Running
[02:09:02] Job1=Running, Job2=Running
[02:10:02] Job1=Running, Job2=Running
[02:11:02] Job1=Running, Job2=Running
[02:12:02] Job1=Running, Job2=Running
[02:13:02] Job1=Running, Job2=Running
[02:14:03] Job1=Running, Job2=Running
[02:15:03] Job1=Running, Job2=Running
[02:16:03] Job1=Running, Job2=Running
[02:17:03] Job1=Running, Job2=Running
[02:18:03] Job1=Running, Job2=Running
[02:19:03] Job1=Running, Job2=Running
[02:20:03] Job1=Running, Job2=Running
[02:21:03] Job1=Running, Job2=Running
[02:22:03] Job1=Running, Job2=Running
[02:23:03] Job1=Running, Job2=Running
[02:24:03] Job1=Running, Job2=Running
[02:25:03] Job1=Running, Job2=Running
[02:26:03] Job1=Running, Job2=Running
[02:27:03] Job1=Running, Job2=Running
[02:28:03] Job1=Running, Job2=Running
[02:29:03] Job1=Running, Job2=Running
[02:30:03] Job1=Running, Job2=Running
[02:31:03] Job1=Running, Job2=Running
[02:32:03] Job1=Running, Job2=Running
[02:33:03] Job1=Running, Job2=Running
[02:34:03] Job1=Running, Job2=Running
[02:35:03] Job1=Running, Job2=Running
[02:36:03] Job1=Running, Job2=Running
[02:37:03] Job1=Running, Job2=Running
[02:38:03] Job1=Running, Job2=Running
[02:39:03] Job1=Running, Job2=Running
[02:40:03] Job1=Running, Job2=Running
[02:41:03] Job1=Running, Job2=Running
[02:42:03] Job1=Running, Job2=Running
[02:43:03] Job1=Running, Job2=Running
[02:44:03] Job1=Running, Job2=Running
[02:45:03] Job1=Running, Job2=Running
[02:46:03] Job1=Running, Job2=Running
[02:47:03] Job1=Running, Job2=Running
[02:48:03] Job1=Running, Job2=Running
[02:49:03] Job1=Running, Job2=Running
[02:50:03] Job1=Running, Job2=Running
[02:51:03] Job1=Running, Job2=Running
[02:52:03] Job1=Running, Job2=Running
[02:53:03] Job1=Completed, Job2=Running
[02:54:03] Job1=Completed, Job2=Running
[02:55:03] Job1=Completed, Job2=Running
[02:56:03] Job1=Completed, Job2=Running
[02:57:03] Job1=Completed, Job2=Running
[02:58:03] Job1=Completed, Job2=Running
[02:59:03] Job1=Completed, Job2=Running
[03:00:03] Job1=Completed, Job2=Running
[03:01:03] Job1=Completed, Job2=Running
[03:02:03] Job1=Completed, Job2=Running
[03:03:03] Job1=Completed, Job2=Running
[03:04:03] Job1=Completed, Job2=Running
[03:05:03] Job1=Completed, Job2=Completed

=== Job1 final output ===
[Job1] Starting baseline...
[Job1] Starting no_cl...
[Job1] Starting no_hgcn...
[Job1] DONE
🏆 Top-1 Metrics (NEW):
  Top-1 Precision: 0.5821
  Top-1 Recall: 0.6391
  Top-1 F1: 0.6091
==========================================================================================

=== Job2 final output ===
[Job2] Starting no_avf...
[Job2] Starting no_hgt...
[Job2] Starting no_dv...
[Job2] DONE
🏆 Top-1 Metrics (NEW):
  Top-1 Precision: 0.5246
  Top-1 Recall: 0.6032
  Top-1 F1: 0.5608
==========================================================================================

Total time: 03:05:04
Now run: .\compile_final.ps1
