[CPU] torch.set_num_threads(8), interop=min(4, 8)
Using device: cpu
[WARNING] Number of epochs is very low. Consider using at least 100 epochs.
[INFO] Auto-computed BALANCED class weights (to prevent class collapse):
  Circulation  (  367 samples): 0.780
  Epigenetics  (  157 samples): 1.823
  Target       (  293 samples): 0.977
  Genetics     (  681 samples): 0.420
  [NOTE] Higher weights for minority classes to prevent model from only predicting majority class
[INFO] Using v2.0_495m383D dataset:
  miRNAs: 495
  Diseases: 383
  Expected associations: ~1498
  Types: 4 (Circulation, Epigenetics, Target, Genetics)

================================================================================
Configuration Summary
================================================================================
Dataset: v2.0_495m383D
Data Path: ./
Model: HeterogenousGraphCLAMIR
  - HGT Layers: 2
  - Attention Heads: 4
  - Association Types: 4
  - Inter-view CL: Enabled
    - Weight: 0.3
    - Temperature: 0.5
    - Margin: 0.5

Training:
  - Epochs: 3
  - Learning Rate: 0.0001
  - Dropout: 0.3
  - Weight Decay: 5e-05
  - Focal Loss: Enabled

Evaluation:
  - Cross-Validation Folds: 2
  - Primary Metric: AUPR

Device: cpu
Random Seed: 1234
================================================================================

[SEED] Re-seeded với args.seed = 1234
[P10 manifest] Ghi provenance → results/manifests/manifest_v2.0_495m383D_seed1234_20260712_230826.json  (leakage_free=False, cv_scheme=full)
🚀 Running with comprehensive evaluation including Top-1 metrics...
🎯 Loading dual-view data...
Starting dual-view data preparation with new file format...
Loading all similarity and feature files from v2.0_495m383D...
✅ Loaded disease semantic similarity from D_SSM1.txt: (383, 383)
✅ Loaded miRNA functional similarity from M_FSM.txt: (495, 495)
✅ Loaded multi-type association pairs from ./v2.0_495m383D/multi_all_mirna_disease_pairs_without_negative.csv: (1679, 3)
✅ Created multi-type association matrix: (495, 383)
📊 Multi-type Association Statistics:
   无关联 (No association): 188087 pairs (99.21%)
   循环类型 (Circulation): 367 pairs (0.19%)
   表观遗传学 (Epigenetics): 157 pairs (0.08%)
   靶标类型 (Target): 293 pairs (0.15%)
   遗传学类型 (Genetics): 681 pairs (0.36%)
✅ Created association matrix from CSV: (495, 383)
✅ Loaded disease-gene features from D_SSM2.txt: torch.Size([383, 383])
✅ Loaded miRNA View-1 features from M_GSM.txt (=GIP): torch.Size([495, 495])
Processing integrated similarity matrices...
Loaded similarity matrices from cache
Processing indices...
Loaded indices from cache (seed=1234)
✅ Dual-view data preparation completed in 0.26 seconds

============================================================
🎯 DUAL-VIEW CONFIGURATION SUMMARY (v2.0_495m383D)
============================================================
miRNA Dual Views:
  📊 View 1 (Sequence): M_GSM.txt torch.Size([495, 495])
  📊 View 2 (Function): M_FSM.txt torch.Size([495, 495])

Disease Dual Views:
  📊 View 1 (Gene): D_SSM2.txt torch.Size([383, 383])
  📊 View 2 (Semantic): D_SSM1.txt torch.Size([383, 383])

Association Matrix: torch.Size([495, 383])
Data source: v2.0_495m383D (495 miRNAs × 383 Diseases)
============================================================
Preloading dual-view data to device...
✅ Loaded disease-gene features to device: torch.Size([383, 383])
✅ Loaded miRNA-sequence features to device: torch.Size([495, 495])
✅ Loaded disease semantic similarity to device: torch.Size([383, 383])
✅ Loaded miRNA functional similarity to device: torch.Size([495, 495])
✅ Dual-view data preloading completed in 0.00 seconds
OptimizedDataset initialized with 2 folds
Using device: cpu
=== Cross Validation Fold 1/2 ===
Using hidden dimensions: [256, 256] with 4 attention heads
优化模型初始化: miRNA数量 = 495, 疾病数量 = 383
   节点维度: 256 → 128
   类型数量: 4
   Temperature: 2.0 (可学习)
   Loss mode: two_head
   loss_mode=two_head
   exist_weight=0.300, type_weight=0.700

✅ SimplifiedMultiTypeAssociationLoss 初始化 (改进版)
   类别权重 (beta=0.99999): ['0.780', '1.822', '0.977', '0.421']
Original positive index shape: torch.Size([749, 2])
Original negative index shape: torch.Size([94043, 2])
采样后负样本数量: 7490
🎯 Building TRUE DUAL VIEWS from four different sources...
📊 Data sources loaded:
  Disease semantic: torch.Size([383, 383])
  miRNA functional: torch.Size([495, 495])
  Disease-gene: torch.Size([383, 383])
  miRNA-sequence: torch.Size([495, 495])
🧬 Building miRNA dual-view hypergraphs...
  📊 miRNA View 1 (Sequence): torch.Size([495, 878])
  📊 miRNA View 2 (Function): torch.Size([495, 878])
🦠 Building disease dual-view hypergraphs...
  📊 Disease View 1 (Gene): torch.Size([383, 878])
  📊 Disease View 2 (Semantic): torch.Size([383, 878])
✅ Successfully built TRUE DUAL VIEWS:
   🧬 miRNA: Sequence Features (m_ss.xlsx) vs Functional Similarity (mi_fun_sim_2.0.csv)
   🦠 Disease: Gene Features (d_gs.xlsx) vs Semantic Similarity (dis_sem_sim_2.0.csv)

🔧 Epoch 1 梯度检查:
================================================================================

  参数名称                              梯度范数         梯度均值 状态             
  ----------------------------------------------------------------------
  type_relations                0.052389     0.001698 ✅ 正常           
  exist_relation                0.085995     0.004912 ✅ 正常           
  mi_proj_layer0                0.269265     0.000810 ✅ 正常           
  dis_proj_layer0               0.307585     0.000921 ✅ 正常           
================================================================================

Epoch 1, Total Loss: 20.3012, Recover Loss: 1.0576, miRNA CL: 8.9735, Disease CL: 8.4526, Inter-view (est): 4.0214, Recon Loss: 1.5195, Time: 0.60s

================================================================================
Training completed. Running final test...
================================================================================
Fold 1 completed - AUC: 0.9449, Top-1 F1: 0.1917
Fold 1 training time: 3.13 seconds
=== Cross Validation Fold 2/2 ===
Using hidden dimensions: [256, 256] with 4 attention heads
优化模型初始化: miRNA数量 = 495, 疾病数量 = 383
   节点维度: 256 → 128
   类型数量: 4
   Temperature: 2.0 (可学习)
   Loss mode: two_head
   loss_mode=two_head
   exist_weight=0.300, type_weight=0.700

✅ SimplifiedMultiTypeAssociationLoss 初始化 (改进版)
   类别权重 (beta=0.99999): ['0.780', '1.822', '0.977', '0.421']
Original positive index shape: torch.Size([749, 2])
Original negative index shape: torch.Size([94044, 2])
采样后负样本数量: 7490
🎯 Building TRUE DUAL VIEWS from four different sources...
📊 Data sources loaded:
  Disease semantic: torch.Size([383, 383])
  miRNA functional: torch.Size([495, 495])
  Disease-gene: torch.Size([383, 383])
  miRNA-sequence: torch.Size([495, 495])
🧬 Building miRNA dual-view hypergraphs...
  📊 miRNA View 1 (Sequence): torch.Size([495, 878])
  📊 miRNA View 2 (Function): torch.Size([495, 878])
🦠 Building disease dual-view hypergraphs...
  📊 Disease View 1 (Gene): torch.Size([383, 878])
  📊 Disease View 2 (Semantic): torch.Size([383, 878])
✅ Successfully built TRUE DUAL VIEWS:
   🧬 miRNA: Sequence Features (m_ss.xlsx) vs Functional Similarity (mi_fun_sim_2.0.csv)
   🦠 Disease: Gene Features (d_gs.xlsx) vs Semantic Similarity (dis_sem_sim_2.0.csv)

🔧 Epoch 1 梯度检查:
================================================================================

  参数名称                              梯度范数         梯度均值 状态             
  ----------------------------------------------------------------------
  type_relations                0.060573     0.001942 ✅ 正常           
  exist_relation                0.418929     0.024280 ✅ 正常           
  mi_proj_layer0                1.310633     0.004350 ✅ 正常           
  dis_proj_layer0               1.412509     0.004296 ✅ 正常           
================================================================================

Epoch 1, Total Loss: 20.4313, Recover Loss: 1.1508, miRNA CL: 8.9579, Disease CL: 8.4564, Inter-view (est): 4.0187, Recon Loss: 1.5683, Time: 0.55s

================================================================================
Training completed. Running final test...
================================================================================
Fold 2 completed - AUC: 0.5700, Top-1 F1: 0.2366
Fold 2 training time: 2.84 seconds
Average binary metrics across folds: [[0.75745961 0.73340252 0.78272069 0.7099466  0.9623498  0.45754339
  0.67764873]]
🎯 Average Top-1 metrics across folds: {'top1_precision': 0.19692923898531375, 'top1_recall': np.float64(0.2349914075369634), 'top1_f1': np.float64(0.2141721732782662)}

📊 CV_type Style Metrics Details:
  AUC            : 0.7575
  AUPR           : 0.7334
  F1             : 0.7827
  Accuracy       : 0.7099
  Recall         : 0.9623
  Specificity    : 0.4575
  Precision      : 0.6776

🎯 Top-1 Metrics Details:
  top1_precision : 0.1969
  top1_recall    : 0.2350
  top1_f1        : 0.2142

Total execution time: 6.23 seconds

==========================================================================================
🎯 FINAL COMPREHENSIVE RESULTS WITH TOP-1 METRICS
==========================================================================================
📊 Binary Classification Metrics (Original):
  AUC: 0.7575
  AUPR: 0.7334
  F1: 0.7827
  Accuracy: 0.7099
  Recall: 0.9623
  Specificity: 0.4575
  Precision: 0.6776

🎯 CV_type Style Metrics (Enhanced):
  AUC: 0.7575
  AUPR: 0.7334
  F1: 0.7827
  Accuracy: 0.7099
  Recall: 0.9623
  Specificity: 0.4575
  Precision: 0.6776

🏆 Top-1 Metrics (NEW):
  Top-1 Precision: 0.1969
  Top-1 Recall: 0.2350
  Top-1 F1: 0.2142
==========================================================================================
