[CPU] torch.set_num_threads(8), interop=min(4, 8)
Using device: cpu
[WARNING] Number of epochs is very low. Consider using at least 100 epochs.
[INFO] Auto-computed BALANCED class weights (to prevent class collapse):
  Circulation  (  367 samples): 0.780
  Epigenetics  (  157 samples): 1.823
  Target       (  293 samples): 0.977
  Genetics     (  681 samples): 0.420
  [NOTE] Higher weights for minority classes to prevent model from only predicting majority class
[INFO] Using v2.0_495m383D dataset:
  miRNAs: 495
  Diseases: 383
  Expected associations: ~1498
  Types: 4 (Circulation, Epigenetics, Target, Genetics)

================================================================================
Configuration Summary
================================================================================
Dataset: v2.0_495m383D
Data Path: ./
Model: HeterogenousGraphCLAMIR
  - HGT Layers: 2
  - Attention Heads: 4
  - Association Types: 4
  - Inter-view CL: Enabled
    - Weight: 0.3
    - Temperature: 0.5
    - Margin: 0.5

Training:
  - Epochs: 3
  - Learning Rate: 0.0001
  - Dropout: 0.3
  - Weight Decay: 5e-05
  - Focal Loss: Enabled

Evaluation:
  - Cross-Validation Folds: 2
  - Primary Metric: AUPR

Device: cpu
Random Seed: 1234
================================================================================

[SEED] Re-seeded với args.seed = 1234
[P10 deterministic] torch.use_deterministic_algorithms(True, warn_only=True) đã bật.
[P10 manifest] Ghi provenance → results/manifests/manifest_v2.0_495m383D_seed1234_20260712_230740.json  (leakage_free=True, cv_scheme=full)
🚀 Running with comprehensive evaluation including Top-1 metrics...
🎯 Loading dual-view data...
Starting dual-view data preparation with new file format...
Loading all similarity and feature files from v2.0_495m383D...
✅ Loaded disease semantic similarity from D_SSM1.txt: (383, 383)
✅ Loaded miRNA functional similarity from M_FSM.txt: (495, 495)
✅ Loaded multi-type association pairs from ./v2.0_495m383D/multi_all_mirna_disease_pairs_without_negative.csv: (1679, 3)
✅ Created multi-type association matrix: (495, 383)
📊 Multi-type Association Statistics:
   无关联 (No association): 188087 pairs (99.21%)
   循环类型 (Circulation): 367 pairs (0.19%)
   表观遗传学 (Epigenetics): 157 pairs (0.08%)
   靶标类型 (Target): 293 pairs (0.15%)
   遗传学类型 (Genetics): 681 pairs (0.36%)
✅ Created association matrix from CSV: (495, 383)
✅ Loaded disease-gene features from D_SSM2.txt: torch.Size([383, 383])
✅ Loaded miRNA View-1 features from M_GSM.txt (=GIP): torch.Size([495, 495])
Processing integrated similarity matrices...
Loaded similarity matrices from cache
Processing indices...
Computing indices (seed=1234)...
[P9 cv_scheme=full] k-fold chuẩn: 1498/1498 positive dùng hết (2 fold), KHÔNG bỏ data (khác legacy bỏ ~10%).
Indices computed in 0.56 seconds
✅ Dual-view data preparation completed in 0.78 seconds

============================================================
🎯 DUAL-VIEW CONFIGURATION SUMMARY (v2.0_495m383D)
============================================================
miRNA Dual Views:
  📊 View 1 (Sequence): M_GSM.txt torch.Size([495, 495])
  📊 View 2 (Function): M_FSM.txt torch.Size([495, 495])

Disease Dual Views:
  📊 View 1 (Gene): D_SSM2.txt torch.Size([383, 383])
  📊 View 2 (Semantic): D_SSM1.txt torch.Size([383, 383])

Association Matrix: torch.Size([495, 383])
Data source: v2.0_495m383D (495 miRNAs × 383 Diseases)
============================================================
Preloading dual-view data to device...
✅ Loaded disease-gene features to device: torch.Size([383, 383])
✅ Loaded miRNA-sequence features to device: torch.Size([495, 495])
✅ Loaded disease semantic similarity to device: torch.Size([383, 383])
✅ Loaded miRNA functional similarity to device: torch.Size([495, 495])
✅ Dual-view data preloading completed in 0.00 seconds
OptimizedDataset initialized with 2 folds
Using device: cpu
=== Cross Validation Fold 1/2 ===
Using hidden dimensions: [256, 256] with 4 attention heads
优化模型初始化: miRNA数量 = 495, 疾病数量 = 383
   节点维度: 256 → 128
   类型数量: 4
   Temperature: 2.0 (可学习)
   Loss mode: two_head
   loss_mode=two_head
   exist_weight=0.300, type_weight=0.700

✅ SimplifiedMultiTypeAssociationLoss 初始化 (改进版)
   类别权重 (beta=0.99999): ['0.780', '1.822', '0.977', '0.421']
Original positive index shape: torch.Size([749, 2])
Original negative index shape: torch.Size([94043, 2])
采样后负样本数量: 7490
[B4 leakage_free] Masked 749 test-positive entries khỏi input association matrix trước khi dựng hypergraph. (P7 verify: 0/749 test cell còn khác 0)
🎯 Building TRUE DUAL VIEWS from four different sources...
[P7 leakage_free] Recomputed miRNA GIP (m_ss) từ association ĐÃ MASK (495, 495) — miRNA View 1 không còn chứa test-edge (nguồn rò rỉ còn lại duy nhất trong nhánh chính, theo audit F1).
📊 Data sources loaded:
  Disease semantic: torch.Size([383, 383])
  miRNA functional: torch.Size([495, 495])
  Disease-gene: torch.Size([383, 383])
  miRNA-sequence: torch.Size([495, 495])
🧬 Building miRNA dual-view hypergraphs...
  📊 miRNA View 1 (Sequence): torch.Size([495, 878])
  📊 miRNA View 2 (Function): torch.Size([495, 878])
🦠 Building disease dual-view hypergraphs...
  📊 Disease View 1 (Gene): torch.Size([383, 878])
  📊 Disease View 2 (Semantic): torch.Size([383, 878])
✅ Successfully built TRUE DUAL VIEWS:
   🧬 miRNA: Sequence Features (m_ss.xlsx) vs Functional Similarity (mi_fun_sim_2.0.csv)
   🦠 Disease: Gene Features (d_gs.xlsx) vs Semantic Similarity (dis_sem_sim_2.0.csv)

🔧 Epoch 1 梯度检查:
================================================================================

  参数名称                              梯度范数         梯度均值 状态             
  ----------------------------------------------------------------------
  type_relations                0.054675     0.001725 ✅ 正常           
  exist_relation                0.075768     0.004730 ✅ 正常           
  mi_proj_layer0                0.217189     0.000661 ✅ 正常           
  dis_proj_layer0               0.250000     0.000795 ✅ 正常           
================================================================================

Epoch 1, Total Loss: 20.3574, Recover Loss: 1.0574, miRNA CL: 8.9721, Disease CL: 8.4605, Inter-view (est): 4.0229, Recon Loss: 1.5693, Time: 0.42s

================================================================================
Training completed. Running final test...
================================================================================
Fold 1 completed - AUC: 0.8719, Top-1 F1: 0.2088
Fold 1 training time: 2.74 seconds
=== Cross Validation Fold 2/2 ===
Using hidden dimensions: [256, 256] with 4 attention heads
优化模型初始化: miRNA数量 = 495, 疾病数量 = 383
   节点维度: 256 → 128
   类型数量: 4
   Temperature: 2.0 (可学习)
   Loss mode: two_head
   loss_mode=two_head
   exist_weight=0.300, type_weight=0.700

✅ SimplifiedMultiTypeAssociationLoss 初始化 (改进版)
   类别权重 (beta=0.99999): ['0.780', '1.822', '0.977', '0.421']
Original positive index shape: torch.Size([749, 2])
Original negative index shape: torch.Size([94044, 2])
采样后负样本数量: 7490
[B4 leakage_free] Masked 749 test-positive entries khỏi input association matrix trước khi dựng hypergraph. (P7 verify: 0/749 test cell còn khác 0)
🎯 Building TRUE DUAL VIEWS from four different sources...
[P7 leakage_free] Recomputed miRNA GIP (m_ss) từ association ĐÃ MASK (495, 495) — miRNA View 1 không còn chứa test-edge (nguồn rò rỉ còn lại duy nhất trong nhánh chính, theo audit F1).
📊 Data sources loaded:
  Disease semantic: torch.Size([383, 383])
  miRNA functional: torch.Size([495, 495])
  Disease-gene: torch.Size([383, 383])
  miRNA-sequence: torch.Size([495, 495])
🧬 Building miRNA dual-view hypergraphs...
  📊 miRNA View 1 (Sequence): torch.Size([495, 878])
  📊 miRNA View 2 (Function): torch.Size([495, 878])
🦠 Building disease dual-view hypergraphs...
  📊 Disease View 1 (Gene): torch.Size([383, 878])
  📊 Disease View 2 (Semantic): torch.Size([383, 878])
✅ Successfully built TRUE DUAL VIEWS:
   🧬 miRNA: Sequence Features (m_ss.xlsx) vs Functional Similarity (mi_fun_sim_2.0.csv)
   🦠 Disease: Gene Features (d_gs.xlsx) vs Semantic Similarity (dis_sem_sim_2.0.csv)

🔧 Epoch 1 梯度检查:
================================================================================

  参数名称                              梯度范数         梯度均值 状态             
  ----------------------------------------------------------------------
  type_relations                0.068972     0.002166 ✅ 正常           
  exist_relation                0.529566     0.030591 ✅ 正常           
  mi_proj_layer0                1.639506     0.004824 ✅ 正常           
  dis_proj_layer0               1.889746     0.005752 ✅ 正常           
================================================================================

Epoch 1, Total Loss: 20.3748, Recover Loss: 1.2014, miRNA CL: 8.9887, Disease CL: 8.4277, Inter-view (est): 4.0192, Recon Loss: 1.4589, Time: 0.42s

================================================================================
Training completed. Running final test...
================================================================================
Fold 2 completed - AUC: 0.4504, Top-1 F1: 0.1548
Fold 2 training time: 2.67 seconds
Average binary metrics across folds: [[0.66115283 0.63769208 0.75053265 0.67109479 0.94793057 0.39425901
  0.63060169]]
🎯 Average Top-1 metrics across folds: {'top1_precision': 0.14686248331108143, 'top1_recall': np.float64(0.24576760298918537), 'top1_f1': np.float64(0.18179062863549092)}

📊 CV_type Style Metrics Details:
  AUC            : 0.6612
  AUPR           : 0.6377
  F1             : 0.7505
  Accuracy       : 0.6711
  Recall         : 0.9479
  Specificity    : 0.3943
  Precision      : 0.6306

🎯 Top-1 Metrics Details:
  top1_precision : 0.1469
  top1_recall    : 0.2458
  top1_f1        : 0.1818

Total execution time: 6.18 seconds

==========================================================================================
🎯 FINAL COMPREHENSIVE RESULTS WITH TOP-1 METRICS
==========================================================================================
📊 Binary Classification Metrics (Original):
  AUC: 0.6612
  AUPR: 0.6377
  F1: 0.7505
  Accuracy: 0.6711
  Recall: 0.9479
  Specificity: 0.3943
  Precision: 0.6306

🎯 CV_type Style Metrics (Enhanced):
  AUC: 0.6612
  AUPR: 0.6377
  F1: 0.7505
  Accuracy: 0.6711
  Recall: 0.9479
  Specificity: 0.3943
  Precision: 0.6306

🏆 Top-1 Metrics (NEW):
  Top-1 Precision: 0.1469
  Top-1 Recall: 0.2458
  Top-1 F1: 0.1818
==========================================================================================
