[CPU] torch.set_num_threads(14), interop=min(4, 14)
Using device: cpu
[INFO] Auto-computed BALANCED class weights (to prevent class collapse):
  Circulation  (367 samples): 0.780
  Epigenetics  (157 samples): 1.823
  Target       (293 samples): 0.977
  Genetics     (681 samples): 0.420
  [NOTE] Higher weights for minority classes to prevent model from only predicting majority class
[INFO] Using v2.0_495m383D dataset:
  miRNAs: 495
  Diseases: 383
  Expected associations: ~1498
  Types: 4 (Circulation, Epigenetics, Target, Genetics)

================================================================================
Configuration Summary
================================================================================
Dataset: v2.0_495m383D
Data Path: ./
Model: HeterogenousGraphCLAMIR
  - HGT Layers: 2
  - Attention Heads: 4
  - Association Types: 4
  - Inter-view CL: Enabled
    - Weight: 0.3
    - Temperature: 0.5
    - Margin: 0.5

Training:
  - Epochs: 650
  - Learning Rate: 0.0001
  - Dropout: 0.3
  - Weight Decay: 5e-05
  - Focal Loss: Enabled

Evaluation:
  - Cross-Validation Folds: 5
  - Primary Metric: AUPR

Device: cpu
Random Seed: 1234
================================================================================

🚀 Running with comprehensive evaluation including Top-1 metrics...
🎯 Loading dual-view data...
Starting dual-view data preparation with new file format...
Loading all similarity and feature files from v2.0_495m383D...
✅ Loaded disease semantic similarity from D_SSM1.txt: (383, 383)
✅ Loaded miRNA functional similarity from M_FSM.txt: (495, 495)
✅ Loaded multi-type association pairs from ./v2.0_495m383D\multi_all_mirna_disease_pairs_without_negative.csv: (1679, 3)
✅ Created multi-type association matrix: (495, 383)
📊 Multi-type Association Statistics:
   无关联 (No association): 188087 pairs (99.21%)
   循环类型 (Circulation): 367 pairs (0.19%)
   表观遗传学 (Epigenetics): 157 pairs (0.08%)
   靶标类型 (Target): 293 pairs (0.15%)
   遗传学类型 (Genetics): 681 pairs (0.36%)
✅ Created association matrix from CSV: (495, 383)
✅ Loaded disease-gene features from D_SSM2.txt: torch.Size([383, 383])
✅ Loaded miRNA-sequence features from M_GSM.txt: torch.Size([495, 495])
Processing integrated similarity matrices...
Loaded similarity matrices from cache
Processing indices...
Loaded indices from cache
✅ Dual-view data preparation completed in 0.36 seconds

============================================================
🎯 DUAL-VIEW CONFIGURATION SUMMARY (v2.0_495m383D)
============================================================
miRNA Dual Views:
  📊 View 1 (Sequence): M_GSM.txt torch.Size([495, 495])
  📊 View 2 (Function): M_FSM.txt torch.Size([495, 495])

Disease Dual Views:
  📊 View 1 (Gene): D_SSM2.txt torch.Size([383, 383])
  📊 View 2 (Semantic): D_SSM1.txt torch.Size([383, 383])

Association Matrix: torch.Size([495, 383])
Data source: v2.0_495m383D (495 miRNAs × 383 Diseases)
============================================================
Preloading dual-view data to device...
✅ Loaded disease-gene features to device: torch.Size([383, 383])
✅ Loaded miRNA-sequence features to device: torch.Size([495, 495])
✅ Loaded disease semantic similarity to device: torch.Size([383, 383])
✅ Loaded miRNA functional similarity to device: torch.Size([495, 495])
✅ Dual-view data preloading completed in 0.00 seconds
OptimizedDataset initialized with 5 folds
Using device: cpu
=== Cross Validation Fold 1/5 ===
Using hidden dimensions: [256, 256] with 4 attention heads
优化模型初始化: miRNA数量 = 495, 疾病数量 = 383
   节点维度: 256 → 128
   类型数量: 4
   Temperature: 2.0 (可学习)
   exist_weight=0.050, type_weight=0.950

✅ SimplifiedMultiTypeAssociationLoss 初始化 (改进版)
   类别权重 (beta=0.99999): ['0.780', '1.822', '0.977', '0.421']
Original positive index shape: torch.Size([1072, 2])
Original negative index shape: torch.Size([135416, 2])
采样后负样本数量: 10720
🎯 Building TRUE DUAL VIEWS from four different sources...
📊 Data sources loaded:
  Disease semantic: torch.Size([383, 383])
  miRNA functional: torch.Size([495, 495])
  Disease-gene: torch.Size([383, 383])
  miRNA-sequence: torch.Size([495, 495])
🧬 Building miRNA dual-view hypergraphs...
  📊 miRNA View 1 (Sequence): torch.Size([495, 878])
  📊 miRNA View 2 (Function): torch.Size([495, 878])
🦠 Building disease dual-view hypergraphs...
  📊 Disease View 1 (Gene): torch.Size([383, 878])
  📊 Disease View 2 (Semantic): torch.Size([383, 878])
✅ Successfully built TRUE DUAL VIEWS:
   🧬 miRNA: Sequence Features (m_ss.xlsx) vs Functional Similarity (mi_fun_sim_2.0.csv)
   🦠 Disease: Gene Features (d_gs.xlsx) vs Semantic Similarity (dis_sem_sim_2.0.csv)

🔧 Epoch 1 梯度检查:
================================================================================

  参数名称                              梯度范数         梯度均值 状态             
  ----------------------------------------------------------------------
  type_relations                0.073463     0.002120 ✅ 正常           
  exist_relation                0.065424     0.003546 ✅ 正常           
  mi_proj_layer0                0.224302     0.000666 ✅ 正常           
  dis_proj_layer0               0.265156     0.000679 ✅ 正常           
================================================================================

Epoch 1, Total Loss: 20.6224, Recover Loss: 1.3803, miRNA CL: 8.9735, Disease CL: 8.4526, Inter-view (est): 4.0214, Recon Loss: 1.5181, Time: 0.67s
[INFO] Hypergraph updated at epoch 5
[INFO] Hypergraph updated at epoch 10
[INFO] Hypergraph updated at epoch 15
[INFO] Hypergraph updated at epoch 20
[INFO] Hypergraph updated at epoch 25
[INFO] Hypergraph updated at epoch 30
[INFO] Hypergraph updated at epoch 35
[INFO] Hypergraph updated at epoch 40
[INFO] Hypergraph updated at epoch 45
[INFO] Hypergraph updated at epoch 50

🔧 Epoch 50 梯度检查:
================================================================================

  参数名称                              梯度范数         梯度均值 状态             
  ----------------------------------------------------------------------
  type_relations                0.148300     0.003088 ✅ 正常           
  exist_relation                0.012001     0.000434 ✅ 正常           
  mi_proj_layer0                0.027373     0.000091 ✅ 正常           
  dis_proj_layer0               0.026123     0.000086 ✅ 正常           
================================================================================

Epoch 50, Total Loss: 17.4460, Recover Loss: 1.3458, miRNA CL: 8.0202, Disease CL: 7.6950, Inter-view (est): 3.6266, Recon Loss: 0.1057, Time: 91.14s
[INFO] Hypergraph updated at epoch 100

🔧 Epoch 100 梯度检查:
================================================================================

  参数名称                              梯度范数         梯度均值 状态             
  ----------------------------------------------------------------------
  type_relations                0.237060     0.003747 ✅ 正常           
  exist_relation                0.019247     0.000419 ✅ 正常           
  mi_proj_layer0                0.029202     0.000090 ✅ 正常           
  dis_proj_layer0               0.030197     0.000092 ✅ 正常           
================================================================================

Epoch 100, Total Loss: 16.2864, Recover Loss: 1.3136, miRNA CL: 7.7473, Disease CL: 6.9372, Inter-view (est): 3.3887, Recon Loss: 0.0300, Time: 124.84s
[INFO] Hypergraph updated at epoch 150

🔧 Epoch 150 梯度检查:
================================================================================

  参数名称                              梯度范数         梯度均值 状态             
  ----------------------------------------------------------------------
  type_relations                0.257803     0.004352 ✅ 正常           
  exist_relation                0.015335     0.000416 ✅ 正常           
  mi_proj_layer0                0.031317     0.000097 ✅ 正常           
  dis_proj_layer0               0.031864     0.000098 ✅ 正常           
================================================================================

Epoch 150, Total Loss: 15.5984, Recover Loss: 1.2512, miRNA CL: 7.5362, Disease CL: 6.5366, Inter-view (est): 3.2476, Recon Loss: 0.0292, Time: 156.69s
[INFO] Hypergraph updated at epoch 200

🔧 Epoch 200 梯度检查:
================================================================================

  参数名称                              梯度范数         梯度均值 状态             
  ----------------------------------------------------------------------
  type_relations                0.281246     0.004655 ✅ 正常           
  exist_relation                0.013791     0.000394 ✅ 正常           
  mi_proj_layer0                0.033656     0.000098 ✅ 正常           
  dis_proj_layer0               0.034957     0.000106 ✅ 正常           
================================================================================

Epoch 200, Total Loss: 15.1181, Recover Loss: 1.1982, miRNA CL: 7.2727, Disease CL: 6.3807, Inter-view (est): 3.1508, Recon Loss: 0.0293, Time: 188.32s
[INFO] Hypergraph updated at epoch 250

🔧 Epoch 250 梯度检查:
================================================================================

  参数名称                              梯度范数         梯度均值 状态             
  ----------------------------------------------------------------------
  type_relations                0.199155     0.003544 ✅ 正常           
  exist_relation                0.011747     0.000398 ✅ 正常           
  mi_proj_layer0                0.029028     0.000083 ✅ 正常           
  dis_proj_layer0               0.026682     0.000080 ✅ 正常           
================================================================================

Epoch 250, Total Loss: 14.8908, Recover Loss: 1.1575, miRNA CL: 7.1516, Disease CL: 6.3206, Inter-view (est): 3.1090, Recon Loss: 0.0283, Time: 220.83s
[INFO] Hypergraph updated at epoch 300

🔧 Epoch 300 梯度检查:
================================================================================

  参数名称                              梯度范数         梯度均值 状态             
  ----------------------------------------------------------------------
  type_relations                0.199001     0.003481 ✅ 正常           
  exist_relation                0.013344     0.000415 ✅ 正常           
  mi_proj_layer0                0.025705     0.000076 ✅ 正常           
  dis_proj_layer0               0.027063     0.000083 ✅ 正常           
================================================================================

Epoch 300, Total Loss: 14.7419, Recover Loss: 1.1451, miRNA CL: 7.0653, Disease CL: 6.2742, Inter-view (est): 3.0783, Recon Loss: 0.0279, Time: 253.32s
[INFO] Hypergraph updated at epoch 350

🔧 Epoch 350 梯度检查:
================================================================================

  参数名称                              梯度范数         梯度均值 状态             
  ----------------------------------------------------------------------
  type_relations                0.187255     0.003340 ✅ 正常           
  exist_relation                0.010694     0.000374 ✅ 正常           
  mi_proj_layer0                0.026068     0.000075 ✅ 正常           
  dis_proj_layer0               0.028771     0.000084 ✅ 正常           
================================================================================

Epoch 350, Total Loss: 14.6165, Recover Loss: 1.1279, miRNA CL: 6.9970, Disease CL: 6.2377, Inter-view (est): 3.0542, Recon Loss: 0.0273, Time: 285.91s
[INFO] Hypergraph updated at epoch 400

🔧 Epoch 400 梯度检查:
================================================================================

  参数名称                              梯度范数         梯度均值 状态             
  ----------------------------------------------------------------------
  type_relations                0.188235     0.003382 ✅ 正常           
  exist_relation                0.009149     0.000335 ✅ 正常           
  mi_proj_layer0                0.029567     0.000081 ✅ 正常           
  dis_proj_layer0               0.032022     0.000091 ✅ 正常           
================================================================================

Epoch 400, Total Loss: 14.5068, Recover Loss: 1.1158, miRNA CL: 6.9312, Disease CL: 6.2083, Inter-view (est): 3.0322, Recon Loss: 0.0275, Time: 318.31s
[INFO] Hypergraph updated at epoch 450

🔧 Epoch 450 梯度检查:
================================================================================

  参数名称                              梯度范数         梯度均值 状态             
  ----------------------------------------------------------------------
  type_relations                0.166147     0.003028 ✅ 正常           
  exist_relation                0.009865     0.000339 ✅ 正常           
  mi_proj_layer0                0.026897     0.000074 ✅ 正常           
  dis_proj_layer0               0.030120     0.000086 ✅ 正常           
================================================================================

Epoch 450, Total Loss: 14.3673, Recover Loss: 1.0900, miRNA CL: 6.8436, Disease CL: 6.1850, Inter-view (est): 3.0066, Recon Loss: 0.0267, Time: 350.63s
[INFO] Hypergraph updated at epoch 500

🔧 Epoch 500 梯度检查:
================================================================================

  参数名称                              梯度范数         梯度均值 状态             
  ----------------------------------------------------------------------
  type_relations                0.173934     0.003180 ✅ 正常           
  exist_relation                0.010725     0.000411 ✅ 正常           
  mi_proj_layer0                0.025614     0.000071 ✅ 正常           
  dis_proj_layer0               0.029906     0.000084 ✅ 正常           
================================================================================

Epoch 500, Total Loss: 14.2920, Recover Loss: 1.0822, miRNA CL: 6.7891, Disease CL: 6.1736, Inter-view (est): 2.9914, Recon Loss: 0.0264, Time: 382.75s
[INFO] Hypergraph updated at epoch 550

🔧 Epoch 550 梯度检查:
================================================================================

  参数名称                              梯度范数         梯度均值 状态             
  ----------------------------------------------------------------------
  type_relations                0.169795     0.003123 ✅ 正常           
  exist_relation                0.008943     0.000327 ✅ 正常           
  mi_proj_layer0                0.025764     0.000072 ✅ 正常           
  dis_proj_layer0               0.030716     0.000089 ✅ 正常           
================================================================================

Epoch 550, Total Loss: 14.2556, Recover Loss: 1.0792, miRNA CL: 6.7621, Disease CL: 6.1678, Inter-view (est): 2.9838, Recon Loss: 0.0264, Time: 414.70s
[INFO] Hypergraph updated at epoch 600

🔧 Epoch 600 梯度检查:
================================================================================

  参数名称                              梯度范数         梯度均值 状态             
  ----------------------------------------------------------------------
  type_relations                0.174184     0.003251 ✅ 正常           
  exist_relation                0.009694     0.000344 ✅ 正常           
  mi_proj_layer0                0.027699     0.000078 ✅ 正常           
  dis_proj_layer0               0.030702     0.000090 ✅ 正常           
================================================================================

Epoch 600, Total Loss: 14.2253, Recover Loss: 1.0747, miRNA CL: 6.7410, Disease CL: 6.1629, Inter-view (est): 2.9778, Recon Loss: 0.0270, Time: 446.61s
[INFO] Hypergraph updated at epoch 650

🔧 Epoch 650 梯度检查:
================================================================================

  参数名称                              梯度范数         梯度均值 状态             
  ----------------------------------------------------------------------
  type_relations                0.170129     0.003155 ✅ 正常           
  exist_relation                0.011144     0.000416 ✅ 正常           
  mi_proj_layer0                0.025266     0.000070 ✅ 正常           
  dis_proj_layer0               0.031041     0.000089 ✅ 正常           
================================================================================

Epoch 650, Total Loss: 14.1954, Recover Loss: 1.0676, miRNA CL: 6.7238, Disease CL: 6.1580, Inter-view (est): 2.9727, Recon Loss: 0.0269, Time: 478.42s

================================================================================
Training completed. Running final test...
================================================================================
Fold 1 completed - AUC: 0.9525, Top-1 F1: 0.6232
Fold 1 training time: 479.52 seconds
=== Cross Validation Fold 2/5 ===
Using hidden dimensions: [256, 256] with 4 attention heads
优化模型初始化: miRNA数量 = 495, 疾病数量 = 383
   节点维度: 256 → 128
   类型数量: 4
   Temperature: 2.0 (可学习)
   exist_weight=0.050, type_weight=0.950

✅ SimplifiedMultiTypeAssociationLoss 初始化 (改进版)
   类别权重 (beta=0.99999): ['0.780', '1.822', '0.977', '0.421']
Original positive index shape: torch.Size([1072, 2])
Original negative index shape: torch.Size([135416, 2])
采样后负样本数量: 10720
🎯 Building TRUE DUAL VIEWS from four different sources...
📊 Data sources loaded:
  Disease semantic: torch.Size([383, 383])
  miRNA functional: torch.Size([495, 495])
  Disease-gene: torch.Size([383, 383])
  miRNA-sequence: torch.Size([495, 495])
🧬 Building miRNA dual-view hypergraphs...
  📊 miRNA View 1 (Sequence): torch.Size([495, 878])
  📊 miRNA View 2 (Function): torch.Size([495, 878])
🦠 Building disease dual-view hypergraphs...
  📊 Disease View 1 (Gene): torch.Size([383, 878])
  📊 Disease View 2 (Semantic): torch.Size([383, 878])
✅ Successfully built TRUE DUAL VIEWS:
   🧬 miRNA: Sequence Features (m_ss.xlsx) vs Functional Similarity (mi_fun_sim_2.0.csv)
   🦠 Disease: Gene Features (d_gs.xlsx) vs Semantic Similarity (dis_sem_sim_2.0.csv)

🔧 Epoch 1 梯度检查:
================================================================================

  参数名称                              梯度范数         梯度均值 状态             
  ----------------------------------------------------------------------
  type_relations                0.068979     0.002272 ✅ 正常           
  exist_relation                0.020224     0.001136 ✅ 正常           
  mi_proj_layer0                0.062406     0.000203 ✅ 正常           
  dis_proj_layer0               0.074798     0.000228 ✅ 正常           
================================================================================

Epoch 1, Total Loss: 20.4810, Recover Loss: 1.3680, miRNA CL: 8.8486, Disease CL: 8.4219, Inter-view (est): 3.9855, Recon Loss: 1.5443, Time: 0.63s
[INFO] Hypergraph updated at epoch 5
[INFO] Hypergraph updated at epoch 10
[INFO] Hypergraph updated at epoch 15
[INFO] Hypergraph updated at epoch 20
[INFO] Hypergraph updated at epoch 25
[INFO] Hypergraph updated at epoch 30
[INFO] Hypergraph updated at epoch 35
[INFO] Hypergraph updated at epoch 40
[INFO] Hypergraph updated at epoch 45
[INFO] Hypergraph updated at epoch 50

🔧 Epoch 50 梯度检查:
================================================================================

  参数名称                              梯度范数         梯度均值 状态             
  ----------------------------------------------------------------------
  type_relations                0.155867     0.003382 ✅ 正常           
  exist_relation                0.005336     0.000258 ✅ 正常           
  mi_proj_layer0                0.025303     0.000085 ✅ 正常           
  dis_proj_layer0               0.029964     0.000095 ✅ 正常           
================================================================================

Epoch 50, Total Loss: 17.4938, Recover Loss: 1.3421, miRNA CL: 8.0203, Disease CL: 7.7101, Inter-view (est): 3.6301, Recon Loss: 0.1428, Time: 94.87s
[INFO] Hypergraph updated at epoch 100

🔧 Epoch 100 梯度检查:
================================================================================

  参数名称                              梯度范数         梯度均值 状态             
  ----------------------------------------------------------------------
  type_relations                0.309328     0.004882 ✅ 正常           
  exist_relation                0.013605     0.000377 ✅ 正常           
  mi_proj_layer0                0.030509     0.000094 ✅ 正常           
  dis_proj_layer0               0.031966     0.000103 ✅ 正常           
================================================================================

Epoch 100, Total Loss: 16.3530, Recover Loss: 1.2940, miRNA CL: 7.7412, Disease CL: 7.0285, Inter-view (est): 3.4084, Recon Loss: 0.0313, Time: 130.00s
[INFO] Hypergraph updated at epoch 150

🔧 Epoch 150 梯度检查:
================================================================================

  参数名称                              梯度范数         梯度均值 状态             
  ----------------------------------------------------------------------
  type_relations                0.254587     0.004616 ✅ 正常           
  exist_relation                0.011182     0.000374 ✅ 正常           
  mi_proj_layer0                0.031526     0.000097 ✅ 正常           
  dis_proj_layer0               0.030927     0.000099 ✅ 正常           
================================================================================

Epoch 150, Total Loss: 15.6439, Recover Loss: 1.2560, miRNA CL: 7.5588, Disease CL: 6.5548, Inter-view (est): 3.2570, Recon Loss: 0.0290, Time: 162.28s
[INFO] Hypergraph updated at epoch 200

🔧 Epoch 200 梯度检查:
================================================================================

  参数名称                              梯度范数         梯度均值 状态             
  ----------------------------------------------------------------------
  type_relations                0.268350     0.004265 ✅ 正常           
  exist_relation                0.012261     0.000368 ✅ 正常           
  mi_proj_layer0                0.030724     0.000090 ✅ 正常           
  dis_proj_layer0               0.030410     0.000092 ✅ 正常           
================================================================================

Epoch 200, Total Loss: 15.2679, Recover Loss: 1.2214, miRNA CL: 7.3467, Disease CL: 6.4327, Inter-view (est): 3.1799, Recon Loss: 0.0285, Time: 194.52s
[INFO] Hypergraph updated at epoch 250

🔧 Epoch 250 梯度检查:
================================================================================

  参数名称                              梯度范数         梯度均值 状态             
  ----------------------------------------------------------------------
  type_relations                0.215996     0.003596 ✅ 正常           
  exist_relation                0.014938     0.000405 ✅ 正常           
  mi_proj_layer0                0.030692     0.000090 ✅ 正常           
  dis_proj_layer0               0.024574     0.000080 ✅ 正常           
================================================================================

Epoch 250, Total Loss: 15.0056, Recover Loss: 1.1897, miRNA CL: 7.1857, Disease CL: 6.3678, Inter-view (est): 3.1277, Recon Loss: 0.0289, Time: 226.62s
[INFO] Hypergraph updated at epoch 300

🔧 Epoch 300 梯度检查:
================================================================================

  参数名称                              梯度范数         梯度均值 状态             
  ----------------------------------------------------------------------
  type_relations                0.217751     0.003598 ✅ 正常           
  exist_relation                0.008197     0.000287 ✅ 正常           
  mi_proj_layer0                0.029921     0.000091 ✅ 正常           
  dis_proj_layer0               0.028573     0.000089 ✅ 正常           
================================================================================

Epoch 300, Total Loss: 14.8034, Recover Loss: 1.1633, miRNA CL: 7.0733, Disease CL: 6.3092, Inter-view (est): 3.0883, Recon Loss: 0.0283, Time: 259.15s
[INFO] Hypergraph updated at epoch 350

🔧 Epoch 350 梯度检查:
================================================================================

  参数名称                              梯度范数         梯度均值 状态             
  ----------------------------------------------------------------------
  type_relations                0.186122     0.003187 ✅ 正常           
  exist_relation                0.009621     0.000350 ✅ 正常           
  mi_proj_layer0                0.030330     0.000089 ✅ 正常           
  dis_proj_layer0               0.030636     0.000092 ✅ 正常           
================================================================================

Epoch 350, Total Loss: 14.6428, Recover Loss: 1.1397, miRNA CL: 6.9885, Disease CL: 6.2614, Inter-view (est): 3.0577, Recon Loss: 0.0276, Time: 291.24s
[INFO] Hypergraph updated at epoch 400

🔧 Epoch 400 梯度检查:
================================================================================

  参数名称                              梯度范数         梯度均值 状态             
  ----------------------------------------------------------------------
  type_relations                0.172909     0.003137 ✅ 正常           
  exist_relation                0.007374     0.000281 ✅ 正常           
  mi_proj_layer0                0.028152     0.000084 ✅ 正常           
  dis_proj_layer0               0.031192     0.000090 ✅ 正常           
================================================================================

Epoch 400, Total Loss: 14.5149, Recover Loss: 1.1218, miRNA CL: 6.9131, Disease CL: 6.2294, Inter-view (est): 3.0329, Recon Loss: 0.0275, Time: 324.13s
[INFO] Hypergraph updated at epoch 450

🔧 Epoch 450 梯度检查:
================================================================================

  参数名称                              梯度范数         梯度均值 状态             
  ----------------------------------------------------------------------
  type_relations                0.184949     0.003439 ✅ 正常           
  exist_relation                0.007493     0.000267 ✅ 正常           
  mi_proj_layer0                0.027871     0.000084 ✅ 正常           
  dis_proj_layer0               0.031135     0.000095 ✅ 正常           
================================================================================

Epoch 450, Total Loss: 14.4300, Recover Loss: 1.1149, miRNA CL: 6.8524, Disease CL: 6.2139, Inter-view (est): 3.0153, Recon Loss: 0.0270, Time: 356.81s
[INFO] Hypergraph updated at epoch 500

🔧 Epoch 500 梯度检查:
================================================================================

  参数名称                              梯度范数         梯度均值 状态             
  ----------------------------------------------------------------------
  type_relations                0.190203     0.003537 ✅ 正常           
  exist_relation                0.007828     0.000312 ✅ 正常           
  mi_proj_layer0                0.027494     0.000079 ✅ 正常           
  dis_proj_layer0               0.031416     0.000094 ✅ 正常           
================================================================================

Epoch 500, Total Loss: 14.3757, Recover Loss: 1.1060, miRNA CL: 6.8156, Disease CL: 6.2061, Inter-view (est): 3.0050, Recon Loss: 0.0269, Time: 389.18s
[INFO] Hypergraph updated at epoch 550

🔧 Epoch 550 梯度检查:
================================================================================

  参数名称                              梯度范数         梯度均值 状态             
  ----------------------------------------------------------------------
  type_relations                0.162964     0.003114 ✅ 正常           
  exist_relation                0.007465     0.000304 ✅ 正常           
  mi_proj_layer0                0.025663     0.000076 ✅ 正常           
  dis_proj_layer0               0.028109     0.000086 ✅ 正常           
================================================================================

Epoch 550, Total Loss: 14.3368, Recover Loss: 1.1004, miRNA CL: 6.7897, Disease CL: 6.1994, Inter-view (est): 2.9975, Recon Loss: 0.0268, Time: 420.88s
[INFO] Hypergraph updated at epoch 600

🔧 Epoch 600 梯度检查:
================================================================================

  参数名称                              梯度范数         梯度均值 状态             
  ----------------------------------------------------------------------
  type_relations                0.181226     0.003274 ✅ 正常           
  exist_relation                0.008876     0.000348 ✅ 正常           
  mi_proj_layer0                0.028760     0.000082 ✅ 正常           
  dis_proj_layer0               0.033484     0.000098 ✅ 正常           
================================================================================

Epoch 600, Total Loss: 14.3049, Recover Loss: 1.0964, miRNA CL: 6.7697, Disease CL: 6.1928, Inter-view (est): 2.9913, Recon Loss: 0.0261, Time: 453.53s
[INFO] Hypergraph updated at epoch 650

🔧 Epoch 650 梯度检查:
================================================================================

  参数名称                              梯度范数         梯度均值 状态             
  ----------------------------------------------------------------------
  type_relations                0.172745     0.003210 ✅ 正常           
  exist_relation                0.006098     0.000249 ✅ 正常           
  mi_proj_layer0                0.034954     0.000095 ✅ 正常           
  dis_proj_layer0               0.031429     0.000092 ✅ 正常           
================================================================================

Epoch 650, Total Loss: 14.2694, Recover Loss: 1.0858, miRNA CL: 6.7518, Disease CL: 6.1862, Inter-view (est): 2.9857, Recon Loss: 0.0263, Time: 485.29s

================================================================================
Training completed. Running final test...
================================================================================
Fold 2 completed - AUC: 0.9553, Top-1 F1: 0.5841
Fold 2 training time: 486.08 seconds
=== Cross Validation Fold 3/5 ===
Using hidden dimensions: [256, 256] with 4 attention heads
优化模型初始化: miRNA数量 = 495, 疾病数量 = 383
   节点维度: 256 → 128
   类型数量: 4
   Temperature: 2.0 (可学习)
   exist_weight=0.050, type_weight=0.950

✅ SimplifiedMultiTypeAssociationLoss 初始化 (改进版)
   类别权重 (beta=0.99999): ['0.780', '1.822', '0.977', '0.421']
Original positive index shape: torch.Size([1072, 2])
Original negative index shape: torch.Size([135416, 2])
采样后负样本数量: 10720
🎯 Building TRUE DUAL VIEWS from four different sources...
📊 Data sources loaded:
  Disease semantic: torch.Size([383, 383])
  miRNA functional: torch.Size([495, 495])
  Disease-gene: torch.Size([383, 383])
  miRNA-sequence: torch.Size([495, 495])
🧬 Building miRNA dual-view hypergraphs...
  📊 miRNA View 1 (Sequence): torch.Size([495, 878])
  📊 miRNA View 2 (Function): torch.Size([495, 878])
🦠 Building disease dual-view hypergraphs...
  📊 Disease View 1 (Gene): torch.Size([383, 878])
  📊 Disease View 2 (Semantic): torch.Size([383, 878])
✅ Successfully built TRUE DUAL VIEWS:
   🧬 miRNA: Sequence Features (m_ss.xlsx) vs Functional Similarity (mi_fun_sim_2.0.csv)
   🦠 Disease: Gene Features (d_gs.xlsx) vs Semantic Similarity (dis_sem_sim_2.0.csv)

🔧 Epoch 1 梯度检查:
================================================================================

  参数名称                              梯度范数         梯度均值 状态             
  ----------------------------------------------------------------------
  type_relations                0.074462     0.002370 ✅ 正常           
  exist_relation                0.044090     0.002531 ✅ 正常           
  mi_proj_layer0                0.154975     0.000462 ✅ 正常           
  dis_proj_layer0               0.145233     0.000476 ✅ 正常           
================================================================================

Epoch 1, Total Loss: 20.5334, Recover Loss: 1.3740, miRNA CL: 8.9301, Disease CL: 8.4574, Inter-view (est): 4.0125, Recon Loss: 1.4742, Time: 0.62s
[INFO] Hypergraph updated at epoch 5
[INFO] Hypergraph updated at epoch 10
[INFO] Hypergraph updated at epoch 15
[INFO] Hypergraph updated at epoch 20
[INFO] Hypergraph updated at epoch 25
[INFO] Hypergraph updated at epoch 30
[INFO] Hypergraph updated at epoch 35
[INFO] Hypergraph updated at epoch 40
[INFO] Hypergraph updated at epoch 45
[INFO] Hypergraph updated at epoch 50

🔧 Epoch 50 梯度检查:
================================================================================

  参数名称                              梯度范数         梯度均值 状态             
  ----------------------------------------------------------------------
  type_relations                0.139206     0.003212 ✅ 正常           
  exist_relation                0.008121     0.000302 ✅ 正常           
  mi_proj_layer0                0.025814     0.000084 ✅ 正常           
  dis_proj_layer0               0.031666     0.000097 ✅ 正常           
================================================================================

Epoch 50, Total Loss: 17.4193, Recover Loss: 1.3439, miRNA CL: 8.0001, Disease CL: 7.6833, Inter-view (est): 3.6192, Recon Loss: 0.1132, Time: 92.42s
[INFO] Hypergraph updated at epoch 100

🔧 Epoch 100 梯度检查:
================================================================================

  参数名称                              梯度范数         梯度均值 状态             
  ----------------------------------------------------------------------
  type_relations                0.231500     0.004165 ✅ 正常           
  exist_relation                0.007874     0.000337 ✅ 正常           
  mi_proj_layer0                0.030397     0.000095 ✅ 正常           
  dis_proj_layer0               0.031014     0.000095 ✅ 正常           
================================================================================

Epoch 100, Total Loss: 16.3501, Recover Loss: 1.3049, miRNA CL: 7.7432, Disease CL: 7.0135, Inter-view (est): 3.4054, Recon Loss: 0.0298, Time: 126.14s
[INFO] Hypergraph updated at epoch 150

🔧 Epoch 150 梯度检查:
================================================================================

  参数名称                              梯度范数         梯度均值 状态             
  ----------------------------------------------------------------------
  type_relations                0.282778     0.004548 ✅ 正常           
  exist_relation                0.011978     0.000359 ✅ 正常           
  mi_proj_layer0                0.038057     0.000114 ✅ 正常           
  dis_proj_layer0               0.037421     0.000106 ✅ 正常           
================================================================================

Epoch 150, Total Loss: 15.7211, Recover Loss: 1.2622, miRNA CL: 7.5447, Disease CL: 6.6376, Inter-view (est): 3.2728, Recon Loss: 0.0305, Time: 157.83s
[INFO] Hypergraph updated at epoch 200

🔧 Epoch 200 梯度检查:
================================================================================

  参数名称                              梯度范数         梯度均值 状态             
  ----------------------------------------------------------------------
  type_relations                0.220891     0.003921 ✅ 正常           
  exist_relation                0.010089     0.000338 ✅ 正常           
  mi_proj_layer0                0.031469     0.000096 ✅ 正常           
  dis_proj_layer0               0.028250     0.000089 ✅ 正常           
================================================================================

Epoch 200, Total Loss: 15.1934, Recover Loss: 1.2108, miRNA CL: 7.2533, Disease CL: 6.4624, Inter-view (est): 3.1652, Recon Loss: 0.0291, Time: 190.93s
[INFO] Hypergraph updated at epoch 250

🔧 Epoch 250 梯度检查:
================================================================================

  参数名称                              梯度范数         梯度均值 状态             
  ----------------------------------------------------------------------
  type_relations                0.197967     0.003443 ✅ 正常           
  exist_relation                0.010431     0.000358 ✅ 正常           
  mi_proj_layer0                0.027119     0.000080 ✅ 正常           
  dis_proj_layer0               0.026758     0.000079 ✅ 正常           
================================================================================

Epoch 250, Total Loss: 14.9211, Recover Loss: 1.1785, miRNA CL: 7.1183, Disease CL: 6.3634, Inter-view (est): 3.1112, Recon Loss: 0.0286, Time: 223.37s
[INFO] Hypergraph updated at epoch 300

🔧 Epoch 300 梯度检查:
================================================================================

  参数名称                              梯度范数         梯度均值 状态             
  ----------------------------------------------------------------------
  type_relations                0.150406     0.002715 ✅ 正常           
  exist_relation                0.013348     0.000423 ✅ 正常           
  mi_proj_layer0                0.020946     0.000062 ✅ 正常           
  dis_proj_layer0               0.021966     0.000065 ✅ 正常           
================================================================================

Epoch 300, Total Loss: 14.7645, Recover Loss: 1.1551, miRNA CL: 7.0403, Disease CL: 6.3121, Inter-view (est): 3.0813, Recon Loss: 0.0284, Time: 255.47s
[INFO] Hypergraph updated at epoch 350

🔧 Epoch 350 梯度检查:
================================================================================

  参数名称                              梯度范数         梯度均值 状态             
  ----------------------------------------------------------------------
  type_relations                0.167767     0.003086 ✅ 正常           
  exist_relation                0.011788     0.000419 ✅ 正常           
  mi_proj_layer0                0.025889     0.000076 ✅ 正常           
  dis_proj_layer0               0.034493     0.000098 ✅ 正常           
================================================================================

Epoch 350, Total Loss: 14.5971, Recover Loss: 1.1410, miRNA CL: 6.9471, Disease CL: 6.2563, Inter-view (est): 3.0469, Recon Loss: 0.0280, Time: 288.29s
[INFO] Hypergraph updated at epoch 400

🔧 Epoch 400 梯度检查:
================================================================================

  参数名称                              梯度范数         梯度均值 状态             
  ----------------------------------------------------------------------
  type_relations                0.139570     0.002599 ✅ 正常           
  exist_relation                0.009311     0.000326 ✅ 正常           
  mi_proj_layer0                0.022923     0.000065 ✅ 正常           
  dis_proj_layer0               0.029276     0.000079 ✅ 正常           
================================================================================

Epoch 400, Total Loss: 14.4258, Recover Loss: 1.1076, miRNA CL: 6.8462, Disease CL: 6.2224, Inter-view (est): 3.0158, Recon Loss: 0.0277, Time: 320.52s
[INFO] Hypergraph updated at epoch 450

🔧 Epoch 450 梯度检查:
================================================================================

  参数名称                              梯度范数         梯度均值 状态             
  ----------------------------------------------------------------------
  type_relations                0.148665     0.002862 ✅ 正常           
  exist_relation                0.011111     0.000367 ✅ 正常           
  mi_proj_layer0                0.023817     0.000071 ✅ 正常           
  dis_proj_layer0               0.028676     0.000082 ✅ 正常           
================================================================================

Epoch 450, Total Loss: 14.3760, Recover Loss: 1.1082, miRNA CL: 6.8088, Disease CL: 6.2108, Inter-view (est): 3.0045, Recon Loss: 0.0272, Time: 352.48s
[INFO] Hypergraph updated at epoch 500

🔧 Epoch 500 梯度检查:
================================================================================

  参数名称                              梯度范数         梯度均值 状态             
  ----------------------------------------------------------------------
  type_relations                0.161297     0.002982 ✅ 正常           
  exist_relation                0.012574     0.000431 ✅ 正常           
  mi_proj_layer0                0.024494     0.000071 ✅ 正常           
  dis_proj_layer0               0.027196     0.000083 ✅ 正常           
================================================================================

Epoch 500, Total Loss: 14.3213, Recover Loss: 1.0995, miRNA CL: 6.7717, Disease CL: 6.2026, Inter-view (est): 2.9941, Recon Loss: 0.0272, Time: 384.41s
[INFO] Hypergraph updated at epoch 550

🔧 Epoch 550 梯度检查:
================================================================================

  参数名称                              梯度范数         梯度均值 状态             
  ----------------------------------------------------------------------
  type_relations                0.143919     0.002698 ✅ 正常           
  exist_relation                0.009913     0.000376 ✅ 正常           
  mi_proj_layer0                0.021728     0.000062 ✅ 正常           
  dis_proj_layer0               0.026622     0.000075 ✅ 正常           
================================================================================

Epoch 550, Total Loss: 14.2848, Recover Loss: 1.0930, miRNA CL: 6.7504, Disease CL: 6.1949, Inter-view (est): 2.9874, Recon Loss: 0.0268, Time: 417.50s
[INFO] Hypergraph updated at epoch 600

🔧 Epoch 600 梯度检查:
================================================================================

  参数名称                              梯度范数         梯度均值 状态             
  ----------------------------------------------------------------------
  type_relations                0.158503     0.003026 ✅ 正常           
  exist_relation                0.009160     0.000344 ✅ 正常           
  mi_proj_layer0                0.029799     0.000080 ✅ 正常           
  dis_proj_layer0               0.029283     0.000083 ✅ 正常           
================================================================================

Epoch 600, Total Loss: 14.2540, Recover Loss: 1.0908, miRNA CL: 6.7303, Disease CL: 6.1872, Inter-view (est): 2.9810, Recon Loss: 0.0267, Time: 449.21s
[INFO] Hypergraph updated at epoch 650

🔧 Epoch 650 梯度检查:
================================================================================

  参数名称                              梯度范数         梯度均值 状态             
  ----------------------------------------------------------------------
  type_relations                0.137852     0.002493 ✅ 正常           
  exist_relation                0.009645     0.000359 ✅ 正常           
  mi_proj_layer0                0.022913     0.000065 ✅ 正常           
  dis_proj_layer0               0.027598     0.000079 ✅ 正常           
================================================================================

Epoch 650, Total Loss: 14.2165, Recover Loss: 1.0801, miRNA CL: 6.7112, Disease CL: 6.1798, Inter-view (est): 2.9748, Recon Loss: 0.0271, Time: 481.50s

================================================================================
Training completed. Running final test...
================================================================================
Fold 3 completed - AUC: 0.9470, Top-1 F1: 0.5722
Fold 3 training time: 482.30 seconds
=== Cross Validation Fold 4/5 ===
Using hidden dimensions: [256, 256] with 4 attention heads
优化模型初始化: miRNA数量 = 495, 疾病数量 = 383
   节点维度: 256 → 128
   类型数量: 4
   Temperature: 2.0 (可学习)
   exist_weight=0.050, type_weight=0.950

✅ SimplifiedMultiTypeAssociationLoss 初始化 (改进版)
   类别权重 (beta=0.99999): ['0.780', '1.822', '0.977', '0.421']
Original positive index shape: torch.Size([1072, 2])
Original negative index shape: torch.Size([135416, 2])
采样后负样本数量: 10720
🎯 Building TRUE DUAL VIEWS from four different sources...
📊 Data sources loaded:
  Disease semantic: torch.Size([383, 383])
  miRNA functional: torch.Size([495, 495])
  Disease-gene: torch.Size([383, 383])
  miRNA-sequence: torch.Size([495, 495])
🧬 Building miRNA dual-view hypergraphs...
  📊 miRNA View 1 (Sequence): torch.Size([495, 878])
  📊 miRNA View 2 (Function): torch.Size([495, 878])
🦠 Building disease dual-view hypergraphs...
  📊 Disease View 1 (Gene): torch.Size([383, 878])
  📊 Disease View 2 (Semantic): torch.Size([383, 878])
✅ Successfully built TRUE DUAL VIEWS:
   🧬 miRNA: Sequence Features (m_ss.xlsx) vs Functional Similarity (mi_fun_sim_2.0.csv)
   🦠 Disease: Gene Features (d_gs.xlsx) vs Semantic Similarity (dis_sem_sim_2.0.csv)

🔧 Epoch 1 梯度检查:
================================================================================

  参数名称                              梯度范数         梯度均值 状态             
  ----------------------------------------------------------------------
  type_relations                0.077295     0.002368 ✅ 正常           
  exist_relation                0.026243     0.001571 ✅ 正常           
  mi_proj_layer0                0.103690     0.000314 ✅ 正常           
  dis_proj_layer0               0.091382     0.000315 ✅ 正常           
================================================================================

Epoch 1, Total Loss: 20.5336, Recover Loss: 1.3721, miRNA CL: 8.9530, Disease CL: 8.4444, Inter-view (est): 4.0148, Recon Loss: 1.4658, Time: 0.63s
[INFO] Hypergraph updated at epoch 5
[INFO] Hypergraph updated at epoch 10
[INFO] Hypergraph updated at epoch 15
[INFO] Hypergraph updated at epoch 20
[INFO] Hypergraph updated at epoch 25
[INFO] Hypergraph updated at epoch 30
[INFO] Hypergraph updated at epoch 35
[INFO] Hypergraph updated at epoch 40
[INFO] Hypergraph updated at epoch 45
[INFO] Hypergraph updated at epoch 50

🔧 Epoch 50 梯度检查:
================================================================================

  参数名称                              梯度范数         梯度均值 状态             
  ----------------------------------------------------------------------
  type_relations                0.166069     0.003310 ✅ 正常           
  exist_relation                0.005727     0.000297 ✅ 正常           
  mi_proj_layer0                0.028433     0.000088 ✅ 正常           
  dis_proj_layer0               0.030078     0.000098 ✅ 正常           
================================================================================

Epoch 50, Total Loss: 17.4661, Recover Loss: 1.3408, miRNA CL: 8.0317, Disease CL: 7.7401, Inter-view (est): 3.6396, Recon Loss: 0.0751, Time: 85.34s
[INFO] Hypergraph updated at epoch 100

🔧 Epoch 100 梯度检查:
================================================================================

  参数名称                              梯度范数         梯度均值 状态             
  ----------------------------------------------------------------------
  type_relations                0.296390     0.004371 ✅ 正常           
  exist_relation                0.015188     0.000357 ✅ 正常           
  mi_proj_layer0                0.024928     0.000081 ✅ 正常           
  dis_proj_layer0               0.031187     0.000100 ✅ 正常           
================================================================================

Epoch 100, Total Loss: 16.4142, Recover Loss: 1.2979, miRNA CL: 7.7533, Disease CL: 7.0730, Inter-view (est): 3.4215, Recon Loss: 0.0314, Time: 119.18s
[INFO] Hypergraph updated at epoch 150

🔧 Epoch 150 梯度检查:
================================================================================

  参数名称                              梯度范数         梯度均值 状态             
  ----------------------------------------------------------------------
  type_relations                0.276899     0.004526 ✅ 正常           
  exist_relation                0.015045     0.000465 ✅ 正常           
  mi_proj_layer0                0.030231     0.000092 ✅ 正常           
  dis_proj_layer0               0.035021     0.000110 ✅ 正常           
================================================================================

Epoch 150, Total Loss: 15.8154, Recover Loss: 1.2520, miRNA CL: 7.5816, Disease CL: 6.7050, Inter-view (est): 3.2969, Recon Loss: 0.0306, Time: 151.45s
[INFO] Hypergraph updated at epoch 200

🔧 Epoch 200 梯度检查:
================================================================================

  参数名称                              梯度范数         梯度均值 状态             
  ----------------------------------------------------------------------
  type_relations                0.262148     0.004483 ✅ 正常           
  exist_relation                0.011035     0.000361 ✅ 正常           
  mi_proj_layer0                0.030028     0.000088 ✅ 正常           
  dis_proj_layer0               0.034200     0.000105 ✅ 正常           
================================================================================

Epoch 200, Total Loss: 15.2315, Recover Loss: 1.2056, miRNA CL: 7.2920, Disease CL: 6.4653, Inter-view (est): 3.1748, Recon Loss: 0.0300, Time: 183.55s
[INFO] Hypergraph updated at epoch 250

🔧 Epoch 250 梯度检查:
================================================================================

  参数名称                              梯度范数         梯度均值 状态             
  ----------------------------------------------------------------------
  type_relations                0.222763     0.003571 ✅ 正常           
  exist_relation                0.019258     0.000562 ✅ 正常           
  mi_proj_layer0                0.028916     0.000082 ✅ 正常           
  dis_proj_layer0               0.031836     0.000094 ✅ 正常           
================================================================================

Epoch 250, Total Loss: 14.9375, Recover Loss: 1.1720, miRNA CL: 7.1358, Disease CL: 6.3669, Inter-view (est): 3.1160, Recon Loss: 0.0290, Time: 216.00s
[INFO] Hypergraph updated at epoch 300

🔧 Epoch 300 梯度检查:
================================================================================

  参数名称                              梯度范数         梯度均值 状态             
  ----------------------------------------------------------------------
  type_relations                0.201678     0.003375 ✅ 正常           
  exist_relation                0.009145     0.000323 ✅ 正常           
  mi_proj_layer0                0.026312     0.000074 ✅ 正常           
  dis_proj_layer0               0.027988     0.000082 ✅ 正常           
================================================================================

Epoch 300, Total Loss: 14.7784, Recover Loss: 1.1440, miRNA CL: 7.0651, Disease CL: 6.3109, Inter-view (est): 3.0868, Recon Loss: 0.0276, Time: 248.63s
[INFO] Hypergraph updated at epoch 350

🔧 Epoch 350 梯度检查:
================================================================================

  参数名称                              梯度范数         梯度均值 状态             
  ----------------------------------------------------------------------
  type_relations                0.210428     0.003645 ✅ 正常           
  exist_relation                0.014546     0.000431 ✅ 正常           
  mi_proj_layer0                0.024721     0.000073 ✅ 正常           
  dis_proj_layer0               0.028684     0.000085 ✅ 正常           
================================================================================

Epoch 350, Total Loss: 14.6504, Recover Loss: 1.1229, miRNA CL: 7.0050, Disease CL: 6.2663, Inter-view (est): 3.0626, Recon Loss: 0.0284, Time: 281.54s
[INFO] Hypergraph updated at epoch 400

🔧 Epoch 400 梯度检查:
================================================================================

  参数名称                              梯度范数         梯度均值 状态             
  ----------------------------------------------------------------------
  type_relations                0.223824     0.003908 ✅ 正常           
  exist_relation                0.010108     0.000354 ✅ 正常           
  mi_proj_layer0                0.033373     0.000089 ✅ 正常           
  dis_proj_layer0               0.033004     0.000090 ✅ 正常           
================================================================================

Epoch 400, Total Loss: 14.5350, Recover Loss: 1.1147, miRNA CL: 6.9400, Disease CL: 6.2278, Inter-view (est): 3.0387, Recon Loss: 0.0277, Time: 314.04s
[INFO] Hypergraph updated at epoch 450

🔧 Epoch 450 梯度检查:
================================================================================

  参数名称                              梯度范数         梯度均值 状态             
  ----------------------------------------------------------------------
  type_relations                0.184560     0.003189 ✅ 正常           
  exist_relation                0.013362     0.000428 ✅ 正常           
  mi_proj_layer0                0.027275     0.000073 ✅ 正常           
  dis_proj_layer0               0.029623     0.000081 ✅ 正常           
================================================================================

Epoch 450, Total Loss: 14.4176, Recover Loss: 1.0917, miRNA CL: 6.8697, Disease CL: 6.2060, Inter-view (est): 3.0175, Recon Loss: 0.0275, Time: 346.82s
[INFO] Hypergraph updated at epoch 500

🔧 Epoch 500 梯度检查:
================================================================================

  参数名称                              梯度范数         梯度均值 状态             
  ----------------------------------------------------------------------
  type_relations                0.180683     0.003030 ✅ 正常           
  exist_relation                0.009755     0.000345 ✅ 正常           
  mi_proj_layer0                0.035883     0.000089 ✅ 正常           
  dis_proj_layer0               0.031432     0.000085 ✅ 正常           
================================================================================

Epoch 500, Total Loss: 14.3229, Recover Loss: 1.0843, miRNA CL: 6.7991, Disease CL: 6.1916, Inter-view (est): 2.9978, Recon Loss: 0.0265, Time: 379.81s
[INFO] Hypergraph updated at epoch 550

🔧 Epoch 550 梯度检查:
================================================================================

  参数名称                              梯度范数         梯度均值 状态             
  ----------------------------------------------------------------------
  type_relations                0.147813     0.002445 ✅ 正常           
  exist_relation                0.016532     0.000550 ✅ 正常           
  mi_proj_layer0                0.025428     0.000067 ✅ 正常           
  dis_proj_layer0               0.026278     0.000069 ✅ 正常           
================================================================================

Epoch 550, Total Loss: 14.2645, Recover Loss: 1.0687, miRNA CL: 6.7647, Disease CL: 6.1837, Inter-view (est): 2.9881, Recon Loss: 0.0268, Time: 412.06s
[INFO] Hypergraph updated at epoch 600

🔧 Epoch 600 梯度检查:
================================================================================

  参数名称                              梯度范数         梯度均值 状态             
  ----------------------------------------------------------------------
  type_relations                0.168041     0.003014 ✅ 正常           
  exist_relation                0.012302     0.000382 ✅ 正常           
  mi_proj_layer0                0.031267     0.000084 ✅ 正常           
  dis_proj_layer0               0.031392     0.000086 ✅ 正常           
================================================================================

Epoch 600, Total Loss: 14.2418, Recover Loss: 1.0731, miRNA CL: 6.7445, Disease CL: 6.1769, Inter-view (est): 2.9819, Recon Loss: 0.0273, Time: 444.42s
[INFO] Hypergraph updated at epoch 650

🔧 Epoch 650 梯度检查:
================================================================================

  参数名称                              梯度范数         梯度均值 状态             
  ----------------------------------------------------------------------
  type_relations                0.161983     0.002792 ✅ 正常           
  exist_relation                0.013430     0.000437 ✅ 正常           
  mi_proj_layer0                0.029456     0.000078 ✅ 正常           
  dis_proj_layer0               0.032272     0.000085 ✅ 正常           
================================================================================

Epoch 650, Total Loss: 14.2027, Recover Loss: 1.0609, miRNA CL: 6.7253, Disease CL: 6.1704, Inter-view (est): 2.9759, Recon Loss: 0.0267, Time: 476.64s

================================================================================
Training completed. Running final test...
================================================================================
Fold 4 completed - AUC: 0.9281, Top-1 F1: 0.5532
Fold 4 training time: 477.50 seconds
=== Cross Validation Fold 5/5 ===
Using hidden dimensions: [256, 256] with 4 attention heads
优化模型初始化: miRNA数量 = 495, 疾病数量 = 383
   节点维度: 256 → 128
   类型数量: 4
   Temperature: 2.0 (可学习)
   exist_weight=0.050, type_weight=0.950

✅ SimplifiedMultiTypeAssociationLoss 初始化 (改进版)
   类别权重 (beta=0.99999): ['0.780', '1.822', '0.977', '0.421']
Original positive index shape: torch.Size([1072, 2])
Original negative index shape: torch.Size([135416, 2])
采样后负样本数量: 10720
🎯 Building TRUE DUAL VIEWS from four different sources...
📊 Data sources loaded:
  Disease semantic: torch.Size([383, 383])
  miRNA functional: torch.Size([495, 495])
  Disease-gene: torch.Size([383, 383])
  miRNA-sequence: torch.Size([495, 495])
🧬 Building miRNA dual-view hypergraphs...
  📊 miRNA View 1 (Sequence): torch.Size([495, 878])
  📊 miRNA View 2 (Function): torch.Size([495, 878])
🦠 Building disease dual-view hypergraphs...
  📊 Disease View 1 (Gene): torch.Size([383, 878])
  📊 Disease View 2 (Semantic): torch.Size([383, 878])
✅ Successfully built TRUE DUAL VIEWS:
   🧬 miRNA: Sequence Features (m_ss.xlsx) vs Functional Similarity (mi_fun_sim_2.0.csv)
   🦠 Disease: Gene Features (d_gs.xlsx) vs Semantic Similarity (dis_sem_sim_2.0.csv)

🔧 Epoch 1 梯度检查:
================================================================================

  参数名称                              梯度范数         梯度均值 状态             
  ----------------------------------------------------------------------
  type_relations                0.082212     0.002480 ✅ 正常           
  exist_relation                0.033147     0.001994 ✅ 正常           
  mi_proj_layer0                0.171668     0.000483 ✅ 正常           
  dis_proj_layer0               0.154390     0.000456 ✅ 正常           
================================================================================

Epoch 1, Total Loss: 20.5284, Recover Loss: 1.3764, miRNA CL: 8.9346, Disease CL: 8.4294, Inter-view (est): 4.0071, Recon Loss: 1.4900, Time: 0.64s
[INFO] Hypergraph updated at epoch 5
[INFO] Hypergraph updated at epoch 10
[INFO] Hypergraph updated at epoch 15
[INFO] Hypergraph updated at epoch 20
[INFO] Hypergraph updated at epoch 25
[INFO] Hypergraph updated at epoch 30
[INFO] Hypergraph updated at epoch 35
[INFO] Hypergraph updated at epoch 40
[INFO] Hypergraph updated at epoch 45
[INFO] Hypergraph updated at epoch 50

🔧 Epoch 50 梯度检查:
================================================================================

  参数名称                              梯度范数         梯度均值 状态             
  ----------------------------------------------------------------------
  type_relations                0.127046     0.003140 ✅ 正常           
  exist_relation                0.003900     0.000222 ✅ 正常           
  mi_proj_layer0                0.024853     0.000081 ✅ 正常           
  dis_proj_layer0               0.026314     0.000084 ✅ 正常           
================================================================================

Epoch 50, Total Loss: 17.4428, Recover Loss: 1.3457, miRNA CL: 8.0022, Disease CL: 7.7180, Inter-view (est): 3.6277, Recon Loss: 0.0982, Time: 91.57s
[INFO] Hypergraph updated at epoch 100

🔧 Epoch 100 梯度检查:
================================================================================

  参数名称                              梯度范数         梯度均值 状态             
  ----------------------------------------------------------------------
  type_relations                0.206377     0.004004 ✅ 正常           
  exist_relation                0.004405     0.000238 ✅ 正常           
  mi_proj_layer0                0.026917     0.000089 ✅ 正常           
  dis_proj_layer0               0.031283     0.000101 ✅ 正常           
================================================================================

Epoch 100, Total Loss: 16.3475, Recover Loss: 1.3138, miRNA CL: 7.7408, Disease CL: 7.0041, Inter-view (est): 3.4027, Recon Loss: 0.0313, Time: 124.90s
[INFO] Hypergraph updated at epoch 150

🔧 Epoch 150 梯度检查:
================================================================================

  参数名称                              梯度范数         梯度均值 状态             
  ----------------------------------------------------------------------
  type_relations                0.329583     0.005075 ✅ 正常           
  exist_relation                0.007835     0.000294 ✅ 正常           
  mi_proj_layer0                0.041495     0.000122 ✅ 正常           
  dis_proj_layer0               0.039122     0.000116 ✅ 正常           
================================================================================

Epoch 150, Total Loss: 15.7131, Recover Loss: 1.2478, miRNA CL: 7.5700, Disease CL: 6.6212, Inter-view (est): 3.2749, Recon Loss: 0.0300, Time: 157.39s
[INFO] Hypergraph updated at epoch 200

🔧 Epoch 200 梯度检查:
================================================================================

  参数名称                              梯度范数         梯度均值 状态             
  ----------------------------------------------------------------------
  type_relations                0.250874     0.004368 ✅ 正常           
  exist_relation                0.007249     0.000292 ✅ 正常           
  mi_proj_layer0                0.031950     0.000094 ✅ 正常           
  dis_proj_layer0               0.029245     0.000089 ✅ 正常           
================================================================================

Epoch 200, Total Loss: 15.2445, Recover Loss: 1.1990, miRNA CL: 7.3312, Disease CL: 6.4489, Inter-view (est): 3.1800, Recon Loss: 0.0292, Time: 189.37s
[INFO] Hypergraph updated at epoch 250

🔧 Epoch 250 梯度检查:
================================================================================

  参数名称                              梯度范数         梯度均值 状态             
  ----------------------------------------------------------------------
  type_relations                0.214329     0.003825 ✅ 正常           
  exist_relation                0.007815     0.000299 ✅ 正常           
  mi_proj_layer0                0.027500     0.000082 ✅ 正常           
  dis_proj_layer0               0.025826     0.000080 ✅ 正常           
================================================================================

Epoch 250, Total Loss: 15.0011, Recover Loss: 1.1733, miRNA CL: 7.1824, Disease CL: 6.3853, Inter-view (est): 3.1310, Recon Loss: 0.0280, Time: 221.91s
[INFO] Hypergraph updated at epoch 300

🔧 Epoch 300 梯度检查:
================================================================================

  参数名称                              梯度范数         梯度均值 状态             
  ----------------------------------------------------------------------
  type_relations                0.192924     0.003481 ✅ 正常           
  exist_relation                0.008576     0.000317 ✅ 正常           
  mi_proj_layer0                0.026414     0.000080 ✅ 正常           
  dis_proj_layer0               0.029543     0.000089 ✅ 正常           
================================================================================

Epoch 300, Total Loss: 14.8511, Recover Loss: 1.1604, miRNA CL: 7.0929, Disease CL: 6.3400, Inter-view (est): 3.0999, Recon Loss: 0.0285, Time: 254.88s
[INFO] Hypergraph updated at epoch 350

🔧 Epoch 350 梯度检查:
================================================================================

  参数名称                              梯度范数         梯度均值 状态             
  ----------------------------------------------------------------------
  type_relations                0.179438     0.003466 ✅ 正常           
  exist_relation                0.009208     0.000334 ✅ 正常           
  mi_proj_layer0                0.025556     0.000077 ✅ 正常           
  dis_proj_layer0               0.028970     0.000085 ✅ 正常           
================================================================================

Epoch 350, Total Loss: 14.7087, Recover Loss: 1.1322, miRNA CL: 7.0251, Disease CL: 6.2980, Inter-view (est): 3.0746, Recon Loss: 0.0269, Time: 286.95s
[INFO] Hypergraph updated at epoch 400

🔧 Epoch 400 梯度检查:
================================================================================

  参数名称                              梯度范数         梯度均值 状态             
  ----------------------------------------------------------------------
  type_relations                0.194388     0.003461 ✅ 正常           
  exist_relation                0.008076     0.000314 ✅ 正常           
  mi_proj_layer0                0.027944     0.000080 ✅ 正常           
  dis_proj_layer0               0.032816     0.000094 ✅ 正常           
================================================================================

Epoch 400, Total Loss: 14.5858, Recover Loss: 1.1102, miRNA CL: 6.9610, Disease CL: 6.2632, Inter-view (est): 3.0517, Recon Loss: 0.0273, Time: 318.63s
[INFO] Hypergraph updated at epoch 450

🔧 Epoch 450 梯度检查:
================================================================================

  参数名称                              梯度范数         梯度均值 状态             
  ----------------------------------------------------------------------
  type_relations                0.151821     0.002842 ✅ 正常           
  exist_relation                0.009437     0.000356 ✅ 正常           
  mi_proj_layer0                0.032090     0.000085 ✅ 正常           
  dis_proj_layer0               0.024932     0.000073 ✅ 正常           
================================================================================

Epoch 450, Total Loss: 14.4707, Recover Loss: 1.0915, miRNA CL: 6.8945, Disease CL: 6.2354, Inter-view (est): 3.0300, Recon Loss: 0.0273, Time: 351.63s
[INFO] Hypergraph updated at epoch 500

🔧 Epoch 500 梯度检查:
================================================================================

  参数名称                              梯度范数         梯度均值 状态             
  ----------------------------------------------------------------------
  type_relations                0.180362     0.003124 ✅ 正常           
  exist_relation                0.009137     0.000312 ✅ 正常           
  mi_proj_layer0                0.029484     0.000079 ✅ 正常           
  dis_proj_layer0               0.035442     0.000093 ✅ 正常           
================================================================================

Epoch 500, Total Loss: 14.3797, Recover Loss: 1.0831, miRNA CL: 6.8323, Disease CL: 6.2176, Inter-view (est): 3.0115, Recon Loss: 0.0262, Time: 383.49s
[INFO] Hypergraph updated at epoch 550

🔧 Epoch 550 梯度检查:
================================================================================

  参数名称                              梯度范数         梯度均值 状态             
  ----------------------------------------------------------------------
  type_relations                0.184665     0.003082 ✅ 正常           
  exist_relation                0.009738     0.000379 ✅ 正常           
  mi_proj_layer0                0.025646     0.000069 ✅ 正常           
  dis_proj_layer0               0.032624     0.000089 ✅ 正常           
================================================================================

Epoch 550, Total Loss: 14.3429, Recover Loss: 1.0670, miRNA CL: 6.8205, Disease CL: 6.2089, Inter-view (est): 3.0068, Recon Loss: 0.0268, Time: 415.45s
[INFO] Hypergraph updated at epoch 600

🔧 Epoch 600 梯度检查:
================================================================================

  参数名称                              梯度范数         梯度均值 状态             
  ----------------------------------------------------------------------
  type_relations                0.135091     0.002552 ✅ 正常           
  exist_relation                0.009898     0.000371 ✅ 正常           
  mi_proj_layer0                0.024875     0.000067 ✅ 正常           
  dis_proj_layer0               0.026039     0.000073 ✅ 正常           
================================================================================

Epoch 600, Total Loss: 14.2942, Recover Loss: 1.0651, miRNA CL: 6.7842, Disease CL: 6.1996, Inter-view (est): 2.9963, Recon Loss: 0.0263, Time: 447.17s
[INFO] Hypergraph updated at epoch 650

🔧 Epoch 650 梯度检查:
================================================================================

  参数名称                              梯度范数         梯度均值 状态             
  ----------------------------------------------------------------------
  type_relations                0.180174     0.003259 ✅ 正常           
  exist_relation                0.008765     0.000337 ✅ 正常           
  mi_proj_layer0                0.031965     0.000083 ✅ 正常           
  dis_proj_layer0               0.043597     0.000108 ✅ 正常           
================================================================================

Epoch 650, Total Loss: 14.2650, Recover Loss: 1.0685, miRNA CL: 6.7604, Disease CL: 6.1920, Inter-view (est): 2.9890, Recon Loss: 0.0259, Time: 479.52s

================================================================================
Training completed. Running final test...
================================================================================
Fold 5 completed - AUC: 0.9609, Top-1 F1: 0.6166
Fold 5 training time: 480.43 seconds
Average binary metrics across folds: [[0.94877367 0.94205955 0.89123592 0.88820896 0.91462687 0.86179104
  0.86999056]]
🎯 Average Top-1 metrics across folds: {'top1_precision': 0.5537313432835821, 'top1_recall': np.float64(0.6311298281525018), 'top1_f1': np.float64(0.5898381908165268)}

📊 CV_type Style Metrics Details:
  AUC            : 0.9488
  AUPR           : 0.9421
  F1             : 0.8912
  Accuracy       : 0.8882
  Recall         : 0.9146
  Specificity    : 0.8618
  Precision      : 0.8700

🎯 Top-1 Metrics Details:
  top1_precision : 0.5537
  top1_recall    : 0.6311
  top1_f1        : 0.5898

Total execution time: 2406.20 seconds

==========================================================================================
🎯 FINAL COMPREHENSIVE RESULTS WITH TOP-1 METRICS
==========================================================================================
📊 Binary Classification Metrics (Original):
  AUC: 0.9488
  AUPR: 0.9421
  F1: 0.8912
  Accuracy: 0.8882
  Recall: 0.9146
  Specificity: 0.8618
  Precision: 0.8700

🎯 CV_type Style Metrics (Enhanced):
  AUC: 0.9488
  AUPR: 0.9421
  F1: 0.8912
  Accuracy: 0.8882
  Recall: 0.9146
  Specificity: 0.8618
  Precision: 0.8700

🏆 Top-1 Metrics (NEW):
  Top-1 Precision: 0.5537
  Top-1 Recall: 0.6311
  Top-1 F1: 0.5898
==========================================================================================
