======================================================================
[PATCH] Metric_fun.compute_top1_metrics -> general-K CORRECT version
[PATCH] NO repo source file modified. Fix lives in this script only.
======================================================================
[INFO] Auto-computed BALANCED class weights (to prevent class collapse):
  Circulation  (  367 samples): 0.780
  Epigenetics  (  157 samples): 1.823
  Target       (  293 samples): 0.977
  Genetics     (  681 samples): 0.420
  [NOTE] Higher weights for minority classes to prevent model from only predicting majority class
[INFO] Using v3.2_wang dataset (Wang MeSH semantic + functional sim):
  miRNAs: 713
  Diseases: 447
  Expected associations: ~16,341 (TDRC preprocessing)
  Types: 5 (Circulation, Epigenetics, Target, Genetics, Tissue)

================================================================================
Configuration Summary
================================================================================
Dataset: v3.2_wang
Data Path: ./
Model: HeterogenousGraphCLAMIR
  - HGT Layers: 2
  - Attention Heads: 4
  - Association Types: 5
  - Inter-view CL: Enabled
    - Weight: 0.3
    - Temperature: 0.5
    - Margin: 0.5

Training:
  - Epochs: 650
  - Learning Rate: 0.0001
  - Dropout: 0.3
  - Weight Decay: 5e-05
  - Focal Loss: Enabled

Evaluation:
  - Cross-Validation Folds: 5
  - Primary Metric: AUPR

Device: cpu
Random Seed: 1234
================================================================================

[RUN] dataset=v3.2_wang loss_mode=two_head epoch=650 validation=5 predictor_mode=full_bilinear
[CPU] torch.set_num_threads(14), interop=min(4, 14)
Using device: cpu
🎯 Loading dual-view data...
Starting dual-view data preparation with new file format...
Loading all similarity and feature files from v3.2_wang...
✅ Loaded disease semantic similarity from D_SSM1.txt: (447, 447)
✅ Loaded miRNA functional similarity from M_FSM.txt: (713, 713)
✅ Loaded multi-type association pairs from ./v3.2_wang\multi_all_mirna_disease_pairs_without_negative.csv: (12534, 3)
✅ Created multi-type association matrix: (713, 447)
📊 Multi-type Association Statistics:
   无关联 (No association): 306177 pairs (96.07%)
   循环类型 (Circulation): 3310 pairs (1.04%)
   表观遗传学 (Epigenetics): 411 pairs (0.13%)
   靶标类型 (Target): 4810 pairs (1.51%)
   遗传学类型 (Genetics): 850 pairs (0.27%)
   组织表达 (Tissue): 3153 pairs (0.99%)
✅ Created association matrix from CSV: (713, 447)
✅ Loaded disease-gene features from D_SSM2.txt: torch.Size([447, 447])
✅ Loaded miRNA-sequence features from M_GSM.txt: torch.Size([713, 713])
Processing integrated similarity matrices...
Loaded similarity matrices from cache
Processing indices...
Loaded indices from cache (seed=1234)
✅ Dual-view data preparation completed in 1.00 seconds

============================================================
🎯 DUAL-VIEW CONFIGURATION SUMMARY (v3.2_wang)
============================================================
miRNA Dual Views:
  📊 View 1 (Sequence): M_GSM.txt torch.Size([713, 713])
  📊 View 2 (Function): M_FSM.txt torch.Size([713, 713])

Disease Dual Views:
  📊 View 1 (Gene): D_SSM2.txt torch.Size([447, 447])
  📊 View 2 (Semantic): D_SSM1.txt torch.Size([447, 447])

Association Matrix: torch.Size([713, 447])
Data source: v3.2_wang (713 miRNAs × 447 Diseases)
============================================================
Preloading dual-view data to device...
✅ Loaded disease-gene features to device: torch.Size([447, 447])
✅ Loaded miRNA-sequence features to device: torch.Size([713, 713])
✅ Loaded disease semantic similarity to device: torch.Size([447, 447])
✅ Loaded miRNA functional similarity to device: torch.Size([713, 713])
✅ Dual-view data preloading completed in 0.00 seconds
OptimizedDataset initialized with 5 folds
Using device: cpu
=== Cross Validation Fold 1/5 ===
Using hidden dimensions: [256, 256] with 4 attention heads
优化模型初始化: miRNA数量 = 713, 疾病数量 = 447
   节点维度: 256 → 128
   类型数量: 5
   Temperature: 2.0 (可学习)
   Loss mode: two_head
   loss_mode=two_head
   exist_weight=0.100, type_weight=0.900

✅ SimplifiedMultiTypeAssociationLoss 初始化 (改进版)
   类别权重 (beta=0.99999): ['0.344', '2.732', '0.239', '1.324', '0.361']
Original positive index shape: torch.Size([9020, 2])
Original negative index shape: torch.Size([220440, 2])
采样后负样本数量: 90200
🎯 Building TRUE DUAL VIEWS from four different sources...
📊 Data sources loaded:
  Disease semantic: torch.Size([447, 447])
  miRNA functional: torch.Size([713, 713])
  Disease-gene: torch.Size([447, 447])
  miRNA-sequence: torch.Size([713, 713])
🧬 Building miRNA dual-view hypergraphs...
  📊 miRNA View 1 (Sequence): torch.Size([713, 1160])
  📊 miRNA View 2 (Function): torch.Size([713, 1160])
🦠 Building disease dual-view hypergraphs...
  📊 Disease View 1 (Gene): torch.Size([447, 1160])
  📊 Disease View 2 (Semantic): torch.Size([447, 1160])
✅ Successfully built TRUE DUAL VIEWS:
   🧬 miRNA: Sequence Features (m_ss.xlsx) vs Functional Similarity (mi_fun_sim_2.0.csv)
   🦠 Disease: Gene Features (d_gs.xlsx) vs Semantic Similarity (dis_sem_sim_2.0.csv)

🔧 Epoch 1 梯度检查:
================================================================================

  参数名称                              梯度范数         梯度均值 状态             
  ----------------------------------------------------------------------
  type_relations                0.000028     0.000001 ✅ 正常           
  exist_relation                0.000142     0.000010 ✅ 正常           
  mi_proj_layer0                0.404821     0.001465 ✅ 正常           
  dis_proj_layer0               0.499463     0.001843 ✅ 正常           
================================================================================

Epoch 1, Total Loss: 21.0034, Recover Loss: 1.6743, miRNA CL: 9.2200, Disease CL: 8.6334, Inter-view (est): 4.1200, Recon Loss: 1.1584, Time: 4.80s
[INFO] Hypergraph updated at epoch 5
[INFO] Hypergraph updated at epoch 10
[INFO] Hypergraph updated at epoch 15
[INFO] Hypergraph updated at epoch 20
[INFO] Hypergraph updated at epoch 25
[INFO] Hypergraph updated at epoch 30
[INFO] Hypergraph updated at epoch 35
[INFO] Hypergraph updated at epoch 40
[INFO] Hypergraph updated at epoch 45
[INFO] Hypergraph updated at epoch 50

🔧 Epoch 50 梯度检查:
================================================================================

  参数名称                              梯度范数         梯度均值 状态             
  ----------------------------------------------------------------------
  type_relations                0.000019     0.000000 ✅ 正常           
  exist_relation                0.000137     0.000009 ✅ 正常           
  mi_proj_layer0                0.072602     0.000256 ✅ 正常           
  dis_proj_layer0               0.077320     0.000269 ✅ 正常           
================================================================================

Epoch 50, Total Loss: 17.7807, Recover Loss: 1.5333, miRNA CL: 8.0441, Disease CL: 7.8200, Inter-view (est): 3.6610, Recon Loss: 0.0787, Time: 319.94s
[INFO] Hypergraph updated at epoch 100

🔧 Epoch 100 梯度检查:
================================================================================

  参数名称                              梯度范数         梯度均值 状态             
  ----------------------------------------------------------------------
  type_relations                0.000011     0.000000 ✅ 正常           
  exist_relation                0.000132     0.000009 ✅ 正常           
  mi_proj_layer0                0.073080     0.000261 ✅ 正常           
  dis_proj_layer0               0.059922     0.000226 ✅ 正常           
================================================================================

Epoch 100, Total Loss: 16.3535, Recover Loss: 1.4945, miRNA CL: 7.4781, Disease CL: 7.0594, Inter-view (est): 3.3548, Recon Loss: 0.0300, Time: 549.03s
[INFO] Hypergraph updated at epoch 150

🔧 Epoch 150 梯度检查:
================================================================================

  参数名称                              梯度范数         梯度均值 状态             
  ----------------------------------------------------------------------
  type_relations                0.000007     0.000000 ✅ 正常           
  exist_relation                0.000127     0.000008 ✅ 正常           
  mi_proj_layer0                0.044920     0.000173 ✅ 正常           
  dis_proj_layer0               0.049327     0.000184 ✅ 正常           
================================================================================

Epoch 150, Total Loss: 15.6327, Recover Loss: 1.4733, miRNA CL: 7.1316, Disease CL: 6.7199, Inter-view (est): 3.1965, Recon Loss: 0.0265, Time: 776.07s
[INFO] Hypergraph updated at epoch 200

🔧 Epoch 200 梯度检查:
================================================================================

  参数名称                              梯度范数         梯度均值 状态             
  ----------------------------------------------------------------------
  type_relations                0.000004     0.000000 ✅ 正常           
  exist_relation                0.000122     0.000008 ✅ 正常           
  mi_proj_layer0                0.048806     0.000186 ✅ 正常           
  dis_proj_layer0               0.065228     0.000236 ✅ 正常           
================================================================================

Epoch 200, Total Loss: 15.3866, Recover Loss: 1.4598, miRNA CL: 7.0342, Disease CL: 6.5937, Inter-view (est): 3.1449, Recon Loss: 0.0257, Time: 1003.55s
[INFO] Hypergraph updated at epoch 250

🔧 Epoch 250 梯度检查:
================================================================================

  参数名称                              梯度范数         梯度均值 状态             
  ----------------------------------------------------------------------
  type_relations                0.000003     0.000000 ✅ 正常           
  exist_relation                0.000118     0.000007 ✅ 正常           
  mi_proj_layer0                0.043058     0.000177 ✅ 正常           
  dis_proj_layer0               0.045668     0.000178 ✅ 正常           
================================================================================

Epoch 250, Total Loss: 15.2305, Recover Loss: 1.4417, miRNA CL: 6.9786, Disease CL: 6.5196, Inter-view (est): 3.1150, Recon Loss: 0.0241, Time: 1230.63s
[INFO] Hypergraph updated at epoch 300

🔧 Epoch 300 梯度检查:
================================================================================

  参数名称                              梯度范数         梯度均值 状态             
  ----------------------------------------------------------------------
  type_relations                0.000002     0.000000 ✅ 正常           
  exist_relation                0.000114     0.000007 ✅ 正常           
  mi_proj_layer0                0.036445     0.000150 ✅ 正常           
  dis_proj_layer0               0.043133     0.000170 ✅ 正常           
================================================================================

Epoch 300, Total Loss: 15.1222, Recover Loss: 1.4213, miRNA CL: 6.9424, Disease CL: 6.4749, Inter-view (est): 3.0963, Recon Loss: 0.0229, Time: 1457.51s
[INFO] Hypergraph updated at epoch 350

🔧 Epoch 350 梯度检查:
================================================================================

  参数名称                              梯度范数         梯度均值 状态             
  ----------------------------------------------------------------------
  type_relations                0.000001     0.000000 ✅ 正常           
  exist_relation                0.000111     0.000007 ✅ 正常           
  mi_proj_layer0                0.041246     0.000171 ✅ 正常           
  dis_proj_layer0               0.053710     0.000212 ✅ 正常           
================================================================================

Epoch 350, Total Loss: 15.0513, Recover Loss: 1.4070, miRNA CL: 6.9196, Disease CL: 6.4468, Inter-view (est): 3.0846, Recon Loss: 0.0221, Time: 1684.71s
[INFO] Hypergraph updated at epoch 400

🔧 Epoch 400 梯度检查:
================================================================================
  ⚠️ 警告: type_relations梯度几乎为0 (norm=0.00000063)
     → 类型分类器可能没有学习!

  参数名称                              梯度范数         梯度均值 状态             
  ----------------------------------------------------------------------
  type_relations                0.000001     0.000000 ✅ 正常           
  exist_relation                0.000107     0.000006 ✅ 正常           
  mi_proj_layer0                0.037316     0.000154 ✅ 正常           
  dis_proj_layer0               0.038045     0.000156 ✅ 正常           
================================================================================

Epoch 400, Total Loss: 14.9909, Recover Loss: 1.3912, miRNA CL: 6.9020, Disease CL: 6.4247, Inter-view (est): 3.0754, Recon Loss: 0.0216, Time: 1914.00s
[INFO] Hypergraph updated at epoch 450

🔧 Epoch 450 梯度检查:
================================================================================
  ⚠️ 警告: type_relations梯度几乎为0 (norm=0.00000038)
     → 类型分类器可能没有学习!

  参数名称                              梯度范数         梯度均值 状态             
  ----------------------------------------------------------------------
  type_relations                0.000000     0.000000 ✅ 正常           
  exist_relation                0.000104     0.000006 ✅ 正常           
  mi_proj_layer0                0.052144     0.000215 ✅ 正常           
  dis_proj_layer0               0.050212     0.000206 ✅ 正常           
================================================================================

Epoch 450, Total Loss: 14.9537, Recover Loss: 1.3870, miRNA CL: 6.8894, Disease CL: 6.4084, Inter-view (est): 3.0687, Recon Loss: 0.0214, Time: 2143.17s
[INFO] Hypergraph updated at epoch 500

🔧 Epoch 500 梯度检查:
================================================================================
  ⚠️ 警告: type_relations梯度几乎为0 (norm=0.00000023)
     → 类型分类器可能没有学习!

  参数名称                              梯度范数         梯度均值 状态             
  ----------------------------------------------------------------------
  type_relations                0.000000     0.000000 ✅ 正常           
  exist_relation                0.000101     0.000006 ✅ 正常           
  mi_proj_layer0                0.045249     0.000192 ✅ 正常           
  dis_proj_layer0               0.046448     0.000187 ✅ 正常           
================================================================================

Epoch 500, Total Loss: 14.9189, Recover Loss: 1.3792, miRNA CL: 6.8796, Disease CL: 6.3958, Inter-view (est): 3.0636, Recon Loss: 0.0203, Time: 2371.60s
[INFO] Hypergraph updated at epoch 550

🔧 Epoch 550 梯度检查:
================================================================================
  ⚠️ 警告: type_relations梯度几乎为0 (norm=0.00000014)
     → 类型分类器可能没有学习!

  参数名称                              梯度范数         梯度均值 状态             
  ----------------------------------------------------------------------
  type_relations                0.000000     0.000000 ✅ 正常           
  exist_relation                0.000098     0.000006 ✅ 正常           
  mi_proj_layer0                0.040234     0.000169 ✅ 正常           
  dis_proj_layer0               0.040160     0.000165 ✅ 正常           
================================================================================

Epoch 550, Total Loss: 14.8845, Recover Loss: 1.3686, miRNA CL: 6.8696, Disease CL: 6.3849, Inter-view (est): 3.0587, Recon Loss: 0.0206, Time: 2600.92s
[INFO] Hypergraph updated at epoch 600

🔧 Epoch 600 梯度检查:
================================================================================
  ⚠️ 警告: type_relations梯度几乎为0 (norm=0.00000008)
     → 类型分类器可能没有学习!

  参数名称                              梯度范数         梯度均值 状态             
  ----------------------------------------------------------------------
  type_relations                0.000000     0.000000 ❌ 过小           
  exist_relation                0.000095     0.000005 ✅ 正常           
  mi_proj_layer0                0.047807     0.000203 ✅ 正常           
  dis_proj_layer0               0.054153     0.000223 ✅ 正常           
================================================================================

Epoch 600, Total Loss: 14.8591, Recover Loss: 1.3624, miRNA CL: 6.8626, Disease CL: 6.3769, Inter-view (est): 3.0553, Recon Loss: 0.0194, Time: 2828.83s
[INFO] Hypergraph updated at epoch 650

🔧 Epoch 650 梯度检查:
================================================================================
  ⚠️ 警告: type_relations梯度几乎为0 (norm=0.00000005)
     → 类型分类器可能没有学习!

  参数名称                              梯度范数         梯度均值 状态             
  ----------------------------------------------------------------------
  type_relations                0.000000     0.000000 ❌ 过小           
  exist_relation                0.000092     0.000005 ✅ 正常           
  mi_proj_layer0                0.044417     0.000190 ✅ 正常           
  dis_proj_layer0               0.043911     0.000182 ✅ 正常           
================================================================================

Epoch 650, Total Loss: 14.8332, Recover Loss: 1.3553, miRNA CL: 6.8541, Disease CL: 6.3695, Inter-view (est): 3.0516, Recon Loss: 0.0191, Time: 3058.30s

================================================================================
Training completed. Running final test...
================================================================================
[CORRECT-METRIC] valid_samples=2255 P=0.3290 R=0.3691 F1=0.3479 | acc=0.3290 macroP=0.2531 macroR=0.3691 macroF1=0.2491 weightedF1=0.2811 per_type_total={2: 908, 4: 561, 1: 65, 0: 570, 3: 151}
[CORRECT-METRIC] valid_samples=2255 P=0.3290 R=0.3691 F1=0.3479 | acc=0.3290 macroP=0.2531 macroR=0.3691 macroF1=0.2491 weightedF1=0.2811 per_type_total={2: 908, 4: 561, 1: 65, 0: 570, 3: 151}
[CORRECT-METRIC] valid_samples=2255 P=0.3290 R=0.3691 F1=0.3479 | acc=0.3290 macroP=0.2531 macroR=0.3691 macroF1=0.2491 weightedF1=0.2811 per_type_total={2: 908, 4: 561, 1: 65, 0: 570, 3: 151}
[CORRECT-METRIC] valid_samples=2255 P=0.3290 R=0.3691 F1=0.3479 | acc=0.3290 macroP=0.2531 macroR=0.3691 macroF1=0.2491 weightedF1=0.2811 per_type_total={2: 908, 4: 561, 1: 65, 0: 570, 3: 151}
[CORRECT-METRIC] valid_samples=2255 P=0.3290 R=0.3691 F1=0.3479 | acc=0.3290 macroP=0.2531 macroR=0.3691 macroF1=0.2491 weightedF1=0.2811 per_type_total={2: 908, 4: 561, 1: 65, 0: 570, 3: 151}
Fold 1 completed - AUC: 0.9055, Top-1 F1: 0.3479
Fold 1 training time: 3061.40 seconds
=== Cross Validation Fold 2/5 ===
Using hidden dimensions: [256, 256] with 4 attention heads
优化模型初始化: miRNA数量 = 713, 疾病数量 = 447
   节点维度: 256 → 128
   类型数量: 5
   Temperature: 2.0 (可学习)
   Loss mode: two_head
   loss_mode=two_head
   exist_weight=0.100, type_weight=0.900

✅ SimplifiedMultiTypeAssociationLoss 初始化 (改进版)
   类别权重 (beta=0.99999): ['0.344', '2.732', '0.239', '1.324', '0.361']
Original positive index shape: torch.Size([9020, 2])
Original negative index shape: torch.Size([220440, 2])
采样后负样本数量: 90200
🎯 Building TRUE DUAL VIEWS from four different sources...
📊 Data sources loaded:
  Disease semantic: torch.Size([447, 447])
  miRNA functional: torch.Size([713, 713])
  Disease-gene: torch.Size([447, 447])
  miRNA-sequence: torch.Size([713, 713])
🧬 Building miRNA dual-view hypergraphs...
  📊 miRNA View 1 (Sequence): torch.Size([713, 1160])
  📊 miRNA View 2 (Function): torch.Size([713, 1160])
🦠 Building disease dual-view hypergraphs...
  📊 Disease View 1 (Gene): torch.Size([447, 1160])
  📊 Disease View 2 (Semantic): torch.Size([447, 1160])
✅ Successfully built TRUE DUAL VIEWS:
   🧬 miRNA: Sequence Features (m_ss.xlsx) vs Functional Similarity (mi_fun_sim_2.0.csv)
   🦠 Disease: Gene Features (d_gs.xlsx) vs Semantic Similarity (dis_sem_sim_2.0.csv)

🔧 Epoch 1 梯度检查:
================================================================================

  参数名称                              梯度范数         梯度均值 状态             
  ----------------------------------------------------------------------
  type_relations                0.000028     0.000001 ✅ 正常           
  exist_relation                0.000142     0.000010 ✅ 正常           
  mi_proj_layer0                0.548977     0.002057 ✅ 正常           
  dis_proj_layer0               0.495111     0.001840 ✅ 正常           
================================================================================

Epoch 1, Total Loss: 21.0711, Recover Loss: 1.6744, miRNA CL: 9.2716, Disease CL: 8.6232, Inter-view (est): 4.1296, Recon Loss: 1.1845, Time: 4.42s
[INFO] Hypergraph updated at epoch 5
[INFO] Hypergraph updated at epoch 10
[INFO] Hypergraph updated at epoch 15
[INFO] Hypergraph updated at epoch 20
[INFO] Hypergraph updated at epoch 25
[INFO] Hypergraph updated at epoch 30
[INFO] Hypergraph updated at epoch 35
[INFO] Hypergraph updated at epoch 40
[INFO] Hypergraph updated at epoch 45
[INFO] Hypergraph updated at epoch 50

🔧 Epoch 50 梯度检查:
================================================================================

  参数名称                              梯度范数         梯度均值 状态             
  ----------------------------------------------------------------------
  type_relations                0.000019     0.000000 ✅ 正常           
  exist_relation                0.000137     0.000010 ✅ 正常           
  mi_proj_layer0                0.062924     0.000233 ✅ 正常           
  dis_proj_layer0               0.064684     0.000244 ✅ 正常           
================================================================================

Epoch 50, Total Loss: 17.7213, Recover Loss: 1.5316, miRNA CL: 8.0366, Disease CL: 7.7909, Inter-view (est): 3.6525, Recon Loss: 0.0577, Time: 323.69s
[INFO] Hypergraph updated at epoch 100

🔧 Epoch 100 梯度检查:
================================================================================

  参数名称                              梯度范数         梯度均值 状态             
  ----------------------------------------------------------------------
  type_relations                0.000012     0.000000 ✅ 正常           
  exist_relation                0.000131     0.000009 ✅ 正常           
  mi_proj_layer0                0.059415     0.000218 ✅ 正常           
  dis_proj_layer0               0.063296     0.000232 ✅ 正常           
================================================================================

Epoch 100, Total Loss: 16.2988, Recover Loss: 1.4963, miRNA CL: 7.4500, Disease CL: 7.0319, Inter-view (est): 3.3420, Recon Loss: 0.0291, Time: 553.68s
[INFO] Hypergraph updated at epoch 150

🔧 Epoch 150 梯度检查:
================================================================================

  参数名称                              梯度范数         梯度均值 状态             
  ----------------------------------------------------------------------
  type_relations                0.000007     0.000000 ✅ 正常           
  exist_relation                0.000126     0.000008 ✅ 正常           
  mi_proj_layer0                0.046549     0.000177 ✅ 正常           
  dis_proj_layer0               0.050826     0.000194 ✅ 正常           
================================================================================

Epoch 150, Total Loss: 15.6142, Recover Loss: 1.4757, miRNA CL: 7.1219, Disease CL: 6.7081, Inter-view (est): 3.1915, Recon Loss: 0.0267, Time: 783.20s
[INFO] Hypergraph updated at epoch 200

🔧 Epoch 200 梯度检查:
================================================================================

  参数名称                              梯度范数         梯度均值 状态             
  ----------------------------------------------------------------------
  type_relations                0.000005     0.000000 ✅ 正常           
  exist_relation                0.000122     0.000008 ✅ 正常           
  mi_proj_layer0                0.049262     0.000192 ✅ 正常           
  dis_proj_layer0               0.059882     0.000231 ✅ 正常           
================================================================================

Epoch 200, Total Loss: 15.3649, Recover Loss: 1.4549, miRNA CL: 7.0308, Disease CL: 6.5793, Inter-view (est): 3.1408, Recon Loss: 0.0257, Time: 1011.03s
[INFO] Hypergraph updated at epoch 250

🔧 Epoch 250 梯度检查:
================================================================================

  参数名称                              梯度范数         梯度均值 状态             
  ----------------------------------------------------------------------
  type_relations                0.000003     0.000000 ✅ 正常           
  exist_relation                0.000117     0.000008 ✅ 正常           
  mi_proj_layer0                0.040018     0.000163 ✅ 正常           
  dis_proj_layer0               0.043234     0.000174 ✅ 正常           
================================================================================

Epoch 250, Total Loss: 15.2146, Recover Loss: 1.4326, miRNA CL: 6.9763, Disease CL: 6.5136, Inter-view (est): 3.1131, Recon Loss: 0.0241, Time: 1238.26s
[INFO] Hypergraph updated at epoch 300

🔧 Epoch 300 梯度检查:
================================================================================

  参数名称                              梯度范数         梯度均值 状态             
  ----------------------------------------------------------------------
  type_relations                0.000002     0.000000 ✅ 正常           
  exist_relation                0.000113     0.000007 ✅ 正常           
  mi_proj_layer0                0.044385     0.000184 ✅ 正常           
  dis_proj_layer0               0.045072     0.000185 ✅ 正常           
================================================================================

Epoch 300, Total Loss: 15.1154, Recover Loss: 1.4149, miRNA CL: 6.9420, Disease CL: 6.4727, Inter-view (est): 3.0957, Recon Loss: 0.0233, Time: 1466.26s
[INFO] Hypergraph updated at epoch 350

🔧 Epoch 350 梯度检查:
================================================================================

  参数名称                              梯度范数         梯度均值 状态             
  ----------------------------------------------------------------------
  type_relations                0.000002     0.000000 ✅ 正常           
  exist_relation                0.000110     0.000007 ✅ 正常           
  mi_proj_layer0                0.044885     0.000184 ✅ 正常           
  dis_proj_layer0               0.056692     0.000222 ✅ 正常           
================================================================================

Epoch 350, Total Loss: 15.0433, Recover Loss: 1.4032, miRNA CL: 6.9186, Disease CL: 6.4420, Inter-view (est): 3.0832, Recon Loss: 0.0218, Time: 1694.47s
[INFO] Hypergraph updated at epoch 400

🔧 Epoch 400 梯度检查:
================================================================================

  参数名称                              梯度范数         梯度均值 状态             
  ----------------------------------------------------------------------
  type_relations                0.000001     0.000000 ✅ 正常           
  exist_relation                0.000106     0.000007 ✅ 正常           
  mi_proj_layer0                0.039060     0.000162 ✅ 正常           
  dis_proj_layer0               0.040774     0.000170 ✅ 正常           
================================================================================

Epoch 400, Total Loss: 14.9877, Recover Loss: 1.3917, miRNA CL: 6.9005, Disease CL: 6.4198, Inter-view (est): 3.0739, Recon Loss: 0.0225, Time: 1922.07s
[INFO] Hypergraph updated at epoch 450

🔧 Epoch 450 梯度检查:
================================================================================
  ⚠️ 警告: type_relations梯度几乎为0 (norm=0.00000077)
     → 类型分类器可能没有学习!

  参数名称                              梯度范数         梯度均值 状态             
  ----------------------------------------------------------------------
  type_relations                0.000001     0.000000 ✅ 正常           
  exist_relation                0.000103     0.000006 ✅ 正常           
  mi_proj_layer0                0.054147     0.000226 ✅ 正常           
  dis_proj_layer0               0.079343     0.000301 ✅ 正常           
================================================================================

Epoch 450, Total Loss: 14.9502, Recover Loss: 1.3887, miRNA CL: 6.8868, Disease CL: 6.4042, Inter-view (est): 3.0672, Recon Loss: 0.0212, Time: 2148.86s
[INFO] Hypergraph updated at epoch 500

🔧 Epoch 500 梯度检查:
================================================================================
  ⚠️ 警告: type_relations梯度几乎为0 (norm=0.00000056)
     → 类型分类器可能没有学习!

  参数名称                              梯度范数         梯度均值 状态             
  ----------------------------------------------------------------------
  type_relations                0.000001     0.000000 ✅ 正常           
  exist_relation                0.000100     0.000006 ✅ 正常           
  mi_proj_layer0                0.049350     0.000202 ✅ 正常           
  dis_proj_layer0               0.050079     0.000207 ✅ 正常           
================================================================================

Epoch 500, Total Loss: 14.9139, Recover Loss: 1.3758, miRNA CL: 6.8775, Disease CL: 6.3939, Inter-view (est): 3.0626, Recon Loss: 0.0205, Time: 2376.32s
[INFO] Hypergraph updated at epoch 550

🔧 Epoch 550 梯度检查:
================================================================================
  ⚠️ 警告: type_relations梯度几乎为0 (norm=0.00000040)
     → 类型分类器可能没有学习!

  参数名称                              梯度范数         梯度均值 状态             
  ----------------------------------------------------------------------
  type_relations                0.000000     0.000000 ✅ 正常           
  exist_relation                0.000097     0.000006 ✅ 正常           
  mi_proj_layer0                0.047109     0.000197 ✅ 正常           
  dis_proj_layer0               0.044481     0.000185 ✅ 正常           
================================================================================

Epoch 550, Total Loss: 14.8790, Recover Loss: 1.3622, miRNA CL: 6.8685, Disease CL: 6.3854, Inter-view (est): 3.0586, Recon Loss: 0.0197, Time: 2605.23s
[INFO] Hypergraph updated at epoch 600

🔧 Epoch 600 梯度检查:
================================================================================
  ⚠️ 警告: type_relations梯度几乎为0 (norm=0.00000027)
     → 类型分类器可能没有学习!

  参数名称                              梯度范数         梯度均值 状态             
  ----------------------------------------------------------------------
  type_relations                0.000000     0.000000 ✅ 正常           
  exist_relation                0.000094     0.000005 ✅ 正常           
  mi_proj_layer0                0.042006     0.000176 ✅ 正常           
  dis_proj_layer0               0.041748     0.000173 ✅ 正常           
================================================================================

Epoch 600, Total Loss: 14.8539, Recover Loss: 1.3566, miRNA CL: 6.8606, Disease CL: 6.3770, Inter-view (est): 3.0548, Recon Loss: 0.0197, Time: 2833.13s
[INFO] Hypergraph updated at epoch 650

🔧 Epoch 650 梯度检查:
================================================================================
  ⚠️ 警告: type_relations梯度几乎为0 (norm=0.00000018)
     → 类型分类器可能没有学习!

  参数名称                              梯度范数         梯度均值 状态             
  ----------------------------------------------------------------------
  type_relations                0.000000     0.000000 ✅ 正常           
  exist_relation                0.000091     0.000005 ✅ 正常           
  mi_proj_layer0                0.037452     0.000158 ✅ 正常           
  dis_proj_layer0               0.041660     0.000175 ✅ 正常           
================================================================================

Epoch 650, Total Loss: 14.8314, Recover Loss: 1.3512, miRNA CL: 6.8531, Disease CL: 6.3703, Inter-view (est): 3.0516, Recon Loss: 0.0196, Time: 3061.29s

================================================================================
Training completed. Running final test...
================================================================================
[CORRECT-METRIC] valid_samples=2255 P=0.3388 R=0.3918 F1=0.3634 | acc=0.3388 macroP=0.2659 macroR=0.3918 macroF1=0.2607 weightedF1=0.2707 per_type_total={4: 570, 2: 819, 0: 648, 3: 146, 1: 72}
[CORRECT-METRIC] valid_samples=2255 P=0.3388 R=0.3918 F1=0.3634 | acc=0.3388 macroP=0.2659 macroR=0.3918 macroF1=0.2607 weightedF1=0.2707 per_type_total={4: 570, 2: 819, 0: 648, 3: 146, 1: 72}
[CORRECT-METRIC] valid_samples=2255 P=0.3388 R=0.3918 F1=0.3634 | acc=0.3388 macroP=0.2659 macroR=0.3918 macroF1=0.2607 weightedF1=0.2707 per_type_total={4: 570, 2: 819, 0: 648, 3: 146, 1: 72}
[CORRECT-METRIC] valid_samples=2255 P=0.3388 R=0.3918 F1=0.3634 | acc=0.3388 macroP=0.2659 macroR=0.3918 macroF1=0.2607 weightedF1=0.2707 per_type_total={4: 570, 2: 819, 0: 648, 3: 146, 1: 72}
[CORRECT-METRIC] valid_samples=2255 P=0.3388 R=0.3918 F1=0.3634 | acc=0.3388 macroP=0.2659 macroR=0.3918 macroF1=0.2607 weightedF1=0.2707 per_type_total={4: 570, 2: 819, 0: 648, 3: 146, 1: 72}
Fold 2 completed - AUC: 0.9129, Top-1 F1: 0.3634
Fold 2 training time: 3064.47 seconds
=== Cross Validation Fold 3/5 ===
Using hidden dimensions: [256, 256] with 4 attention heads
优化模型初始化: miRNA数量 = 713, 疾病数量 = 447
   节点维度: 256 → 128
   类型数量: 5
   Temperature: 2.0 (可学习)
   Loss mode: two_head
   loss_mode=two_head
   exist_weight=0.100, type_weight=0.900

✅ SimplifiedMultiTypeAssociationLoss 初始化 (改进版)
   类别权重 (beta=0.99999): ['0.344', '2.732', '0.239', '1.324', '0.361']
Original positive index shape: torch.Size([9020, 2])
Original negative index shape: torch.Size([220440, 2])
采样后负样本数量: 90200
🎯 Building TRUE DUAL VIEWS from four different sources...
📊 Data sources loaded:
  Disease semantic: torch.Size([447, 447])
  miRNA functional: torch.Size([713, 713])
  Disease-gene: torch.Size([447, 447])
  miRNA-sequence: torch.Size([713, 713])
🧬 Building miRNA dual-view hypergraphs...
  📊 miRNA View 1 (Sequence): torch.Size([713, 1160])
  📊 miRNA View 2 (Function): torch.Size([713, 1160])
🦠 Building disease dual-view hypergraphs...
  📊 Disease View 1 (Gene): torch.Size([447, 1160])
  📊 Disease View 2 (Semantic): torch.Size([447, 1160])
✅ Successfully built TRUE DUAL VIEWS:
   🧬 miRNA: Sequence Features (m_ss.xlsx) vs Functional Similarity (mi_fun_sim_2.0.csv)
   🦠 Disease: Gene Features (d_gs.xlsx) vs Semantic Similarity (dis_sem_sim_2.0.csv)

🔧 Epoch 1 梯度检查:
================================================================================

  参数名称                              梯度范数         梯度均值 状态             
  ----------------------------------------------------------------------
  type_relations                0.000028     0.000001 ✅ 正常           
  exist_relation                0.000146     0.000011 ✅ 正常           
  mi_proj_layer0                0.317550     0.001131 ✅ 正常           
  dis_proj_layer0               0.350300     0.001299 ✅ 正常           
================================================================================

Epoch 1, Total Loss: 21.0119, Recover Loss: 1.6649, miRNA CL: 9.2263, Disease CL: 8.6459, Inter-view (est): 4.1244, Recon Loss: 1.1574, Time: 4.43s
[INFO] Hypergraph updated at epoch 5
[INFO] Hypergraph updated at epoch 10
[INFO] Hypergraph updated at epoch 15
[INFO] Hypergraph updated at epoch 20
[INFO] Hypergraph updated at epoch 25
[INFO] Hypergraph updated at epoch 30
[INFO] Hypergraph updated at epoch 35
[INFO] Hypergraph updated at epoch 40
[INFO] Hypergraph updated at epoch 45
[INFO] Hypergraph updated at epoch 50

🔧 Epoch 50 梯度检查:
================================================================================

  参数名称                              梯度范数         梯度均值 状态             
  ----------------------------------------------------------------------
  type_relations                0.000019     0.000000 ✅ 正常           
  exist_relation                0.000141     0.000010 ✅ 正常           
  mi_proj_layer0                0.059709     0.000221 ✅ 正常           
  dis_proj_layer0               0.061907     0.000232 ✅ 正常           
================================================================================

Epoch 50, Total Loss: 17.7370, Recover Loss: 1.5365, miRNA CL: 7.9976, Disease CL: 7.8268, Inter-view (est): 3.6518, Recon Loss: 0.0722, Time: 317.10s
[INFO] Hypergraph updated at epoch 100

🔧 Epoch 100 梯度检查:
================================================================================

  参数名称                              梯度范数         梯度均值 状态             
  ----------------------------------------------------------------------
  type_relations                0.000011     0.000000 ✅ 正常           
  exist_relation                0.000136     0.000009 ✅ 正常           
  mi_proj_layer0                0.080908     0.000283 ✅ 正常           
  dis_proj_layer0               0.062700     0.000233 ✅ 正常           
================================================================================

Epoch 100, Total Loss: 16.3630, Recover Loss: 1.5027, miRNA CL: 7.4025, Disease CL: 7.1373, Inter-view (est): 3.3553, Recon Loss: 0.0299, Time: 545.47s
[INFO] Hypergraph updated at epoch 150

🔧 Epoch 150 梯度检查:
================================================================================

  参数名称                              梯度范数         梯度均值 状态             
  ----------------------------------------------------------------------
  type_relations                0.000007     0.000000 ✅ 正常           
  exist_relation                0.000130     0.000009 ✅ 正常           
  mi_proj_layer0                0.044079     0.000176 ✅ 正常           
  dis_proj_layer0               0.043417     0.000174 ✅ 正常           
================================================================================

Epoch 150, Total Loss: 15.6627, Recover Loss: 1.4796, miRNA CL: 7.1203, Disease CL: 6.7546, Inter-view (est): 3.2019, Recon Loss: 0.0271, Time: 771.88s
[INFO] Hypergraph updated at epoch 200

🔧 Epoch 200 梯度检查:
================================================================================

  参数名称                              梯度范数         梯度均值 状态             
  ----------------------------------------------------------------------
  type_relations                0.000005     0.000000 ✅ 正常           
  exist_relation                0.000126     0.000009 ✅ 正常           
  mi_proj_layer0                0.044571     0.000179 ✅ 正常           
  dis_proj_layer0               0.051282     0.000203 ✅ 正常           
================================================================================

Epoch 200, Total Loss: 15.4009, Recover Loss: 1.4520, miRNA CL: 7.0300, Disease CL: 6.6206, Inter-view (est): 3.1501, Recon Loss: 0.0248, Time: 1002.10s
[INFO] Hypergraph updated at epoch 250

🔧 Epoch 250 梯度检查:
================================================================================

  参数名称                              梯度范数         梯度均值 状态             
  ----------------------------------------------------------------------
  type_relations                0.000003     0.000000 ✅ 正常           
  exist_relation                0.000121     0.000008 ✅ 正常           
  mi_proj_layer0                0.103734     0.000384 ✅ 正常           
  dis_proj_layer0               0.111707     0.000414 ✅ 正常           
================================================================================

Epoch 250, Total Loss: 15.2556, Recover Loss: 1.4461, miRNA CL: 6.9733, Disease CL: 6.5447, Inter-view (est): 3.1195, Recon Loss: 0.0242, Time: 1229.43s
[INFO] Hypergraph updated at epoch 300

🔧 Epoch 300 梯度检查:
================================================================================

  参数名称                              梯度范数         梯度均值 状态             
  ----------------------------------------------------------------------
  type_relations                0.000002     0.000000 ✅ 正常           
  exist_relation                0.000118     0.000008 ✅ 正常           
  mi_proj_layer0                0.036409     0.000153 ✅ 正常           
  dis_proj_layer0               0.039033     0.000159 ✅ 正常           
================================================================================

Epoch 300, Total Loss: 15.1372, Recover Loss: 1.4182, miRNA CL: 6.9394, Disease CL: 6.4954, Inter-view (est): 3.1003, Recon Loss: 0.0222, Time: 1459.31s
[INFO] Hypergraph updated at epoch 350

🔧 Epoch 350 梯度检查:
================================================================================

  参数名称                              梯度范数         梯度均值 状态             
  ----------------------------------------------------------------------
  type_relations                0.000001     0.000000 ✅ 正常           
  exist_relation                0.000114     0.000007 ✅ 正常           
  mi_proj_layer0                0.037272     0.000158 ✅ 正常           
  dis_proj_layer0               0.038645     0.000161 ✅ 正常           
================================================================================

Epoch 350, Total Loss: 15.0615, Recover Loss: 1.4054, miRNA CL: 6.9167, Disease CL: 6.4600, Inter-view (est): 3.0869, Recon Loss: 0.0219, Time: 1687.77s
[INFO] Hypergraph updated at epoch 400

🔧 Epoch 400 梯度检查:
================================================================================
  ⚠️ 警告: type_relations梯度几乎为0 (norm=0.00000099)
     → 类型分类器可能没有学习!

  参数名称                              梯度范数         梯度均值 状态             
  ----------------------------------------------------------------------
  type_relations                0.000001     0.000000 ✅ 正常           
  exist_relation                0.000110     0.000007 ✅ 正常           
  mi_proj_layer0                0.038251     0.000162 ✅ 正常           
  dis_proj_layer0               0.040169     0.000163 ✅ 正常           
================================================================================

Epoch 400, Total Loss: 15.0076, Recover Loss: 1.3959, miRNA CL: 6.9003, Disease CL: 6.4364, Inter-view (est): 3.0777, Recon Loss: 0.0216, Time: 1916.51s
[INFO] Hypergraph updated at epoch 450

🔧 Epoch 450 梯度检查:
================================================================================
  ⚠️ 警告: type_relations梯度几乎为0 (norm=0.00000066)
     → 类型分类器可能没有学习!

  参数名称                              梯度范数         梯度均值 状态             
  ----------------------------------------------------------------------
  type_relations                0.000001     0.000000 ✅ 正常           
  exist_relation                0.000107     0.000007 ✅ 正常           
  mi_proj_layer0                0.054685     0.000224 ✅ 正常           
  dis_proj_layer0               0.061816     0.000239 ✅ 正常           
================================================================================

Epoch 450, Total Loss: 14.9612, Recover Loss: 1.3827, miRNA CL: 6.8884, Disease CL: 6.4194, Inter-view (est): 3.0710, Recon Loss: 0.0210, Time: 2146.43s
[INFO] Hypergraph updated at epoch 500

🔧 Epoch 500 梯度检查:
================================================================================
  ⚠️ 警告: type_relations梯度几乎为0 (norm=0.00000046)
     → 类型分类器可能没有学习!

  参数名称                              梯度范数         梯度均值 状态             
  ----------------------------------------------------------------------
  type_relations                0.000000     0.000000 ✅ 正常           
  exist_relation                0.000104     0.000006 ✅ 正常           
  mi_proj_layer0                0.042829     0.000177 ✅ 正常           
  dis_proj_layer0               0.045491     0.000188 ✅ 正常           
================================================================================

Epoch 500, Total Loss: 14.9291, Recover Loss: 1.3766, miRNA CL: 6.8779, Disease CL: 6.4074, Inter-view (est): 3.0659, Recon Loss: 0.0205, Time: 2375.24s
[INFO] Hypergraph updated at epoch 550

🔧 Epoch 550 梯度检查:
================================================================================
  ⚠️ 警告: type_relations梯度几乎为0 (norm=0.00000032)
     → 类型分类器可能没有学习!

  参数名称                              梯度范数         梯度均值 状态             
  ----------------------------------------------------------------------
  type_relations                0.000000     0.000000 ✅ 正常           
  exist_relation                0.000101     0.000006 ✅ 正常           
  mi_proj_layer0                0.051538     0.000212 ✅ 正常           
  dis_proj_layer0               0.053035     0.000220 ✅ 正常           
================================================================================

Epoch 550, Total Loss: 14.9008, Recover Loss: 1.3683, miRNA CL: 6.8706, Disease CL: 6.3982, Inter-view (est): 3.0620, Recon Loss: 0.0197, Time: 2603.57s
[INFO] Hypergraph updated at epoch 600

🔧 Epoch 600 梯度检查:
================================================================================
  ⚠️ 警告: type_relations梯度几乎为0 (norm=0.00000021)
     → 类型分类器可能没有学习!

  参数名称                              梯度范数         梯度均值 状态             
  ----------------------------------------------------------------------
  type_relations                0.000000     0.000000 ✅ 正常           
  exist_relation                0.000099     0.000006 ✅ 正常           
  mi_proj_layer0                0.038064     0.000163 ✅ 正常           
  dis_proj_layer0               0.040575     0.000171 ✅ 正常           
================================================================================

Epoch 600, Total Loss: 14.8682, Recover Loss: 1.3568, miRNA CL: 6.8615, Disease CL: 6.3892, Inter-view (est): 3.0579, Recon Loss: 0.0196, Time: 2832.71s
[INFO] Hypergraph updated at epoch 650

🔧 Epoch 650 梯度检查:
================================================================================
  ⚠️ 警告: type_relations梯度几乎为0 (norm=0.00000013)
     → 类型分类器可能没有学习!

  参数名称                              梯度范数         梯度均值 状态             
  ----------------------------------------------------------------------
  type_relations                0.000000     0.000000 ✅ 正常           
  exist_relation                0.000096     0.000006 ✅ 正常           
  mi_proj_layer0                0.049728     0.000212 ✅ 正常           
  dis_proj_layer0               0.049276     0.000207 ✅ 正常           
================================================================================

Epoch 650, Total Loss: 14.8526, Recover Loss: 1.3588, miRNA CL: 6.8544, Disease CL: 6.3820, Inter-view (est): 3.0545, Recon Loss: 0.0190, Time: 3060.22s

================================================================================
Training completed. Running final test...
================================================================================
[CORRECT-METRIC] valid_samples=2255 P=0.3406 R=0.4163 F1=0.3746 | acc=0.3406 macroP=0.2592 macroR=0.4163 macroF1=0.2767 weightedF1=0.2846 per_type_total={2: 860, 4: 599, 0: 572, 3: 141, 1: 83}
[CORRECT-METRIC] valid_samples=2255 P=0.3406 R=0.4163 F1=0.3746 | acc=0.3406 macroP=0.2592 macroR=0.4163 macroF1=0.2767 weightedF1=0.2846 per_type_total={2: 860, 4: 599, 0: 572, 3: 141, 1: 83}
[CORRECT-METRIC] valid_samples=2255 P=0.3406 R=0.4163 F1=0.3746 | acc=0.3406 macroP=0.2592 macroR=0.4163 macroF1=0.2767 weightedF1=0.2846 per_type_total={2: 860, 4: 599, 0: 572, 3: 141, 1: 83}
[CORRECT-METRIC] valid_samples=2255 P=0.3406 R=0.4163 F1=0.3746 | acc=0.3406 macroP=0.2592 macroR=0.4163 macroF1=0.2767 weightedF1=0.2846 per_type_total={2: 860, 4: 599, 0: 572, 3: 141, 1: 83}
[CORRECT-METRIC] valid_samples=2255 P=0.3406 R=0.4163 F1=0.3746 | acc=0.3406 macroP=0.2592 macroR=0.4163 macroF1=0.2767 weightedF1=0.2846 per_type_total={2: 860, 4: 599, 0: 572, 3: 141, 1: 83}
Fold 3 completed - AUC: 0.9128, Top-1 F1: 0.3746
Fold 3 training time: 3063.20 seconds
=== Cross Validation Fold 4/5 ===
Using hidden dimensions: [256, 256] with 4 attention heads
优化模型初始化: miRNA数量 = 713, 疾病数量 = 447
   节点维度: 256 → 128
   类型数量: 5
   Temperature: 2.0 (可学习)
   Loss mode: two_head
   loss_mode=two_head
   exist_weight=0.100, type_weight=0.900

✅ SimplifiedMultiTypeAssociationLoss 初始化 (改进版)
   类别权重 (beta=0.99999): ['0.344', '2.732', '0.239', '1.324', '0.361']
Original positive index shape: torch.Size([9020, 2])
Original negative index shape: torch.Size([220440, 2])
采样后负样本数量: 90200
🎯 Building TRUE DUAL VIEWS from four different sources...
📊 Data sources loaded:
  Disease semantic: torch.Size([447, 447])
  miRNA functional: torch.Size([713, 713])
  Disease-gene: torch.Size([447, 447])
  miRNA-sequence: torch.Size([713, 713])
🧬 Building miRNA dual-view hypergraphs...
  📊 miRNA View 1 (Sequence): torch.Size([713, 1160])
  📊 miRNA View 2 (Function): torch.Size([713, 1160])
🦠 Building disease dual-view hypergraphs...
  📊 Disease View 1 (Gene): torch.Size([447, 1160])
  📊 Disease View 2 (Semantic): torch.Size([447, 1160])
✅ Successfully built TRUE DUAL VIEWS:
   🧬 miRNA: Sequence Features (m_ss.xlsx) vs Functional Similarity (mi_fun_sim_2.0.csv)
   🦠 Disease: Gene Features (d_gs.xlsx) vs Semantic Similarity (dis_sem_sim_2.0.csv)

🔧 Epoch 1 梯度检查:
================================================================================

  参数名称                              梯度范数         梯度均值 状态             
  ----------------------------------------------------------------------
  type_relations                0.000028     0.000001 ✅ 正常           
  exist_relation                0.000134     0.000009 ✅ 正常           
  mi_proj_layer0                0.419030     0.001552 ✅ 正常           
  dis_proj_layer0               0.433940     0.001561 ✅ 正常           
================================================================================

Epoch 1, Total Loss: 21.1406, Recover Loss: 1.6829, miRNA CL: 9.3391, Disease CL: 8.6432, Inter-view (est): 4.1498, Recon Loss: 1.1578, Time: 4.51s
[INFO] Hypergraph updated at epoch 5
[INFO] Hypergraph updated at epoch 10
[INFO] Hypergraph updated at epoch 15
[INFO] Hypergraph updated at epoch 20
[INFO] Hypergraph updated at epoch 25
[INFO] Hypergraph updated at epoch 30
[INFO] Hypergraph updated at epoch 35
[INFO] Hypergraph updated at epoch 40
[INFO] Hypergraph updated at epoch 45
[INFO] Hypergraph updated at epoch 50

🔧 Epoch 50 梯度检查:
================================================================================

  参数名称                              梯度范数         梯度均值 状态             
  ----------------------------------------------------------------------
  type_relations                0.000019     0.000000 ✅ 正常           
  exist_relation                0.000129     0.000009 ✅ 正常           
  mi_proj_layer0                0.065809     0.000243 ✅ 正常           
  dis_proj_layer0               0.058309     0.000212 ✅ 正常           
================================================================================

Epoch 50, Total Loss: 17.7653, Recover Loss: 1.5331, miRNA CL: 8.0433, Disease CL: 7.8143, Inter-view (est): 3.6594, Recon Loss: 0.0702, Time: 320.92s
[INFO] Hypergraph updated at epoch 100

🔧 Epoch 100 梯度检查:
================================================================================

  参数名称                              梯度范数         梯度均值 状态             
  ----------------------------------------------------------------------
  type_relations                0.000011     0.000000 ✅ 正常           
  exist_relation                0.000123     0.000008 ✅ 正常           
  mi_proj_layer0                0.057148     0.000216 ✅ 正常           
  dis_proj_layer0               0.049756     0.000189 ✅ 正常           
================================================================================

Epoch 100, Total Loss: 16.4127, Recover Loss: 1.5049, miRNA CL: 7.5127, Disease CL: 7.0750, Inter-view (est): 3.3664, Recon Loss: 0.0293, Time: 550.66s
[INFO] Hypergraph updated at epoch 150

🔧 Epoch 150 梯度检查:
================================================================================

  参数名称                              梯度范数         梯度均值 状态             
  ----------------------------------------------------------------------
  type_relations                0.000007     0.000000 ✅ 正常           
  exist_relation                0.000118     0.000008 ✅ 正常           
  mi_proj_layer0                0.050054     0.000196 ✅ 正常           
  dis_proj_layer0               0.043211     0.000169 ✅ 正常           
================================================================================

Epoch 150, Total Loss: 15.6788, Recover Loss: 1.4835, miRNA CL: 7.1456, Disease CL: 6.7426, Inter-view (est): 3.2050, Recon Loss: 0.0266, Time: 779.79s
[INFO] Hypergraph updated at epoch 200

🔧 Epoch 200 梯度检查:
================================================================================

  参数名称                              梯度范数         梯度均值 状态             
  ----------------------------------------------------------------------
  type_relations                0.000004     0.000000 ✅ 正常           
  exist_relation                0.000114     0.000007 ✅ 正常           
  mi_proj_layer0                0.043063     0.000176 ✅ 正常           
  dis_proj_layer0               0.042673     0.000169 ✅ 正常           
================================================================================

Epoch 200, Total Loss: 15.4167, Recover Loss: 1.4643, miRNA CL: 7.0451, Disease CL: 6.6103, Inter-view (est): 3.1512, Recon Loss: 0.0249, Time: 1009.02s
[INFO] Hypergraph updated at epoch 250

🔧 Epoch 250 梯度检查:
================================================================================

  参数名称                              梯度范数         梯度均值 状态             
  ----------------------------------------------------------------------
  type_relations                0.000003     0.000000 ✅ 正常           
  exist_relation                0.000110     0.000007 ✅ 正常           
  mi_proj_layer0                0.042158     0.000176 ✅ 正常           
  dis_proj_layer0               0.050741     0.000206 ✅ 正常           
================================================================================

Epoch 250, Total Loss: 15.2510, Recover Loss: 1.4401, miRNA CL: 6.9914, Disease CL: 6.5312, Inter-view (est): 3.1206, Recon Loss: 0.0232, Time: 1239.36s
[INFO] Hypergraph updated at epoch 300

🔧 Epoch 300 梯度检查:
================================================================================

  参数名称                              梯度范数         梯度均值 状态             
  ----------------------------------------------------------------------
  type_relations                0.000002     0.000000 ✅ 正常           
  exist_relation                0.000106     0.000007 ✅ 正常           
  mi_proj_layer0                0.052036     0.000212 ✅ 正常           
  dis_proj_layer0               0.056484     0.000226 ✅ 正常           
================================================================================

Epoch 300, Total Loss: 15.1431, Recover Loss: 1.4210, miRNA CL: 6.9584, Disease CL: 6.4818, Inter-view (est): 3.1016, Recon Loss: 0.0226, Time: 1468.14s
[INFO] Hypergraph updated at epoch 350

🔧 Epoch 350 梯度检查:
================================================================================

  参数名称                              梯度范数         梯度均值 状态             
  ----------------------------------------------------------------------
  type_relations                0.000001     0.000000 ✅ 正常           
  exist_relation                0.000103     0.000006 ✅ 正常           
  mi_proj_layer0                0.043915     0.000182 ✅ 正常           
  dis_proj_layer0               0.044284     0.000183 ✅ 正常           
================================================================================

Epoch 350, Total Loss: 15.0666, Recover Loss: 1.4072, miRNA CL: 6.9344, Disease CL: 6.4494, Inter-view (est): 3.0886, Recon Loss: 0.0214, Time: 1696.27s
[INFO] Hypergraph updated at epoch 400

🔧 Epoch 400 梯度检查:
================================================================================
  ⚠️ 警告: type_relations梯度几乎为0 (norm=0.00000077)
     → 类型分类器可能没有学习!

  参数名称                              梯度范数         梯度均值 状态             
  ----------------------------------------------------------------------
  type_relations                0.000001     0.000000 ✅ 正常           
  exist_relation                0.000100     0.000006 ✅ 正常           
  mi_proj_layer0                0.066163     0.000266 ✅ 正常           
  dis_proj_layer0               0.054143     0.000222 ✅ 正常           
================================================================================

Epoch 400, Total Loss: 15.0104, Recover Loss: 1.3971, miRNA CL: 6.9148, Disease CL: 6.4276, Inter-view (est): 3.0790, Recon Loss: 0.0214, Time: 1924.66s
[INFO] Hypergraph updated at epoch 450

🔧 Epoch 450 梯度检查:
================================================================================
  ⚠️ 警告: type_relations梯度几乎为0 (norm=0.00000051)
     → 类型分类器可能没有学习!

  参数名称                              梯度范数         梯度均值 状态             
  ----------------------------------------------------------------------
  type_relations                0.000001     0.000000 ✅ 正常           
  exist_relation                0.000097     0.000006 ✅ 正常           
  mi_proj_layer0                0.042963     0.000181 ✅ 正常           
  dis_proj_layer0               0.042130     0.000178 ✅ 正常           
================================================================================

Epoch 450, Total Loss: 14.9611, Recover Loss: 1.3795, miRNA CL: 6.9016, Disease CL: 6.4130, Inter-view (est): 3.0726, Recon Loss: 0.0210, Time: 2153.22s
[INFO] Hypergraph updated at epoch 500

🔧 Epoch 500 梯度检查:
================================================================================
  ⚠️ 警告: type_relations梯度几乎为0 (norm=0.00000035)
     → 类型分类器可能没有学习!

  参数名称                              梯度范数         梯度均值 状态             
  ----------------------------------------------------------------------
  type_relations                0.000000     0.000000 ✅ 正常           
  exist_relation                0.000094     0.000005 ✅ 正常           
  mi_proj_layer0                0.061106     0.000260 ✅ 正常           
  dis_proj_layer0               0.063414     0.000252 ✅ 正常           
================================================================================

Epoch 500, Total Loss: 14.9305, Recover Loss: 1.3755, miRNA CL: 6.8895, Disease CL: 6.4026, Inter-view (est): 3.0674, Recon Loss: 0.0201, Time: 2380.94s
[INFO] Hypergraph updated at epoch 550

🔧 Epoch 550 梯度检查:
================================================================================
  ⚠️ 警告: type_relations梯度几乎为0 (norm=0.00000023)
     → 类型分类器可能没有学习!

  参数名称                              梯度范数         梯度均值 状态             
  ----------------------------------------------------------------------
  type_relations                0.000000     0.000000 ✅ 正常           
  exist_relation                0.000091     0.000005 ✅ 正常           
  mi_proj_layer0                0.041602     0.000177 ✅ 正常           
  dis_proj_layer0               0.048808     0.000199 ✅ 正常           
================================================================================

Epoch 550, Total Loss: 14.9003, Recover Loss: 1.3666, miRNA CL: 6.8809, Disease CL: 6.3935, Inter-view (est): 3.0633, Recon Loss: 0.0196, Time: 2608.32s
[INFO] Hypergraph updated at epoch 600

🔧 Epoch 600 梯度检查:
================================================================================
  ⚠️ 警告: type_relations梯度几乎为0 (norm=0.00000015)
     → 类型分类器可能没有学习!

  参数名称                              梯度范数         梯度均值 状态             
  ----------------------------------------------------------------------
  type_relations                0.000000     0.000000 ✅ 正常           
  exist_relation                0.000088     0.000005 ✅ 正常           
  mi_proj_layer0                0.043101     0.000183 ✅ 正常           
  dis_proj_layer0               0.048144     0.000197 ✅ 正常           
================================================================================

Epoch 600, Total Loss: 14.8717, Recover Loss: 1.3586, miRNA CL: 6.8714, Disease CL: 6.3855, Inter-view (est): 3.0593, Recon Loss: 0.0194, Time: 2856.46s
[INFO] Hypergraph updated at epoch 650

🔧 Epoch 650 梯度检查:
================================================================================
  ⚠️ 警告: type_relations梯度几乎为0 (norm=0.00000011)
     → 类型分类器可能没有学习!

  参数名称                              梯度范数         梯度均值 状态             
  ----------------------------------------------------------------------
  type_relations                0.000000     0.000000 ✅ 正常           
  exist_relation                0.000086     0.000005 ✅ 正常           
  mi_proj_layer0                0.041743     0.000178 ✅ 正常           