[CPU] torch.set_num_threads(14), interop=min(4, 14)
Using device: cpu
[INFO] Auto-computed BALANCED class weights (to prevent class collapse):
  Circulation  ( 3216 samples): 0.530
  Epigenetics  (  575 samples): 2.965
  Target       ( 6052 samples): 0.282
  Genetics     ( 1820 samples): 0.937
  Tissue       ( 5952 samples): 0.286
  [NOTE] Higher weights for minority classes to prevent model from only predicting majority class
[INFO] Using v3.2_processed dataset:
  miRNAs: 722
  Diseases: 614
  Expected associations: ~13,748
  Types: 5 (Circulation, Epigenetics, Target, Genetics, Tissue)

================================================================================
Configuration Summary
================================================================================
Dataset: v3.2_processed
Data Path: ./
Model: HeterogenousGraphCLAMIR
  - HGT Layers: 2
  - Attention Heads: 4
  - Association Types: 5
  - Inter-view CL: Enabled
    - Weight: 0.3
    - Temperature: 0.5
    - Margin: 0.5

Training:
  - Epochs: 650
  - Learning Rate: 0.0001
  - Dropout: 0.3
  - Weight Decay: 5e-05
  - Focal Loss: Enabled

Evaluation:
  - Cross-Validation Folds: 5
  - Primary Metric: AUPR

Device: cpu
Random Seed: 1234
================================================================================

[SEED] Re-seeded với args.seed = 1234
🚀 Running with comprehensive evaluation including Top-1 metrics...
🎯 Loading dual-view data...
Starting dual-view data preparation with new file format...
Loading all similarity and feature files from v3.2_processed...
✅ Loaded disease semantic similarity from D_SSM1.txt: (614, 614)
✅ Loaded miRNA functional similarity from M_FSM.txt: (722, 722)
✅ Loaded multi-type association pairs from ./v3.2_processed\multi_all_mirna_disease_pairs_without_negative.csv: (13748, 3)
✅ Created multi-type association matrix: (722, 614)
📊 Multi-type Association Statistics:
   无关联 (No association): 429560 pairs (96.90%)
   循环类型 (Circulation): 2213 pairs (0.50%)
   表观遗传学 (Epigenetics): 380 pairs (0.09%)
   靶标类型 (Target): 4532 pairs (1.02%)
   遗传学类型 (Genetics): 1296 pairs (0.29%)
   组织表达 (Tissue): 5327 pairs (1.20%)
✅ Created association matrix from CSV: (722, 614)
✅ Loaded disease-gene features from D_SSM2.txt: torch.Size([614, 614])
✅ Loaded miRNA-sequence features from M_GSM.txt: torch.Size([722, 722])
Processing integrated similarity matrices...
Loaded similarity matrices from cache
Processing indices...
Loaded indices from cache (seed=1234)
✅ Dual-view data preparation completed in 1.33 seconds

============================================================
🎯 DUAL-VIEW CONFIGURATION SUMMARY (v3.2_processed)
============================================================
miRNA Dual Views:
  📊 View 1 (Sequence): M_GSM.txt torch.Size([722, 722])
  📊 View 2 (Function): M_FSM.txt torch.Size([722, 722])

Disease Dual Views:
  📊 View 1 (Gene): D_SSM2.txt torch.Size([614, 614])
  📊 View 2 (Semantic): D_SSM1.txt torch.Size([614, 614])

Association Matrix: torch.Size([722, 614])
Data source: v3.2_processed (722 miRNAs × 614 Diseases)
============================================================
Preloading dual-view data to device...
✅ Loaded disease-gene features to device: torch.Size([614, 614])
✅ Loaded miRNA-sequence features to device: torch.Size([722, 722])
✅ Loaded disease semantic similarity to device: torch.Size([614, 614])
✅ Loaded miRNA functional similarity to device: torch.Size([722, 722])
✅ Dual-view data preloading completed in 0.00 seconds
OptimizedDataset initialized with 5 folds
Using device: cpu
=== Cross Validation Fold 1/5 ===
Using hidden dimensions: [256, 256] with 4 attention heads
优化模型初始化: miRNA数量 = 722, 疾病数量 = 614
   节点维度: 256 → 128
   类型数量: 5
   Temperature: 2.0 (可学习)
   Loss mode: two_head
   loss_mode=two_head
   exist_weight=0.300, type_weight=0.700

✅ SimplifiedMultiTypeAssociationLoss 初始化 (改进版)
   类别权重 (beta=0.99999): ['0.534', '2.948', '0.288', '0.937', '0.293']
Original positive index shape: torch.Size([9892, 2])
Original negative index shape: torch.Size([309280, 2])
采样后负样本数量: 98920
🎯 Building TRUE DUAL VIEWS from four different sources...
📊 Data sources loaded:
  Disease semantic: torch.Size([614, 614])
  miRNA functional: torch.Size([722, 722])
  Disease-gene: torch.Size([614, 614])
  miRNA-sequence: torch.Size([722, 722])
🧬 Building miRNA dual-view hypergraphs...
  📊 miRNA View 1 (Sequence): torch.Size([722, 1336])
  📊 miRNA View 2 (Function): torch.Size([722, 1336])
🦠 Building disease dual-view hypergraphs...
  📊 Disease View 1 (Gene): torch.Size([614, 1336])
  📊 Disease View 2 (Semantic): torch.Size([614, 1336])
✅ Successfully built TRUE DUAL VIEWS:
   🧬 miRNA: Sequence Features (m_ss.xlsx) vs Functional Similarity (mi_fun_sim_2.0.csv)
   🦠 Disease: Gene Features (d_gs.xlsx) vs Semantic Similarity (dis_sem_sim_2.0.csv)

🔧 Epoch 1 梯度检查:
================================================================================

  参数名称                              梯度范数         梯度均值 状态             
  ----------------------------------------------------------------------
  type_relations                0.103156     0.002222 ✅ 正常           
  exist_relation                0.322413     0.019154 ✅ 正常           
  mi_proj_layer0                1.063418     0.003277 ✅ 正常           
  dis_proj_layer0               1.166495     0.003378 ✅ 正常           
================================================================================

Epoch 1, Total Loss: 20.9592, Recover Loss: 1.3427, miRNA CL: 9.5680, Disease CL: 9.1517, Inter-view (est): 4.3199, Recon Loss: 0.5680, Time: 7.26s
[INFO] Hypergraph updated at epoch 5
[INFO] Hypergraph updated at epoch 10
[INFO] Hypergraph updated at epoch 15
[INFO] Hypergraph updated at epoch 20
[INFO] Hypergraph updated at epoch 25
[INFO] Hypergraph updated at epoch 30
[INFO] Hypergraph updated at epoch 35
[INFO] Hypergraph updated at epoch 40
[INFO] Hypergraph updated at epoch 45
[INFO] Hypergraph updated at epoch 50

🔧 Epoch 50 梯度检查:
================================================================================

  参数名称                              梯度范数         梯度均值 状态             
  ----------------------------------------------------------------------
  type_relations                0.548802     0.006465 ✅ 正常           
  exist_relation                0.106073     0.001982 ✅ 正常           
  mi_proj_layer0                0.035504     0.000101 ✅ 正常           
  dis_proj_layer0               0.035092     0.000097 ✅ 正常           
================================================================================

Epoch 50, Total Loss: 17.4193, Recover Loss: 1.1699, miRNA CL: 8.0328, Disease CL: 7.8716, Inter-view (est): 3.6703, Recon Loss: 0.0304, Time: 429.81s
[INFO] Hypergraph updated at epoch 100

🔧 Epoch 100 梯度检查:
================================================================================

  参数名称                              梯度范数         梯度均值 状态             
  ----------------------------------------------------------------------
  type_relations                0.335201     0.003421 ✅ 正常           
  exist_relation                0.112944     0.002243 ✅ 正常           
  mi_proj_layer0                0.011604     0.000035 ✅ 正常           
  dis_proj_layer0               0.012835     0.000038 ✅ 正常           
================================================================================

Epoch 100, Total Loss: 16.5221, Recover Loss: 1.1315, miRNA CL: 7.5590, Disease CL: 7.5106, Inter-view (est): 3.4776, Recon Loss: 0.0219, Time: 799.33s
[INFO] Hypergraph updated at epoch 150

🔧 Epoch 150 梯度检查:
================================================================================

  参数名称                              梯度范数         梯度均值 状态             
  ----------------------------------------------------------------------
  type_relations                0.217392     0.002216 ✅ 正常           
  exist_relation                0.061652     0.001393 ✅ 正常           
  mi_proj_layer0                0.007291     0.000022 ✅ 正常           
  dis_proj_layer0               0.007984     0.000025 ✅ 正常           
================================================================================

Epoch 150, Total Loss: 15.8610, Recover Loss: 1.1227, miRNA CL: 7.2232, Disease CL: 7.2078, Inter-view (est): 3.3302, Recon Loss: 0.0196, Time: 1168.30s
[INFO] Hypergraph updated at epoch 200

🔧 Epoch 200 梯度检查:
================================================================================

  参数名称                              梯度范数         梯度均值 状态             
  ----------------------------------------------------------------------
  type_relations                0.137321     0.001423 ✅ 正常           
  exist_relation                0.035111     0.000845 ✅ 正常           
  mi_proj_layer0                0.005416     0.000017 ✅ 正常           
  dis_proj_layer0               0.005214     0.000017 ✅ 正常           
================================================================================

Epoch 200, Total Loss: 15.5868, Recover Loss: 1.1164, miRNA CL: 7.1165, Disease CL: 7.0604, Inter-view (est): 3.2716, Recon Loss: 0.0173, Time: 1538.59s
[INFO] Hypergraph updated at epoch 250

🔧 Epoch 250 梯度检查:
================================================================================

  参数名称                              梯度范数         梯度均值 状态             
  ----------------------------------------------------------------------
  type_relations                0.092378     0.000958 ✅ 正常           
  exist_relation                0.036747     0.000922 ✅ 正常           
  mi_proj_layer0                0.005804     0.000017 ✅ 正常           
  dis_proj_layer0               0.006457     0.000019 ✅ 正常           
================================================================================

Epoch 250, Total Loss: 15.4126, Recover Loss: 1.1118, miRNA CL: 7.0576, Disease CL: 6.9625, Inter-view (est): 3.2354, Recon Loss: 0.0156, Time: 1890.97s
[INFO] Hypergraph updated at epoch 300

🔧 Epoch 300 梯度检查:
================================================================================

  参数名称                              梯度范数         梯度均值 状态             
  ----------------------------------------------------------------------
  type_relations                0.058965     0.000607 ✅ 正常           
  exist_relation                0.023460     0.000562 ✅ 正常           
  mi_proj_layer0                0.003553     0.000012 ✅ 正常           
  dis_proj_layer0               0.003558     0.000012 ✅ 正常           
================================================================================

Epoch 300, Total Loss: 15.3142, Recover Loss: 1.1093, miRNA CL: 7.0245, Disease CL: 6.9091, Inter-view (est): 3.2155, Recon Loss: 0.0143, Time: 2241.65s
[INFO] Hypergraph updated at epoch 350

🔧 Epoch 350 梯度检查:
================================================================================

  参数名称                              梯度范数         梯度均值 状态             
  ----------------------------------------------------------------------
  type_relations                0.059858     0.000639 ✅ 正常           
  exist_relation                0.019037     0.000470 ✅ 正常           
  mi_proj_layer0                0.003490     0.000011 ✅ 正常           
  dis_proj_layer0               0.003780     0.000012 ✅ 正常           
================================================================================

Epoch 350, Total Loss: 15.2405, Recover Loss: 1.1099, miRNA CL: 7.0012, Disease CL: 6.8671, Inter-view (est): 3.2004, Recon Loss: 0.0136, Time: 2590.89s
[INFO] Hypergraph updated at epoch 400

🔧 Epoch 400 梯度检查:
================================================================================

  参数名称                              梯度范数         梯度均值 状态             
  ----------------------------------------------------------------------
  type_relations                0.029971     0.000326 ✅ 正常           
  exist_relation                0.022521     0.000465 ✅ 正常           
  mi_proj_layer0                0.003045     0.000010 ✅ 正常           
  dis_proj_layer0               0.002911     0.000010 ✅ 正常           
================================================================================

Epoch 400, Total Loss: 15.1776, Recover Loss: 1.1068, miRNA CL: 6.9799, Disease CL: 6.8380, Inter-view (est): 3.1888, Recon Loss: 0.0128, Time: 2940.26s
[INFO] Hypergraph updated at epoch 450

🔧 Epoch 450 梯度检查:
================================================================================

  参数名称                              梯度范数         梯度均值 状态             
  ----------------------------------------------------------------------
  type_relations                0.036354     0.000378 ✅ 正常           
  exist_relation                0.014041     0.000381 ✅ 正常           
  mi_proj_layer0                0.003222     0.000011 ✅ 正常           
  dis_proj_layer0               0.003450     0.000011 ✅ 正常           
================================================================================

Epoch 450, Total Loss: 15.1328, Recover Loss: 1.1077, miRNA CL: 6.9644, Disease CL: 6.8168, Inter-view (est): 3.1803, Recon Loss: 0.0121, Time: 3289.17s
[INFO] Hypergraph updated at epoch 500

🔧 Epoch 500 梯度检查:
================================================================================

  参数名称                              梯度范数         梯度均值 状态             
  ----------------------------------------------------------------------
  type_relations                0.024343     0.000252 ✅ 正常           
  exist_relation                0.008284     0.000238 ✅ 正常           
  mi_proj_layer0                0.002304     0.000008 ✅ 正常           
  dis_proj_layer0               0.002540     0.000009 ✅ 正常           
================================================================================

Epoch 500, Total Loss: 15.0940, Recover Loss: 1.1064, miRNA CL: 6.9522, Disease CL: 6.8001, Inter-view (est): 3.1736, Recon Loss: 0.0110, Time: 3638.22s
[INFO] Hypergraph updated at epoch 550

🔧 Epoch 550 梯度检查:
================================================================================

  参数名称                              梯度范数         梯度均值 状态             
  ----------------------------------------------------------------------
  type_relations                0.022191     0.000237 ✅ 正常           
  exist_relation                0.007218     0.000188 ✅ 正常           
  mi_proj_layer0                0.002450     0.000008 ✅ 正常           
  dis_proj_layer0               0.002902     0.000009 ✅ 正常           
================================================================================

Epoch 550, Total Loss: 15.0613, Recover Loss: 1.1065, miRNA CL: 6.9403, Disease CL: 6.7863, Inter-view (est): 3.1677, Recon Loss: 0.0108, Time: 3986.72s
[INFO] Hypergraph updated at epoch 600

🔧 Epoch 600 梯度检查:
================================================================================

  参数名称                              梯度范数         梯度均值 状态             
  ----------------------------------------------------------------------
  type_relations                0.023091     0.000256 ✅ 正常           
  exist_relation                0.015447     0.000434 ✅ 正常           
  mi_proj_layer0                0.002437     0.000008 ✅ 正常           
  dis_proj_layer0               0.003325     0.000010 ✅ 正常           
================================================================================

Epoch 600, Total Loss: 15.0368, Recover Loss: 1.1063, miRNA CL: 6.9325, Disease CL: 6.7764, Inter-view (est): 3.1636, Recon Loss: 0.0105, Time: 4335.53s
[INFO] Hypergraph updated at epoch 650

🔧 Epoch 650 梯度检查:
================================================================================

  参数名称                              梯度范数         梯度均值 状态             
  ----------------------------------------------------------------------
  type_relations                0.021847     0.000253 ✅ 正常           
  exist_relation                0.007682     0.000193 ✅ 正常           
  mi_proj_layer0                0.002604     0.000008 ✅ 正常           
  dis_proj_layer0               0.004594     0.000011 ✅ 正常           
================================================================================

Epoch 650, Total Loss: 15.0163, Recover Loss: 1.1050, miRNA CL: 6.9255, Disease CL: 6.7695, Inter-view (est): 3.1604, Recon Loss: 0.0098, Time: 4685.49s

================================================================================
Training completed. Running final test...
================================================================================
Fold 1 completed - AUC: 0.9238, Top-1 F1: 0.0000
Fold 1 training time: 4689.84 seconds
=== Cross Validation Fold 2/5 ===
Using hidden dimensions: [256, 256] with 4 attention heads
优化模型初始化: miRNA数量 = 722, 疾病数量 = 614
   节点维度: 256 → 128
   类型数量: 5
   Temperature: 2.0 (可学习)
   Loss mode: two_head
   loss_mode=two_head
   exist_weight=0.300, type_weight=0.700

✅ SimplifiedMultiTypeAssociationLoss 初始化 (改进版)
   类别权重 (beta=0.99999): ['0.534', '2.948', '0.288', '0.937', '0.293']
Original positive index shape: torch.Size([9892, 2])
Original negative index shape: torch.Size([309280, 2])
采样后负样本数量: 98920
🎯 Building TRUE DUAL VIEWS from four different sources...
📊 Data sources loaded:
  Disease semantic: torch.Size([614, 614])
  miRNA functional: torch.Size([722, 722])
  Disease-gene: torch.Size([614, 614])
  miRNA-sequence: torch.Size([722, 722])
🧬 Building miRNA dual-view hypergraphs...
  📊 miRNA View 1 (Sequence): torch.Size([722, 1336])
  📊 miRNA View 2 (Function): torch.Size([722, 1336])
🦠 Building disease dual-view hypergraphs...
  📊 Disease View 1 (Gene): torch.Size([614, 1336])
  📊 Disease View 2 (Semantic): torch.Size([614, 1336])
✅ Successfully built TRUE DUAL VIEWS:
   🧬 miRNA: Sequence Features (m_ss.xlsx) vs Functional Similarity (mi_fun_sim_2.0.csv)
   🦠 Disease: Gene Features (d_gs.xlsx) vs Semantic Similarity (dis_sem_sim_2.0.csv)

🔧 Epoch 1 梯度检查:
================================================================================

  参数名称                              梯度范数         梯度均值 状态             
  ----------------------------------------------------------------------
  type_relations                0.113030     0.002157 ✅ 正常           
  exist_relation                0.157518     0.009493 ✅ 正常           
  mi_proj_layer0                0.501360     0.001542 ✅ 正常           
  dis_proj_layer0               0.519602     0.001513 ✅ 正常           
================================================================================

Epoch 1, Total Loss: 21.0993, Recover Loss: 1.2890, miRNA CL: 9.6248, Disease CL: 9.3048, Inter-view (est): 4.3684, Recon Loss: 0.5520, Time: 7.00s
[INFO] Hypergraph updated at epoch 5
[INFO] Hypergraph updated at epoch 10
[INFO] Hypergraph updated at epoch 15
[INFO] Hypergraph updated at epoch 20
[INFO] Hypergraph updated at epoch 25
[INFO] Hypergraph updated at epoch 30
[INFO] Hypergraph updated at epoch 35
[INFO] Hypergraph updated at epoch 40
[INFO] Hypergraph updated at epoch 45
[INFO] Hypergraph updated at epoch 50

🔧 Epoch 50 梯度检查:
================================================================================

  参数名称                              梯度范数         梯度均值 状态             
  ----------------------------------------------------------------------
  type_relations                0.542094     0.006640 ✅ 正常           
  exist_relation                0.085766     0.002015 ✅ 正常           
  mi_proj_layer0                0.027150     0.000077 ✅ 正常           
  dis_proj_layer0               0.035946     0.000089 ✅ 正常           
================================================================================

Epoch 50, Total Loss: 17.3994, Recover Loss: 1.1731, miRNA CL: 8.0261, Disease CL: 7.8567, Inter-view (est): 3.6653, Recon Loss: 0.0297, Time: 406.31s
[INFO] Hypergraph updated at epoch 100

🔧 Epoch 100 梯度检查:
================================================================================

  参数名称                              梯度范数         梯度均值 状态             
  ----------------------------------------------------------------------
  type_relations                0.358365     0.003692 ✅ 正常           
  exist_relation                0.099037     0.001706 ✅ 正常           
  mi_proj_layer0                0.010913     0.000033 ✅ 正常           
  dis_proj_layer0               0.011197     0.000036 ✅ 正常           
================================================================================

Epoch 100, Total Loss: 16.4363, Recover Loss: 1.1367, miRNA CL: 7.5038, Disease CL: 7.4777, Inter-view (est): 3.4573, Recon Loss: 0.0203, Time: 760.90s
[INFO] Hypergraph updated at epoch 150

🔧 Epoch 150 梯度检查:
================================================================================

  参数名称                              梯度范数         梯度均值 状态             
  ----------------------------------------------------------------------
  type_relations                0.219312     0.002346 ✅ 正常           
  exist_relation                0.040531     0.001043 ✅ 正常           
  mi_proj_layer0                0.006709     0.000021 ✅ 正常           
  dis_proj_layer0               0.007463     0.000023 ✅ 正常           
================================================================================

Epoch 150, Total Loss: 15.8378, Recover Loss: 1.1229, miRNA CL: 7.2328, Disease CL: 7.1783, Inter-view (est): 3.3256, Recon Loss: 0.0182, Time: 1115.88s
[INFO] Hypergraph updated at epoch 200

🔧 Epoch 200 梯度检查:
================================================================================

  参数名称                              梯度范数         梯度均值 状态             
  ----------------------------------------------------------------------
  type_relations                0.129756     0.001360 ✅ 正常           
  exist_relation                0.031054     0.000879 ✅ 正常           
  mi_proj_layer0                0.005204     0.000016 ✅ 正常           
  dis_proj_layer0               0.005497     0.000017 ✅ 正常           
================================================================================

Epoch 200, Total Loss: 15.5701, Recover Loss: 1.1161, miRNA CL: 7.1227, Disease CL: 7.0414, Inter-view (est): 3.2686, Recon Loss: 0.0163, Time: 1467.28s
[INFO] Hypergraph updated at epoch 250

🔧 Epoch 250 梯度检查:
================================================================================

  参数名称                              梯度范数         梯度均值 状态             
  ----------------------------------------------------------------------
  type_relations                0.080731     0.000800 ✅ 正常           
  exist_relation                0.019458     0.000545 ✅ 正常           
  mi_proj_layer0                0.003745     0.000012 ✅ 正常           
  dis_proj_layer0               0.004093     0.000013 ✅ 正常           
================================================================================

Epoch 250, Total Loss: 15.3935, Recover Loss: 1.1117, miRNA CL: 7.0578, Disease CL: 6.9470, Inter-view (est): 3.2319, Recon Loss: 0.0150, Time: 1819.73s
[INFO] Hypergraph updated at epoch 300

🔧 Epoch 300 梯度检查:
================================================================================

  参数名称                              梯度范数         梯度均值 状态             
  ----------------------------------------------------------------------
  type_relations                0.065514     0.000657 ✅ 正常           
  exist_relation                0.017550     0.000484 ✅ 正常           
  mi_proj_layer0                0.003520     0.000011 ✅ 正常           
  dis_proj_layer0               0.003835     0.000012 ✅ 正常           
================================================================================

Epoch 300, Total Loss: 15.2812, Recover Loss: 1.1113, miRNA CL: 7.0181, Disease CL: 6.8869, Inter-view (est): 3.2088, Recon Loss: 0.0139, Time: 2172.13s
[INFO] Hypergraph updated at epoch 350

🔧 Epoch 350 梯度检查:
================================================================================

  参数名称                              梯度范数         梯度均值 状态             
  ----------------------------------------------------------------------
  type_relations                0.045484     0.000444 ✅ 正常           
  exist_relation                0.013394     0.000346 ✅ 正常           
  mi_proj_layer0                0.003465     0.000011 ✅ 正常           
  dis_proj_layer0               0.003462     0.000011 ✅ 正常           
================================================================================

Epoch 350, Total Loss: 15.2035, Recover Loss: 1.1094, miRNA CL: 6.9911, Disease CL: 6.8496, Inter-view (est): 3.1940, Recon Loss: 0.0126, Time: 2522.88s
[INFO] Hypergraph updated at epoch 400

🔧 Epoch 400 梯度检查:
================================================================================

  参数名称                              梯度范数         梯度均值 状态             
  ----------------------------------------------------------------------
  type_relations                0.034123     0.000329 ✅ 正常           
  exist_relation                0.008093     0.000217 ✅ 正常           
  mi_proj_layer0                0.002593     0.000008 ✅ 正常           
  dis_proj_layer0               0.002605     0.000008 ✅ 正常           
================================================================================

Epoch 400, Total Loss: 15.1648, Recover Loss: 1.1085, miRNA CL: 6.9780, Disease CL: 6.8316, Inter-view (est): 3.1868, Recon Loss: 0.0123, Time: 2874.16s
[INFO] Hypergraph updated at epoch 450

🔧 Epoch 450 梯度检查:
================================================================================

  参数名称                              梯度范数         梯度均值 状态             
  ----------------------------------------------------------------------
  type_relations                0.040707     0.000406 ✅ 正常           
  exist_relation                0.006293     0.000156 ✅ 正常           
  mi_proj_layer0                0.002175     0.000007 ✅ 正常           
  dis_proj_layer0               0.002231     0.000007 ✅ 正常           
================================================================================

Epoch 450, Total Loss: 15.1297, Recover Loss: 1.1091, miRNA CL: 6.9673, Disease CL: 6.8138, Inter-view (est): 3.1803, Recon Loss: 0.0117, Time: 3225.74s
[INFO] Hypergraph updated at epoch 500

🔧 Epoch 500 梯度检查:
================================================================================

  参数名称                              梯度范数         梯度均值 状态             
  ----------------------------------------------------------------------
  type_relations                0.036429     0.000347 ✅ 正常           
  exist_relation                0.007974     0.000196 ✅ 正常           
  mi_proj_layer0                0.002768     0.000008 ✅ 正常           
  dis_proj_layer0               0.002794     0.000008 ✅ 正常           
================================================================================

Epoch 500, Total Loss: 15.1047, Recover Loss: 1.1085, miRNA CL: 6.9592, Disease CL: 6.8030, Inter-view (est): 3.1759, Recon Loss: 0.0111, Time: 3576.08s
[INFO] Hypergraph updated at epoch 550

🔧 Epoch 550 梯度检查:
================================================================================

  参数名称                              梯度范数         梯度均值 状态             
  ----------------------------------------------------------------------
  type_relations                0.022737     0.000228 ✅ 正常           
  exist_relation                0.012590     0.000313 ✅ 正常           
  mi_proj_layer0                0.002262     0.000007 ✅ 正常           
  dis_proj_layer0               0.002271     0.000008 ✅ 正常           
================================================================================

Epoch 550, Total Loss: 15.0795, Recover Loss: 1.1071, miRNA CL: 6.9508, Disease CL: 6.7928, Inter-view (est): 3.1716, Recon Loss: 0.0110, Time: 3927.28s
[INFO] Hypergraph updated at epoch 600

🔧 Epoch 600 梯度检查:
================================================================================

  参数名称                              梯度范数         梯度均值 状态             
  ----------------------------------------------------------------------
  type_relations                0.021660     0.000207 ✅ 正常           
  exist_relation                0.010486     0.000262 ✅ 正常           
  mi_proj_layer0                0.001981     0.000007 ✅ 正常           
  dis_proj_layer0               0.002099     0.000007 ✅ 正常           
================================================================================

Epoch 600, Total Loss: 15.0571, Recover Loss: 1.1074, miRNA CL: 6.9425, Disease CL: 6.7840, Inter-view (est): 3.1677, Recon Loss: 0.0108, Time: 4278.45s
[INFO] Hypergraph updated at epoch 650

🔧 Epoch 650 梯度检查:
================================================================================

  参数名称                              梯度范数         梯度均值 状态             
  ----------------------------------------------------------------------
  type_relations                0.018098     0.000171 ✅ 正常           
  exist_relation                0.010461     0.000252 ✅ 正常           
  mi_proj_layer0                0.001803     0.000007 ✅ 正常           
  dis_proj_layer0               0.001991     0.000007 ✅ 正常           
================================================================================

Epoch 650, Total Loss: 15.0398, Recover Loss: 1.1068, miRNA CL: 6.9381, Disease CL: 6.7779, Inter-view (est): 3.1652, Recon Loss: 0.0102, Time: 4627.52s

================================================================================
Training completed. Running final test...
================================================================================
Fold 2 completed - AUC: 0.9222, Top-1 F1: 0.0000
Fold 2 training time: 4632.10 seconds
=== Cross Validation Fold 3/5 ===
Using hidden dimensions: [256, 256] with 4 attention heads
优化模型初始化: miRNA数量 = 722, 疾病数量 = 614
   节点维度: 256 → 128
   类型数量: 5
   Temperature: 2.0 (可学习)
   Loss mode: two_head
   loss_mode=two_head
   exist_weight=0.300, type_weight=0.700

✅ SimplifiedMultiTypeAssociationLoss 初始化 (改进版)
   类别权重 (beta=0.99999): ['0.534', '2.948', '0.288', '0.937', '0.293']
Original positive index shape: torch.Size([9892, 2])
Original negative index shape: torch.Size([309280, 2])
采样后负样本数量: 98920
🎯 Building TRUE DUAL VIEWS from four different sources...
📊 Data sources loaded:
  Disease semantic: torch.Size([614, 614])
  miRNA functional: torch.Size([722, 722])
  Disease-gene: torch.Size([614, 614])
  miRNA-sequence: torch.Size([722, 722])
🧬 Building miRNA dual-view hypergraphs...
  📊 miRNA View 1 (Sequence): torch.Size([722, 1336])
  📊 miRNA View 2 (Function): torch.Size([722, 1336])
🦠 Building disease dual-view hypergraphs...
  📊 Disease View 1 (Gene): torch.Size([614, 1336])
  📊 Disease View 2 (Semantic): torch.Size([614, 1336])
✅ Successfully built TRUE DUAL VIEWS:
   🧬 miRNA: Sequence Features (m_ss.xlsx) vs Functional Similarity (mi_fun_sim_2.0.csv)
   🦠 Disease: Gene Features (d_gs.xlsx) vs Semantic Similarity (dis_sem_sim_2.0.csv)

🔧 Epoch 1 梯度检查:
================================================================================

  参数名称                              梯度范数         梯度均值 状态             
  ----------------------------------------------------------------------
  type_relations                0.094713     0.001915 ✅ 正常           
  exist_relation                0.292583     0.016734 ✅ 正常           
  mi_proj_layer0                1.142220     0.003343 ✅ 正常           
  dis_proj_layer0               1.074597     0.003393 ✅ 正常           
================================================================================

Epoch 1, Total Loss: 21.1232, Recover Loss: 1.3472, miRNA CL: 9.6989, Disease CL: 9.2082, Inter-view (est): 4.3632, Recon Loss: 0.5402, Time: 6.77s
[INFO] Hypergraph updated at epoch 5
[INFO] Hypergraph updated at epoch 10
[INFO] Hypergraph updated at epoch 15
[INFO] Hypergraph updated at epoch 20
[INFO] Hypergraph updated at epoch 25
[INFO] Hypergraph updated at epoch 30
[INFO] Hypergraph updated at epoch 35
[INFO] Hypergraph updated at epoch 40
[INFO] Hypergraph updated at epoch 45
[INFO] Hypergraph updated at epoch 50

🔧 Epoch 50 梯度检查:
================================================================================

  参数名称                              梯度范数         梯度均值 状态             
  ----------------------------------------------------------------------
  type_relations                0.508954     0.006412 ✅ 正常           
  exist_relation                0.115832     0.002580 ✅ 正常           
  mi_proj_layer0                0.034175     0.000104 ✅ 正常           
  dis_proj_layer0               0.034126     0.000099 ✅ 正常           
================================================================================

Epoch 50, Total Loss: 17.4248, Recover Loss: 1.1769, miRNA CL: 8.0490, Disease CL: 7.8549, Inter-view (est): 3.6701, Recon Loss: 0.0296, Time: 406.70s
[INFO] Hypergraph updated at epoch 100

🔧 Epoch 100 梯度检查:
================================================================================

  参数名称                              梯度范数         梯度均值 状态             
  ----------------------------------------------------------------------
  type_relations                0.312057     0.003753 ✅ 正常           
  exist_relation                0.085230     0.002164 ✅ 正常           
  mi_proj_layer0                0.013919     0.000039 ✅ 正常           
  dis_proj_layer0               0.014161     0.000040 ✅ 正常           
================================================================================

Epoch 100, Total Loss: 16.5851, Recover Loss: 1.1345, miRNA CL: 7.6425, Disease CL: 7.4886, Inter-view (est): 3.4918, Recon Loss: 0.0209, Time: 762.20s
[INFO] Hypergraph updated at epoch 150

🔧 Epoch 150 梯度检查:
================================================================================

  参数名称                              梯度范数         梯度均值 状态             
  ----------------------------------------------------------------------
  type_relations                0.198183     0.002255 ✅ 正常           
  exist_relation                0.050064     0.001435 ✅ 正常           
  mi_proj_layer0                0.007962     0.000025 ✅ 正常           
  dis_proj_layer0               0.008066     0.000025 ✅ 正常           
================================================================================

Epoch 150, Total Loss: 15.8612, Recover Loss: 1.1233, miRNA CL: 7.2501, Disease CL: 7.1826, Inter-view (est): 3.3306, Recon Loss: 0.0180, Time: 1116.51s
[INFO] Hypergraph updated at epoch 200

🔧 Epoch 200 梯度检查:
================================================================================

  参数名称                              梯度范数         梯度均值 状态             
  ----------------------------------------------------------------------
  type_relations                0.116087     0.001223 ✅ 正常           
  exist_relation                0.068569     0.001609 ✅ 正常           
  mi_proj_layer0                0.007479     0.000023 ✅ 正常           
  dis_proj_layer0               0.007248     0.000023 ✅ 正常           
================================================================================

Epoch 200, Total Loss: 15.5754, Recover Loss: 1.1145, miRNA CL: 7.1277, Disease CL: 7.0411, Inter-view (est): 3.2697, Recon Loss: 0.0163, Time: 1471.54s
[INFO] Hypergraph updated at epoch 250

🔧 Epoch 250 梯度检查:
================================================================================

  参数名称                              梯度范数         梯度均值 状态             
  ----------------------------------------------------------------------
  type_relations                0.081955     0.000858 ✅ 正常           
  exist_relation                0.031475     0.000805 ✅ 正常           
  mi_proj_layer0                0.005335     0.000017 ✅ 正常           
  dis_proj_layer0               0.005064     0.000016 ✅ 正常           
================================================================================

Epoch 250, Total Loss: 15.4104, Recover Loss: 1.1112, miRNA CL: 7.0664, Disease CL: 6.9530, Inter-view (est): 3.2352, Recon Loss: 0.0150, Time: 1823.73s
[INFO] Hypergraph updated at epoch 300

🔧 Epoch 300 梯度检查:
================================================================================

  参数名称                              梯度范数         梯度均值 状态             
  ----------------------------------------------------------------------
  type_relations                0.065061     0.000666 ✅ 正常           
  exist_relation                0.018764     0.000497 ✅ 正常           
  mi_proj_layer0                0.003557     0.000011 ✅ 正常           
  dis_proj_layer0               0.004190     0.000013 ✅ 正常           
================================================================================

Epoch 300, Total Loss: 15.2984, Recover Loss: 1.1101, miRNA CL: 7.0258, Disease CL: 6.8937, Inter-view (est): 3.2122, Recon Loss: 0.0143, Time: 2175.03s
[INFO] Hypergraph updated at epoch 350

🔧 Epoch 350 梯度检查:
================================================================================

  参数名称                              梯度范数         梯度均值 状态             
  ----------------------------------------------------------------------
  type_relations                0.042059     0.000438 ✅ 正常           
  exist_relation                0.018095     0.000483 ✅ 正常           
  mi_proj_layer0                0.003583     0.000011 ✅ 正常           
  dis_proj_layer0               0.003963     0.000012 ✅ 正常           
================================================================================

Epoch 350, Total Loss: 15.2230, Recover Loss: 1.1081, miRNA CL: 6.9990, Disease CL: 6.8580, Inter-view (est): 3.1978, Recon Loss: 0.0127, Time: 2527.81s
[INFO] Hypergraph updated at epoch 400

🔧 Epoch 400 梯度检查:
================================================================================

  参数名称                              梯度范数         梯度均值 状态             
  ----------------------------------------------------------------------
  type_relations                0.033378     0.000339 ✅ 正常           
  exist_relation                0.013669     0.000333 ✅ 正常           
  mi_proj_layer0                0.002570     0.000009 ✅ 正常           
  dis_proj_layer0               0.002817     0.000009 ✅ 正常           
================================================================================

Epoch 400, Total Loss: 15.1814, Recover Loss: 1.1076, miRNA CL: 6.9842, Disease CL: 6.8380, Inter-view (est): 3.1897, Recon Loss: 0.0125, Time: 2878.68s
[INFO] Hypergraph updated at epoch 450

🔧 Epoch 450 梯度检查:
================================================================================

  参数名称                              梯度范数         梯度均值 状态             
  ----------------------------------------------------------------------
  type_relations                0.029049     0.000304 ✅ 正常           
  exist_relation                0.013046     0.000331 ✅ 正常           
  mi_proj_layer0                0.002546     0.000008 ✅ 正常           
  dis_proj_layer0               0.002964     0.000009 ✅ 正常           
================================================================================

Epoch 450, Total Loss: 15.1423, Recover Loss: 1.1072, miRNA CL: 6.9699, Disease CL: 6.8201, Inter-view (est): 3.1823, Recon Loss: 0.0117, Time: 3229.92s
[INFO] Hypergraph updated at epoch 500

🔧 Epoch 500 梯度检查:
================================================================================

  参数名称                              梯度范数         梯度均值 状态             
  ----------------------------------------------------------------------
  type_relations                0.025837     0.000272 ✅ 正常           
  exist_relation                0.019558     0.000534 ✅ 正常           
  mi_proj_layer0                0.002444     0.000009 ✅ 正常           
  dis_proj_layer0               0.003088     0.000010 ✅ 正常           
================================================================================

Epoch 500, Total Loss: 15.1071, Recover Loss: 1.1062, miRNA CL: 6.9574, Disease CL: 6.8049, Inter-view (est): 3.1759, Recon Loss: 0.0111, Time: 3578.15s
[INFO] Hypergraph updated at epoch 550

🔧 Epoch 550 梯度检查:
================================================================================

  参数名称                              梯度范数         梯度均值 状态             
  ----------------------------------------------------------------------
  type_relations                0.028480     0.000305 ✅ 正常           
  exist_relation                0.005666     0.000172 ✅ 正常           
  mi_proj_layer0                0.002820     0.000009 ✅ 正常           
  dis_proj_layer0               0.003796     0.000011 ✅ 正常           
================================================================================

Epoch 550, Total Loss: 15.0783, Recover Loss: 1.1068, miRNA CL: 6.9449, Disease CL: 6.7946, Inter-view (est): 3.1707, Recon Loss: 0.0108, Time: 3927.55s
[INFO] Hypergraph updated at epoch 600

🔧 Epoch 600 梯度检查:
================================================================================

  参数名称                              梯度范数         梯度均值 状态             
  ----------------------------------------------------------------------
  type_relations                0.014836     0.000168 ✅ 正常           
  exist_relation                0.011825     0.000300 ✅ 正常           
  mi_proj_layer0                0.002375     0.000008 ✅ 正常           
  dis_proj_layer0               0.002822     0.000010 ✅ 正常           
================================================================================

Epoch 600, Total Loss: 15.0542, Recover Loss: 1.1058, miRNA CL: 6.9367, Disease CL: 6.7864, Inter-view (est): 3.1669, Recon Loss: 0.0104, Time: 4278.56s
[INFO] Hypergraph updated at epoch 650

🔧 Epoch 650 梯度检查:
================================================================================

  参数名称                              梯度范数         梯度均值 状态             
  ----------------------------------------------------------------------
  type_relations                0.019577     0.000235 ✅ 正常           
  exist_relation                0.009257     0.000263 ✅ 正常           
  mi_proj_layer0                0.002726     0.000009 ✅ 正常           
  dis_proj_layer0               0.004187     0.000012 ✅ 正常           
================================================================================

Epoch 650, Total Loss: 15.0342, Recover Loss: 1.1053, miRNA CL: 6.9304, Disease CL: 6.7787, Inter-view (est): 3.1637, Recon Loss: 0.0101, Time: 4627.79s

================================================================================
Training completed. Running final test...
================================================================================
Fold 3 completed - AUC: 0.9192, Top-1 F1: 0.0000
Fold 3 training time: 4632.03 seconds
=== Cross Validation Fold 4/5 ===
Using hidden dimensions: [256, 256] with 4 attention heads
优化模型初始化: miRNA数量 = 722, 疾病数量 = 614
   节点维度: 256 → 128
   类型数量: 5
   Temperature: 2.0 (可学习)
   Loss mode: two_head
   loss_mode=two_head
   exist_weight=0.300, type_weight=0.700

✅ SimplifiedMultiTypeAssociationLoss 初始化 (改进版)
   类别权重 (beta=0.99999): ['0.534', '2.948', '0.288', '0.937', '0.293']
Original positive index shape: torch.Size([9892, 2])
Original negative index shape: torch.Size([309280, 2])
采样后负样本数量: 98920
🎯 Building TRUE DUAL VIEWS from four different sources...
📊 Data sources loaded:
  Disease semantic: torch.Size([614, 614])
  miRNA functional: torch.Size([722, 722])
  Disease-gene: torch.Size([614, 614])
  miRNA-sequence: torch.Size([722, 722])
🧬 Building miRNA dual-view hypergraphs...
  📊 miRNA View 1 (Sequence): torch.Size([722, 1336])
  📊 miRNA View 2 (Function): torch.Size([722, 1336])
🦠 Building disease dual-view hypergraphs...
  📊 Disease View 1 (Gene): torch.Size([614, 1336])
  📊 Disease View 2 (Semantic): torch.Size([614, 1336])
✅ Successfully built TRUE DUAL VIEWS:
   🧬 miRNA: Sequence Features (m_ss.xlsx) vs Functional Similarity (mi_fun_sim_2.0.csv)
   🦠 Disease: Gene Features (d_gs.xlsx) vs Semantic Similarity (dis_sem_sim_2.0.csv)

🔧 Epoch 1 梯度检查:
================================================================================

  参数名称                              梯度范数         梯度均值 状态             
  ----------------------------------------------------------------------
  type_relations                0.109755     0.002317 ✅ 正常           
  exist_relation                0.132000     0.008178 ✅ 正常           
  mi_proj_layer0                0.423512     0.001279 ✅ 正常           
  dis_proj_layer0               0.439542     0.001333 ✅ 正常           
================================================================================

Epoch 1, Total Loss: 20.7066, Recover Loss: 1.2833, miRNA CL: 9.4297, Disease CL: 9.0975, Inter-view (est): 4.2755, Recon Loss: 0.5675, Time: 6.99s
[INFO] Hypergraph updated at epoch 5
[INFO] Hypergraph updated at epoch 10
[INFO] Hypergraph updated at epoch 15
[INFO] Hypergraph updated at epoch 20
[INFO] Hypergraph updated at epoch 25
[INFO] Hypergraph updated at epoch 30
[INFO] Hypergraph updated at epoch 35
[INFO] Hypergraph updated at epoch 40
[INFO] Hypergraph updated at epoch 45
[INFO] Hypergraph updated at epoch 50

🔧 Epoch 50 梯度检查:
================================================================================

  参数名称                              梯度范数         梯度均值 状态             
  ----------------------------------------------------------------------
  type_relations                0.473077     0.007057 ✅ 正常           
  exist_relation                0.066951     0.002383 ✅ 正常           
  mi_proj_layer0                0.033495     0.000101 ✅ 正常           
  dis_proj_layer0               0.037677     0.000111 ✅ 正常           
================================================================================

Epoch 50, Total Loss: 17.4157, Recover Loss: 1.1762, miRNA CL: 8.0319, Disease CL: 7.8619, Inter-view (est): 3.6678, Recon Loss: 0.0323, Time: 410.50s
[INFO] Hypergraph updated at epoch 100

🔧 Epoch 100 梯度检查:
================================================================================

  参数名称                              梯度范数         梯度均值 状态             
  ----------------------------------------------------------------------
  type_relations                0.341239     0.004117 ✅ 正常           
  exist_relation                0.118444     0.003402 ✅ 正常           
  mi_proj_layer0                0.023986     0.000071 ✅ 正常           
  dis_proj_layer0               0.026808     0.000081 ✅ 正常           
================================================================================

Epoch 100, Total Loss: 16.5180, Recover Loss: 1.1355, miRNA CL: 7.5595, Disease CL: 7.5030, Inter-view (est): 3.4760, Recon Loss: 0.0225, Time: 763.38s
[INFO] Hypergraph updated at epoch 150

🔧 Epoch 150 梯度检查:
================================================================================

  参数名称                              梯度范数         梯度均值 状态             
  ----------------------------------------------------------------------
  type_relations                0.236644     0.002694 ✅ 正常           
  exist_relation                0.058515     0.001612 ✅ 正常           
  mi_proj_layer0                0.011500     0.000035 ✅ 正常           
  dis_proj_layer0               0.013127     0.000038 ✅ 正常           
================================================================================

Epoch 150, Total Loss: 15.8697, Recover Loss: 1.1236, miRNA CL: 7.2365, Disease CL: 7.2032, Inter-view (est): 3.3322, Recon Loss: 0.0204, Time: 1116.88s
[INFO] Hypergraph updated at epoch 200

🔧 Epoch 200 梯度检查:
================================================================================

  参数名称                              梯度范数         梯度均值 状态             
  ----------------------------------------------------------------------
  type_relations                0.152849     0.001630 ✅ 正常           
  exist_relation                0.046264     0.001126 ✅ 正常           
  mi_proj_layer0                0.006401     0.000019 ✅ 正常           
  dis_proj_layer0               0.006958     0.000021 ✅ 正常           
================================================================================

Epoch 200, Total Loss: 15.6103, Recover Loss: 1.1168, miRNA CL: 7.1337, Disease CL: 7.0676, Inter-view (est): 3.2772, Recon Loss: 0.0176, Time: 1469.37s
[INFO] Hypergraph updated at epoch 250

🔧 Epoch 250 梯度检查:
================================================================================

  参数名称                              梯度范数         梯度均值 状态             
  ----------------------------------------------------------------------
  type_relations                0.101315     0.001058 ✅ 正常           
  exist_relation                0.032530     0.000968 ✅ 正常           
  mi_proj_layer0                0.004595     0.000015 ✅ 正常           
  dis_proj_layer0               0.004268     0.000014 ✅ 正常           
================================================================================

Epoch 250, Total Loss: 15.4449, Recover Loss: 1.1131, miRNA CL: 7.0718, Disease CL: 6.9811, Inter-view (est): 3.2430, Recon Loss: 0.0156, Time: 1819.78s
[INFO] Hypergraph updated at epoch 300

🔧 Epoch 300 梯度检查:
================================================================================

  参数名称                              梯度范数         梯度均值 状态             
  ----------------------------------------------------------------------
  type_relations                0.073586     0.000745 ✅ 正常           
  exist_relation                0.026383     0.000692 ✅ 正常           
  mi_proj_layer0                0.003419     0.000011 ✅ 正常           
  dis_proj_layer0               0.003576     0.000012 ✅ 正常           
================================================================================

Epoch 300, Total Loss: 15.3347, Recover Loss: 1.1102, miRNA CL: 7.0305, Disease CL: 6.9262, Inter-view (est): 3.2208, Recon Loss: 0.0148, Time: 2173.37s
[INFO] Hypergraph updated at epoch 350

🔧 Epoch 350 梯度检查:
================================================================================

  参数名称                              梯度范数         梯度均值 状态             
  ----------------------------------------------------------------------
  type_relations                0.064151     0.000637 ✅ 正常           
  exist_relation                0.015058     0.000410 ✅ 正常           
  mi_proj_layer0                0.002903     0.000010 ✅ 正常           
  dis_proj_layer0               0.003783     0.000012 ✅ 正常           
================================================================================

Epoch 350, Total Loss: 15.2706, Recover Loss: 1.1095, miRNA CL: 7.0086, Disease CL: 6.8939, Inter-view (est): 3.2083, Recon Loss: 0.0135, Time: 2525.03s
[INFO] Hypergraph updated at epoch 400

🔧 Epoch 400 梯度检查:
================================================================================

  参数名称                              梯度范数         梯度均值 状态             
  ----------------------------------------------------------------------
  type_relations                0.049576     0.000476 ✅ 正常           
  exist_relation                0.015298     0.000385 ✅ 正常           
  mi_proj_layer0                0.003020     0.000010 ✅ 正常           
  dis_proj_layer0               0.003464     0.000012 ✅ 正常           
================================================================================

Epoch 400, Total Loss: 15.2251, Recover Loss: 1.1080, miRNA CL: 6.9907, Disease CL: 6.8737, Inter-view (est): 3.1995, Recon Loss: 0.0131, Time: 2877.80s
[INFO] Hypergraph updated at epoch 450

🔧 Epoch 450 梯度检查:
================================================================================

  参数名称                              梯度范数         梯度均值 状态             
  ----------------------------------------------------------------------
  type_relations                0.041613     0.000400 ✅ 正常           
  exist_relation                0.012681     0.000335 ✅ 正常           
  mi_proj_layer0                0.002540     0.000009 ✅ 正常           
  dis_proj_layer0               0.002825     0.000010 ✅ 正常           
================================================================================

Epoch 450, Total Loss: 15.1821, Recover Loss: 1.1073, miRNA CL: 6.9753, Disease CL: 6.8530, Inter-view (est): 3.1912, Recon Loss: 0.0126, Time: 3228.43s
[INFO] Hypergraph updated at epoch 500

🔧 Epoch 500 梯度检查:
================================================================================

  参数名称                              梯度范数         梯度均值 状态             
  ----------------------------------------------------------------------
  type_relations                0.035268     0.000345 ✅ 正常           
  exist_relation                0.011534     0.000319 ✅ 正常           
  mi_proj_layer0                0.002396     0.000008 ✅ 正常           
  dis_proj_layer0               0.002595     0.000009 ✅ 正常           
================================================================================

Epoch 500, Total Loss: 15.1412, Recover Loss: 1.1065, miRNA CL: 6.9620, Disease CL: 6.8330, Inter-view (est): 3.1835, Recon Loss: 0.0120, Time: 3579.55s
[INFO] Hypergraph updated at epoch 550

🔧 Epoch 550 梯度检查:
================================================================================

  参数名称                              梯度范数         梯度均值 状态             
  ----------------------------------------------------------------------
  type_relations                0.033424     0.000325 ✅ 正常           
  exist_relation                0.011373     0.000287 ✅ 正常           
  mi_proj_layer0                0.002517     0.000009 ✅ 正常           
  dis_proj_layer0               0.003005     0.000010 ✅ 正常           
================================================================================

Epoch 550, Total Loss: 15.1065, Recover Loss: 1.1066, miRNA CL: 6.9490, Disease CL: 6.8175, Inter-view (est): 3.1769, Recon Loss: 0.0117, Time: 3929.80s
[INFO] Hypergraph updated at epoch 600

🔧 Epoch 600 梯度检查:
================================================================================

  参数名称                              梯度范数         梯度均值 状态             
  ----------------------------------------------------------------------
  type_relations                0.035268     0.000345 ✅ 正常           
  exist_relation                0.015569     0.000407 ✅ 正常           
  mi_proj_layer0                0.002553     0.000008 ✅ 正常           
  dis_proj_layer0               0.002689     0.000009 ✅ 正常           
================================================================================

Epoch 600, Total Loss: 15.0772, Recover Loss: 1.1070, miRNA CL: 6.9411, Disease CL: 6.8022, Inter-view (est): 3.1715, Recon Loss: 0.0110, Time: 4281.18s
[INFO] Hypergraph updated at epoch 650

🔧 Epoch 650 梯度检查:
================================================================================

  参数名称                              梯度范数         梯度均值 状态             
  ----------------------------------------------------------------------
  type_relations                0.029261     0.000307 ✅ 正常           
  exist_relation                0.007285     0.000201 ✅ 正常           
  mi_proj_layer0                0.002135     0.000008 ✅ 正常           
  dis_proj_layer0               0.002769     0.000009 ✅ 正常           
================================================================================

Epoch 650, Total Loss: 15.0516, Recover Loss: 1.1057, miRNA CL: 6.9342, Disease CL: 6.7914, Inter-view (est): 3.1675, Recon Loss: 0.0105, Time: 4631.23s

================================================================================
Training completed. Running final test...
================================================================================
Fold 4 completed - AUC: 0.9201, Top-1 F1: 0.0000
Fold 4 training time: 4635.28 seconds
=== Cross Validation Fold 5/5 ===
Using hidden dimensions: [256, 256] with 4 attention heads
优化模型初始化: miRNA数量 = 722, 疾病数量 = 614
   节点维度: 256 → 128
   类型数量: 5
   Temperature: 2.0 (可学习)
   Loss mode: two_head
   loss_mode=two_head
   exist_weight=0.300, type_weight=0.700

✅ SimplifiedMultiTypeAssociationLoss 初始化 (改进版)
   类别权重 (beta=0.99999): ['0.534', '2.948', '0.288', '0.937', '0.293']
Original positive index shape: torch.Size([9892, 2])
Original negative index shape: torch.Size([309280, 2])
采样后负样本数量: 98920
🎯 Building TRUE DUAL VIEWS from four different sources...
📊 Data sources loaded:
  Disease semantic: torch.Size([614, 614])
  miRNA functional: torch.Size([722, 722])
  Disease-gene: torch.Size([614, 614])
  miRNA-sequence: torch.Size([722, 722])
🧬 Building miRNA dual-view hypergraphs...
  📊 miRNA View 1 (Sequence): torch.Size([722, 1336])
  📊 miRNA View 2 (Function): torch.Size([722, 1336])
🦠 Building disease dual-view hypergraphs...
  📊 Disease View 1 (Gene): torch.Size([614, 1336])
  📊 Disease View 2 (Semantic): torch.Size([614, 1336])
✅ Successfully built TRUE DUAL VIEWS:
   🧬 miRNA: Sequence Features (m_ss.xlsx) vs Functional Similarity (mi_fun_sim_2.0.csv)
   🦠 Disease: Gene Features (d_gs.xlsx) vs Semantic Similarity (dis_sem_sim_2.0.csv)

🔧 Epoch 1 梯度检查:
================================================================================

  参数名称                              梯度范数         梯度均值 状态             
  ----------------------------------------------------------------------
  type_relations                0.107013     0.002335 ✅ 正常           
  exist_relation                0.293958     0.016886 ✅ 正常           
  mi_proj_layer0                1.082199     0.003011 ✅ 正常           
  dis_proj_layer0               1.046595     0.003001 ✅ 正常           
================================================================================

Epoch 1, Total Loss: 20.8773, Recover Loss: 1.3293, miRNA CL: 9.4231, Disease CL: 9.2457, Inter-view (est): 4.3082, Recon Loss: 0.5507, Time: 6.91s
[INFO] Hypergraph updated at epoch 5
[INFO] Hypergraph updated at epoch 10
[INFO] Hypergraph updated at epoch 15
[INFO] Hypergraph updated at epoch 20
[INFO] Hypergraph updated at epoch 25
[INFO] Hypergraph updated at epoch 30
[INFO] Hypergraph updated at epoch 35
[INFO] Hypergraph updated at epoch 40
[INFO] Hypergraph updated at epoch 45
[INFO] Hypergraph updated at epoch 50

🔧 Epoch 50 梯度检查:
================================================================================

  参数名称                              梯度范数         梯度均值 状态             
  ----------------------------------------------------------------------
  type_relations                0.492239     0.006401 ✅ 正常           
  exist_relation                0.045437     0.001478 ✅ 正常           
  mi_proj_layer0                0.033043     0.000091 ✅ 正常           
  dis_proj_layer0               0.033192     0.000097 ✅ 正常           
================================================================================

Epoch 50, Total Loss: 17.4370, Recover Loss: 1.1694, miRNA CL: 8.0248, Disease CL: 7.8962, Inter-view (est): 3.6741, Recon Loss: 0.0319, Time: 411.18s
[INFO] Hypergraph updated at epoch 100

🔧 Epoch 100 梯度检查:
================================================================================

  参数名称                              梯度范数         梯度均值 状态             
  ----------------------------------------------------------------------
  type_relations                0.342560     0.003436 ✅ 正常           
  exist_relation                0.048797     0.001165 ✅ 正常           
  mi_proj_layer0                0.012805     0.000034 ✅ 正常           
  dis_proj_layer0               0.012204     0.000031 ✅ 正常           
================================================================================

Epoch 100, Total Loss: 16.5457, Recover Loss: 1.1304, miRNA CL: 7.5059, Disease CL: 7.5889, Inter-view (est): 3.4834, Recon Loss: 0.0208, Time: 766.45s
[INFO] Hypergraph updated at epoch 150

🔧 Epoch 150 梯度检查:
================================================================================

  参数名称                              梯度范数         梯度均值 状态             
  ----------------------------------------------------------------------
  type_relations                0.208487     0.002145 ✅ 正常           
  exist_relation                0.033073     0.000798 ✅ 正常           
  mi_proj_layer0                0.006752     0.000020 ✅ 正常           