v3.2 jobs started. Job1 PID=1, Job2 PID=3
[00:01:01] Job1=Running, Job2=Running
[00:02:01] Job1=Running, Job2=Running
[00:03:01] Job1=Running, Job2=Running
[00:04:01] Job1=Running, Job2=Running
[00:05:01] Job1=Running, Job2=Running
[00:06:02] Job1=Running, Job2=Running
[00:07:02] Job1=Running, Job2=Running
[00:08:02] Job1=Running, Job2=Running
[00:09:02] Job1=Running, Job2=Running
[00:10:02] Job1=Running, Job2=Running
[00:11:02] Job1=Running, Job2=Running
[00:12:02] Job1=Running, Job2=Running
[00:13:02] Job1=Running, Job2=Running
[00:14:02] Job1=Running, Job2=Running
[00:15:02] Job1=Running, Job2=Running
[00:16:02] Job1=Running, Job2=Running
[00:17:02] Job1=Running, Job2=Running
[00:18:02] Job1=Running, Job2=Running
[00:19:02] Job1=Running, Job2=Running
[00:20:02] Job1=Running, Job2=Running
[00:21:02] Job1=Running, Job2=Running
[00:22:02] Job1=Running, Job2=Running
[00:23:02] Job1=Running, Job2=Running
[00:24:02] Job1=Running, Job2=Running
[00:25:02] Job1=Running, Job2=Running
[00:26:02] Job1=Running, Job2=Running
[00:27:02] Job1=Running, Job2=Running
[00:28:02] Job1=Running, Job2=Running
[00:29:02] Job1=Running, Job2=Running
[00:30:02] Job1=Running, Job2=Running
[00:31:02] Job1=Running, Job2=Running
[00:32:02] Job1=Running, Job2=Running
[00:33:02] Job1=Running, Job2=Running
[00:34:02] Job1=Running, Job2=Running
[00:35:02] Job1=Running, Job2=Running
[00:36:02] Job1=Running, Job2=Running
[00:37:02] Job1=Running, Job2=Running
[00:38:02] Job1=Running, Job2=Running
[00:39:02] Job1=Running, Job2=Running
[00:40:02] Job1=Running, Job2=Running
[00:41:02] Job1=Running, Job2=Running
[00:42:02] Job1=Running, Job2=Running
[00:43:02] Job1=Running, Job2=Running
[00:44:02] Job1=Running, Job2=Running
[00:45:02] Job1=Running, Job2=Running
[00:46:03] Job1=Running, Job2=Running
[00:47:03] Job1=Running, Job2=Running
[00:48:03] Job1=Running, Job2=Running
[00:49:03] Job1=Running, Job2=Running
[00:50:03] Job1=Running, Job2=Running
[00:51:03] Job1=Running, Job2=Running
[00:52:03] Job1=Running, Job2=Running
[00:53:03] Job1=Running, Job2=Running
[00:54:03] Job1=Running, Job2=Running
[00:55:03] Job1=Running, Job2=Running
[00:56:03] Job1=Running, Job2=Running
[00:57:03] Job1=Running, Job2=Running
[00:58:03] Job1=Running, Job2=Running
[00:59:03] Job1=Running, Job2=Running
[01:00:03] Job1=Running, Job2=Running
[01:01:03] Job1=Running, Job2=Running
[01:02:03] Job1=Running, Job2=Running
[01:03:03] Job1=Running, Job2=Running
[01:04:03] Job1=Running, Job2=Running
[01:05:03] Job1=Running, Job2=Running
[01:06:03] Job1=Running, Job2=Running
[01:07:03] Job1=Running, Job2=Running
[01:08:03] Job1=Running, Job2=Running
[01:09:03] Job1=Running, Job2=Running
[01:10:03] Job1=Running, Job2=Running
[01:11:03] Job1=Running, Job2=Running
[01:12:03] Job1=Running, Job2=Running
[01:13:03] Job1=Running, Job2=Running
[01:14:03] Job1=Running, Job2=Running
[01:15:03] Job1=Running, Job2=Running
[01:16:03] Job1=Running, Job2=Running
[01:17:03] Job1=Running, Job2=Running
[01:18:03] Job1=Running, Job2=Running
[01:19:03] Job1=Running, Job2=Running
[01:20:03] Job1=Running, Job2=Running
[01:21:03] Job1=Running, Job2=Running
[01:22:03] Job1=Running, Job2=Running
[01:23:03] Job1=Running, Job2=Running
[01:24:03] Job1=Running, Job2=Running
[01:25:03] Job1=Running, Job2=Running
[01:26:03] Job1=Running, Job2=Running
[01:27:03] Job1=Running, Job2=Running
[01:28:03] Job1=Running, Job2=Running
[01:29:03] Job1=Running, Job2=Running
[01:30:03] Job1=Running, Job2=Running
[01:31:03] Job1=Running, Job2=Running
[01:32:03] Job1=Running, Job2=Running
[01:33:03] Job1=Running, Job2=Running
[01:34:03] Job1=Running, Job2=Running
[01:35:03] Job1=Running, Job2=Running
[01:36:03] Job1=Running, Job2=Running
[01:37:04] Job1=Running, Job2=Running
[01:38:04] Job1=Running, Job2=Running
[01:39:04] Job1=Running, Job2=Running
[01:40:04] Job1=Running, Job2=Running
[01:41:04] Job1=Running, Job2=Running
[01:42:05] Job1=Running, Job2=Running
[01:43:05] Job1=Running, Job2=Running
[01:44:05] Job1=Running, Job2=Running
[01:45:05] Job1=Running, Job2=Running
[01:46:05] Job1=Running, Job2=Running
[01:47:05] Job1=Running, Job2=Running
[01:48:05] Job1=Failed, Job2=Failed
[v32-Job1] Starting baseline...
[v32-Job1] Starting no_cl...
[v32-Job1] Starting no_hgcn...
The background process closed or ended abnormally.
At D:\Tien\DHGCMDA-fork\run_v32_rerun.ps1:55 char:1
+ Receive-Job $job1 | Select-Object -Last 3
+ ~~~~~~~~~~~~~~~~~~~~~~~~~~~~~~~~~~~~~~~~~
    + CategoryInfo          : OperationStopped: (localhost:String) [], PSRemotingTransportException
    + FullyQualifiedErrorId : JobFailure
    + PSComputerName        : localhost
 
