======================================================================
[PATCH] Metric_fun.compute_top1_metrics -> general-K CORRECT version
[PATCH] NO repo source file modified. Fix lives in this script only.
======================================================================
[INFO] Auto-computed BALANCED class weights (to prevent class collapse):
  Circulation  (  367 samples): 0.780
  Epigenetics  (  157 samples): 1.823
  Target       (  293 samples): 0.977
  Genetics     (  681 samples): 0.420
  [NOTE] Higher weights for minority classes to prevent model from only predicting majority class
[INFO] Using v3.2_wang dataset (Wang MeSH semantic + functional sim):
  miRNAs: 713
  Diseases: 447
  Expected associations: ~16,341 (TDRC preprocessing)
  Types: 5 (Circulation, Epigenetics, Target, Genetics, Tissue)

================================================================================
Configuration Summary
================================================================================
Dataset: v3.2_wang
Data Path: ./
Model: HeterogenousGraphCLAMIR
  - HGT Layers: 2
  - Attention Heads: 4
  - Association Types: 5
  - Inter-view CL: Enabled
    - Weight: 0.3
    - Temperature: 0.5
    - Margin: 0.5

Training:
  - Epochs: 300
  - Learning Rate: 0.0001
  - Dropout: 0.3
  - Weight Decay: 5e-05
  - Focal Loss: Enabled

Evaluation:
  - Cross-Validation Folds: 5
  - Primary Metric: AUPR

Device: cpu
Random Seed: 1234
================================================================================

[RUN] dataset=v3.2_wang loss_mode=two_head epoch=300 validation=5 predictor_mode=full_bilinear
[CPU] torch.set_num_threads(14), interop=min(4, 14)
Using device: cpu
🎯 Loading dual-view data...
Starting dual-view data preparation with new file format...
Loading all similarity and feature files from v3.2_wang...
✅ Loaded disease semantic similarity from D_SSM1.txt: (447, 447)
✅ Loaded miRNA functional similarity from M_FSM.txt: (713, 713)
✅ Loaded multi-type association pairs from ./v3.2_wang\multi_all_mirna_disease_pairs_without_negative.csv: (12534, 3)
✅ Created multi-type association matrix: (713, 447)
📊 Multi-type Association Statistics:
   无关联 (No association): 306177 pairs (96.07%)
   循环类型 (Circulation): 3310 pairs (1.04%)
   表观遗传学 (Epigenetics): 411 pairs (0.13%)
   靶标类型 (Target): 4810 pairs (1.51%)
   遗传学类型 (Genetics): 850 pairs (0.27%)
   组织表达 (Tissue): 3153 pairs (0.99%)
✅ Created association matrix from CSV: (713, 447)
✅ Loaded disease-gene features from D_SSM2.txt: torch.Size([447, 447])
✅ Loaded miRNA-sequence features from M_GSM.txt: torch.Size([713, 713])
Processing integrated similarity matrices...
Loaded similarity matrices from cache
Processing indices...
Loaded indices from cache (seed=1234)
✅ Dual-view data preparation completed in 1.07 seconds

============================================================
🎯 DUAL-VIEW CONFIGURATION SUMMARY (v3.2_wang)
============================================================
miRNA Dual Views:
  📊 View 1 (Sequence): M_GSM.txt torch.Size([713, 713])
  📊 View 2 (Function): M_FSM.txt torch.Size([713, 713])

Disease Dual Views:
  📊 View 1 (Gene): D_SSM2.txt torch.Size([447, 447])
  📊 View 2 (Semantic): D_SSM1.txt torch.Size([447, 447])

Association Matrix: torch.Size([713, 447])
Data source: v3.2_wang (713 miRNAs × 447 Diseases)
============================================================
Preloading dual-view data to device...
✅ Loaded disease-gene features to device: torch.Size([447, 447])
✅ Loaded miRNA-sequence features to device: torch.Size([713, 713])
✅ Loaded disease semantic similarity to device: torch.Size([447, 447])
✅ Loaded miRNA functional similarity to device: torch.Size([713, 713])
✅ Dual-view data preloading completed in 0.00 seconds
OptimizedDataset initialized with 5 folds
Using device: cpu
=== Cross Validation Fold 1/5 ===
Using hidden dimensions: [256, 256] with 4 attention heads
优化模型初始化: miRNA数量 = 713, 疾病数量 = 447
   节点维度: 256 → 128
   类型数量: 5
   Temperature: 2.0 (可学习)
   Loss mode: two_head
   loss_mode=two_head
   exist_weight=0.100, type_weight=0.900

✅ SimplifiedMultiTypeAssociationLoss 初始化 (改进版)
   类别权重 (beta=0.99999): ['0.344', '2.732', '0.239', '1.324', '0.361']
Original positive index shape: torch.Size([9020, 2])
Original negative index shape: torch.Size([220440, 2])
采样后负样本数量: 90200
🎯 Building TRUE DUAL VIEWS from four different sources...
📊 Data sources loaded:
  Disease semantic: torch.Size([447, 447])
  miRNA functional: torch.Size([713, 713])
  Disease-gene: torch.Size([447, 447])
  miRNA-sequence: torch.Size([713, 713])
🧬 Building miRNA dual-view hypergraphs...
  📊 miRNA View 1 (Sequence): torch.Size([713, 1160])
  📊 miRNA View 2 (Function): torch.Size([713, 1160])
🦠 Building disease dual-view hypergraphs...
  📊 Disease View 1 (Gene): torch.Size([447, 1160])
  📊 Disease View 2 (Semantic): torch.Size([447, 1160])
✅ Successfully built TRUE DUAL VIEWS:
   🧬 miRNA: Sequence Features (m_ss.xlsx) vs Functional Similarity (mi_fun_sim_2.0.csv)
   🦠 Disease: Gene Features (d_gs.xlsx) vs Semantic Similarity (dis_sem_sim_2.0.csv)

🔧 Epoch 1 梯度检查:
================================================================================

  参数名称                              梯度范数         梯度均值 状态             
  ----------------------------------------------------------------------
  type_relations                0.000028     0.000001 ✅ 正常           
  exist_relation                0.000142     0.000010 ✅ 正常           
  mi_proj_layer0                0.404821     0.001465 ✅ 正常           
  dis_proj_layer0               0.499463     0.001843 ✅ 正常           
================================================================================

Epoch 1, Total Loss: 21.0034, Recover Loss: 1.6743, miRNA CL: 9.2200, Disease CL: 8.6334, Inter-view (est): 4.1200, Recon Loss: 1.1584, Time: 4.74s
[INFO] Hypergraph updated at epoch 5
[INFO] Hypergraph updated at epoch 10
[INFO] Hypergraph updated at epoch 15
[INFO] Hypergraph updated at epoch 20
[INFO] Hypergraph updated at epoch 25
[INFO] Hypergraph updated at epoch 30
[INFO] Hypergraph updated at epoch 35
[INFO] Hypergraph updated at epoch 40
[INFO] Hypergraph updated at epoch 45
[INFO] Hypergraph updated at epoch 50

🔧 Epoch 50 梯度检查:
================================================================================

  参数名称                              梯度范数         梯度均值 状态             
  ----------------------------------------------------------------------
  type_relations                0.000019     0.000000 ✅ 正常           
  exist_relation                0.000137     0.000009 ✅ 正常           
  mi_proj_layer0                0.072602     0.000256 ✅ 正常           
  dis_proj_layer0               0.077320     0.000269 ✅ 正常           
================================================================================

Epoch 50, Total Loss: 17.7807, Recover Loss: 1.5333, miRNA CL: 8.0441, Disease CL: 7.8200, Inter-view (est): 3.6610, Recon Loss: 0.0787, Time: 315.25s
[INFO] Hypergraph updated at epoch 100

🔧 Epoch 100 梯度检查:
================================================================================

  参数名称                              梯度范数         梯度均值 状态             
  ----------------------------------------------------------------------
  type_relations                0.000011     0.000000 ✅ 正常           
  exist_relation                0.000132     0.000009 ✅ 正常           
  mi_proj_layer0                0.073080     0.000261 ✅ 正常           
  dis_proj_layer0               0.059922     0.000226 ✅ 正常           
================================================================================

Epoch 100, Total Loss: 16.3535, Recover Loss: 1.4945, miRNA CL: 7.4781, Disease CL: 7.0594, Inter-view (est): 3.3548, Recon Loss: 0.0300, Time: 545.64s
[INFO] Hypergraph updated at epoch 150

🔧 Epoch 150 梯度检查:
================================================================================

  参数名称                              梯度范数         梯度均值 状态             
  ----------------------------------------------------------------------
  type_relations                0.000007     0.000000 ✅ 正常           
  exist_relation                0.000127     0.000008 ✅ 正常           
  mi_proj_layer0                0.044920     0.000173 ✅ 正常           
  dis_proj_layer0               0.049327     0.000184 ✅ 正常           
================================================================================

Epoch 150, Total Loss: 15.6327, Recover Loss: 1.4733, miRNA CL: 7.1316, Disease CL: 6.7199, Inter-view (est): 3.1965, Recon Loss: 0.0265, Time: 773.26s
[INFO] Hypergraph updated at epoch 200

🔧 Epoch 200 梯度检查:
================================================================================

  参数名称                              梯度范数         梯度均值 状态             
  ----------------------------------------------------------------------
  type_relations                0.000004     0.000000 ✅ 正常           
  exist_relation                0.000122     0.000008 ✅ 正常           
  mi_proj_layer0                0.048806     0.000186 ✅ 正常           
  dis_proj_layer0               0.065228     0.000236 ✅ 正常           
================================================================================

Epoch 200, Total Loss: 15.3866, Recover Loss: 1.4598, miRNA CL: 7.0342, Disease CL: 6.5937, Inter-view (est): 3.1449, Recon Loss: 0.0257, Time: 1003.61s
[INFO] Hypergraph updated at epoch 250

🔧 Epoch 250 梯度检查:
================================================================================

  参数名称                              梯度范数         梯度均值 状态             
  ----------------------------------------------------------------------
  type_relations                0.000003     0.000000 ✅ 正常           
  exist_relation                0.000118     0.000007 ✅ 正常           
  mi_proj_layer0                0.043058     0.000177 ✅ 正常           
  dis_proj_layer0               0.045668     0.000178 ✅ 正常           
================================================================================

Epoch 250, Total Loss: 15.2305, Recover Loss: 1.4417, miRNA CL: 6.9786, Disease CL: 6.5196, Inter-view (est): 3.1150, Recon Loss: 0.0241, Time: 1234.06s
[INFO] Hypergraph updated at epoch 300

🔧 Epoch 300 梯度检查:
================================================================================

  参数名称                              梯度范数         梯度均值 状态             
  ----------------------------------------------------------------------
  type_relations                0.000002     0.000000 ✅ 正常           
  exist_relation                0.000114     0.000007 ✅ 正常           
  mi_proj_layer0                0.036445     0.000150 ✅ 正常           
  dis_proj_layer0               0.043133     0.000170 ✅ 正常           
================================================================================

Epoch 300, Total Loss: 15.1222, Recover Loss: 1.4213, miRNA CL: 6.9424, Disease CL: 6.4749, Inter-view (est): 3.0963, Recon Loss: 0.0229, Time: 1462.44s

================================================================================
Training completed. Running final test...
================================================================================
[CORRECT-METRIC] valid_samples=2255 P=0.2838 R=0.3648 F1=0.3192 | acc=0.2838 macroP=0.2425 macroR=0.3648 macroF1=0.2146 weightedF1=0.2228 per_type_total={2: 908, 4: 561, 1: 65, 0: 570, 3: 151}
[CORRECT-METRIC] valid_samples=2255 P=0.2838 R=0.3648 F1=0.3192 | acc=0.2838 macroP=0.2425 macroR=0.3648 macroF1=0.2146 weightedF1=0.2228 per_type_total={2: 908, 4: 561, 1: 65, 0: 570, 3: 151}
[CORRECT-METRIC] valid_samples=2255 P=0.2838 R=0.3648 F1=0.3192 | acc=0.2838 macroP=0.2425 macroR=0.3648 macroF1=0.2146 weightedF1=0.2228 per_type_total={2: 908, 4: 561, 1: 65, 0: 570, 3: 151}
[CORRECT-METRIC] valid_samples=2255 P=0.2838 R=0.3648 F1=0.3192 | acc=0.2838 macroP=0.2425 macroR=0.3648 macroF1=0.2146 weightedF1=0.2228 per_type_total={2: 908, 4: 561, 1: 65, 0: 570, 3: 151}
[CORRECT-METRIC] valid_samples=2255 P=0.2838 R=0.3648 F1=0.3192 | acc=0.2838 macroP=0.2425 macroR=0.3648 macroF1=0.2146 weightedF1=0.2228 per_type_total={2: 908, 4: 561, 1: 65, 0: 570, 3: 151}
Fold 1 completed - AUC: 0.8958, Top-1 F1: 0.3192
Fold 1 training time: 1465.86 seconds
=== Cross Validation Fold 2/5 ===
Using hidden dimensions: [256, 256] with 4 attention heads
优化模型初始化: miRNA数量 = 713, 疾病数量 = 447
   节点维度: 256 → 128
   类型数量: 5
   Temperature: 2.0 (可学习)
   Loss mode: two_head
   loss_mode=two_head
   exist_weight=0.100, type_weight=0.900

✅ SimplifiedMultiTypeAssociationLoss 初始化 (改进版)
   类别权重 (beta=0.99999): ['0.344', '2.732', '0.239', '1.324', '0.361']
Original positive index shape: torch.Size([9020, 2])
Original negative index shape: torch.Size([220440, 2])
采样后负样本数量: 90200
🎯 Building TRUE DUAL VIEWS from four different sources...
📊 Data sources loaded:
  Disease semantic: torch.Size([447, 447])
  miRNA functional: torch.Size([713, 713])
  Disease-gene: torch.Size([447, 447])
  miRNA-sequence: torch.Size([713, 713])
🧬 Building miRNA dual-view hypergraphs...
  📊 miRNA View 1 (Sequence): torch.Size([713, 1160])
  📊 miRNA View 2 (Function): torch.Size([713, 1160])
🦠 Building disease dual-view hypergraphs...
  📊 Disease View 1 (Gene): torch.Size([447, 1160])
  📊 Disease View 2 (Semantic): torch.Size([447, 1160])
✅ Successfully built TRUE DUAL VIEWS:
   🧬 miRNA: Sequence Features (m_ss.xlsx) vs Functional Similarity (mi_fun_sim_2.0.csv)
   🦠 Disease: Gene Features (d_gs.xlsx) vs Semantic Similarity (dis_sem_sim_2.0.csv)

🔧 Epoch 1 梯度检查:
================================================================================

  参数名称                              梯度范数         梯度均值 状态             
  ----------------------------------------------------------------------
  type_relations                0.000028     0.000001 ✅ 正常           
  exist_relation                0.000151     0.000010 ✅ 正常           
  mi_proj_layer0                0.597174     0.002163 ✅ 正常           
  dis_proj_layer0               0.504725     0.001870 ✅ 正常           
================================================================================

Epoch 1, Total Loss: 21.0217, Recover Loss: 1.6913, miRNA CL: 9.2498, Disease CL: 8.6342, Inter-view (est): 4.1271, Recon Loss: 1.1287, Time: 4.75s
[INFO] Hypergraph updated at epoch 5
[INFO] Hypergraph updated at epoch 10
[INFO] Hypergraph updated at epoch 15
[INFO] Hypergraph updated at epoch 20
[INFO] Hypergraph updated at epoch 25
[INFO] Hypergraph updated at epoch 30
[INFO] Hypergraph updated at epoch 35
[INFO] Hypergraph updated at epoch 40
[INFO] Hypergraph updated at epoch 45
[INFO] Hypergraph updated at epoch 50

🔧 Epoch 50 梯度检查:
================================================================================

  参数名称                              梯度范数         梯度均值 状态             
  ----------------------------------------------------------------------
  type_relations                0.000019     0.000000 ✅ 正常           
  exist_relation                0.000146     0.000010 ✅ 正常           
  mi_proj_layer0                0.079117     0.000285 ✅ 正常           
  dis_proj_layer0               0.075796     0.000273 ✅ 正常           
================================================================================

Epoch 50, Total Loss: 17.7931, Recover Loss: 1.5334, miRNA CL: 8.0682, Disease CL: 7.8209, Inter-view (est): 3.6667, Recon Loss: 0.0660, Time: 308.76s
[INFO] Hypergraph updated at epoch 100

🔧 Epoch 100 梯度检查:
================================================================================

  参数名称                              梯度范数         梯度均值 状态             
  ----------------------------------------------------------------------
  type_relations                0.000012     0.000000 ✅ 正常           
  exist_relation                0.000141     0.000009 ✅ 正常           
  mi_proj_layer0                0.079173     0.000297 ✅ 正常           
  dis_proj_layer0               0.072153     0.000263 ✅ 正常           
================================================================================

Epoch 100, Total Loss: 16.3829, Recover Loss: 1.5024, miRNA CL: 7.4877, Disease CL: 7.0718, Inter-view (est): 3.3599, Recon Loss: 0.0293, Time: 539.25s
[INFO] Hypergraph updated at epoch 150

🔧 Epoch 150 梯度检查:
================================================================================

  参数名称                              梯度范数         梯度均值 状态             
  ----------------------------------------------------------------------
  type_relations                0.000008     0.000000 ✅ 正常           
  exist_relation                0.000136     0.000009 ✅ 正常           
  mi_proj_layer0                0.053072     0.000208 ✅ 正常           
  dis_proj_layer0               0.053378     0.000198 ✅ 正常           
================================================================================

Epoch 150, Total Loss: 15.6301, Recover Loss: 1.4754, miRNA CL: 7.1257, Disease CL: 6.7202, Inter-view (est): 3.1952, Recon Loss: 0.0264, Time: 768.22s
[INFO] Hypergraph updated at epoch 200

🔧 Epoch 200 梯度检查:
================================================================================

  参数名称                              梯度范数         梯度均值 状态             
  ----------------------------------------------------------------------
  type_relations                0.000005     0.000000 ✅ 正常           
  exist_relation                0.000131     0.000008 ✅ 正常           
  mi_proj_layer0                0.040809     0.000169 ✅ 正常           
  dis_proj_layer0               0.045490     0.000184 ✅ 正常           
================================================================================

Epoch 200, Total Loss: 15.3753, Recover Loss: 1.4572, miRNA CL: 7.0307, Disease CL: 6.5880, Inter-view (est): 3.1428, Recon Loss: 0.0249, Time: 995.39s
[INFO] Hypergraph updated at epoch 250

🔧 Epoch 250 梯度检查:
================================================================================

  参数名称                              梯度范数         梯度均值 状态             
  ----------------------------------------------------------------------
  type_relations                0.000004     0.000000 ✅ 正常           
  exist_relation                0.000127     0.000008 ✅ 正常           
  mi_proj_layer0                0.060684     0.000237 ✅ 正常           
  dis_proj_layer0               0.073171     0.000276 ✅ 正常           
================================================================================

Epoch 250, Total Loss: 15.2237, Recover Loss: 1.4369, miRNA CL: 6.9764, Disease CL: 6.5188, Inter-view (est): 3.1143, Recon Loss: 0.0238, Time: 1222.53s
[INFO] Hypergraph updated at epoch 300

🔧 Epoch 300 梯度检查:
================================================================================

  参数名称                              梯度范数         梯度均值 状态             
  ----------------------------------------------------------------------
  type_relations                0.000002     0.000000 ✅ 正常           
  exist_relation                0.000123     0.000008 ✅ 正常           
  mi_proj_layer0                0.042722     0.000176 ✅ 正常           
  dis_proj_layer0               0.043409     0.000178 ✅ 正常           
================================================================================

Epoch 300, Total Loss: 15.1180, Recover Loss: 1.4162, miRNA CL: 6.9408, Disease CL: 6.4761, Inter-view (est): 3.0962, Recon Loss: 0.0228, Time: 1451.19s

================================================================================
Training completed. Running final test...
================================================================================
[CORRECT-METRIC] valid_samples=2255 P=0.3242 R=0.3783 F1=0.3491 | acc=0.3242 macroP=0.2468 macroR=0.3783 macroF1=0.2422 weightedF1=0.2646 per_type_total={4: 570, 2: 819, 0: 648, 3: 146, 1: 72}
[CORRECT-METRIC] valid_samples=2255 P=0.3242 R=0.3783 F1=0.3491 | acc=0.3242 macroP=0.2468 macroR=0.3783 macroF1=0.2422 weightedF1=0.2646 per_type_total={4: 570, 2: 819, 0: 648, 3: 146, 1: 72}
[CORRECT-METRIC] valid_samples=2255 P=0.3242 R=0.3783 F1=0.3491 | acc=0.3242 macroP=0.2468 macroR=0.3783 macroF1=0.2422 weightedF1=0.2646 per_type_total={4: 570, 2: 819, 0: 648, 3: 146, 1: 72}
[CORRECT-METRIC] valid_samples=2255 P=0.3242 R=0.3783 F1=0.3491 | acc=0.3242 macroP=0.2468 macroR=0.3783 macroF1=0.2422 weightedF1=0.2646 per_type_total={4: 570, 2: 819, 0: 648, 3: 146, 1: 72}
[CORRECT-METRIC] valid_samples=2255 P=0.3242 R=0.3783 F1=0.3491 | acc=0.3242 macroP=0.2468 macroR=0.3783 macroF1=0.2422 weightedF1=0.2646 per_type_total={4: 570, 2: 819, 0: 648, 3: 146, 1: 72}
Fold 2 completed - AUC: 0.8970, Top-1 F1: 0.3491
Fold 2 training time: 1454.34 seconds
=== Cross Validation Fold 3/5 ===
Using hidden dimensions: [256, 256] with 4 attention heads
优化模型初始化: miRNA数量 = 713, 疾病数量 = 447
   节点维度: 256 → 128
   类型数量: 5
   Temperature: 2.0 (可学习)
   Loss mode: two_head
   loss_mode=two_head
   exist_weight=0.100, type_weight=0.900

✅ SimplifiedMultiTypeAssociationLoss 初始化 (改进版)
   类别权重 (beta=0.99999): ['0.344', '2.732', '0.239', '1.324', '0.361']
Original positive index shape: torch.Size([9020, 2])
Original negative index shape: torch.Size([220440, 2])
采样后负样本数量: 90200
🎯 Building TRUE DUAL VIEWS from four different sources...
📊 Data sources loaded:
  Disease semantic: torch.Size([447, 447])
  miRNA functional: torch.Size([713, 713])
  Disease-gene: torch.Size([447, 447])
  miRNA-sequence: torch.Size([713, 713])
🧬 Building miRNA dual-view hypergraphs...
  📊 miRNA View 1 (Sequence): torch.Size([713, 1160])
  📊 miRNA View 2 (Function): torch.Size([713, 1160])
🦠 Building disease dual-view hypergraphs...
  📊 Disease View 1 (Gene): torch.Size([447, 1160])
  📊 Disease View 2 (Semantic): torch.Size([447, 1160])
✅ Successfully built TRUE DUAL VIEWS:
   🧬 miRNA: Sequence Features (m_ss.xlsx) vs Functional Similarity (mi_fun_sim_2.0.csv)
   🦠 Disease: Gene Features (d_gs.xlsx) vs Semantic Similarity (dis_sem_sim_2.0.csv)

🔧 Epoch 1 梯度检查:
================================================================================

  参数名称                              梯度范数         梯度均值 状态             
  ----------------------------------------------------------------------
  type_relations                0.000028     0.000001 ✅ 正常           
  exist_relation                0.000126     0.000009 ✅ 正常           
  mi_proj_layer0                0.378605     0.001378 ✅ 正常           
  dis_proj_layer0               0.511252     0.001953 ✅ 正常           
================================================================================

Epoch 1, Total Loss: 21.0360, Recover Loss: 1.6665, miRNA CL: 9.3140, Disease CL: 8.6153, Inter-view (est): 4.1375, Recon Loss: 1.1226, Time: 4.77s
[INFO] Hypergraph updated at epoch 5
[INFO] Hypergraph updated at epoch 10
[INFO] Hypergraph updated at epoch 15
[INFO] Hypergraph updated at epoch 20
[INFO] Hypergraph updated at epoch 25
[INFO] Hypergraph updated at epoch 30
[INFO] Hypergraph updated at epoch 35
[INFO] Hypergraph updated at epoch 40
[INFO] Hypergraph updated at epoch 45
[INFO] Hypergraph updated at epoch 50

🔧 Epoch 50 梯度检查:
================================================================================

  参数名称                              梯度范数         梯度均值 状态             
  ----------------------------------------------------------------------
  type_relations                0.000019     0.000000 ✅ 正常           
  exist_relation                0.000121     0.000009 ✅ 正常           
  mi_proj_layer0                0.065025     0.000231 ✅ 正常           
  dis_proj_layer0               0.066777     0.000241 ✅ 正常           
================================================================================

Epoch 50, Total Loss: 17.7578, Recover Loss: 1.5310, miRNA CL: 8.0688, Disease CL: 7.7931, Inter-view (est): 3.6604, Recon Loss: 0.0608, Time: 321.78s
[INFO] Hypergraph updated at epoch 100

🔧 Epoch 100 梯度检查:
================================================================================

  参数名称                              梯度范数         梯度均值 状态             
  ----------------------------------------------------------------------
  type_relations                0.000011     0.000000 ✅ 正常           
  exist_relation                0.000115     0.000008 ✅ 正常           
  mi_proj_layer0                0.059432     0.000216 ✅ 正常           
  dis_proj_layer0               0.059429     0.000218 ✅ 正常           
================================================================================

Epoch 100, Total Loss: 16.4082, Recover Loss: 1.5000, miRNA CL: 7.5506, Disease CL: 7.0379, Inter-view (est): 3.3666, Recon Loss: 0.0290, Time: 549.71s
[INFO] Hypergraph updated at epoch 150

🔧 Epoch 150 梯度检查:
================================================================================

  参数名称                              梯度范数         梯度均值 状态             
  ----------------------------------------------------------------------
  type_relations                0.000007     0.000000 ✅ 正常           
  exist_relation                0.000110     0.000008 ✅ 正常           
  mi_proj_layer0                0.045678     0.000179 ✅ 正常           
  dis_proj_layer0               0.051525     0.000191 ✅ 正常           
================================================================================

Epoch 150, Total Loss: 15.6647, Recover Loss: 1.4790, miRNA CL: 7.1580, Disease CL: 6.7201, Inter-view (est): 3.2026, Recon Loss: 0.0263, Time: 776.03s
[INFO] Hypergraph updated at epoch 200

🔧 Epoch 200 梯度检查:
================================================================================

  参数名称                              梯度范数         梯度均值 状态             
  ----------------------------------------------------------------------
  type_relations                0.000004     0.000000 ✅ 正常           
  exist_relation                0.000106     0.000007 ✅ 正常           
  mi_proj_layer0                0.036875     0.000151 ✅ 正常           
  dis_proj_layer0               0.047764     0.000184 ✅ 正常           
================================================================================

Epoch 200, Total Loss: 15.3945, Recover Loss: 1.4518, miRNA CL: 7.0371, Disease CL: 6.6068, Inter-view (est): 3.1486, Recon Loss: 0.0251, Time: 1003.62s
[INFO] Hypergraph updated at epoch 250

🔧 Epoch 250 梯度检查:
================================================================================

  参数名称                              梯度范数         梯度均值 状态             
  ----------------------------------------------------------------------
  type_relations                0.000003     0.000000 ✅ 正常           
  exist_relation                0.000101     0.000007 ✅ 正常           
  mi_proj_layer0                0.048231     0.000190 ✅ 正常           
  dis_proj_layer0               0.050186     0.000198 ✅ 正常           
================================================================================

Epoch 250, Total Loss: 15.2319, Recover Loss: 1.4351, miRNA CL: 6.9741, Disease CL: 6.5316, Inter-view (est): 3.1167, Recon Loss: 0.0237, Time: 1233.37s
[INFO] Hypergraph updated at epoch 300

🔧 Epoch 300 梯度检查:
================================================================================

  参数名称                              梯度范数         梯度均值 状态             
  ----------------------------------------------------------------------
  type_relations                0.000002     0.000000 ✅ 正常           
  exist_relation                0.000097     0.000006 ✅ 正常           
  mi_proj_layer0                0.047195     0.000190 ✅ 正常           
  dis_proj_layer0               0.060747     0.000237 ✅ 正常           
================================================================================

Epoch 300, Total Loss: 15.1319, Recover Loss: 1.4236, miRNA CL: 6.9398, Disease CL: 6.4839, Inter-view (est): 3.0978, Recon Loss: 0.0226, Time: 1460.29s

================================================================================
Training completed. Running final test...
================================================================================
[CORRECT-METRIC] valid_samples=2255 P=0.2940 R=0.3746 F1=0.3295 | acc=0.2940 macroP=0.2744 macroR=0.3746 macroF1=0.2201 weightedF1=0.2059 per_type_total={2: 860, 4: 599, 0: 572, 3: 141, 1: 83}
[CORRECT-METRIC] valid_samples=2255 P=0.2940 R=0.3746 F1=0.3295 | acc=0.2940 macroP=0.2744 macroR=0.3746 macroF1=0.2201 weightedF1=0.2059 per_type_total={2: 860, 4: 599, 0: 572, 3: 141, 1: 83}
[CORRECT-METRIC] valid_samples=2255 P=0.2940 R=0.3746 F1=0.3295 | acc=0.2940 macroP=0.2744 macroR=0.3746 macroF1=0.2201 weightedF1=0.2059 per_type_total={2: 860, 4: 599, 0: 572, 3: 141, 1: 83}
[CORRECT-METRIC] valid_samples=2255 P=0.2940 R=0.3746 F1=0.3295 | acc=0.2940 macroP=0.2744 macroR=0.3746 macroF1=0.2201 weightedF1=0.2059 per_type_total={2: 860, 4: 599, 0: 572, 3: 141, 1: 83}
[CORRECT-METRIC] valid_samples=2255 P=0.2940 R=0.3746 F1=0.3295 | acc=0.2940 macroP=0.2744 macroR=0.3746 macroF1=0.2201 weightedF1=0.2059 per_type_total={2: 860, 4: 599, 0: 572, 3: 141, 1: 83}
Fold 3 completed - AUC: 0.9120, Top-1 F1: 0.3295
Fold 3 training time: 1463.08 seconds
=== Cross Validation Fold 4/5 ===
Using hidden dimensions: [256, 256] with 4 attention heads
优化模型初始化: miRNA数量 = 713, 疾病数量 = 447
   节点维度: 256 → 128
   类型数量: 5
   Temperature: 2.0 (可学习)
   Loss mode: two_head
   loss_mode=two_head
   exist_weight=0.100, type_weight=0.900

✅ SimplifiedMultiTypeAssociationLoss 初始化 (改进版)
   类别权重 (beta=0.99999): ['0.344', '2.732', '0.239', '1.324', '0.361']
Original positive index shape: torch.Size([9020, 2])
Original negative index shape: torch.Size([220440, 2])
采样后负样本数量: 90200
🎯 Building TRUE DUAL VIEWS from four different sources...
📊 Data sources loaded:
  Disease semantic: torch.Size([447, 447])
  miRNA functional: torch.Size([713, 713])
  Disease-gene: torch.Size([447, 447])
  miRNA-sequence: torch.Size([713, 713])
🧬 Building miRNA dual-view hypergraphs...
  📊 miRNA View 1 (Sequence): torch.Size([713, 1160])
  📊 miRNA View 2 (Function): torch.Size([713, 1160])
🦠 Building disease dual-view hypergraphs...
  📊 Disease View 1 (Gene): torch.Size([447, 1160])
  📊 Disease View 2 (Semantic): torch.Size([447, 1160])
✅ Successfully built TRUE DUAL VIEWS:
   🧬 miRNA: Sequence Features (m_ss.xlsx) vs Functional Similarity (mi_fun_sim_2.0.csv)
   🦠 Disease: Gene Features (d_gs.xlsx) vs Semantic Similarity (dis_sem_sim_2.0.csv)

🔧 Epoch 1 梯度检查:
================================================================================

  参数名称                              梯度范数         梯度均值 状态             
  ----------------------------------------------------------------------
  type_relations                0.000028     0.000001 ✅ 正常           
  exist_relation                0.000150     0.000011 ✅ 正常           
  mi_proj_layer0                0.277253     0.001018 ✅ 正常           
  dis_proj_layer0               0.373290     0.001388 ✅ 正常           
================================================================================

Epoch 1, Total Loss: 21.0300, Recover Loss: 1.6670, miRNA CL: 9.3071, Disease CL: 8.6242, Inter-view (est): 4.1380, Recon Loss: 1.1142, Time: 4.63s
[INFO] Hypergraph updated at epoch 5
[INFO] Hypergraph updated at epoch 10
[INFO] Hypergraph updated at epoch 15
[INFO] Hypergraph updated at epoch 20
[INFO] Hypergraph updated at epoch 25
[INFO] Hypergraph updated at epoch 30
[INFO] Hypergraph updated at epoch 35
[INFO] Hypergraph updated at epoch 40
[INFO] Hypergraph updated at epoch 45
[INFO] Hypergraph updated at epoch 50

🔧 Epoch 50 梯度检查:
================================================================================

  参数名称                              梯度范数         梯度均值 状态             
  ----------------------------------------------------------------------
  type_relations                0.000019     0.000000 ✅ 正常           
  exist_relation                0.000145     0.000010 ✅ 正常           
  mi_proj_layer0                0.071576     0.000251 ✅ 正常           
  dis_proj_layer0               0.075379     0.000263 ✅ 正常           
================================================================================

Epoch 50, Total Loss: 17.7765, Recover Loss: 1.5303, miRNA CL: 8.0311, Disease CL: 7.8407, Inter-view (est): 3.6627, Recon Loss: 0.0703, Time: 315.60s
[INFO] Hypergraph updated at epoch 100

🔧 Epoch 100 梯度检查:
================================================================================

  参数名称                              梯度范数         梯度均值 状态             
  ----------------------------------------------------------------------
  type_relations                0.000012     0.000000 ✅ 正常           
  exist_relation                0.000140     0.000009 ✅ 正常           
  mi_proj_layer0                0.062340     0.000228 ✅ 正常           
  dis_proj_layer0               0.064292     0.000237 ✅ 正常           
================================================================================

Epoch 100, Total Loss: 16.4062, Recover Loss: 1.4974, miRNA CL: 7.5012, Disease CL: 7.0869, Inter-view (est): 3.3665, Recon Loss: 0.0293, Time: 547.00s
[INFO] Hypergraph updated at epoch 150

🔧 Epoch 150 梯度检查:
================================================================================

  参数名称                              梯度范数         梯度均值 状态             
  ----------------------------------------------------------------------
  type_relations                0.000007     0.000000 ✅ 正常           
  exist_relation                0.000135     0.000009 ✅ 正常           
  mi_proj_layer0                0.045237     0.000180 ✅ 正常           
  dis_proj_layer0               0.055917     0.000206 ✅ 正常           
================================================================================

Epoch 150, Total Loss: 15.6696, Recover Loss: 1.4830, miRNA CL: 7.1385, Disease CL: 6.7394, Inter-view (est): 3.2026, Recon Loss: 0.0270, Time: 773.73s
[INFO] Hypergraph updated at epoch 200

🔧 Epoch 200 梯度检查:
================================================================================

  参数名称                              梯度范数         梯度均值 状态             
  ----------------------------------------------------------------------
  type_relations                0.000005     0.000000 ✅ 正常           
  exist_relation                0.000130     0.000008 ✅ 正常           
  mi_proj_layer0                0.043468     0.000177 ✅ 正常           
  dis_proj_layer0               0.049953     0.000200 ✅ 正常           
================================================================================

Epoch 200, Total Loss: 15.4047, Recover Loss: 1.4582, miRNA CL: 7.0432, Disease CL: 6.6041, Inter-view (est): 3.1494, Recon Loss: 0.0255, Time: 1001.16s
[INFO] Hypergraph updated at epoch 250

🔧 Epoch 250 梯度检查:
================================================================================

  参数名称                              梯度范数         梯度均值 状态             
  ----------------------------------------------------------------------
  type_relations                0.000003     0.000000 ✅ 正常           
  exist_relation                0.000126     0.000008 ✅ 正常           
  mi_proj_layer0                0.054293     0.000219 ✅ 正常           
  dis_proj_layer0               0.055416     0.000214 ✅ 正常           
================================================================================

Epoch 250, Total Loss: 15.2465, Recover Loss: 1.4341, miRNA CL: 6.9934, Disease CL: 6.5281, Inter-view (est): 3.1203, Recon Loss: 0.0239, Time: 1229.80s
[INFO] Hypergraph updated at epoch 300

🔧 Epoch 300 梯度检查:
================================================================================

  参数名称                              梯度范数         梯度均值 状态             
  ----------------------------------------------------------------------
  type_relations                0.000002     0.000000 ✅ 正常           
  exist_relation                0.000123     0.000008 ✅ 正常           
  mi_proj_layer0                0.050693     0.000206 ✅ 正常           
  dis_proj_layer0               0.049198     0.000199 ✅ 正常           
================================================================================

Epoch 300, Total Loss: 15.1478, Recover Loss: 1.4209, miRNA CL: 6.9605, Disease CL: 6.4823, Inter-view (est): 3.1022, Recon Loss: 0.0227, Time: 1460.91s

================================================================================
Training completed. Running final test...
================================================================================
[CORRECT-METRIC] valid_samples=2255 P=0.2931 R=0.3703 F1=0.3272 | acc=0.2931 macroP=0.2799 macroR=0.3703 macroF1=0.2299 weightedF1=0.2050 per_type_total={2: 857, 0: 592, 1: 73, 3: 175, 4: 558}
[CORRECT-METRIC] valid_samples=2255 P=0.2931 R=0.3703 F1=0.3272 | acc=0.2931 macroP=0.2799 macroR=0.3703 macroF1=0.2299 weightedF1=0.2050 per_type_total={2: 857, 0: 592, 1: 73, 3: 175, 4: 558}
[CORRECT-METRIC] valid_samples=2255 P=0.2931 R=0.3703 F1=0.3272 | acc=0.2931 macroP=0.2799 macroR=0.3703 macroF1=0.2299 weightedF1=0.2050 per_type_total={2: 857, 0: 592, 1: 73, 3: 175, 4: 558}
[CORRECT-METRIC] valid_samples=2255 P=0.2931 R=0.3703 F1=0.3272 | acc=0.2931 macroP=0.2799 macroR=0.3703 macroF1=0.2299 weightedF1=0.2050 per_type_total={2: 857, 0: 592, 1: 73, 3: 175, 4: 558}
[CORRECT-METRIC] valid_samples=2255 P=0.2931 R=0.3703 F1=0.3272 | acc=0.2931 macroP=0.2799 macroR=0.3703 macroF1=0.2299 weightedF1=0.2050 per_type_total={2: 857, 0: 592, 1: 73, 3: 175, 4: 558}
Fold 4 completed - AUC: 0.9066, Top-1 F1: 0.3272
Fold 4 training time: 1463.99 seconds
=== Cross Validation Fold 5/5 ===
Using hidden dimensions: [256, 256] with 4 attention heads
优化模型初始化: miRNA数量 = 713, 疾病数量 = 447
   节点维度: 256 → 128
   类型数量: 5
   Temperature: 2.0 (可学习)
   Loss mode: two_head
   loss_mode=two_head
   exist_weight=0.100, type_weight=0.900

✅ SimplifiedMultiTypeAssociationLoss 初始化 (改进版)
   类别权重 (beta=0.99999): ['0.344', '2.732', '0.239', '1.324', '0.361']
Original positive index shape: torch.Size([9020, 2])
Original negative index shape: torch.Size([220440, 2])
采样后负样本数量: 90200
🎯 Building TRUE DUAL VIEWS from four different sources...
📊 Data sources loaded:
  Disease semantic: torch.Size([447, 447])
  miRNA functional: torch.Size([713, 713])
  Disease-gene: torch.Size([447, 447])
  miRNA-sequence: torch.Size([713, 713])
🧬 Building miRNA dual-view hypergraphs...
  📊 miRNA View 1 (Sequence): torch.Size([713, 1160])
  📊 miRNA View 2 (Function): torch.Size([713, 1160])
🦠 Building disease dual-view hypergraphs...
  📊 Disease View 1 (Gene): torch.Size([447, 1160])
  📊 Disease View 2 (Semantic): torch.Size([447, 1160])
✅ Successfully built TRUE DUAL VIEWS:
   🧬 miRNA: Sequence Features (m_ss.xlsx) vs Functional Similarity (mi_fun_sim_2.0.csv)
   🦠 Disease: Gene Features (d_gs.xlsx) vs Semantic Similarity (dis_sem_sim_2.0.csv)

🔧 Epoch 1 梯度检查:
================================================================================

  参数名称                              梯度范数         梯度均值 状态             
  ----------------------------------------------------------------------
  type_relations                0.000028     0.000001 ✅ 正常           
  exist_relation                0.000156     0.000011 ✅ 正常           
  mi_proj_layer0                0.541255     0.001973 ✅ 正常           
  dis_proj_layer0               0.552736     0.002069 ✅ 正常           
================================================================================

Epoch 1, Total Loss: 21.0681, Recover Loss: 1.6929, miRNA CL: 9.2614, Disease CL: 8.6340, Inter-view (est): 4.1297, Recon Loss: 1.1626, Time: 4.48s
[INFO] Hypergraph updated at epoch 5
[INFO] Hypergraph updated at epoch 10
[INFO] Hypergraph updated at epoch 15
[INFO] Hypergraph updated at epoch 20
[INFO] Hypergraph updated at epoch 25
[INFO] Hypergraph updated at epoch 30
[INFO] Hypergraph updated at epoch 35
[INFO] Hypergraph updated at epoch 40
[INFO] Hypergraph updated at epoch 45
[INFO] Hypergraph updated at epoch 50

🔧 Epoch 50 梯度检查:
================================================================================

  参数名称                              梯度范数         梯度均值 状态             
  ----------------------------------------------------------------------
  type_relations                0.000019     0.000000 ✅ 正常           
  exist_relation                0.000151     0.000010 ✅ 正常           
  mi_proj_layer0                0.082915     0.000285 ✅ 正常           
  dis_proj_layer0               0.066727     0.000241 ✅ 正常           
================================================================================

Epoch 50, Total Loss: 17.7831, Recover Loss: 1.5343, miRNA CL: 8.0344, Disease CL: 7.8393, Inter-view (est): 3.6632, Recon Loss: 0.0710, Time: 320.88s
[INFO] Hypergraph updated at epoch 100

🔧 Epoch 100 梯度检查:
================================================================================

  参数名称                              梯度范数         梯度均值 状态             
  ----------------------------------------------------------------------
  type_relations                0.000011     0.000000 ✅ 正常           
  exist_relation                0.000146     0.000010 ✅ 正常           
  mi_proj_layer0                0.056461     0.000199 ✅ 正常           
  dis_proj_layer0               0.044762     0.000166 ✅ 正常           
================================================================================

Epoch 100, Total Loss: 16.3065, Recover Loss: 1.5000, miRNA CL: 7.4197, Disease CL: 7.0671, Inter-view (est): 3.3431, Recon Loss: 0.0293, Time: 551.18s
[INFO] Hypergraph updated at epoch 150

🔧 Epoch 150 梯度检查:
================================================================================

  参数名称                              梯度范数         梯度均值 状态             
  ----------------------------------------------------------------------
  type_relations                0.000007     0.000000 ✅ 正常           
  exist_relation                0.000141     0.000009 ✅ 正常           
  mi_proj_layer0                0.044328     0.000177 ✅ 正常           
  dis_proj_layer0               0.044932     0.000173 ✅ 正常           
================================================================================

Epoch 150, Total Loss: 15.6429, Recover Loss: 1.4812, miRNA CL: 7.1294, Disease CL: 6.7259, Inter-view (est): 3.1974, Recon Loss: 0.0263, Time: 780.32s
[INFO] Hypergraph updated at epoch 200

🔧 Epoch 200 梯度检查:
================================================================================

  参数名称                              梯度范数         梯度均值 状态             
  ----------------------------------------------------------------------
  type_relations                0.000004     0.000000 ✅ 正常           
  exist_relation                0.000136     0.000009 ✅ 正常           
  mi_proj_layer0                0.045276     0.000177 ✅ 正常           
  dis_proj_layer0               0.050208     0.000192 ✅ 正常           
================================================================================

Epoch 200, Total Loss: 15.3807, Recover Loss: 1.4574, miRNA CL: 7.0281, Disease CL: 6.5978, Inter-view (est): 3.1444, Recon Loss: 0.0254, Time: 1009.24s
[INFO] Hypergraph updated at epoch 250

🔧 Epoch 250 梯度检查:
================================================================================

  参数名称                              梯度范数         梯度均值 状态             
  ----------------------------------------------------------------------
  type_relations                0.000003     0.000000 ✅ 正常           
  exist_relation                0.000132     0.000008 ✅ 正常           
  mi_proj_layer0                0.046682     0.000186 ✅ 正常           
  dis_proj_layer0               0.055835     0.000222 ✅ 正常           
================================================================================

Epoch 250, Total Loss: 15.2185, Recover Loss: 1.4333, miRNA CL: 6.9726, Disease CL: 6.5230, Inter-view (est): 3.1144, Recon Loss: 0.0240, Time: 1238.32s
[INFO] Hypergraph updated at epoch 300

🔧 Epoch 300 梯度检查:
================================================================================

  参数名称                              梯度范数         梯度均值 状态             
  ----------------------------------------------------------------------
  type_relations                0.000002     0.000000 ✅ 正常           
  exist_relation                0.000128     0.000008 ✅ 正常           
  mi_proj_layer0                0.051594     0.000208 ✅ 正常           
  dis_proj_layer0               0.066680     0.000266 ✅ 正常           
================================================================================

Epoch 300, Total Loss: 15.1154, Recover Loss: 1.4155, miRNA CL: 6.9389, Disease CL: 6.4778, Inter-view (est): 3.0961, Recon Loss: 0.0232, Time: 1467.31s

================================================================================
Training completed. Running final test...
================================================================================
[CORRECT-METRIC] valid_samples=2255 P=0.2918 R=0.3676 F1=0.3253 | acc=0.2918 macroP=0.2417 macroR=0.3676 macroF1=0.2227 weightedF1=0.2377 per_type_total={2: 908, 0: 577, 4: 549, 3: 154, 1: 67}
[CORRECT-METRIC] valid_samples=2255 P=0.2918 R=0.3676 F1=0.3253 | acc=0.2918 macroP=0.2417 macroR=0.3676 macroF1=0.2227 weightedF1=0.2377 per_type_total={2: 908, 0: 577, 4: 549, 3: 154, 1: 67}
[CORRECT-METRIC] valid_samples=2255 P=0.2918 R=0.3676 F1=0.3253 | acc=0.2918 macroP=0.2417 macroR=0.3676 macroF1=0.2227 weightedF1=0.2377 per_type_total={2: 908, 0: 577, 4: 549, 3: 154, 1: 67}
[CORRECT-METRIC] valid_samples=2255 P=0.2918 R=0.3676 F1=0.3253 | acc=0.2918 macroP=0.2417 macroR=0.3676 macroF1=0.2227 weightedF1=0.2377 per_type_total={2: 908, 0: 577, 4: 549, 3: 154, 1: 67}
[CORRECT-METRIC] valid_samples=2255 P=0.2918 R=0.3676 F1=0.3253 | acc=0.2918 macroP=0.2417 macroR=0.3676 macroF1=0.2227 weightedF1=0.2377 per_type_total={2: 908, 0: 577, 4: 549, 3: 154, 1: 67}
Fold 5 completed - AUC: 0.9036, Top-1 F1: 0.3253
Fold 5 training time: 1470.37 seconds
Average binary metrics across folds: [[0.90299297 0.90291148 0.82725939 0.81850111 0.86861197 0.76839024
  0.79024659]]
🎯 Average Top-1 metrics across folds: {'top1_precision': 0.29738359201773834, 'top1_recall': 0.3711123024593338, 'top1_f1': 0.3300797337889632}

📊 CV_type Style Metrics Details:
  AUC            : 0.9030
  AUPR           : 0.9029
  F1             : 0.8273
  Accuracy       : 0.8185
  Recall         : 0.8686
  Specificity    : 0.7684
  Precision      : 0.7902

🎯 Top-1 Metrics Details:
  top1_precision : 0.2974
  top1_recall    : 0.3711
  top1_f1        : 0.3301
