[CPU] torch.set_num_threads(14), interop=min(4, 14)
Using device: cpu
[INFO] Auto-computed BALANCED class weights (to prevent class collapse):
  Circulation  (  367 samples): 0.780
  Epigenetics  (  157 samples): 1.823
  Target       (  293 samples): 0.977
  Genetics     (  681 samples): 0.420
  [NOTE] Higher weights for minority classes to prevent model from only predicting majority class
[INFO] Using v3.2_wang dataset (Wang MeSH semantic + functional sim):
  miRNAs: 713
  Diseases: 447
  Expected associations: ~16,341 (TDRC preprocessing)
  Types: 5 (Circulation, Epigenetics, Target, Genetics, Tissue)

================================================================================
Configuration Summary
================================================================================
Dataset: v3.2_wang
Data Path: ./
Model: HeterogenousGraphCLAMIR
  - HGT Layers: 2
  - Attention Heads: 4
  - Association Types: 5
  - Inter-view CL: Enabled
    - Weight: 0.3
    - Temperature: 0.5
    - Margin: 0.5

Training:
  - Epochs: 300
  - Learning Rate: 0.0001
  - Dropout: 0.3
  - Weight Decay: 5e-05
  - Focal Loss: Enabled

Evaluation:
  - Cross-Validation Folds: 5
  - Primary Metric: AUPR

Device: cpu
Random Seed: 1234
================================================================================

[SEED] Re-seeded với args.seed = 1234
🚀 Running with comprehensive evaluation including Top-1 metrics...
🎯 Loading dual-view data...
Starting dual-view data preparation with new file format...
Loading all similarity and feature files from v3.2_wang...
✅ Loaded disease semantic similarity from D_SSM1.txt: (447, 447)
✅ Loaded miRNA functional similarity from M_FSM.txt: (713, 713)
✅ Loaded multi-type association pairs from ./v3.2_wang\multi_all_mirna_disease_pairs_without_negative.csv: (12534, 3)
✅ Created multi-type association matrix: (713, 447)
📊 Multi-type Association Statistics:
   无关联 (No association): 306177 pairs (96.07%)
   循环类型 (Circulation): 3310 pairs (1.04%)
   表观遗传学 (Epigenetics): 411 pairs (0.13%)
   靶标类型 (Target): 4810 pairs (1.51%)
   遗传学类型 (Genetics): 850 pairs (0.27%)
   组织表达 (Tissue): 3153 pairs (0.99%)
✅ Created association matrix from CSV: (713, 447)
✅ Loaded disease-gene features from D_SSM2.txt: torch.Size([447, 447])
✅ Loaded miRNA-sequence features from M_GSM.txt: torch.Size([713, 713])
Processing integrated similarity matrices...
Loaded similarity matrices from cache
Processing indices...
Computing indices (seed=1234)...
Indices computed in 0.97 seconds
✅ Dual-view data preparation completed in 1.60 seconds

============================================================
🎯 DUAL-VIEW CONFIGURATION SUMMARY (v3.2_wang)
============================================================
miRNA Dual Views:
  📊 View 1 (Sequence): M_GSM.txt torch.Size([713, 713])
  📊 View 2 (Function): M_FSM.txt torch.Size([713, 713])

Disease Dual Views:
  📊 View 1 (Gene): D_SSM2.txt torch.Size([447, 447])
  📊 View 2 (Semantic): D_SSM1.txt torch.Size([447, 447])

Association Matrix: torch.Size([713, 447])
Data source: v3.2_wang (713 miRNAs × 447 Diseases)
============================================================
Preloading dual-view data to device...
✅ Loaded disease-gene features to device: torch.Size([447, 447])
✅ Loaded miRNA-sequence features to device: torch.Size([713, 713])
✅ Loaded disease semantic similarity to device: torch.Size([447, 447])
✅ Loaded miRNA functional similarity to device: torch.Size([713, 713])
✅ Dual-view data preloading completed in 0.00 seconds
OptimizedDataset initialized with 5 folds
Using device: cpu
=== Cross Validation Fold 1/5 ===
Using hidden dimensions: [256, 256] with 4 attention heads
优化模型初始化: miRNA数量 = 713, 疾病数量 = 447
   节点维度: 256 → 128
   类型数量: 5
   Temperature: 2.0 (可学习)
   Loss mode: two_head
   loss_mode=two_head
   exist_weight=0.300, type_weight=0.700

✅ SimplifiedMultiTypeAssociationLoss 初始化 (改进版)
   类别权重 (beta=0.99999): ['0.344', '2.732', '0.239', '1.324', '0.361']
Original positive index shape: torch.Size([9020, 2])
Original negative index shape: torch.Size([220440, 2])
采样后负样本数量: 90200
🎯 Building TRUE DUAL VIEWS from four different sources...
📊 Data sources loaded:
  Disease semantic: torch.Size([447, 447])
  miRNA functional: torch.Size([713, 713])
  Disease-gene: torch.Size([447, 447])
  miRNA-sequence: torch.Size([713, 713])
🧬 Building miRNA dual-view hypergraphs...
  📊 miRNA View 1 (Sequence): torch.Size([713, 1160])
  📊 miRNA View 2 (Function): torch.Size([713, 1160])
🦠 Building disease dual-view hypergraphs...
  📊 Disease View 1 (Gene): torch.Size([447, 1160])
  📊 Disease View 2 (Semantic): torch.Size([447, 1160])
✅ Successfully built TRUE DUAL VIEWS:
   🧬 miRNA: Sequence Features (m_ss.xlsx) vs Functional Similarity (mi_fun_sim_2.0.csv)
   🦠 Disease: Gene Features (d_gs.xlsx) vs Semantic Similarity (dis_sem_sim_2.0.csv)

🔧 Epoch 1 梯度检查:
================================================================================

  参数名称                              梯度范数         梯度均值 状态             
  ----------------------------------------------------------------------
  type_relations                0.089302     0.002045 ✅ 正常           
  exist_relation                0.118904     0.007273 ✅ 正常           
  mi_proj_layer0                0.360581     0.001092 ✅ 正常           
  dis_proj_layer0               0.392180     0.001207 ✅ 正常           
================================================================================

Epoch 1, Total Loss: 20.6582, Recover Loss: 1.3277, miRNA CL: 9.2200, Disease CL: 8.6334, Inter-view (est): 4.1200, Recon Loss: 1.1603, Time: 5.04s
[INFO] Hypergraph updated at epoch 5
[INFO] Hypergraph updated at epoch 10
[INFO] Hypergraph updated at epoch 15
[INFO] Hypergraph updated at epoch 20
[INFO] Hypergraph updated at epoch 25
[INFO] Hypergraph updated at epoch 30
[INFO] Hypergraph updated at epoch 35
[INFO] Hypergraph updated at epoch 40
[INFO] Hypergraph updated at epoch 45
[INFO] Hypergraph updated at epoch 50

🔧 Epoch 50 梯度检查:
================================================================================

  参数名称                              梯度范数         梯度均值 状态             
  ----------------------------------------------------------------------
  type_relations                0.220837     0.003378 ✅ 正常           
  exist_relation                0.052748     0.001438 ✅ 正常           
  mi_proj_layer0                0.022988     0.000075 ✅ 正常           
  dis_proj_layer0               0.022709     0.000077 ✅ 正常           
================================================================================

Epoch 50, Total Loss: 17.5020, Recover Loss: 1.2515, miRNA CL: 8.0470, Disease CL: 7.8205, Inter-view (est): 3.6617, Recon Loss: 0.0802, Time: 321.27s
[INFO] Hypergraph updated at epoch 100

🔧 Epoch 100 梯度检查:
================================================================================

  参数名称                              梯度范数         梯度均值 状态             
  ----------------------------------------------------------------------
  type_relations                0.160084     0.002156 ✅ 正常           
  exist_relation                0.062873     0.001494 ✅ 正常           
  mi_proj_layer0                0.009251     0.000030 ✅ 正常           
  dis_proj_layer0               0.009863     0.000033 ✅ 正常           
================================================================================

Epoch 100, Total Loss: 16.0752, Recover Loss: 1.2302, miRNA CL: 7.4747, Disease CL: 7.0548, Inter-view (est): 3.3530, Recon Loss: 0.0298, Time: 549.26s
[INFO] Hypergraph updated at epoch 150

🔧 Epoch 150 梯度检查:
================================================================================

  参数名称                              梯度范数         梯度均值 状态             
  ----------------------------------------------------------------------
  type_relations                0.124448     0.001593 ✅ 正常           
  exist_relation                0.038829     0.001187 ✅ 正常           
  mi_proj_layer0                0.009873     0.000032 ✅ 正常           
  dis_proj_layer0               0.010510     0.000034 ✅ 正常           
================================================================================

Epoch 150, Total Loss: 15.3657, Recover Loss: 1.2197, miRNA CL: 7.1276, Disease CL: 6.7208, Inter-view (est): 3.1958, Recon Loss: 0.0270, Time: 776.54s
[INFO] Hypergraph updated at epoch 200

🔧 Epoch 200 梯度检查:
================================================================================

  参数名称                              梯度范数         梯度均值 状态             
  ----------------------------------------------------------------------
  type_relations                0.111343     0.001324 ✅ 正常           
  exist_relation                0.045560     0.001182 ✅ 正常           
  mi_proj_layer0                0.008199     0.000028 ✅ 正常           
  dis_proj_layer0               0.011065     0.000034 ✅ 正常           
================================================================================

Epoch 200, Total Loss: 15.1135, Recover Loss: 1.2084, miRNA CL: 7.0292, Disease CL: 6.5930, Inter-view (est): 3.1436, Recon Loss: 0.0251, Time: 1003.25s
[INFO] Hypergraph updated at epoch 250

🔧 Epoch 250 梯度检查:
================================================================================

  参数名称                              梯度范数         梯度均值 状态             
  ----------------------------------------------------------------------
  type_relations                0.101751     0.001306 ✅ 正常           
  exist_relation                0.041292     0.001328 ✅ 正常           
  mi_proj_layer0                0.012464     0.000037 ✅ 正常           
  dis_proj_layer0               0.011932     0.000038 ✅ 正常           
================================================================================

Epoch 250, Total Loss: 14.9501, Recover Loss: 1.1935, miRNA CL: 6.9696, Disease CL: 6.5160, Inter-view (est): 3.1121, Recon Loss: 0.0238, Time: 1229.25s
[INFO] Hypergraph updated at epoch 300

🔧 Epoch 300 梯度检查:
================================================================================

  参数名称                              梯度范数         梯度均值 状态             
  ----------------------------------------------------------------------
  type_relations                0.070774     0.000974 ✅ 正常           
  exist_relation                0.021495     0.000698 ✅ 正常           
  mi_proj_layer0                0.007673     0.000023 ✅ 正常           
  dis_proj_layer0               0.009032     0.000028 ✅ 正常           
================================================================================

Epoch 300, Total Loss: 14.8388, Recover Loss: 1.1779, miRNA CL: 6.9319, Disease CL: 6.4680, Inter-view (est): 3.0923, Recon Loss: 0.0230, Time: 1455.15s

================================================================================
Training completed. Running final test...
================================================================================
Fold 1 completed - AUC: 0.9060, Top-1 F1: 0.0000
Fold 1 training time: 1458.33 seconds
=== Cross Validation Fold 2/5 ===
Using hidden dimensions: [256, 256] with 4 attention heads
优化模型初始化: miRNA数量 = 713, 疾病数量 = 447
   节点维度: 256 → 128
   类型数量: 5
   Temperature: 2.0 (可学习)
   Loss mode: two_head
   loss_mode=two_head
   exist_weight=0.300, type_weight=0.700

✅ SimplifiedMultiTypeAssociationLoss 初始化 (改进版)
   类别权重 (beta=0.99999): ['0.344', '2.732', '0.239', '1.324', '0.361']
Original positive index shape: torch.Size([9020, 2])
Original negative index shape: torch.Size([220440, 2])
采样后负样本数量: 90200
🎯 Building TRUE DUAL VIEWS from four different sources...
📊 Data sources loaded:
  Disease semantic: torch.Size([447, 447])
  miRNA functional: torch.Size([713, 713])
  Disease-gene: torch.Size([447, 447])
  miRNA-sequence: torch.Size([713, 713])
🧬 Building miRNA dual-view hypergraphs...
  📊 miRNA View 1 (Sequence): torch.Size([713, 1160])
  📊 miRNA View 2 (Function): torch.Size([713, 1160])
🦠 Building disease dual-view hypergraphs...
  📊 Disease View 1 (Gene): torch.Size([447, 1160])
  📊 Disease View 2 (Semantic): torch.Size([447, 1160])
✅ Successfully built TRUE DUAL VIEWS:
   🧬 miRNA: Sequence Features (m_ss.xlsx) vs Functional Similarity (mi_fun_sim_2.0.csv)
   🦠 Disease: Gene Features (d_gs.xlsx) vs Semantic Similarity (dis_sem_sim_2.0.csv)

🔧 Epoch 1 梯度检查:
================================================================================

  参数名称                              梯度范数         梯度均值 状态             
  ----------------------------------------------------------------------
  type_relations                0.094943     0.002031 ✅ 正常           
  exist_relation                0.344608     0.019547 ✅ 正常           
  mi_proj_layer0                1.050217     0.003130 ✅ 正常           
  dis_proj_layer0               0.910406     0.002720 ✅ 正常           
================================================================================

Epoch 1, Total Loss: 20.7172, Recover Loss: 1.3660, miRNA CL: 9.2934, Disease CL: 8.6249, Inter-view (est): 4.1350, Recon Loss: 1.1157, Time: 4.36s
[INFO] Hypergraph updated at epoch 5
[INFO] Hypergraph updated at epoch 10
[INFO] Hypergraph updated at epoch 15
[INFO] Hypergraph updated at epoch 20
[INFO] Hypergraph updated at epoch 25
[INFO] Hypergraph updated at epoch 30
[INFO] Hypergraph updated at epoch 35
[INFO] Hypergraph updated at epoch 40
[INFO] Hypergraph updated at epoch 45
[INFO] Hypergraph updated at epoch 50

🔧 Epoch 50 梯度检查:
================================================================================

  参数名称                              梯度范数         梯度均值 状态             
  ----------------------------------------------------------------------
  type_relations                0.209118     0.003281 ✅ 正常           
  exist_relation                0.019134     0.000936 ✅ 正常           
  mi_proj_layer0                0.020891     0.000066 ✅ 正常           
  dis_proj_layer0               0.022064     0.000066 ✅ 正常           
================================================================================

Epoch 50, Total Loss: 17.4669, Recover Loss: 1.2533, miRNA CL: 7.9984, Disease CL: 7.8379, Inter-view (est): 3.6545, Recon Loss: 0.0735, Time: 305.51s
[INFO] Hypergraph updated at epoch 100

🔧 Epoch 100 梯度检查:
================================================================================

  参数名称                              梯度范数         梯度均值 状态             
  ----------------------------------------------------------------------
  type_relations                0.175168     0.002045 ✅ 正常           
  exist_relation                0.044794     0.001258 ✅ 正常           
  mi_proj_layer0                0.010917     0.000035 ✅ 正常           
  dis_proj_layer0               0.012405     0.000038 ✅ 正常           
================================================================================

Epoch 100, Total Loss: 16.0439, Recover Loss: 1.2294, miRNA CL: 7.4294, Disease CL: 7.0696, Inter-view (est): 3.3459, Recon Loss: 0.0286, Time: 530.87s
[INFO] Hypergraph updated at epoch 150

🔧 Epoch 150 梯度检查:
================================================================================

  参数名称                              梯度范数         梯度均值 状态             