[CPU] torch.set_num_threads(14), interop=min(4, 14)
Using device: cpu
Y: 406x266x5, triplets=11970, pairs=8868
优化模型初始化: miRNA数量 = 406, 疾病数量 = 266
   节点维度: 256 → 128
   类型数量: 5
   Temperature: 2.0 (可学习)
   Loss mode: multilabel_bce
   loss_mode=multilabel_bce
   class_weights_5 (neg+4types): ['0.023', '0.564', '3.548', '0.324', '1.171', '0.370']

✅ SimplifiedMultiTypeAssociationLoss 初始化 (改进版)
   类别权重 (beta=0.99999): ['0.472', '2.968', '0.271', '0.980', '0.310']
fold0 ep100 loss=15.0963
fold0 ep200 loss=13.9328
fold0 ep300 loss=13.3738
[fold 0] top1-acc=0.3776 macroP=0.2467 macroR=0.2338 macroF1=0.2007 AUC=0.8908 AUPR=0.9041 time=623s
优化模型初始化: miRNA数量 = 406, 疾病数量 = 266
   节点维度: 256 → 128
   类型数量: 5
   Temperature: 2.0 (可学习)
   Loss mode: multilabel_bce
   loss_mode=multilabel_bce
   class_weights_5 (neg+4types): ['0.023', '0.564', '3.548', '0.324', '1.171', '0.370']

✅ SimplifiedMultiTypeAssociationLoss 初始化 (改进版)
   类别权重 (beta=0.99999): ['0.472', '2.968', '0.271', '0.980', '0.310']
fold1 ep100 loss=15.0918
fold1 ep200 loss=13.8537
fold1 ep300 loss=13.3563
[fold 1] top1-acc=0.3989 macroP=0.2352 macroR=0.2555 macroF1=0.2375 AUC=0.8859 AUPR=0.8964 time=734s
优化模型初始化: miRNA数量 = 406, 疾病数量 = 266
   节点维度: 256 → 128
   类型数量: 5
   Temperature: 2.0 (可学习)
   Loss mode: multilabel_bce
   loss_mode=multilabel_bce
   class_weights_5 (neg+4types): ['0.023', '0.564', '3.548', '0.324', '1.171', '0.370']

✅ SimplifiedMultiTypeAssociationLoss 初始化 (改进版)
   类别权重 (beta=0.99999): ['0.472', '2.968', '0.271', '0.980', '0.310']
fold2 ep100 loss=15.0444
fold2 ep200 loss=13.8819
fold2 ep300 loss=13.3984
[fold 2] top1-acc=0.3822 macroP=0.2595 macroR=0.2455 macroF1=0.2304 AUC=0.8898 AUPR=0.9017 time=578s
优化模型初始化: miRNA数量 = 406, 疾病数量 = 266
   节点维度: 256 → 128
   类型数量: 5
   Temperature: 2.0 (可学习)
   Loss mode: multilabel_bce
   loss_mode=multilabel_bce
   class_weights_5 (neg+4types): ['0.023', '0.564', '3.548', '0.324', '1.171', '0.370']

✅ SimplifiedMultiTypeAssociationLoss 初始化 (改进版)
   类别权重 (beta=0.99999): ['0.472', '2.968', '0.271', '0.980', '0.310']
fold3 ep100 loss=15.0687
fold3 ep200 loss=13.8187
fold3 ep300 loss=13.3127
[fold 3] top1-acc=0.3876 macroP=0.2744 macroR=0.2598 macroF1=0.2449 AUC=0.8845 AUPR=0.8925 time=592s
优化模型初始化: miRNA数量 = 406, 疾病数量 = 266
   节点维度: 256 → 128
   类型数量: 5
   Temperature: 2.0 (可学习)
   Loss mode: multilabel_bce
   loss_mode=multilabel_bce
   class_weights_5 (neg+4types): ['0.023', '0.564', '3.548', '0.324', '1.171', '0.370']

✅ SimplifiedMultiTypeAssociationLoss 初始化 (改进版)
   类别权重 (beta=0.99999): ['0.472', '2.968', '0.271', '0.980', '0.310']
fold4 ep100 loss=15.1723
fold4 ep200 loss=14.0688
fold4 ep300 loss=13.4115
[fold 4] top1-acc=0.3789 macroP=0.2514 macroR=0.2465 macroF1=0.2306 AUC=0.8964 AUPR=0.9032 time=561s

=== R2 OVERALL ===
{
  "top1_precision": 0.3850459482038429,
  "top1_recall_macro": 0.24776778168521313,
  "top1_f1_hybrid": 0.30151678425204637,
  "acc": 0.3850459482038429,
  "macroP": 0.29927227617013225,
  "macroR_sk": 0.24776778168521313,
  "macroF1": 0.2306830537710637,
  "auc": 0.8865372350347837,
  "aupr": 0.8967350862117791,
  "config": {
    "epoch": 300,
    "predictor": "full_bilinear",
    "K": 13,
    "seed": 0
  }
}
saved /home/ubuntu/repos/DHGCMDA-fork/forensics/r2_v32_results.json
