[CPU] torch.set_num_threads(10), interop=min(4, 10)
Using device: cpu
[INFO] Auto-computed BALANCED class weights (to prevent class collapse):
  Circulation  (  367 samples): 0.780
  Epigenetics  (  157 samples): 1.823
  Target       (  293 samples): 0.977
  Genetics     (  681 samples): 0.420
  [NOTE] Higher weights for minority classes to prevent model from only predicting majority class
[INFO] Using v2.0_495m383D dataset:
  miRNAs: 495
  Diseases: 383
  Expected associations: ~1498
  Types: 4 (Circulation, Epigenetics, Target, Genetics)

================================================================================
Configuration Summary
================================================================================
Dataset: v2.0_495m383D
Data Path: ./
Model: HeterogenousGraphCLAMIR
  - HGT Layers: 2
  - Attention Heads: 4
  - Association Types: 4
  - Inter-view CL: Enabled
    - Weight: 0.3
    - Temperature: 0.5
    - Margin: 0.5

Training:
  - Epochs: 650
  - Learning Rate: 0.0001
  - Dropout: 0.3
  - Weight Decay: 5e-05
  - Focal Loss: Enabled

Evaluation:
  - Cross-Validation Folds: 5
  - Primary Metric: AUPR

Device: cpu
Random Seed: 0
================================================================================

[SEED] Re-seeded với args.seed = 0
[P10 deterministic] torch.use_deterministic_algorithms(True, warn_only=True) đã bật.
[P10 manifest] Ghi provenance → results/manifests\manifest_v2.0_495m383D_seed0_20260724_084545.json  (leakage_free=True, cv_scheme=full)
🚀 Running with comprehensive evaluation including Top-1 metrics...
🎯 Loading dual-view data...
Starting dual-view data preparation with new file format...
Loading all similarity and feature files from v2.0_495m383D...
✅ Loaded disease semantic similarity from D_SSM1.txt: (383, 383)
✅ Loaded miRNA functional similarity from M_FSM.txt: (495, 495)
✅ Loaded multi-type association pairs from ./v2.0_495m383D\multi_all_mirna_disease_pairs_without_negative.csv: (1679, 3)
✅ Created multi-type association matrix: (495, 383)
📊 Multi-type Association Statistics:
   无关联 (No association): 188087 pairs (99.21%)
   循环类型 (Circulation): 367 pairs (0.19%)
   表观遗传学 (Epigenetics): 157 pairs (0.08%)
   靶标类型 (Target): 293 pairs (0.15%)
   遗传学类型 (Genetics): 681 pairs (0.36%)
✅ Created association matrix from CSV: (495, 383)
✅ Loaded disease-gene features from D_SSM2.txt: torch.Size([383, 383])
✅ Loaded miRNA View-1 features from M_GSM.txt (=GIP): torch.Size([495, 495])
Processing integrated similarity matrices...
Loaded similarity matrices from cache
Processing indices...
Loaded indices from cache (seed=0)
✅ Dual-view data preparation completed in 0.37 seconds

============================================================
🎯 DUAL-VIEW CONFIGURATION SUMMARY (v2.0_495m383D)
============================================================
miRNA Dual Views:
  📊 View 1 (Sequence): M_GSM.txt torch.Size([495, 495])
  📊 View 2 (Function): M_FSM.txt torch.Size([495, 495])

Disease Dual Views:
  📊 View 1 (Gene): D_SSM2.txt torch.Size([383, 383])
  📊 View 2 (Semantic): D_SSM1.txt torch.Size([383, 383])

Association Matrix: torch.Size([495, 383])
Data source: v2.0_495m383D (495 miRNAs × 383 Diseases)
============================================================
Preloading dual-view data to device...
✅ Loaded disease-gene features to device: torch.Size([383, 383])
✅ Loaded miRNA-sequence features to device: torch.Size([495, 495])
✅ Loaded disease semantic similarity to device: torch.Size([383, 383])
✅ Loaded miRNA functional similarity to device: torch.Size([495, 495])
✅ Dual-view data preloading completed in 0.00 seconds
OptimizedDataset initialized with 5 folds
Using device: cpu
=== Cross Validation Fold 1/5 ===
Using hidden dimensions: [256, 256] with 4 attention heads
优化模型初始化: miRNA数量 = 495, 疾病数量 = 383
   节点维度: 256 → 128
   类型数量: 4
   Temperature: 2.0 (可学习)
   Loss mode: two_head
   loss_mode=two_head
   exist_weight=0.300, type_weight=0.700

✅ SimplifiedMultiTypeAssociationLoss 初始化 (改进版)
   类别权重 (beta=0.99999): ['0.780', '1.822', '0.977', '0.421']
Original positive index shape: torch.Size([1198, 2])
Original negative index shape: torch.Size([150469, 2])
采样后负样本数量: 11980
[B4 leakage_free] Masked 300 test-positive entries khỏi input association matrix trước khi dựng hypergraph. (P7 verify: 0/300 test cell còn khác 0)
🎯 Building TRUE DUAL VIEWS from four different sources...
[P7 leakage_free] Recomputed miRNA GIP (m_ss) từ association ĐÃ MASK (495, 495) — miRNA View 1 không còn chứa test-edge (nguồn rò rỉ còn lại duy nhất trong nhánh chính, theo audit F1).
📊 Data sources loaded:
  Disease semantic: torch.Size([383, 383])
  miRNA functional: torch.Size([495, 495])
  Disease-gene: torch.Size([383, 383])
  miRNA-sequence: torch.Size([495, 495])
🧬 Building miRNA dual-view hypergraphs...
  📊 miRNA View 1 (Sequence): torch.Size([495, 878])
  📊 miRNA View 2 (Function): torch.Size([495, 878])
🦠 Building disease dual-view hypergraphs...
  📊 Disease View 1 (Gene): torch.Size([383, 878])
  📊 Disease View 2 (Semantic): torch.Size([383, 878])
✅ Successfully built TRUE DUAL VIEWS:
   🧬 miRNA: Sequence Features (m_ss.xlsx) vs Functional Similarity (mi_fun_sim_2.0.csv)
   🦠 Disease: Gene Features (d_gs.xlsx) vs Semantic Similarity (dis_sem_sim_2.0.csv)

🔧 Epoch 1 梯度检查:
================================================================================

  参数名称                              梯度范数         梯度均值 状态             
  ----------------------------------------------------------------------
  type_relations                0.000025     0.000001 ✅ 正常           
  exist_relation                0.000145     0.000010 ✅ 正常           
  mi_proj_layer0                0.703737     0.002570 ✅ 正常           
  dis_proj_layer0               0.687563     0.002639 ✅ 正常           
================================================================================

Epoch 1, Total Loss: 20.2031, Recover Loss: 1.0814, miRNA CL: 8.9477, Disease CL: 8.4485, Inter-view (est): 4.0145, Recon Loss: 1.4269, Time: 1.66s
[INFO] Hypergraph updated at epoch 5
[INFO] Hypergraph updated at epoch 10
[INFO] Hypergraph updated at epoch 15
[INFO] Hypergraph updated at epoch 20
[INFO] Hypergraph updated at epoch 25
[INFO] Hypergraph updated at epoch 30
[INFO] Hypergraph updated at epoch 35
[INFO] Hypergraph updated at epoch 40
[INFO] Hypergraph updated at epoch 45
[INFO] Hypergraph updated at epoch 50

🔧 Epoch 50 梯度检查:
================================================================================

  参数名称                              梯度范数         梯度均值 状态             
  ----------------------------------------------------------------------
  type_relations                0.000017     0.000000 ✅ 正常           
  exist_relation                0.000140     0.000010 ✅ 正常           
  mi_proj_layer0                0.078945     0.000318 ✅ 正常           
  dis_proj_layer0               0.100044     0.000403 ✅ 正常           
================================================================================

Epoch 50, Total Loss: 16.8001, Recover Loss: 0.8731, miRNA CL: 7.9055, Disease CL: 7.6546, Inter-view (est): 3.5908, Recon Loss: 0.0826, Time: 137.56s
[INFO] Hypergraph updated at epoch 100

🔧 Epoch 100 梯度检查:
================================================================================

  参数名称                              梯度范数         梯度均值 状态             
  ----------------------------------------------------------------------
  type_relations                0.000010     0.000000 ✅ 正常           
  exist_relation                0.000134     0.000009 ✅ 正常           
  mi_proj_layer0                0.075396     0.000308 ✅ 正常           
  dis_proj_layer0               0.098340     0.000403 ✅ 正常           
================================================================================

Epoch 100, Total Loss: 15.4718, Recover Loss: 0.8016, miRNA CL: 7.4654, Disease CL: 6.9044, Inter-view (est): 3.3161, Recon Loss: 0.0301, Time: 230.45s
[INFO] Hypergraph updated at epoch 150

🔧 Epoch 150 梯度检查:
================================================================================

  参数名称                              梯度范数         梯度均值 状态             
  ----------------------------------------------------------------------
  type_relations                0.000007     0.000000 ✅ 正常           
  exist_relation                0.000130     0.000009 ✅ 正常           
  mi_proj_layer0                0.063129     0.000266 ✅ 正常           
  dis_proj_layer0               0.081584     0.000337 ✅ 正常           
================================================================================

Epoch 150, Total Loss: 14.8743, Recover Loss: 0.7634, miRNA CL: 7.1637, Disease CL: 6.6545, Inter-view (est): 3.1888, Recon Loss: 0.0285, Time: 299.70s
[INFO] Hypergraph updated at epoch 200

🔧 Epoch 200 梯度检查:
================================================================================

  参数名称                              梯度范数         梯度均值 状态             
  ----------------------------------------------------------------------
  type_relations                0.000006     0.000000 ✅ 正常           
  exist_relation                0.000130     0.000009 ✅ 正常           
  mi_proj_layer0                0.065851     0.000276 ✅ 正常           
  dis_proj_layer0               0.077971     0.000320 ✅ 正常           
================================================================================

Epoch 200, Total Loss: 14.7647, Recover Loss: 0.7572, miRNA CL: 7.1130, Disease CL: 6.6031, Inter-view (est): 3.1652, Recon Loss: 0.0287, Time: 366.11s
[INFO] Hypergraph updated at epoch 250

🔧 Epoch 250 梯度检查:
================================================================================

  参数名称                              梯度范数         梯度均值 状态             
  ----------------------------------------------------------------------
  type_relations                0.000006     0.000000 ✅ 正常           
  exist_relation                0.000129     0.000009 ✅ 正常           
  mi_proj_layer0                0.058691     0.000248 ✅ 正常           
  dis_proj_layer0               0.073312     0.000303 ✅ 正常           
================================================================================

Epoch 250, Total Loss: 14.6768, Recover Loss: 0.7495, miRNA CL: 7.0792, Disease CL: 6.5584, Inter-view (est): 3.1471, Recon Loss: 0.0281, Time: 412.95s
[INFO] Hypergraph updated at epoch 300

🔧 Epoch 300 梯度检查:
================================================================================

  参数名称                              梯度范数         梯度均值 状态             
  ----------------------------------------------------------------------
  type_relations                0.000006     0.000000 ✅ 正常           
  exist_relation                0.000128     0.000009 ✅ 正常           
  mi_proj_layer0                0.057670     0.000245 ✅ 正常           
  dis_proj_layer0               0.068529     0.000287 ✅ 正常           
================================================================================

Epoch 300, Total Loss: 14.5901, Recover Loss: 0.7428, miRNA CL: 7.0495, Disease CL: 6.5094, Inter-view (est): 3.1290, Recon Loss: 0.0283, Time: 464.80s
[INFO] Hypergraph updated at epoch 350

🔧 Epoch 350 梯度检查:
================================================================================

  参数名称                              梯度范数         梯度均值 状态             
  ----------------------------------------------------------------------
  type_relations                0.000005     0.000000 ✅ 正常           
  exist_relation                0.000127     0.000009 ✅ 正常           
  mi_proj_layer0                0.056924     0.000238 ✅ 正常           
  dis_proj_layer0               0.063732     0.000266 ✅ 正常           
================================================================================

Epoch 350, Total Loss: 14.5011, Recover Loss: 0.7353, miRNA CL: 7.0211, Disease CL: 6.4585, Inter-view (est): 3.1107, Recon Loss: 0.0277, Time: 555.56s
[INFO] Hypergraph updated at epoch 400

🔧 Epoch 400 梯度检查:
================================================================================

  参数名称                              梯度范数         梯度均值 状态             
  ----------------------------------------------------------------------
  type_relations                0.000005     0.000000 ✅ 正常           
  exist_relation                0.000126     0.000009 ✅ 正常           
  mi_proj_layer0                0.056401     0.000240 ✅ 正常           
  dis_proj_layer0               0.075580     0.000315 ✅ 正常           
================================================================================

Epoch 400, Total Loss: 14.4155, Recover Loss: 0.7331, miRNA CL: 6.9902, Disease CL: 6.4077, Inter-view (est): 3.0918, Recon Loss: 0.0277, Time: 636.11s
[INFO] Hypergraph updated at epoch 450

🔧 Epoch 450 梯度检查:
================================================================================

  参数名称                              梯度范数         梯度均值 状态             
  ----------------------------------------------------------------------
  type_relations                0.000004     0.000000 ✅ 正常           
  exist_relation                0.000125     0.000008 ✅ 正常           
  mi_proj_layer0                0.052757     0.000223 ✅ 正常           
  dis_proj_layer0               0.051695     0.000218 ✅ 正常           
================================================================================

Epoch 450, Total Loss: 14.3195, Recover Loss: 0.7189, miRNA CL: 6.9597, Disease CL: 6.3587, Inter-view (est): 3.0735, Recon Loss: 0.0275, Time: 713.36s
[INFO] Hypergraph updated at epoch 500

🔧 Epoch 500 梯度检查:
================================================================================

  参数名称                              梯度范数         梯度均值 状态             
  ----------------------------------------------------------------------
  type_relations                0.000004     0.000000 ✅ 正常           
  exist_relation                0.000123     0.000008 ✅ 正常           
  mi_proj_layer0                0.055848     0.000234 ✅ 正常           
  dis_proj_layer0               0.061880     0.000260 ✅ 正常           
================================================================================

Epoch 500, Total Loss: 14.2491, Recover Loss: 0.7136, miRNA CL: 6.9412, Disease CL: 6.3144, Inter-view (est): 3.0590, Recon Loss: 0.0273, Time: 806.23s
[INFO] Hypergraph updated at epoch 550

🔧 Epoch 550 梯度检查:
================================================================================

  参数名称                              梯度范数         梯度均值 状态             
  ----------------------------------------------------------------------
  type_relations                0.000003     0.000000 ✅ 正常           
  exist_relation                0.000122     0.000008 ✅ 正常           
  mi_proj_layer0                0.053864     0.000228 ✅ 正常           
  dis_proj_layer0               0.061601     0.000259 ✅ 正常           
================================================================================

Epoch 550, Total Loss: 14.1788, Recover Loss: 0.7096, miRNA CL: 6.9117, Disease CL: 6.2805, Inter-view (est): 3.0444, Recon Loss: 0.0263, Time: 888.02s
[INFO] Hypergraph updated at epoch 600

🔧 Epoch 600 梯度检查:
================================================================================

  参数名称                              梯度范数         梯度均值 状态             
  ----------------------------------------------------------------------
  type_relations                0.000003     0.000000 ✅ 正常           
  exist_relation                0.000120     0.000008 ✅ 正常           
  mi_proj_layer0                0.044982     0.000191 ✅ 正常           
  dis_proj_layer0               0.060099     0.000249 ✅ 正常           
================================================================================

Epoch 600, Total Loss: 14.1124, Recover Loss: 0.7020, miRNA CL: 6.8864, Disease CL: 6.2486, Inter-view (est): 3.0312, Recon Loss: 0.0269, Time: 966.03s
[INFO] Hypergraph updated at epoch 650

🔧 Epoch 650 梯度检查:
================================================================================

  参数名称                              梯度范数         梯度均值 状态             
  ----------------------------------------------------------------------
  type_relations                0.000002     0.000000 ✅ 正常           
  exist_relation                0.000119     0.000008 ✅ 正常           
  mi_proj_layer0                0.044902     0.000193 ✅ 正常           
  dis_proj_layer0               0.052564     0.000220 ✅ 正常           
================================================================================

Epoch 650, Total Loss: 14.0475, Recover Loss: 0.6943, miRNA CL: 6.8623, Disease CL: 6.2183, Inter-view (est): 3.0186, Recon Loss: 0.0263, Time: 1054.89s

================================================================================
Training completed. Running final test...
================================================================================
[dump_scores] fold0: 300 positive test pairs -> results/plan_n/p5/20260724-local-p5-r1/dumps/ce_s0
Fold 1 completed - AUC: 0.9513, Top-1 F1: 0.5978
Fold 1 training time: 1056.70 seconds
=== Cross Validation Fold 2/5 ===
Using hidden dimensions: [256, 256] with 4 attention heads
优化模型初始化: miRNA数量 = 495, 疾病数量 = 383
   节点维度: 256 → 128
   类型数量: 4
   Temperature: 2.0 (可学习)
   Loss mode: two_head
   loss_mode=two_head
   exist_weight=0.300, type_weight=0.700

✅ SimplifiedMultiTypeAssociationLoss 初始化 (改进版)
   类别权重 (beta=0.99999): ['0.780', '1.822', '0.977', '0.421']
Original positive index shape: torch.Size([1198, 2])
Original negative index shape: torch.Size([150469, 2])
采样后负样本数量: 11980
[B4 leakage_free] Masked 300 test-positive entries khỏi input association matrix trước khi dựng hypergraph. (P7 verify: 0/300 test cell còn khác 0)
🎯 Building TRUE DUAL VIEWS from four different sources...
[P7 leakage_free] Recomputed miRNA GIP (m_ss) từ association ĐÃ MASK (495, 495) — miRNA View 1 không còn chứa test-edge (nguồn rò rỉ còn lại duy nhất trong nhánh chính, theo audit F1).
📊 Data sources loaded:
  Disease semantic: torch.Size([383, 383])
  miRNA functional: torch.Size([495, 495])
  Disease-gene: torch.Size([383, 383])
  miRNA-sequence: torch.Size([495, 495])
🧬 Building miRNA dual-view hypergraphs...
  📊 miRNA View 1 (Sequence): torch.Size([495, 878])
  📊 miRNA View 2 (Function): torch.Size([495, 878])
🦠 Building disease dual-view hypergraphs...
  📊 Disease View 1 (Gene): torch.Size([383, 878])
  📊 Disease View 2 (Semantic): torch.Size([383, 878])
✅ Successfully built TRUE DUAL VIEWS:
   🧬 miRNA: Sequence Features (m_ss.xlsx) vs Functional Similarity (mi_fun_sim_2.0.csv)
   🦠 Disease: Gene Features (d_gs.xlsx) vs Semantic Similarity (dis_sem_sim_2.0.csv)

🔧 Epoch 1 梯度检查:
================================================================================

  参数名称                              梯度范数         梯度均值 状态             
  ----------------------------------------------------------------------
  type_relations                0.000025     0.000001 ✅ 正常           
  exist_relation                0.000138     0.000010 ✅ 正常           
  mi_proj_layer0                0.461060     0.001696 ✅ 正常           
  dis_proj_layer0               0.432619     0.001688 ✅ 正常           
================================================================================

Epoch 1, Total Loss: 20.1709, Recover Loss: 1.0711, miRNA CL: 8.9356, Disease CL: 8.4446, Inter-view (est): 4.0108, Recon Loss: 1.4210, Time: 2.02s
[INFO] Hypergraph updated at epoch 5
[INFO] Hypergraph updated at epoch 10
[INFO] Hypergraph updated at epoch 15
[INFO] Hypergraph updated at epoch 20
[INFO] Hypergraph updated at epoch 25
[INFO] Hypergraph updated at epoch 30
[INFO] Hypergraph updated at epoch 35
[INFO] Hypergraph updated at epoch 40
[INFO] Hypergraph updated at epoch 45
[INFO] Hypergraph updated at epoch 50

🔧 Epoch 50 梯度检查:
================================================================================

  参数名称                              梯度范数         梯度均值 状态             
  ----------------------------------------------------------------------
  type_relations                0.000017     0.000000 ✅ 正常           
  exist_relation                0.000134     0.000009 ✅ 正常           
  mi_proj_layer0                0.093653     0.000373 ✅ 正常           
  dis_proj_layer0               0.105890     0.000423 ✅ 正常           
================================================================================

Epoch 50, Total Loss: 16.8358, Recover Loss: 0.8939, miRNA CL: 7.9082, Disease CL: 7.6527, Inter-view (est): 3.5910, Recon Loss: 0.0969, Time: 137.30s
[INFO] Hypergraph updated at epoch 100

🔧 Epoch 100 梯度检查:
================================================================================

  参数名称                              梯度范数         梯度均值 状态             
  ----------------------------------------------------------------------
  type_relations                0.000010     0.000000 ✅ 正常           
  exist_relation                0.000127     0.000009 ✅ 正常           
  mi_proj_layer0                0.082742     0.000327 ✅ 正常           
  dis_proj_layer0               0.098416     0.000398 ✅ 正常           
================================================================================

Epoch 100, Total Loss: 15.4687, Recover Loss: 0.8148, miRNA CL: 7.4714, Disease CL: 6.8803, Inter-view (est): 3.3119, Recon Loss: 0.0318, Time: 231.33s
[INFO] Hypergraph updated at epoch 150

🔧 Epoch 150 梯度检查:
================================================================================

  参数名称                              梯度范数         梯度均值 状态             
  ----------------------------------------------------------------------
  type_relations                0.000007     0.000000 ✅ 正常           
  exist_relation                0.000124     0.000009 ✅ 正常           
  mi_proj_layer0                0.070144     0.000292 ✅ 正常           
  dis_proj_layer0               0.087004     0.000353 ✅ 正常           
================================================================================

Epoch 150, Total Loss: 14.8387, Recover Loss: 0.7713, miRNA CL: 7.1884, Disease CL: 6.5856, Inter-view (est): 3.1786, Recon Loss: 0.0296, Time: 321.22s
[INFO] Hypergraph updated at epoch 200

🔧 Epoch 200 梯度检查:
================================================================================

  参数名称                              梯度范数         梯度均值 状态             
  ----------------------------------------------------------------------
  type_relations                0.000007     0.000000 ✅ 正常           
  exist_relation                0.000123     0.000008 ✅ 正常           
  mi_proj_layer0                0.056815     0.000241 ✅ 正常           
  dis_proj_layer0               0.073052     0.000304 ✅ 正常           
================================================================================

Epoch 200, Total Loss: 14.6654, Recover Loss: 0.7560, miRNA CL: 7.1236, Disease CL: 6.4950, Inter-view (est): 3.1428, Recon Loss: 0.0293, Time: 409.38s
[INFO] Hypergraph updated at epoch 250

🔧 Epoch 250 梯度检查:
================================================================================

  参数名称                              梯度范数         梯度均值 状态             
  ----------------------------------------------------------------------
  type_relations                0.000006     0.000000 ✅ 正常           
  exist_relation                0.000121     0.000008 ✅ 正常           
  mi_proj_layer0                0.054974     0.000234 ✅ 正常           
  dis_proj_layer0               0.065672     0.000271 ✅ 正常           
================================================================================

Epoch 250, Total Loss: 14.5396, Recover Loss: 0.7390, miRNA CL: 7.0765, Disease CL: 6.4357, Inter-view (est): 3.1182, Recon Loss: 0.0291, Time: 502.06s
[INFO] Hypergraph updated at epoch 300

🔧 Epoch 300 梯度检查:
================================================================================

  参数名称                              梯度范数         梯度均值 状态             
  ----------------------------------------------------------------------
  type_relations                0.000005     0.000000 ✅ 正常           
  exist_relation                0.000120     0.000008 ✅ 正常           
  mi_proj_layer0                0.055232     0.000231 ✅ 正常           
  dis_proj_layer0               0.063079     0.000263 ✅ 正常           
================================================================================

Epoch 300, Total Loss: 14.4484, Recover Loss: 0.7346, miRNA CL: 7.0373, Disease CL: 6.3908, Inter-view (est): 3.0988, Recon Loss: 0.0283, Time: 595.40s
[INFO] Hypergraph updated at epoch 350

🔧 Epoch 350 梯度检查:
================================================================================

  参数名称                              梯度范数         梯度均值 状态             
  ----------------------------------------------------------------------
  type_relations                0.000005     0.000000 ✅ 正常           
  exist_relation                0.000119     0.000008 ✅ 正常           
  mi_proj_layer0                0.056606     0.000240 ✅ 正常           
  dis_proj_layer0               0.064782     0.000270 ✅ 正常           
================================================================================

Epoch 350, Total Loss: 14.3532, Recover Loss: 0.7246, miRNA CL: 6.9979, Disease CL: 6.3471, Inter-view (est): 3.0796, Recon Loss: 0.0283, Time: 684.69s
[INFO] Hypergraph updated at epoch 400

🔧 Epoch 400 梯度检查:
================================================================================

  参数名称                              梯度范数         梯度均值 状态             
  ----------------------------------------------------------------------
  type_relations                0.000004     0.000000 ✅ 正常           
  exist_relation                0.000117     0.000008 ✅ 正常           
  mi_proj_layer0                0.052544     0.000224 ✅ 正常           
  dis_proj_layer0               0.058969     0.000246 ✅ 正常           
================================================================================

Epoch 400, Total Loss: 14.2683, Recover Loss: 0.7191, miRNA CL: 6.9623, Disease CL: 6.3059, Inter-view (est): 3.0619, Recon Loss: 0.0279, Time: 758.98s
[INFO] Hypergraph updated at epoch 450

🔧 Epoch 450 梯度检查:
================================================================================

  参数名称                              梯度范数         梯度均值 状态             
  ----------------------------------------------------------------------
  type_relations                0.000004     0.000000 ✅ 正常           
  exist_relation                0.000116     0.000008 ✅ 正常           
  mi_proj_layer0                0.055120     0.000233 ✅ 正常           
  dis_proj_layer0               0.060432     0.000253 ✅ 正常           
================================================================================

Epoch 450, Total Loss: 14.1917, Recover Loss: 0.7085, miRNA CL: 6.9361, Disease CL: 6.2686, Inter-view (est): 3.0472, Recon Loss: 0.0278, Time: 840.80s
[INFO] Hypergraph updated at epoch 500

🔧 Epoch 500 梯度检查:
================================================================================

  参数名称                              梯度范数         梯度均值 状态             
  ----------------------------------------------------------------------
  type_relations                0.000004     0.000000 ✅ 正常           
  exist_relation                0.000114     0.000008 ✅ 正常           
  mi_proj_layer0                0.053444     0.000226 ✅ 正常           
  dis_proj_layer0               0.056891     0.000242 ✅ 正常           
================================================================================

Epoch 500, Total Loss: 14.1417, Recover Loss: 0.7073, miRNA CL: 6.9155, Disease CL: 6.2425, Inter-view (est): 3.0365, Recon Loss: 0.0275, Time: 926.83s
[INFO] Hypergraph updated at epoch 550

🔧 Epoch 550 梯度检查:
================================================================================

  参数名称                              梯度范数         梯度均值 状态             
  ----------------------------------------------------------------------
  type_relations                0.000003     0.000000 ✅ 正常           
  exist_relation                0.000113     0.000007 ✅ 正常           
  mi_proj_layer0                0.056315     0.000235 ✅ 正常           
  dis_proj_layer0               0.057693     0.000239 ✅ 正常           
================================================================================

Epoch 550, Total Loss: 14.0802, Recover Loss: 0.6998, miRNA CL: 6.8864, Disease CL: 6.2198, Inter-view (est): 3.0245, Recon Loss: 0.0271, Time: 995.41s
[INFO] Hypergraph updated at epoch 600

🔧 Epoch 600 梯度检查:
================================================================================

  参数名称                              梯度范数         梯度均值 状态             
  ----------------------------------------------------------------------
  type_relations                0.000003     0.000000 ✅ 正常           
  exist_relation                0.000112     0.000007 ✅ 正常           
  mi_proj_layer0                0.052973     0.000224 ✅ 正常           
  dis_proj_layer0               0.062838     0.000258 ✅ 正常           
================================================================================

Epoch 600, Total Loss: 14.0338, Recover Loss: 0.7007, miRNA CL: 6.8646, Disease CL: 6.1966, Inter-view (est): 3.0141, Recon Loss: 0.0265, Time: 1083.92s
[INFO] Hypergraph updated at epoch 650

🔧 Epoch 650 梯度检查:
================================================================================

  参数名称                              梯度范数         梯度均值 状态             
  ----------------------------------------------------------------------
  type_relations                0.000003     0.000000 ✅ 正常           
  exist_relation                0.000110     0.000007 ✅ 正常           
  mi_proj_layer0                0.058354     0.000237 ✅ 正常           
  dis_proj_layer0               0.071824     0.000294 ✅ 正常           
================================================================================

Epoch 650, Total Loss: 13.9789, Recover Loss: 0.6917, miRNA CL: 6.8437, Disease CL: 6.1737, Inter-view (est): 3.0040, Recon Loss: 0.0264, Time: 1170.39s

================================================================================
Training completed. Running final test...
================================================================================
[dump_scores] fold1: 300 positive test pairs -> results/plan_n/p5/20260724-local-p5-r1/dumps/ce_s0
Fold 2 completed - AUC: 0.9272, Top-1 F1: 0.6586
Fold 2 training time: 1171.72 seconds
=== Cross Validation Fold 3/5 ===
Using hidden dimensions: [256, 256] with 4 attention heads
优化模型初始化: miRNA数量 = 495, 疾病数量 = 383
   节点维度: 256 → 128
   类型数量: 4
   Temperature: 2.0 (可学习)
   Loss mode: two_head
   loss_mode=two_head
   exist_weight=0.300, type_weight=0.700

✅ SimplifiedMultiTypeAssociationLoss 初始化 (改进版)
   类别权重 (beta=0.99999): ['0.780', '1.822', '0.977', '0.421']
Original positive index shape: torch.Size([1198, 2])
Original negative index shape: torch.Size([150470, 2])
采样后负样本数量: 11980
[B4 leakage_free] Masked 300 test-positive entries khỏi input association matrix trước khi dựng hypergraph. (P7 verify: 0/300 test cell còn khác 0)
🎯 Building TRUE DUAL VIEWS from four different sources...
[P7 leakage_free] Recomputed miRNA GIP (m_ss) từ association ĐÃ MASK (495, 495) — miRNA View 1 không còn chứa test-edge (nguồn rò rỉ còn lại duy nhất trong nhánh chính, theo audit F1).
📊 Data sources loaded:
  Disease semantic: torch.Size([383, 383])
  miRNA functional: torch.Size([495, 495])
  Disease-gene: torch.Size([383, 383])
  miRNA-sequence: torch.Size([495, 495])
🧬 Building miRNA dual-view hypergraphs...
  📊 miRNA View 1 (Sequence): torch.Size([495, 878])
  📊 miRNA View 2 (Function): torch.Size([495, 878])
🦠 Building disease dual-view hypergraphs...
  📊 Disease View 1 (Gene): torch.Size([383, 878])
  📊 Disease View 2 (Semantic): torch.Size([383, 878])
✅ Successfully built TRUE DUAL VIEWS:
   🧬 miRNA: Sequence Features (m_ss.xlsx) vs Functional Similarity (mi_fun_sim_2.0.csv)
   🦠 Disease: Gene Features (d_gs.xlsx) vs Semantic Similarity (dis_sem_sim_2.0.csv)

🔧 Epoch 1 梯度检查:
================================================================================

  参数名称                              梯度范数         梯度均值 状态             
  ----------------------------------------------------------------------
  type_relations                0.000025     0.000001 ✅ 正常           
  exist_relation                0.000136     0.000010 ✅ 正常           
  mi_proj_layer0                1.071336     0.003773 ✅ 正常           
  dis_proj_layer0               0.970731     0.003441 ✅ 正常           
================================================================================

Epoch 1, Total Loss: 20.3804, Recover Loss: 1.1233, miRNA CL: 9.1356, Disease CL: 8.4264, Inter-view (est): 4.0528, Recon Loss: 1.3964, Time: 1.15s
[INFO] Hypergraph updated at epoch 5
[INFO] Hypergraph updated at epoch 10
[INFO] Hypergraph updated at epoch 15
[INFO] Hypergraph updated at epoch 20
[INFO] Hypergraph updated at epoch 25
[INFO] Hypergraph updated at epoch 30
[INFO] Hypergraph updated at epoch 35
[INFO] Hypergraph updated at epoch 40
[INFO] Hypergraph updated at epoch 45
[INFO] Hypergraph updated at epoch 50

🔧 Epoch 50 梯度检查:
================================================================================

  参数名称                              梯度范数         梯度均值 状态             
  ----------------------------------------------------------------------
  type_relations                0.000017     0.000000 ✅ 正常           
  exist_relation                0.000131     0.000009 ✅ 正常           
  mi_proj_layer0                0.087767     0.000343 ✅ 正常           
  dis_proj_layer0               0.106580     0.000429 ✅ 正常           
================================================================================

Epoch 50, Total Loss: 16.7303, Recover Loss: 0.8745, miRNA CL: 7.9337, Disease CL: 7.5679, Inter-view (est): 3.5773, Recon Loss: 0.0704, Time: 126.56s
[INFO] Hypergraph updated at epoch 100

🔧 Epoch 100 梯度检查:
================================================================================

  参数名称                              梯度范数         梯度均值 状态             
  ----------------------------------------------------------------------
  type_relations                0.000009     0.000000 ✅ 正常           
  exist_relation                0.000125     0.000009 ✅ 正常           
  mi_proj_layer0                0.113145     0.000456 ✅ 正常           
  dis_proj_layer0               0.175997     0.000612 ✅ 正常           
================================================================================

Epoch 100, Total Loss: 15.4776, Recover Loss: 0.8090, miRNA CL: 7.5150, Disease CL: 6.8532, Inter-view (est): 3.3157, Recon Loss: 0.0307, Time: 215.12s
[INFO] Hypergraph updated at epoch 150

🔧 Epoch 150 梯度检查:
================================================================================

  参数名称                              梯度范数         梯度均值 状态             
  ----------------------------------------------------------------------
  type_relations                0.000006     0.000000 ✅ 正常           
  exist_relation                0.000121     0.000008 ✅ 正常           
  mi_proj_layer0                0.086643     0.000356 ✅ 正常           
  dis_proj_layer0               0.092928     0.000380 ✅ 正常           
================================================================================

Epoch 150, Total Loss: 14.8119, Recover Loss: 0.7690, miRNA CL: 7.1661, Disease CL: 6.5863, Inter-view (est): 3.1736, Recon Loss: 0.0281, Time: 296.35s
[INFO] Hypergraph updated at epoch 200

🔧 Epoch 200 梯度检查:
================================================================================

  参数名称                              梯度范数         梯度均值 状态             
  ----------------------------------------------------------------------
  type_relations                0.000006     0.000000 ✅ 正常           
  exist_relation                0.000120     0.000008 ✅ 正常           
  mi_proj_layer0                0.070262     0.000292 ✅ 正常           
  dis_proj_layer0               0.077287     0.000323 ✅ 正常           
================================================================================

Epoch 200, Total Loss: 14.6424, Recover Loss: 0.7511, miRNA CL: 7.0969, Disease CL: 6.5064, Inter-view (est): 3.1392, Recon Loss: 0.0279, Time: 382.55s
[INFO] Hypergraph updated at epoch 250

🔧 Epoch 250 梯度检查:
================================================================================

  参数名称                              梯度范数         梯度均值 状态             
  ----------------------------------------------------------------------
  type_relations                0.000005     0.000000 ✅ 正常           
  exist_relation                0.000118     0.000008 ✅ 正常           
  mi_proj_layer0                0.070117     0.000295 ✅ 正常           
  dis_proj_layer0               0.091420     0.000359 ✅ 正常           
================================================================================

Epoch 250, Total Loss: 14.5165, Recover Loss: 0.7390, miRNA CL: 7.0544, Disease CL: 6.4370, Inter-view (est): 3.1134, Recon Loss: 0.0278, Time: 477.95s
[INFO] Hypergraph updated at epoch 300

🔧 Epoch 300 梯度检查:
================================================================================

  参数名称                              梯度范数         梯度均值 状态             
  ----------------------------------------------------------------------
  type_relations                0.000005     0.000000 ✅ 正常           
  exist_relation                0.000117     0.000008 ✅ 正常           
  mi_proj_layer0                0.066791     0.000282 ✅ 正常           
  dis_proj_layer0               0.070656     0.000285 ✅ 正常           
================================================================================

Epoch 300, Total Loss: 14.4283, Recover Loss: 0.7374, miRNA CL: 7.0231, Disease CL: 6.3835, Inter-view (est): 3.0938, Recon Loss: 0.0277, Time: 575.07s
[INFO] Hypergraph updated at epoch 350

🔧 Epoch 350 梯度检查:
================================================================================

  参数名称                              梯度范数         梯度均值 状态             
  ----------------------------------------------------------------------
  type_relations                0.000004     0.000000 ✅ 正常           
  exist_relation                0.000116     0.000008 ✅ 正常           
  mi_proj_layer0                0.061495     0.000261 ✅ 正常           
  dis_proj_layer0               0.071548     0.000297 ✅ 正常           
================================================================================

Epoch 350, Total Loss: 14.3451, Recover Loss: 0.7267, miRNA CL: 6.9948, Disease CL: 6.3415, Inter-view (est): 3.0776, Recon Loss: 0.0274, Time: 663.50s
[INFO] Hypergraph updated at epoch 400

🔧 Epoch 400 梯度检查:
================================================================================

  参数名称                              梯度范数         梯度均值 状态             
  ----------------------------------------------------------------------
  type_relations                0.000004     0.000000 ✅ 正常           
  exist_relation                0.000115     0.000008 ✅ 正常           
  mi_proj_layer0                0.064423     0.000270 ✅ 正常           
  dis_proj_layer0               0.070656     0.000295 ✅ 正常           
================================================================================

Epoch 400, Total Loss: 14.2818, Recover Loss: 0.7253, miRNA CL: 6.9694, Disease CL: 6.3076, Inter-view (est): 3.0639, Recon Loss: 0.0265, Time: 748.27s
[INFO] Hypergraph updated at epoch 450

🔧 Epoch 450 梯度检查:
================================================================================

  参数名称                              梯度范数         梯度均值 状态             
  ----------------------------------------------------------------------
  type_relations                0.000003     0.000000 ✅ 正常           
  exist_relation                0.000114     0.000007 ✅ 正常           
  mi_proj_layer0                0.071931     0.000297 ✅ 正常           
  dis_proj_layer0               0.078230     0.000315 ✅ 正常           
================================================================================

Epoch 450, Total Loss: 14.2302, Recover Loss: 0.7179, miRNA CL: 6.9518, Disease CL: 6.2821, Inter-view (est): 3.0540, Recon Loss: 0.0270, Time: 826.13s
[INFO] Hypergraph updated at epoch 500

🔧 Epoch 500 梯度检查:
================================================================================

  参数名称                              梯度范数         梯度均值 状态             
  ----------------------------------------------------------------------
  type_relations                0.000003     0.000000 ✅ 正常           
  exist_relation                0.000113     0.000007 ✅ 正常           
  mi_proj_layer0                0.053249     0.000227 ✅ 正常           
  dis_proj_layer0               0.058308     0.000246 ✅ 正常           
================================================================================

Epoch 500, Total Loss: 14.1777, Recover Loss: 0.7101, miRNA CL: 6.9305, Disease CL: 6.2598, Inter-view (est): 3.0439, Recon Loss: 0.0274, Time: 896.80s
[INFO] Hypergraph updated at epoch 550

🔧 Epoch 550 梯度检查:
================================================================================

  参数名称                              梯度范数         梯度均值 状态             
  ----------------------------------------------------------------------
  type_relations                0.000003     0.000000 ✅ 正常           
  exist_relation                0.000112     0.000007 ✅ 正常           
  mi_proj_layer0                0.046427     0.000197 ✅ 正常           
  dis_proj_layer0               0.056036     0.000234 ✅ 正常           
================================================================================

Epoch 550, Total Loss: 14.1185, Recover Loss: 0.7012, miRNA CL: 6.9043, Disease CL: 6.2386, Inter-view (est): 3.0330, Recon Loss: 0.0262, Time: 959.97s
[INFO] Hypergraph updated at epoch 600

🔧 Epoch 600 梯度检查:
================================================================================

  参数名称                              梯度范数         梯度均值 状态             
  ----------------------------------------------------------------------
  type_relations                0.000002     0.000000 ✅ 正常           
  exist_relation                0.000110     0.000007 ✅ 正常           
  mi_proj_layer0                0.056488     0.000238 ✅ 正常           
  dis_proj_layer0               0.067096     0.000275 ✅ 正常           
================================================================================

Epoch 600, Total Loss: 14.0787, Recover Loss: 0.7031, miRNA CL: 6.8844, Disease CL: 6.2183, Inter-view (est): 3.0237, Recon Loss: 0.0265, Time: 1044.02s
[INFO] Hypergraph updated at epoch 650

🔧 Epoch 650 梯度检查:
================================================================================

  参数名称                              梯度范数         梯度均值 状态             
  ----------------------------------------------------------------------
  type_relations                0.000002     0.000000 ✅ 正常           
  exist_relation                0.000109     0.000007 ✅ 正常           
  mi_proj_layer0                0.064559     0.000268 ✅ 正常           
  dis_proj_layer0               0.066509     0.000267 ✅ 正常           
================================================================================

Epoch 650, Total Loss: 14.0256, Recover Loss: 0.6933, miRNA CL: 6.8636, Disease CL: 6.1985, Inter-view (est): 3.0143, Recon Loss: 0.0256, Time: 1111.25s

================================================================================
Training completed. Running final test...
================================================================================
[dump_scores] fold2: 300 positive test pairs -> results/plan_n/p5/20260724-local-p5-r1/dumps/ce_s0
Fold 3 completed - AUC: 0.9368, Top-1 F1: 0.6381
Fold 3 training time: 1112.47 seconds
=== Cross Validation Fold 4/5 ===
Using hidden dimensions: [256, 256] with 4 attention heads
优化模型初始化: miRNA数量 = 495, 疾病数量 = 383
   节点维度: 256 → 128
   类型数量: 4
   Temperature: 2.0 (可学习)
   Loss mode: two_head
   loss_mode=two_head
   exist_weight=0.300, type_weight=0.700

✅ SimplifiedMultiTypeAssociationLoss 初始化 (改进版)
   类别权重 (beta=0.99999): ['0.780', '1.822', '0.977', '0.421']
Original positive index shape: torch.Size([1199, 2])
Original negative index shape: torch.Size([150470, 2])
采样后负样本数量: 11990
[B4 leakage_free] Masked 299 test-positive entries khỏi input association matrix trước khi dựng hypergraph. (P7 verify: 0/299 test cell còn khác 0)
🎯 Building TRUE DUAL VIEWS from four different sources...
[P7 leakage_free] Recomputed miRNA GIP (m_ss) từ association ĐÃ MASK (495, 495) — miRNA View 1 không còn chứa test-edge (nguồn rò rỉ còn lại duy nhất trong nhánh chính, theo audit F1).
📊 Data sources loaded:
  Disease semantic: torch.Size([383, 383])
  miRNA functional: torch.Size([495, 495])
  Disease-gene: torch.Size([383, 383])
  miRNA-sequence: torch.Size([495, 495])
🧬 Building miRNA dual-view hypergraphs...
  📊 miRNA View 1 (Sequence): torch.Size([495, 878])
  📊 miRNA View 2 (Function): torch.Size([495, 878])
🦠 Building disease dual-view hypergraphs...
  📊 Disease View 1 (Gene): torch.Size([383, 878])
  📊 Disease View 2 (Semantic): torch.Size([383, 878])
✅ Successfully built TRUE DUAL VIEWS:
   🧬 miRNA: Sequence Features (m_ss.xlsx) vs Functional Similarity (mi_fun_sim_2.0.csv)
   🦠 Disease: Gene Features (d_gs.xlsx) vs Semantic Similarity (dis_sem_sim_2.0.csv)

🔧 Epoch 1 梯度检查:
================================================================================

  参数名称                              梯度范数         梯度均值 状态             
  ----------------------------------------------------------------------
  type_relations                0.000025     0.000001 ✅ 正常           
  exist_relation                0.000139     0.000010 ✅ 正常           
  mi_proj_layer0                1.695708     0.005952 ✅ 正常           
  dis_proj_layer0               1.315537     0.004927 ✅ 正常           
================================================================================

Epoch 1, Total Loss: 20.3809, Recover Loss: 1.1788, miRNA CL: 9.0488, Disease CL: 8.4394, Inter-view (est): 4.0357, Recon Loss: 1.4153, Time: 1.33s
[INFO] Hypergraph updated at epoch 5
[INFO] Hypergraph updated at epoch 10
[INFO] Hypergraph updated at epoch 15
[INFO] Hypergraph updated at epoch 20
[INFO] Hypergraph updated at epoch 25
[INFO] Hypergraph updated at epoch 30
[INFO] Hypergraph updated at epoch 35
[INFO] Hypergraph updated at epoch 40
[INFO] Hypergraph updated at epoch 45
[INFO] Hypergraph updated at epoch 50

🔧 Epoch 50 梯度检查:
================================================================================

  参数名称                              梯度范数         梯度均值 状态             
  ----------------------------------------------------------------------
  type_relations                0.000017     0.000000 ✅ 正常           
  exist_relation                0.000134     0.000009 ✅ 正常           
  mi_proj_layer0                0.098448     0.000397 ✅ 正常           
  dis_proj_layer0               0.118538     0.000464 ✅ 正常           
================================================================================

Epoch 50, Total Loss: 16.7534, Recover Loss: 0.8952, miRNA CL: 7.9142, Disease CL: 7.5755, Inter-view (est): 3.5745, Recon Loss: 0.0844, Time: 107.98s
[INFO] Hypergraph updated at epoch 100

🔧 Epoch 100 梯度检查:
================================================================================

  参数名称                              梯度范数         梯度均值 状态             
  ----------------------------------------------------------------------
  type_relations                0.000009     0.000000 ✅ 正常           
  exist_relation                0.000128     0.000009 ✅ 正常           
  mi_proj_layer0                0.069648     0.000287 ✅ 正常           
  dis_proj_layer0               0.076458     0.000312 ✅ 正常           
================================================================================

Epoch 100, Total Loss: 15.3841, Recover Loss: 0.8176, miRNA CL: 7.4406, Disease CL: 6.8250, Inter-view (est): 3.2921, Recon Loss: 0.0307, Time: 187.28s
[INFO] Hypergraph updated at epoch 150

🔧 Epoch 150 梯度检查:
================================================================================

  参数名称                              梯度范数         梯度均值 状态             
  ----------------------------------------------------------------------
  type_relations                0.000007     0.000000 ✅ 正常           
  exist_relation                0.000125     0.000008 ✅ 正常           
  mi_proj_layer0                0.084610     0.000355 ✅ 正常           
  dis_proj_layer0               0.094147     0.000374 ✅ 正常           
================================================================================

Epoch 150, Total Loss: 14.7828, Recover Loss: 0.7844, miRNA CL: 7.1472, Disease CL: 6.5590, Inter-view (est): 3.1630, Recon Loss: 0.0286, Time: 249.65s
[INFO] Hypergraph updated at epoch 200

🔧 Epoch 200 梯度检查:
================================================================================

  参数名称                              梯度范数         梯度均值 状态             
  ----------------------------------------------------------------------
  type_relations                0.000006     0.000000 ✅ 正常           
  exist_relation                0.000123     0.000008 ✅ 正常           
  mi_proj_layer0                0.072735     0.000305 ✅ 正常           
  dis_proj_layer0               0.076225     0.000312 ✅ 正常           
================================================================================

Epoch 200, Total Loss: 14.6223, Recover Loss: 0.7729, miRNA CL: 7.0843, Disease CL: 6.4750, Inter-view (est): 3.1291, Recon Loss: 0.0291, Time: 312.10s
[INFO] Hypergraph updated at epoch 250

🔧 Epoch 250 梯度检查:
================================================================================

  参数名称                              梯度范数         梯度均值 状态             
  ----------------------------------------------------------------------
  type_relations                0.000005     0.000000 ✅ 正常           
  exist_relation                0.000122     0.000008 ✅ 正常           
  mi_proj_layer0                0.060583     0.000258 ✅ 正常           
  dis_proj_layer0               0.067475     0.000279 ✅ 正常           
================================================================================

Epoch 250, Total Loss: 14.5048, Recover Loss: 0.7482, miRNA CL: 7.0496, Disease CL: 6.4196, Inter-view (est): 3.1083, Recon Loss: 0.0282, Time: 376.06s
[INFO] Hypergraph updated at epoch 300

🔧 Epoch 300 梯度检查:
================================================================================

  参数名称                              梯度范数         梯度均值 状态             
  ----------------------------------------------------------------------
  type_relations                0.000005     0.000000 ✅ 正常           
  exist_relation                0.000121     0.000008 ✅ 正常           
  mi_proj_layer0                0.068714     0.000291 ✅ 正常           
  dis_proj_layer0               0.076046     0.000313 ✅ 正常           
================================================================================

Epoch 300, Total Loss: 14.4325, Recover Loss: 0.7432, miRNA CL: 7.0243, Disease CL: 6.3791, Inter-view (est): 3.0931, Recon Loss: 0.0285, Time: 460.20s
[INFO] Hypergraph updated at epoch 350

🔧 Epoch 350 梯度检查:
================================================================================

  参数名称                              梯度范数         梯度均值 状态             
  ----------------------------------------------------------------------
  type_relations                0.000005     0.000000 ✅ 正常           
  exist_relation                0.000120     0.000008 ✅ 正常           
  mi_proj_layer0                0.067581     0.000288 ✅ 正常           
  dis_proj_layer0               0.075157     0.000311 ✅ 正常           
================================================================================

Epoch 350, Total Loss: 14.3544, Recover Loss: 0.7319, miRNA CL: 6.9941, Disease CL: 6.3449, Inter-view (est): 3.0782, Recon Loss: 0.0279, Time: 546.72s
[INFO] Hypergraph updated at epoch 400

🔧 Epoch 400 梯度检查:
================================================================================

  参数名称                              梯度范数         梯度均值 状态             
  ----------------------------------------------------------------------
  type_relations                0.000004     0.000000 ✅ 正常           
  exist_relation                0.000119     0.000008 ✅ 正常           
  mi_proj_layer0                0.066032     0.000281 ✅ 正常           
  dis_proj_layer0               0.068975     0.000286 ✅ 正常           
================================================================================

Epoch 400, Total Loss: 14.2792, Recover Loss: 0.7192, miRNA CL: 6.9660, Disease CL: 6.3127, Inter-view (est): 3.0643, Recon Loss: 0.0275, Time: 625.86s
[INFO] Hypergraph updated at epoch 450

🔧 Epoch 450 梯度检查:
================================================================================

  参数名称                              梯度范数         梯度均值 状态             
  ----------------------------------------------------------------------
  type_relations                0.000004     0.000000 ✅ 正常           
  exist_relation                0.000117     0.000008 ✅ 正常           
  mi_proj_layer0                0.064595     0.000274 ✅ 正常           
  dis_proj_layer0               0.064816     0.000271 ✅ 正常           
================================================================================

Epoch 450, Total Loss: 14.2079, Recover Loss: 0.7137, miRNA CL: 6.9367, Disease CL: 6.2787, Inter-view (est): 3.0497, Recon Loss: 0.0272, Time: 686.43s
[INFO] Hypergraph updated at epoch 500

🔧 Epoch 500 梯度检查:
================================================================================

  参数名称                              梯度范数         梯度均值 状态             
  ----------------------------------------------------------------------
  type_relations                0.000003     0.000000 ✅ 正常           
  exist_relation                0.000116     0.000008 ✅ 正常           
  mi_proj_layer0                0.055801     0.000234 ✅ 正常           
  dis_proj_layer0               0.058601     0.000241 ✅ 正常           
================================================================================

Epoch 500, Total Loss: 14.1428, Recover Loss: 0.7033, miRNA CL: 6.9118, Disease CL: 6.2513, Inter-view (est): 3.0376, Recon Loss: 0.0268, Time: 751.78s
[INFO] Hypergraph updated at epoch 550

🔧 Epoch 550 梯度检查:
================================================================================

  参数名称                              梯度范数         梯度均值 状态             
  ----------------------------------------------------------------------
  type_relations                0.000003     0.000000 ✅ 正常           
  exist_relation                0.000114     0.000007 ✅ 正常           
  mi_proj_layer0                0.068505     0.000289 ✅ 正常           
  dis_proj_layer0               0.070117     0.000291 ✅ 正常           
================================================================================

Epoch 550, Total Loss: 14.0828, Recover Loss: 0.6993, miRNA CL: 6.8844, Disease CL: 6.2250, Inter-view (est): 3.0252, Recon Loss: 0.0267, Time: 814.75s
[INFO] Hypergraph updated at epoch 600

🔧 Epoch 600 梯度检查:
================================================================================

  参数名称                              梯度范数         梯度均值 状态             
  ----------------------------------------------------------------------
  type_relations                0.000002     0.000000 ✅ 正常           
  exist_relation                0.000113     0.000007 ✅ 正常           
  mi_proj_layer0                0.056473     0.000240 ✅ 正常           
  dis_proj_layer0               0.051725     0.000215 ✅ 正常           
================================================================================

Epoch 600, Total Loss: 14.0358, Recover Loss: 0.6957, miRNA CL: 6.8661, Disease CL: 6.2024, Inter-view (est): 3.0158, Recon Loss: 0.0261, Time: 877.52s
[INFO] Hypergraph updated at epoch 650

🔧 Epoch 650 梯度检查:
================================================================================

  参数名称                              梯度范数         梯度均值 状态             
  ----------------------------------------------------------------------
  type_relations                0.000002     0.000000 ✅ 正常           
  exist_relation                0.000111     0.000007 ✅ 正常           
  mi_proj_layer0                0.055189     0.000234 ✅ 正常           
  dis_proj_layer0               0.053200     0.000222 ✅ 正常           
================================================================================

Epoch 650, Total Loss: 13.9866, Recover Loss: 0.6898, miRNA CL: 6.8468, Disease CL: 6.1804, Inter-view (est): 3.0063, Recon Loss: 0.0260, Time: 961.73s

================================================================================
Training completed. Running final test...
================================================================================
[dump_scores] fold3: 299 positive test pairs -> results/plan_n/p5/20260724-local-p5-r1/dumps/ce_s0
Fold 4 completed - AUC: 0.9300, Top-1 F1: 0.6105
Fold 4 training time: 963.46 seconds
=== Cross Validation Fold 5/5 ===
Using hidden dimensions: [256, 256] with 4 attention heads
优化模型初始化: miRNA数量 = 495, 疾病数量 = 383
   节点维度: 256 → 128
   类型数量: 4
   Temperature: 2.0 (可学习)
   Loss mode: two_head
   loss_mode=two_head
   exist_weight=0.300, type_weight=0.700

✅ SimplifiedMultiTypeAssociationLoss 初始化 (改进版)
   类别权重 (beta=0.99999): ['0.780', '1.822', '0.977', '0.421']
Original positive index shape: torch.Size([1199, 2])
Original negative index shape: torch.Size([150470, 2])
采样后负样本数量: 11990
[B4 leakage_free] Masked 299 test-positive entries khỏi input association matrix trước khi dựng hypergraph. (P7 verify: 0/299 test cell còn khác 0)
🎯 Building TRUE DUAL VIEWS from four different sources...
[P7 leakage_free] Recomputed miRNA GIP (m_ss) từ association ĐÃ MASK (495, 495) — miRNA View 1 không còn chứa test-edge (nguồn rò rỉ còn lại duy nhất trong nhánh chính, theo audit F1).
📊 Data sources loaded:
  Disease semantic: torch.Size([383, 383])
  miRNA functional: torch.Size([495, 495])
  Disease-gene: torch.Size([383, 383])
  miRNA-sequence: torch.Size([495, 495])
🧬 Building miRNA dual-view hypergraphs...
  📊 miRNA View 1 (Sequence): torch.Size([495, 878])
  📊 miRNA View 2 (Function): torch.Size([495, 878])
🦠 Building disease dual-view hypergraphs...
  📊 Disease View 1 (Gene): torch.Size([383, 878])
  📊 Disease View 2 (Semantic): torch.Size([383, 878])
✅ Successfully built TRUE DUAL VIEWS:
   🧬 miRNA: Sequence Features (m_ss.xlsx) vs Functional Similarity (mi_fun_sim_2.0.csv)
   🦠 Disease: Gene Features (d_gs.xlsx) vs Semantic Similarity (dis_sem_sim_2.0.csv)

🔧 Epoch 1 梯度检查:
================================================================================

  参数名称                              梯度范数         梯度均值 状态             
  ----------------------------------------------------------------------
  type_relations                0.000025     0.000001 ✅ 正常           
  exist_relation                0.000139     0.000009 ✅ 正常           
  mi_proj_layer0                1.276808     0.004683 ✅ 正常           
  dis_proj_layer0               1.434038     0.005096 ✅ 正常           
================================================================================

Epoch 1, Total Loss: 20.2924, Recover Loss: 1.1625, miRNA CL: 8.9579, Disease CL: 8.4267, Inter-view (est): 4.0118, Recon Loss: 1.4466, Time: 1.75s
[INFO] Hypergraph updated at epoch 5
[INFO] Hypergraph updated at epoch 10
[INFO] Hypergraph updated at epoch 15
[INFO] Hypergraph updated at epoch 20
[INFO] Hypergraph updated at epoch 25
[INFO] Hypergraph updated at epoch 30
[INFO] Hypergraph updated at epoch 35
[INFO] Hypergraph updated at epoch 40
[INFO] Hypergraph updated at epoch 45
[INFO] Hypergraph updated at epoch 50

🔧 Epoch 50 梯度检查:
================================================================================

  参数名称                              梯度范数         梯度均值 状态             
  ----------------------------------------------------------------------
  type_relations                0.000017     0.000000 ✅ 正常           
  exist_relation                0.000134     0.000009 ✅ 正常           
  mi_proj_layer0                0.093643     0.000379 ✅ 正常           
  dis_proj_layer0               0.108126     0.000432 ✅ 正常           
================================================================================

Epoch 50, Total Loss: 16.8768, Recover Loss: 0.8791, miRNA CL: 7.9266, Disease CL: 7.6935, Inter-view (est): 3.6046, Recon Loss: 0.0932, Time: 131.52s
[INFO] Hypergraph updated at epoch 100

🔧 Epoch 100 梯度检查:
================================================================================

  参数名称                              梯度范数         梯度均值 状态             
  ----------------------------------------------------------------------
  type_relations                0.000010     0.000000 ✅ 正常           
  exist_relation                0.000129     0.000008 ✅ 正常           
  mi_proj_layer0                0.081687     0.000324 ✅ 正常           
  dis_proj_layer0               0.107277     0.000422 ✅ 正常           
================================================================================

Epoch 100, Total Loss: 15.5455, Recover Loss: 0.8070, miRNA CL: 7.4918, Disease CL: 6.9457, Inter-view (est): 3.3317, Recon Loss: 0.0310, Time: 200.87s
[INFO] Hypergraph updated at epoch 150

🔧 Epoch 150 梯度检查:
================================================================================

  参数名称                              梯度范数         梯度均值 状态             
  ----------------------------------------------------------------------
  type_relations                0.000007     0.000000 ✅ 正常           
  exist_relation                0.000125     0.000008 ✅ 正常           
  mi_proj_layer0                0.059350     0.000252 ✅ 正常           
  dis_proj_layer0               0.082560     0.000326 ✅ 正常           
================================================================================

Epoch 150, Total Loss: 14.8790, Recover Loss: 0.7661, miRNA CL: 7.1888, Disease CL: 6.6317, Inter-view (est): 3.1893, Recon Loss: 0.0295, Time: 269.29s
[INFO] Hypergraph updated at epoch 200

🔧 Epoch 200 梯度检查:
================================================================================

  参数名称                              梯度范数         梯度均值 状态             
  ----------------------------------------------------------------------
  type_relations                0.000006     0.000000 ✅ 正常           
  exist_relation                0.000124     0.000008 ✅ 正常           
  mi_proj_layer0                0.055985     0.000238 ✅ 正常           
  dis_proj_layer0               0.066096     0.000277 ✅ 正常           
================================================================================

Epoch 200, Total Loss: 14.6893, Recover Loss: 0.7544, miRNA CL: 7.1140, Disease CL: 6.5312, Inter-view (est): 3.1489, Recon Loss: 0.0293, Time: 326.54s
[INFO] Hypergraph updated at epoch 250

🔧 Epoch 250 梯度检查:
================================================================================

  参数名称                              梯度范数         梯度均值 状态             
  ----------------------------------------------------------------------
  type_relations                0.000006     0.000000 ✅ 正常           
  exist_relation                0.000123     0.000008 ✅ 正常           
  mi_proj_layer0                0.061263     0.000257 ✅ 正常           
  dis_proj_layer0               0.076536     0.000313 ✅ 正常           
================================================================================

Epoch 250, Total Loss: 14.5485, Recover Loss: 0.7436, miRNA CL: 7.0660, Disease CL: 6.4529, Inter-view (est): 3.1198, Recon Loss: 0.0282, Time: 384.46s
[INFO] Hypergraph updated at epoch 300

🔧 Epoch 300 梯度检查:
================================================================================

  参数名称                              梯度范数         梯度均值 状态             
  ----------------------------------------------------------------------
  type_relations                0.000005     0.000000 ✅ 正常           
  exist_relation                0.000121     0.000008 ✅ 正常           
  mi_proj_layer0                0.068943     0.000290 ✅ 正常           
  dis_proj_layer0               0.070739     0.000295 ✅ 正常           
================================================================================

Epoch 300, Total Loss: 14.4217, Recover Loss: 0.7321, miRNA CL: 7.0166, Disease CL: 6.3902, Inter-view (est): 3.0939, Recon Loss: 0.0277, Time: 438.32s
[INFO] Hypergraph updated at epoch 350

🔧 Epoch 350 梯度检查:
================================================================================

  参数名称                              梯度范数         梯度均值 状态             
  ----------------------------------------------------------------------
  type_relations                0.000004     0.000000 ✅ 正常           
  exist_relation                0.000119     0.000007 ✅ 正常           
  mi_proj_layer0                0.055903     0.000235 ✅ 正常           
  dis_proj_layer0               0.064095     0.000259 ✅ 正常           
================================================================================

Epoch 350, Total Loss: 14.3040, Recover Loss: 0.7193, miRNA CL: 6.9720, Disease CL: 6.3331, Inter-view (est): 3.0704, Recon Loss: 0.0274, Time: 479.08s
[INFO] Hypergraph updated at epoch 400

🔧 Epoch 400 梯度检查:
================================================================================

  参数名称                              梯度范数         梯度均值 状态             
  ----------------------------------------------------------------------
  type_relations                0.000004     0.000000 ✅ 正常           
  exist_relation                0.000117     0.000007 ✅ 正常           
  mi_proj_layer0                0.063453     0.000264 ✅ 正常           
  dis_proj_layer0               0.057362     0.000240 ✅ 正常           
================================================================================

Epoch 400, Total Loss: 14.2059, Recover Loss: 0.7140, miRNA CL: 6.9322, Disease CL: 6.2830, Inter-view (est): 3.0497, Recon Loss: 0.0273, Time: 517.20s
[INFO] Hypergraph updated at epoch 450

🔧 Epoch 450 梯度检查:
================================================================================

  参数名称                              梯度范数         梯度均值 状态             
  ----------------------------------------------------------------------
  type_relations                0.000003     0.000000 ✅ 正常           
  exist_relation                0.000116     0.000007 ✅ 正常           
  mi_proj_layer0                0.048594     0.000208 ✅ 正常           
  dis_proj_layer0               0.055479     0.000231 ✅ 正常           
================================================================================

Epoch 450, Total Loss: 14.1416, Recover Loss: 0.7066, miRNA CL: 6.9083, Disease CL: 6.2524, Inter-view (est): 3.0371, Recon Loss: 0.0271, Time: 560.36s
[INFO] Hypergraph updated at epoch 500

🔧 Epoch 500 梯度检查:
================================================================================

  参数名称                              梯度范数         梯度均值 状态             
  ----------------------------------------------------------------------
  type_relations                0.000003     0.000000 ✅ 正常           
  exist_relation                0.000115     0.000007 ✅ 正常           
  mi_proj_layer0                0.048881     0.000208 ✅ 正常           
  dis_proj_layer0               0.058711     0.000242 ✅ 正常           
================================================================================

Epoch 500, Total Loss: 14.0874, Recover Loss: 0.7033, miRNA CL: 6.8851, Disease CL: 6.2272, Inter-view (est): 3.0259, Recon Loss: 0.0264, Time: 617.20s
[INFO] Hypergraph updated at epoch 550

🔧 Epoch 550 梯度检查:
================================================================================

  参数名称                              梯度范数         梯度均值 状态             
  ----------------------------------------------------------------------
  type_relations                0.000003     0.000000 ✅ 正常           
  exist_relation                0.000113     0.000007 ✅ 正常           
  mi_proj_layer0                0.059609     0.000249 ✅ 正常           
  dis_proj_layer0               0.070342     0.000270 ✅ 正常           
================================================================================

Epoch 550, Total Loss: 14.0327, Recover Loss: 0.6996, miRNA CL: 6.8619, Disease CL: 6.2015, Inter-view (est): 3.0146, Recon Loss: 0.0264, Time: 665.11s
[INFO] Hypergraph updated at epoch 600

🔧 Epoch 600 梯度检查:
================================================================================

  参数名称                              梯度范数         梯度均值 状态             
  ----------------------------------------------------------------------
  type_relations                0.000002     0.000000 ✅ 正常           
  exist_relation                0.000112     0.000007 ✅ 正常           
  mi_proj_layer0                0.054635     0.000231 ✅ 正常           
  dis_proj_layer0               0.053273     0.000218 ✅ 正常           
================================================================================

Epoch 600, Total Loss: 13.9767, Recover Loss: 0.6926, miRNA CL: 6.8406, Disease CL: 6.1766, Inter-view (est): 3.0040, Recon Loss: 0.0256, Time: 699.70s
[INFO] Hypergraph updated at epoch 650

🔧 Epoch 650 梯度检查:
================================================================================

  参数名称                              梯度范数         梯度均值 状态             
  ----------------------------------------------------------------------
  type_relations                0.000002     0.000000 ✅ 正常           
  exist_relation                0.000110     0.000007 ✅ 正常           
  mi_proj_layer0                0.073416     0.000294 ✅ 正常           
  dis_proj_layer0               0.068495     0.000282 ✅ 正常           
================================================================================

Epoch 650, Total Loss: 13.9318, Recover Loss: 0.6940, miRNA CL: 6.8203, Disease CL: 6.1528, Inter-view (est): 2.9938, Recon Loss: 0.0255, Time: 735.47s

================================================================================
Training completed. Running final test...
================================================================================
[dump_scores] fold4: 299 positive test pairs -> results/plan_n/p5/20260724-local-p5-r1/dumps/ce_s0
Fold 5 completed - AUC: 0.9384, Top-1 F1: 0.6151
Fold 5 training time: 736.42 seconds
Average binary metrics across folds: [[0.93673955 0.93633795 0.87781308 0.87337258 0.90784928 0.83889587
  0.85142105]]
🎯 Average Top-1 metrics across folds: {'top1_precision': 0.60279375696767, 'top1_recall': np.float64(0.6472765836322653), 'top1_f1': np.float64(0.6240152953837232)}

📊 CV_type Style Metrics Details:
  AUC            : 0.9367
  AUPR           : 0.9363
  F1             : 0.8778
  Accuracy       : 0.8734
  Recall         : 0.9078
  Specificity    : 0.8389
  Precision      : 0.8514

🎯 Top-1 Metrics Details:
  top1_precision : 0.6028
  top1_recall    : 0.6473
  top1_f1        : 0.6240

Total execution time: 5041.15 seconds

==========================================================================================
🎯 FINAL COMPREHENSIVE RESULTS WITH TOP-1 METRICS
==========================================================================================
📊 Binary Classification Metrics (Original):
  AUC: 0.9367
  AUPR: 0.9363
  F1: 0.8778
  Accuracy: 0.8734
  Recall: 0.9078
  Specificity: 0.8389
  Precision: 0.8514

🎯 CV_type Style Metrics (Enhanced):
  AUC: 0.9367
  AUPR: 0.9363
  F1: 0.8778
  Accuracy: 0.8734
  Recall: 0.9078
  Specificity: 0.8389
  Precision: 0.8514

🏆 Top-1 Metrics (NEW):
  Top-1 Precision: 0.6028
  Top-1 Recall: 0.6473
  Top-1 F1: 0.6240
==========================================================================================
